{
  "household": {
    "facts": [],
    "stipulations": [
      {
	"pred":"s151_d_4",
	"args": [
	  {"val": {"a":"alice"}},
	  {"val": {"a":"bob"}},
	  {"wild":0},
	  {"val":2015}
	]
      }
    ]
  },
  "unary": [],
  "stats": {
    "unary_proofs":0,
    "service_proofs":0,
    "distinct_service_domain":0,
    "fact_count":0,
    "stipulation_count":1,
    "wildcard_count":1,
    "grounding_cpu_seconds":0.00013970899999998787,
    "grounding_wall_seconds":0.00013899803161621094,
    "candidate": {"scope":"not_applicable"}
  },
  "tax": {"status":"not_requested"}
}
