{
  "household": {
    "facts": [],
    "stipulations": [
      {
	"pred":"s152_c_1_3",
	"args": [ {"val": {"a":"bob"}},  {"val": {"a":"alice"}},  {"val":2015} ]
      },
      {
	"pred":"s152_c_1_3",
	"args": [
	  {"val": {"a":"charlie"}},
	  {"val": {"a":"bob"}},
	  {"val":2015}
	]
      }
    ]
  },
  "unary": [],
  "stats": {
    "unary_proofs":0,
    "service_proofs":0,
    "distinct_service_domain":0,
    "fact_count":0,
    "stipulation_count":2,
    "wildcard_count":0,
    "grounding_cpu_seconds":5.4165999999994385e-5,
    "grounding_wall_seconds":5.364418029785156e-5,
    "candidate": {"scope":"not_applicable"}
  },
  "tax": {"status":"not_requested"}
}
