{
  "household": {
    "facts": [
      {"ctor":"marriage_", "args": [ {"a":"alice_and_bob"} ]},
      {
	"ctor":"agent_",
	"args": [ {"a":"alice_and_bob"},  {"a":"alice"} ]
      },
      {"ctor":"agent_", "args": [ {"a":"alice_and_bob"},  {"a":"bob"} ]},
      {"ctor":"start_", "args": [ {"a":"alice_and_bob"}, "2015-01-01" ]}
    ],
    "stipulations": []
  },
  "unary": [
    {
      "source_clause":1,
      "predicate":"marriage_",
      "event": {"a":"alice_and_bob"}
    }
  ],
  "stats": {
    "unary_proofs":1,
    "service_proofs":0,
    "distinct_service_domain":0,
    "fact_count":4,
    "stipulation_count":0,
    "wildcard_count":0,
    "grounding_cpu_seconds":0.00018445899999999793,
    "grounding_wall_seconds":0.0001838207244873047,
    "candidate": {"scope":"not_applicable"}
  },
  "tax": {"status":"not_requested"}
}
