{
  "household": {
    "facts": [
      {"ctor":"income_", "args": [ {"a":"alice_makes_money"} ]},
      {
	"ctor":"agent_",
	"args": [ {"a":"alice_makes_money"},  {"a":"alice"} ]
      },
      {"ctor":"amount_", "args": [ {"a":"alice_makes_money"}, 2312 ]},
      {
	"ctor":"start_",
	"args": [ {"a":"alice_makes_money"}, "2015-01-01" ]
      },
      {
	"ctor":"end_",
	"args": [ {"a":"alice_makes_money"}, "2015-12-31" ]
      }
    ],
    "stipulations": [
      {
	"pred":"s151_d_4",
	"args": [
	  {"val": {"a":"alice"}},
	  {"wild":0},
	  {"val":2000},
	  {"val":2015}
	]
      }
    ]
  },
  "unary": [
    {
      "source_clause":1,
      "predicate":"income_",
      "event": {"a":"alice_makes_money"}
    }
  ],
  "stats": {
    "unary_proofs":1,
    "service_proofs":0,
    "distinct_service_domain":0,
    "fact_count":5,
    "stipulation_count":1,
    "wildcard_count":1,
    "grounding_cpu_seconds":0.0002869590000000033,
    "grounding_wall_seconds":0.00028634071350097656,
    "candidate": {"scope":"not_applicable"}
  },
  "tax": {"status":"not_requested"}
}
