{
  "household": {
    "facts": [
      {"ctor":"father_", "args": [ {"a":"alice_and_charlie"} ]},
      {
	"ctor":"agent_",
	"args": [ {"a":"alice_and_charlie"},  {"a":"charlie"} ]
      },
      {
	"ctor":"patient_",
	"args": [ {"a":"alice_and_charlie"},  {"a":"alice"} ]
      },
      {
	"ctor":"start_",
	"args": [ {"a":"alice_and_charlie"}, "2014-04-15" ]
      },
      {"ctor":"brother_", "args": [ {"a":"bob_and_charlie"} ]},
      {
	"ctor":"agent_",
	"args": [ {"a":"bob_and_charlie"},  {"a":"bob"} ]
      },
      {
	"ctor":"patient_",
	"args": [ {"a":"bob_and_charlie"},  {"a":"charlie"} ]
      },
      {
	"ctor":"start_",
	"args": [ {"a":"bob_and_charlie"}, "1992-10-12" ]
      }
    ],
    "stipulations": []
  },
  "unary": [
    {
      "source_clause":1,
      "predicate":"father_",
      "event": {"a":"alice_and_charlie"}
    },
    {
      "source_clause":5,
      "predicate":"brother_",
      "event": {"a":"bob_and_charlie"}
    }
  ],
  "stats": {
    "unary_proofs":2,
    "service_proofs":0,
    "distinct_service_domain":0,
    "fact_count":8,
    "stipulation_count":0,
    "wildcard_count":0,
    "grounding_cpu_seconds":0.00023095800000000333,
    "grounding_wall_seconds":0.0002300739288330078,
    "candidate": {"scope":"not_applicable"}
  },
  "tax": {"status":"not_requested"}
}
