{
  "household": {
    "facts": [],
    "stipulations": [
      {
	"pred":"s63_3",
	"args": [ {"val": {"a":"alice"}},  {"val":2017},  {"val":210204} ]
      }
    ]
  },
  "unary": [],
  "stats": {
    "unary_proofs":0,
    "service_proofs":0,
    "distinct_service_domain":0,
    "fact_count":0,
    "stipulation_count":1,
    "wildcard_count":0,
    "grounding_cpu_seconds":7.616700000001586e-5,
    "grounding_wall_seconds":7.557868957519531e-5,
    "candidate": {"scope":"not_applicable"}
  },
  "tax": {"status":"not_requested"}
}
