household('household.pl')
probe(s3301,s3301(alice,2017,A,B,C,D))
first_instantiation_error(context(system: (is)/2,A))
BACKTRACE-BEGIN
  [31] _G232 is _G235-1
  [30] '<meta-call>'(user: ...) <foreign>
  [29] '$bags':findall_loop((_G248,_G249),user: ...,_G245,[]) at /usr/lib/swi-prolog/boot/bags.pl:82
  [28] setup_call_catcher_cleanup('$bags':'$new_findall_bag','$bags': ...,_G259,'$bags':'$destroy_findall_bag') at /usr/lib/swi-prolog/boot/init.pl:310
  [24] s3306_a_3(alice,_G272,_G273,_G274) at /corpus/statutes/prolog/section3306.pl:237
  [23] s3306_c_2(alice_domestic_service,"private home",_G278) at /corpus/statutes/prolog/section3306.pl:604
  [22] s3306_c(alice_domestic_service,alice,bob,_G283,_G284) at /corpus/statutes/prolog/section3306.pl:441
  [21] s3306_a_1_is_day_of_employment(alice,bob,_G288) at /corpus/statutes/prolog/section3306.pl:44
  [20] '<meta-call>'(user: ...) <foreign>
  [19] '$bags':findall_loop((_G300,...),user: ...,_G297,[]) at /usr/lib/swi-prolog/boot/bags.pl:82
  [18] setup_call_catcher_cleanup('$bags':'$new_findall_bag','$bags': ...,_G311,'$bags':'$destroy_findall_bag') at /usr/lib/swi-prolog/boot/init.pl:310
  [14] s3306_a_1_B(alice,_G327,_G328,2017) at /corpus/statutes/prolog/section3306.pl:54
  [12] s3306_a(alice,2017) at /corpus/statutes/prolog/section3306.pl:5
  [11] s3301(alice,2017,_G356,_G357,_G358,_G359) at /corpus/statutes/prolog/section3301.pl:7
  [10] once(user: ...) at /usr/lib/swi-prolog/boot/init.pl:250
   [9] '<meta-call>'(user: ...) <foreign>
   [8] catch(user: ...,error(instantiation_error,...),user: ...) at /usr/lib/swi-prolog/boot/init.pl:274
   [7] run('household.pl',s3301) at /audit/g6_domestic.pl:38
   [6] catch(user: ...,_G443,user: ...) at /usr/lib/swi-prolog/boot/init.pl:274
   [5] main('household.pl',s3301) at /audit/g6_domestic.pl:26
   [4] ignore(user: ...) at /usr/lib/swi-prolog/boot/init.pl:258
BACKTRACE-END
result(s3301,exception(error(instantiation_error,context(system: (is)/2,A))))
