cases(376)
case('s151_a_neg.pl',clauses(5),stipulations_skipped([s151_c/4]),dom0([]),reach604([]),s3306_c_2_at_441([]))
case('s151_a_pos.pl',clauses(5),stipulations_skipped([s151_c/4]),dom0([]),reach604([]),s3306_c_2_at_441([]))
case('s151_b_neg.pl',clauses(9),stipulations_skipped([]),dom0([]),reach604([]),s3306_c_2_at_441([]))
case('s151_b_pos.pl',clauses(4),stipulations_skipped([]),dom0([]),reach604([]),s3306_c_2_at_441([]))
case('s151_c_neg.pl',clauses(4),stipulations_skipped([s152_c_1/3]),dom0([]),reach604([]),s3306_c_2_at_441([]))
case('s151_c_pos.pl',clauses(4),stipulations_skipped([s152_c_1/3]),dom0([]),reach604([]),s3306_c_2_at_441([]))
case('s151_d_1_neg.pl',clauses(0),stipulations_skipped([s151_b_applies/2]),dom0([]),reach604([]),s3306_c_2_at_441([]))
case('s151_d_1_pos.pl',clauses(0),stipulations_skipped([s151_b_applies/2]),dom0([]),reach604([]),s3306_c_2_at_441([]))
case('s151_d_2_neg.pl',clauses(0),stipulations_skipped([s151_d/4]),dom0([]),reach604([]),s3306_c_2_at_441([]))
case('s151_d_2_pos.pl',clauses(0),stipulations_skipped([s151_c_applies/3]),dom0([]),reach604([]),s3306_c_2_at_441([]))
case('s151_d_3_A_neg.pl',clauses(5),stipulations_skipped([s151_c/4]),dom0([]),reach604([]),s3306_c_2_at_441([]))
case('s151_d_3_A_pos.pl',clauses(5),stipulations_skipped([s151_c/4]),dom0([]),reach604([]),s3306_c_2_at_441([]))
case('s151_d_3_B_neg.pl',clauses(5),stipulations_skipped([s68_b/3]),dom0([]),reach604([]),s3306_c_2_at_441([]))
case('s151_d_3_B_pos.pl',clauses(5),stipulations_skipped([s68_b/3]),dom0([]),reach604([]),s3306_c_2_at_441([]))
case('s151_d_5_neg.pl',clauses(0),stipulations_skipped([s151_b_applies/2]),dom0([]),reach604([]),s3306_c_2_at_441([]))
case('s151_d_5_pos.pl',clauses(0),stipulations_skipped([s151_b_applies/2]),dom0([]),reach604([]),s3306_c_2_at_441([]))
case('s152_a_neg.pl',clauses(0),stipulations_skipped([s152_c_1/3]),dom0([]),reach604([]),s3306_c_2_at_441([]))
case('s152_a_pos.pl',clauses(0),stipulations_skipped([s152_c_1/3]),dom0([]),reach604([]),s3306_c_2_at_441([]))
case('s152_b_1_neg.pl',clauses(0),stipulations_skipped([s152_c_1/3]),dom0([]),reach604([]),s3306_c_2_at_441([]))
case('s152_b_1_pos.pl',clauses(0),stipulations_skipped([s152_c_1/3]),dom0([]),reach604([]),s3306_c_2_at_441([]))
case('s152_b_2_neg.pl',clauses(4),stipulations_skipped([]),dom0([]),reach604([]),s3306_c_2_at_441([]))
case('s152_b_2_pos.pl',clauses(9),stipulations_skipped([]),dom0([]),reach604([]),s3306_c_2_at_441([]))
case('s152_c_1_B_neg.pl',clauses(9),stipulations_skipped([]),dom0([]),reach604([]),s3306_c_2_at_441([]))
case('s152_c_1_B_pos.pl',clauses(9),stipulations_skipped([]),dom0([]),reach604([]),s3306_c_2_at_441([]))
case('s152_c_1_E_neg.pl',clauses(18),stipulations_skipped([]),dom0([]),reach604([]),s3306_c_2_at_441([]))
case('s152_c_1_E_pos.pl',clauses(13),stipulations_skipped([]),dom0([]),reach604([]),s3306_c_2_at_441([]))
case('s152_c_1_neg.pl',clauses(13),stipulations_skipped([s152_c_2/4]),dom0([]),reach604([]),s3306_c_2_at_441([]))
case('s152_c_1_pos.pl',clauses(13),stipulations_skipped([s152_c_2/4,s152_c_3/3]),dom0([]),reach604([]),s3306_c_2_at_441([]))
case('s152_c_2_A_neg.pl',clauses(4),stipulations_skipped([]),dom0([]),reach604([]),s3306_c_2_at_441([]))
case('s152_c_2_A_pos.pl',clauses(4),stipulations_skipped([]),dom0([]),reach604([]),s3306_c_2_at_441([]))
case('s152_c_2_B_neg.pl',clauses(4),stipulations_skipped([]),dom0([]),reach604([]),s3306_c_2_at_441([]))
case('s152_c_2_B_pos.pl',clauses(4),stipulations_skipped([]),dom0([]),reach604([]),s3306_c_2_at_441([]))
case('s152_c_2_neg.pl',clauses(4),stipulations_skipped([]),dom0([]),reach604([]),s3306_c_2_at_441([]))
case('s152_c_2_pos.pl',clauses(4),stipulations_skipped([]),dom0([]),reach604([]),s3306_c_2_at_441([]))
case('s152_c_3_neg.pl',clauses(12),stipulations_skipped([]),dom0([]),reach604([]),s3306_c_2_at_441([]))
case('s152_c_3_pos.pl',clauses(12),stipulations_skipped([]),dom0([]),reach604([]),s3306_c_2_at_441([]))
case('s152_d_1_B_neg.pl',clauses(5),stipulations_skipped([s151_d/4]),dom0([]),reach604([]),s3306_c_2_at_441([]))
case('s152_d_1_B_pos.pl',clauses(0),stipulations_skipped([s151_d/4]),dom0([]),reach604([]),s3306_c_2_at_441([]))
case('s152_d_1_D_neg.pl',clauses(8),stipulations_skipped([s151_d/4,s152_c/3]),dom0([]),reach604([]),s3306_c_2_at_441([]))
case('s152_d_1_D_pos.pl',clauses(8),stipulations_skipped([s151_d/4]),dom0([]),reach604([]),s3306_c_2_at_441([]))
case('s152_d_2_A_neg.pl',clauses(4),stipulations_skipped([]),dom0([]),reach604([]),s3306_c_2_at_441([]))
case('s152_d_2_A_pos.pl',clauses(4),stipulations_skipped([]),dom0([]),reach604([]),s3306_c_2_at_441([]))
case('s152_d_2_B_neg.pl',clauses(4),stipulations_skipped([]),dom0([]),reach604([]),s3306_c_2_at_441([]))
case('s152_d_2_B_pos.pl',clauses(4),stipulations_skipped([]),dom0([]),reach604([]),s3306_c_2_at_441([]))
case('s152_d_2_C_neg.pl',clauses(12),stipulations_skipped([]),dom0([]),reach604([]),s3306_c_2_at_441([]))
case('s152_d_2_C_pos.pl',clauses(4),stipulations_skipped([]),dom0([]),reach604([]),s3306_c_2_at_441([]))
case('s152_d_2_D_neg.pl',clauses(8),stipulations_skipped([]),dom0([]),reach604([]),s3306_c_2_at_441([]))
case('s152_d_2_D_pos.pl',clauses(12),stipulations_skipped([]),dom0([]),reach604([]),s3306_c_2_at_441([]))
case('s152_d_2_E_neg.pl',clauses(8),stipulations_skipped([]),dom0([]),reach604([]),s3306_c_2_at_441([]))
case('s152_d_2_E_pos.pl',clauses(8),stipulations_skipped([]),dom0([]),reach604([]),s3306_c_2_at_441([]))
case('s152_d_2_F_neg.pl',clauses(8),stipulations_skipped([]),dom0([]),reach604([]),s3306_c_2_at_441([]))
case('s152_d_2_F_pos.pl',clauses(8),stipulations_skipped([]),dom0([]),reach604([]),s3306_c_2_at_441([]))
case('s152_d_2_G_neg.pl',clauses(5),stipulations_skipped([]),dom0([]),reach604([]),s3306_c_2_at_441([]))
case('s152_d_2_G_pos.pl',clauses(8),stipulations_skipped([]),dom0([]),reach604([]),s3306_c_2_at_441([]))
case('s152_d_2_H_neg.pl',clauses(4),stipulations_skipped([]),dom0([]),reach604([]),s3306_c_2_at_441([]))
case('s152_d_2_H_pos.pl',clauses(5),stipulations_skipped([]),dom0([]),reach604([]),s3306_c_2_at_441([]))
case('s1_a_1_i_neg.pl',clauses(5),stipulations_skipped([s63/3,s7703/4]),dom0([]),reach604([]),s3306_c_2_at_441([]))
case('s1_a_1_i_pos.pl',clauses(5),stipulations_skipped([s63/3,s7703/4]),dom0([]),reach604([]),s3306_c_2_at_441([]))
case('s1_a_1_ii_neg.pl',clauses(5),stipulations_skipped([s63/3,s7703/4]),dom0([]),reach604([]),s3306_c_2_at_441([]))
case('s1_a_1_ii_pos.pl',clauses(5),stipulations_skipped([s63/3,s7703/4]),dom0([]),reach604([]),s3306_c_2_at_441([]))
case('s1_a_1_iii_neg.pl',clauses(5),stipulations_skipped([s63/3,s7703/4]),dom0([]),reach604([]),s3306_c_2_at_441([]))
case('s1_a_1_iii_pos.pl',clauses(5),stipulations_skipped([s63/3,s7703/4]),dom0([]),reach604([]),s3306_c_2_at_441([]))
case('s1_a_1_iv_neg.pl',clauses(5),stipulations_skipped([s63/3,s7703/4]),dom0([]),reach604([]),s3306_c_2_at_441([]))
case('s1_a_1_iv_pos.pl',clauses(5),stipulations_skipped([s63/3,s7703/4]),dom0([]),reach604([]),s3306_c_2_at_441([]))
case('s1_a_1_neg.pl',clauses(0),stipulations_skipped([s2_b/3,s63/3]),dom0([]),reach604([]),s3306_c_2_at_441([]))
case('s1_a_1_pos.pl',clauses(5),stipulations_skipped([s63/3,s7703/4]),dom0([]),reach604([]),s3306_c_2_at_441([]))
case('s1_a_1_v_neg.pl',clauses(5),stipulations_skipped([s63/3,s7703/4]),dom0([]),reach604([]),s3306_c_2_at_441([]))
case('s1_a_1_v_pos.pl',clauses(5),stipulations_skipped([s63/3,s7703/4]),dom0([]),reach604([]),s3306_c_2_at_441([]))
case('s1_a_2_i_neg.pl',clauses(0),stipulations_skipped([s2_a/3,s63/3]),dom0([]),reach604([]),s3306_c_2_at_441([]))
case('s1_a_2_i_pos.pl',clauses(0),stipulations_skipped([s2_a/5,s63/3]),dom0([]),reach604([]),s3306_c_2_at_441([]))
case('s1_a_2_ii_neg.pl',clauses(0),stipulations_skipped([s2_a/3,s63/3]),dom0([]),reach604([]),s3306_c_2_at_441([]))
case('s1_a_2_ii_pos.pl',clauses(0),stipulations_skipped([s2_a/3,s63/3]),dom0([]),reach604([]),s3306_c_2_at_441([]))
case('s1_a_2_iii_neg.pl',clauses(0),stipulations_skipped([s2_a/3,s63/3]),dom0([]),reach604([]),s3306_c_2_at_441([]))
case('s1_a_2_iii_pos.pl',clauses(0),stipulations_skipped([s2_a/3,s63/3]),dom0([]),reach604([]),s3306_c_2_at_441([]))
case('s1_a_2_iv_neg.pl',clauses(0),stipulations_skipped([s2_a/3,s63/3]),dom0([]),reach604([]),s3306_c_2_at_441([]))
case('s1_a_2_iv_pos.pl',clauses(0),stipulations_skipped([s2_a/3,s63/3]),dom0([]),reach604([]),s3306_c_2_at_441([]))
case('s1_a_2_neg.pl',clauses(0),stipulations_skipped([s63/3]),dom0([]),reach604([]),s3306_c_2_at_441([]))
case('s1_a_2_pos.pl',clauses(0),stipulations_skipped([s2_a/3,s63/3]),dom0([]),reach604([]),s3306_c_2_at_441([]))
case('s1_a_2_v_neg.pl',clauses(0),stipulations_skipped([s2_a/3,s63/3]),dom0([]),reach604([]),s3306_c_2_at_441([]))
case('s1_a_2_v_pos.pl',clauses(0),stipulations_skipped([s2_a/3,s63/3]),dom0([]),reach604([]),s3306_c_2_at_441([]))
case('s1_b_i_neg.pl',clauses(0),stipulations_skipped([s2_b/3,s63/3]),dom0([]),reach604([]),s3306_c_2_at_441([]))
case('s1_b_i_pos.pl',clauses(0),stipulations_skipped([s2_b/3,s63/3]),dom0([]),reach604([]),s3306_c_2_at_441([]))
case('s1_b_ii_neg.pl',clauses(0),stipulations_skipped([s2_b/3,s63/3]),dom0([]),reach604([]),s3306_c_2_at_441([]))
case('s1_b_ii_pos.pl',clauses(0),stipulations_skipped([s2_b/3,s63/3]),dom0([]),reach604([]),s3306_c_2_at_441([]))
case('s1_b_iii_neg.pl',clauses(0),stipulations_skipped([s2_b/3,s63/3]),dom0([]),reach604([]),s3306_c_2_at_441([]))
case('s1_b_iii_pos.pl',clauses(0),stipulations_skipped([s2_b/3,s63/3]),dom0([]),reach604([]),s3306_c_2_at_441([]))
case('s1_b_iv_neg.pl',clauses(0),stipulations_skipped([s2_b/3,s63/3]),dom0([]),reach604([]),s3306_c_2_at_441([]))
case('s1_b_iv_pos.pl',clauses(0),stipulations_skipped([s2_b/3,s63/3]),dom0([]),reach604([]),s3306_c_2_at_441([]))
case('s1_b_neg.pl',clauses(0),stipulations_skipped([s63/3,s7703/4]),dom0([]),reach604([]),s3306_c_2_at_441([]))
case('s1_b_pos.pl',clauses(0),stipulations_skipped([s2_b/3,s63/3]),dom0([]),reach604([]),s3306_c_2_at_441([]))
case('s1_b_v_neg.pl',clauses(0),stipulations_skipped([s2_b/3,s63/3]),dom0([]),reach604([]),s3306_c_2_at_441([]))
case('s1_b_v_pos.pl',clauses(0),stipulations_skipped([s2_b/3,s63/3]),dom0([]),reach604([]),s3306_c_2_at_441([]))
case('s1_c_i_neg.pl',clauses(0),stipulations_skipped([s63/3]),dom0([]),reach604([]),s3306_c_2_at_441([]))
case('s1_c_i_pos.pl',clauses(0),stipulations_skipped([s63/3]),dom0([]),reach604([]),s3306_c_2_at_441([]))
case('s1_c_ii_neg.pl',clauses(0),stipulations_skipped([s63/3]),dom0([]),reach604([]),s3306_c_2_at_441([]))
case('s1_c_ii_pos.pl',clauses(0),stipulations_skipped([s63/3]),dom0([]),reach604([]),s3306_c_2_at_441([]))
case('s1_c_iii_neg.pl',clauses(0),stipulations_skipped([s63/3]),dom0([]),reach604([]),s3306_c_2_at_441([]))
case('s1_c_iii_pos.pl',clauses(0),stipulations_skipped([s63/3]),dom0([]),reach604([]),s3306_c_2_at_441([]))
case('s1_c_iv_neg.pl',clauses(0),stipulations_skipped([s63/3]),dom0([]),reach604([]),s3306_c_2_at_441([]))
case('s1_c_iv_pos.pl',clauses(0),stipulations_skipped([s63/3]),dom0([]),reach604([]),s3306_c_2_at_441([]))
case('s1_c_neg.pl',clauses(5),stipulations_skipped([s63/3,s7703/4]),dom0([]),reach604([]),s3306_c_2_at_441([]))
case('s1_c_pos.pl',clauses(0),stipulations_skipped([s63/3]),dom0([]),reach604([]),s3306_c_2_at_441([]))
case('s1_c_v_neg.pl',clauses(0),stipulations_skipped([s63/3]),dom0([]),reach604([]),s3306_c_2_at_441([]))
case('s1_c_v_pos.pl',clauses(0),stipulations_skipped([s63/3]),dom0([]),reach604([]),s3306_c_2_at_441([]))
case('s1_d_i_neg.pl',clauses(0),stipulations_skipped([s63/3,s7703/4]),dom0([]),reach604([]),s3306_c_2_at_441([]))
case('s1_d_i_pos.pl',clauses(0),stipulations_skipped([s63/3,s7703/4]),dom0([]),reach604([]),s3306_c_2_at_441([]))
case('s1_d_ii_neg.pl',clauses(0),stipulations_skipped([s63/3,s7703/4]),dom0([]),reach604([]),s3306_c_2_at_441([]))
case('s1_d_ii_pos.pl',clauses(0),stipulations_skipped([s63/3,s7703/4]),dom0([]),reach604([]),s3306_c_2_at_441([]))
case('s1_d_iii_neg.pl',clauses(0),stipulations_skipped([s63/3,s7703/4]),dom0([]),reach604([]),s3306_c_2_at_441([]))
case('s1_d_iii_pos.pl',clauses(0),stipulations_skipped([s63/3,s7703/4]),dom0([]),reach604([]),s3306_c_2_at_441([]))
case('s1_d_iv_neg.pl',clauses(0),stipulations_skipped([s63/3,s7703/4]),dom0([]),reach604([]),s3306_c_2_at_441([]))
case('s1_d_iv_pos.pl',clauses(0),stipulations_skipped([s63/3,s7703/4]),dom0([]),reach604([]),s3306_c_2_at_441([]))
case('s1_d_neg.pl',clauses(0),stipulations_skipped([s2_a/3,s63/3]),dom0([]),reach604([]),s3306_c_2_at_441([]))
case('s1_d_pos.pl',clauses(0),stipulations_skipped([s63/3,s7703/4]),dom0([]),reach604([]),s3306_c_2_at_441([]))
case('s1_d_v_neg.pl',clauses(0),stipulations_skipped([s63/3,s7703/4]),dom0([]),reach604([]),s3306_c_2_at_441([]))
case('s1_d_v_pos.pl',clauses(0),stipulations_skipped([s63/3,s7703/4]),dom0([]),reach604([]),s3306_c_2_at_441([]))
case('s2_a_1_A_neg.pl',clauses(7),stipulations_skipped([]),dom0([]),reach604([]),s3306_c_2_at_441([]))
case('s2_a_1_A_pos.pl',clauses(7),stipulations_skipped([]),dom0([]),reach604([]),s3306_c_2_at_441([]))
case('s2_a_1_B_neg.pl',clauses(37),stipulations_skipped([]),dom0([]),reach604([]),s3306_c_2_at_441([]))
case('s2_a_1_B_pos.pl',clauses(30),stipulations_skipped([s151/5]),dom0([]),reach604([]),s3306_c_2_at_441([]))
case('s2_a_2_A_neg.pl',clauses(12),stipulations_skipped([]),dom0([]),reach604([]),s3306_c_2_at_441([]))
case('s2_a_2_A_pos.pl',clauses(12),stipulations_skipped([]),dom0([]),reach604([]),s3306_c_2_at_441([]))
case('s2_a_2_B_neg.pl',clauses(11),stipulations_skipped([]),dom0([]),reach604([]),s3306_c_2_at_441([]))
case('s2_a_2_B_pos.pl',clauses(8),stipulations_skipped([]),dom0([]),reach604([]),s3306_c_2_at_441([]))
case('s2_b_1_A_i_II_neg.pl',clauses(30),stipulations_skipped([]),dom0([]),reach604([]),s3306_c_2_at_441([]))
case('s2_b_1_A_i_II_pos.pl',clauses(30),stipulations_skipped([s152_b_2/4]),dom0([]),reach604([]),s3306_c_2_at_441([]))
case('s2_b_1_A_i_I_neg.pl',clauses(30),stipulations_skipped([]),dom0([]),reach604([]),s3306_c_2_at_441([]))
case('s2_b_1_A_i_I_pos.pl',clauses(30),stipulations_skipped([]),dom0([]),reach604([]),s3306_c_2_at_441([]))
case('s2_b_1_A_i_neg.pl',clauses(30),stipulations_skipped([s152_b_2/4]),dom0([]),reach604([]),s3306_c_2_at_441([]))
case('s2_b_1_A_i_pos.pl',clauses(26),stipulations_skipped([]),dom0([]),reach604([]),s3306_c_2_at_441([]))
case('s2_b_1_A_ii_neg.pl',clauses(38),stipulations_skipped([]),dom0([]),reach604([]),s3306_c_2_at_441([]))
case('s2_b_1_A_ii_pos.pl',clauses(29),stipulations_skipped([s151_c_applies/3]),dom0([]),reach604([]),s3306_c_2_at_441([]))
case('s2_b_1_A_neg.pl',clauses(33),stipulations_skipped([]),dom0([]),reach604([]),s3306_c_2_at_441([]))
case('s2_b_1_A_pos.pl',clauses(26),stipulations_skipped([s152_c/3]),dom0([]),reach604([]),s3306_c_2_at_441([]))
case('s2_b_1_B_neg.pl',clauses(26),stipulations_skipped([s151_c_applies/3]),dom0([]),reach604([]),s3306_c_2_at_441([]))
case('s2_b_1_B_pos.pl',clauses(24),stipulations_skipped([s151_c_applies/3]),dom0([]),reach604([]),s3306_c_2_at_441([]))
case('s2_b_1_neg.pl',clauses(24),stipulations_skipped([s151_c_applies/3]),dom0([]),reach604([]),s3306_c_2_at_441([]))
case('s2_b_1_pos.pl',clauses(24),stipulations_skipped([s151_c_applies/3]),dom0([]),reach604([]),s3306_c_2_at_441([]))
case('s2_b_2_A_neg.pl',clauses(8),stipulations_skipped([]),dom0([]),reach604([]),s3306_c_2_at_441([]))
case('s2_b_2_A_pos.pl',clauses(8),stipulations_skipped([]),dom0([]),reach604([]),s3306_c_2_at_441([]))
case('s2_b_2_B_neg.pl',clauses(7),stipulations_skipped([]),dom0([]),reach604([]),s3306_c_2_at_441([]))
case('s2_b_2_B_pos.pl',clauses(7),stipulations_skipped([]),dom0([]),reach604([]),s3306_c_2_at_441([]))
case('s2_b_2_C_neg.pl',clauses(10),stipulations_skipped([]),dom0([]),reach604([]),s3306_c_2_at_441([]))
case('s2_b_2_C_pos.pl',clauses(8),stipulations_skipped([]),dom0([]),reach604([]),s3306_c_2_at_441([]))
case('s2_b_3_A_neg.pl',clauses(27),stipulations_skipped([s151_c_applies/3]),dom0([]),reach604([]),s3306_c_2_at_441([]))
case('s2_b_3_A_pos.pl',clauses(27),stipulations_skipped([s151_c_applies/3]),dom0([]),reach604([]),s3306_c_2_at_441([]))
case('s2_b_3_B_neg.pl',clauses(24),stipulations_skipped([s151_c_applies/3]),dom0([]),reach604([]),s3306_c_2_at_441([]))
case('s2_b_3_B_pos.pl',clauses(27),stipulations_skipped([s152_d_2_H/6]),dom0([]),reach604([]),s3306_c_2_at_441([]))
case('s3301_neg.pl',clauses(0),stipulations_skipped([s3306_a/2,total_wages_employer/6]),dom0([]),reach604([]),s3306_c_2_at_441([]))
case('s3301_pos.pl',clauses(0),stipulations_skipped([s3306_a/2,total_wages_employer/6]),dom0([]),reach604([]),s3306_c_2_at_441([]))
case('s3306_a_1_A_neg.pl',clauses(4),stipulations_skipped([s3306_b/8]),dom0([]),reach604([]),s3306_c_2_at_441([]))
case('s3306_a_1_A_pos.pl',clauses(4),stipulations_skipped([s3306_b/8]),dom0([]),reach604([]),s3306_c_2_at_441([]))
case('s3306_a_1_B_neg.pl',clauses(0),stipulations_skipped([s3306_c/5]),dom0([]),reach604([]),s3306_c_2_at_441([]))
case('s3306_a_1_B_pos.pl',clauses(0),stipulations_skipped([s3306_c/5]),dom0([]),reach604([]),s3306_c_2_at_441([]))
case('s3306_a_1_neg.pl',clauses(23),stipulations_skipped([s3306_b/8]),dom0([]),reach604([]),s3306_c_2_at_441([]))
case('s3306_a_1_pos.pl',clauses(24),stipulations_skipped([s3306_b/8]),dom0([]),reach604([]),s3306_c_2_at_441([]))
case('s3306_a_2_A_neg.pl',clauses(23),stipulations_skipped([s3306_b/8]),dom0([]),reach604([]),s3306_c_2_at_441([]))
case('s3306_a_2_A_pos.pl',clauses(48),stipulations_skipped([s3306_b/8]),dom0([]),reach604([]),s3306_c_2_at_441([]))
case('s3306_a_2_B_neg.pl',clauses(1),stipulations_skipped([s3306_c/5]),dom0([]),reach604([]),s3306_c_2_at_441([]))
case('s3306_a_2_B_pos.pl',clauses(1),stipulations_skipped([s3306_c/5]),dom0([]),reach604([]),s3306_c_2_at_441([]))
case('s3306_a_3_neg.pl',clauses(27),stipulations_skipped([s3306_b/8]),dom0([]),reach604([]),s3306_c_2_at_441([]))
case('s3306_a_3_pos.pl',clauses(29),stipulations_skipped([s3306_b/8]),dom0([]),reach604([]),s3306_c_2_at_441([]))
case('s3306_b_10_A_neg.pl',clauses(18),stipulations_skipped([]),dom0([]),reach604([]),s3306_c_2_at_441([]))
case('s3306_b_10_A_pos.pl',clauses(22),stipulations_skipped([]),dom0([]),reach604([]),s3306_c_2_at_441([]))
case('s3306_b_10_B_neg.pl',clauses(22),stipulations_skipped([]),dom0([]),reach604([]),s3306_c_2_at_441([]))
case('s3306_b_10_B_pos.pl',clauses(26),stipulations_skipped([]),dom0([]),reach604([]),s3306_c_2_at_441([]))
case('s3306_b_11_neg.pl',clauses(12),stipulations_skipped([]),dom0([]),reach604([]),s3306_c_2_at_441([]))
case('s3306_b_11_pos.pl',clauses(13),stipulations_skipped([]),dom0([]),reach604([]),s3306_c_2_at_441([]))
case('s3306_b_15_neg.pl',clauses(15),stipulations_skipped([s3306_c/5]),dom0([]),reach604([]),s3306_c_2_at_441([]))
case('s3306_b_15_pos.pl',clauses(15),stipulations_skipped([s3306_c/5]),dom0([]),reach604([]),s3306_c_2_at_441([]))
case('s3306_b_2_A_neg.pl',clauses(36),stipulations_skipped([]),dom0([]),reach604([]),s3306_c_2_at_441([]))
case('s3306_b_2_A_pos.pl',clauses(30),stipulations_skipped([]),dom0([]),reach604([]),s3306_c_2_at_441([]))
case('s3306_b_2_C_neg.pl',clauses(34),stipulations_skipped([]),dom0([]),reach604([]),s3306_c_2_at_441([]))
case('s3306_b_2_C_pos.pl',clauses(30),stipulations_skipped([]),dom0([]),reach604([]),s3306_c_2_at_441([]))
case('s3306_b_7_neg.pl',clauses(18),stipulations_skipped([s3306_c/5]),dom0([]),reach604([]),s3306_c_2_at_441([]))
case('s3306_b_7_pos.pl',clauses(18),stipulations_skipped([s3306_c/5]),dom0([]),reach604([]),s3306_c_2_at_441([]))
case('s3306_b_neg.pl',clauses(14),stipulations_skipped([]),dom0([]),reach604([]),s3306_c_2_at_441([]))
case('s3306_b_pos.pl',clauses(14),stipulations_skipped([]),dom0([]),reach604([]),s3306_c_2_at_441([]))
case('s3306_c_10_A_i_neg.pl',clauses(26),stipulations_skipped([]),dom0([]),reach604([]),s3306_c_2_at_441([]))
case('s3306_c_10_A_i_pos.pl',clauses(26),stipulations_skipped([]),dom0([]),reach604([]),s3306_c_2_at_441([]))
case('s3306_c_10_A_ii_neg.pl',clauses(29),stipulations_skipped([]),dom0([]),reach604([]),s3306_c_2_at_441([]))
case('s3306_c_10_A_ii_pos.pl',clauses(29),stipulations_skipped([]),dom0([]),reach604([]),s3306_c_2_at_441([]))
case('s3306_c_10_B_neg.pl',clauses(21),stipulations_skipped([]),dom0([]),reach604([]),s3306_c_2_at_441([]))
case('s3306_c_10_B_pos.pl',clauses(21),stipulations_skipped([]),dom0([]),reach604([]),s3306_c_2_at_441([]))
case('s3306_c_11_neg.pl',clauses(14),stipulations_skipped([]),dom0([]),reach604([]),s3306_c_2_at_441([]))
case('s3306_c_11_pos.pl',clauses(14),stipulations_skipped([]),dom0([]),reach604([]),s3306_c_2_at_441([]))
case('s3306_c_13_neg.pl',clauses(26),stipulations_skipped([]),dom0([]),reach604([]),s3306_c_2_at_441([]))
case('s3306_c_13_pos.pl',clauses(26),stipulations_skipped([]),dom0([]),reach604([]),s3306_c_2_at_441([]))
case('s3306_c_16_neg.pl',clauses(14),stipulations_skipped([]),dom0([]),reach604([]),s3306_c_2_at_441([]))
case('s3306_c_16_pos.pl',clauses(15),stipulations_skipped([]),dom0([]),reach604([]),s3306_c_2_at_441([]))
case('s3306_c_1_A_i_neg.pl',clauses(20),stipulations_skipped([]),dom0([]),reach604([]),s3306_c_2_at_441([]))
case('s3306_c_1_A_i_pos.pl',clauses(19),stipulations_skipped([]),dom0([]),reach604([]),s3306_c_2_at_441([]))
case('s3306_c_1_B_neg.pl',clauses(24),stipulations_skipped([]),dom0([]),reach604([]),s3306_c_2_at_441([]))
case('s3306_c_1_B_pos.pl',clauses(19),stipulations_skipped([]),dom0([]),reach604([]),s3306_c_2_at_441([]))
case('s3306_c_1_neg.pl',clauses(19),stipulations_skipped([]),dom0([]),reach604([]),s3306_c_2_at_441([]))
case('s3306_c_1_pos.pl',clauses(19),stipulations_skipped([]),dom0([]),reach604([]),s3306_c_2_at_441([]))
case('s3306_c_21_neg.pl',clauses(18),stipulations_skipped([]),dom0([]),reach604([]),s3306_c_2_at_441([]))
case('s3306_c_21_pos.pl',clauses(18),stipulations_skipped([]),dom0([]),reach604([]),s3306_c_2_at_441([]))
h44_restored('s3306_c_2_neg.pl',line(26))
case('s3306_c_2_neg.pl',clauses(16),stipulations_skipped([s3306_b/8]),dom0([]),reach604([]),s3306_c_2_at_441([]))
h44_restored('s3306_c_2_pos.pl',line(26))
case('s3306_c_2_pos.pl',clauses(16),stipulations_skipped([s3306_b/8]),dom0([]),reach604([]),s3306_c_2_at_441([]))
case('s3306_c_5_neg.pl',clauses(17),stipulations_skipped([]),dom0([]),reach604([]),s3306_c_2_at_441([]))
case('s3306_c_5_pos.pl',clauses(17),stipulations_skipped([]),dom0([]),reach604([]),s3306_c_2_at_441([]))
case('s3306_c_6_neg.pl',clauses(14),stipulations_skipped([]),dom0([]),reach604([]),s3306_c_2_at_441([]))
case('s3306_c_6_pos.pl',clauses(14),stipulations_skipped([]),dom0([]),reach604([]),s3306_c_2_at_441([]))
case('s3306_c_7_neg.pl',clauses(14),stipulations_skipped([]),dom0([]),reach604([]),s3306_c_2_at_441([]))
case('s3306_c_7_pos.pl',clauses(14),stipulations_skipped([]),dom0([]),reach604([]),s3306_c_2_at_441([]))
case('s3306_c_A_neg.pl',clauses(13),stipulations_skipped([]),dom0([]),reach604([]),s3306_c_2_at_441([]))
case('s3306_c_A_pos.pl',clauses(13),stipulations_skipped([]),dom0([]),reach604([]),s3306_c_2_at_441([]))
case('s3306_c_B_neg.pl',clauses(19),stipulations_skipped([]),dom0([]),reach604([]),s3306_c_2_at_441([]))
case('s3306_c_B_pos.pl',clauses(18),stipulations_skipped([]),dom0([]),reach604([]),s3306_c_2_at_441([]))
case('s63_a_neg.pl',clauses(4),stipulations_skipped([s151/5,s63_c/3]),dom0([]),reach604([]),s3306_c_2_at_441([]))
case('s63_a_pos.pl',clauses(8),stipulations_skipped([s151/5]),dom0([]),reach604([]),s3306_c_2_at_441([]))
case('s63_b_neg.pl',clauses(4),stipulations_skipped([s151/5,s63_c_1/3]),dom0([]),reach604([]),s3306_c_2_at_441([]))
case('s63_b_pos.pl',clauses(4),stipulations_skipped([s151/5,s63_c_1/3]),dom0([]),reach604([]),s3306_c_2_at_441([]))
case('s63_c_1_neg.pl',clauses(4),stipulations_skipped([s63_c_2/3,s63_c_3/3]),dom0([]),reach604([]),s3306_c_2_at_441([]))
case('s63_c_1_pos.pl',clauses(4),stipulations_skipped([s63_c_2/3,s63_c_3/3]),dom0([]),reach604([]),s3306_c_2_at_441([]))
case('s63_c_2_A_i_neg.pl',clauses(8),stipulations_skipped([]),dom0([]),reach604([]),s3306_c_2_at_441([]))
case('s63_c_2_A_i_pos.pl',clauses(13),stipulations_skipped([]),dom0([]),reach604([]),s3306_c_2_at_441([]))
case('s63_c_2_A_ii_neg.pl',clauses(13),stipulations_skipped([]),dom0([]),reach604([]),s3306_c_2_at_441([]))
case('s63_c_2_A_ii_pos.pl',clauses(4),stipulations_skipped([s2_a/3]),dom0([]),reach604([]),s3306_c_2_at_441([]))
case('s63_c_2_B_neg.pl',clauses(13),stipulations_skipped([]),dom0([]),reach604([]),s3306_c_2_at_441([]))
case('s63_c_2_B_pos.pl',clauses(4),stipulations_skipped([s2_b/3]),dom0([]),reach604([]),s3306_c_2_at_441([]))
case('s63_c_2_C_neg.pl',clauses(13),stipulations_skipped([]),dom0([]),reach604([]),s3306_c_2_at_441([]))
case('s63_c_2_C_pos.pl',clauses(8),stipulations_skipped([]),dom0([]),reach604([]),s3306_c_2_at_441([]))
case('s63_c_3_neg.pl',clauses(8),stipulations_skipped([s63_f_1_A/2,s63_f_1_B/3]),dom0([]),reach604([]),s3306_c_2_at_441([]))
case('s63_c_3_pos.pl',clauses(8),stipulations_skipped([s63_f_1_A/2,s63_f_1_B/3]),dom0([]),reach604([]),s3306_c_2_at_441([]))
case('s63_c_5_neg.pl',clauses(12),stipulations_skipped([]),dom0([]),reach604([]),s3306_c_2_at_441([]))
case('s63_c_5_pos.pl',clauses(8),stipulations_skipped([s151_b_applies/3]),dom0([]),reach604([]),s3306_c_2_at_441([]))
case('s63_c_6_A_neg.pl',clauses(13),stipulations_skipped([]),dom0([]),reach604([]),s3306_c_2_at_441([]))
case('s63_c_6_A_pos.pl',clauses(11),stipulations_skipped([]),dom0([]),reach604([]),s3306_c_2_at_441([]))
case('s63_c_6_B_neg.pl',clauses(12),stipulations_skipped([]),dom0([]),reach604([]),s3306_c_2_at_441([]))
case('s63_c_6_B_pos.pl',clauses(12),stipulations_skipped([]),dom0([]),reach604([]),s3306_c_2_at_441([]))
case('s63_c_6_D_neg.pl',clauses(4),stipulations_skipped([]),dom0([]),reach604([]),s3306_c_2_at_441([]))
case('s63_c_6_D_pos.pl',clauses(4),stipulations_skipped([]),dom0([]),reach604([]),s3306_c_2_at_441([]))
case('s63_c_7_i_neg.pl',clauses(4),stipulations_skipped([s2_b/3]),dom0([]),reach604([]),s3306_c_2_at_441([]))
case('s63_c_7_i_pos.pl',clauses(4),stipulations_skipped([s2_b/3]),dom0([]),reach604([]),s3306_c_2_at_441([]))
case('s63_c_7_ii_neg.pl',clauses(8),stipulations_skipped([]),dom0([]),reach604([]),s3306_c_2_at_441([]))
case('s63_c_7_ii_pos.pl',clauses(8),stipulations_skipped([]),dom0([]),reach604([]),s3306_c_2_at_441([]))
case('s63_d_2_neg.pl',clauses(4),stipulations_skipped([s63_c_3/4]),dom0([]),reach604([]),s3306_c_2_at_441([]))
case('s63_d_2_pos.pl',clauses(4),stipulations_skipped([s151/5]),dom0([]),reach604([]),s3306_c_2_at_441([]))
case('s63_d_neg.pl',clauses(4),stipulations_skipped([s151_b/3]),dom0([]),reach604([]),s3306_c_2_at_441([]))
case('s63_d_pos.pl',clauses(8),stipulations_skipped([]),dom0([]),reach604([]),s3306_c_2_at_441([]))
case('s63_f_1_A_neg.pl',clauses(16),stipulations_skipped([]),dom0([]),reach604([]),s3306_c_2_at_441([]))
case('s63_f_1_A_pos.pl',clauses(16),stipulations_skipped([]),dom0([]),reach604([]),s3306_c_2_at_441([]))
case('s63_f_1_B_neg.pl',clauses(16),stipulations_skipped([s151_b_applies/3]),dom0([]),reach604([]),s3306_c_2_at_441([]))
case('s63_f_1_B_pos.pl',clauses(16),stipulations_skipped([s151_b_applies/3]),dom0([]),reach604([]),s3306_c_2_at_441([]))
case('s63_f_2_A_neg.pl',clauses(11),stipulations_skipped([]),dom0([]),reach604([]),s3306_c_2_at_441([]))
case('s63_f_2_A_pos.pl',clauses(11),stipulations_skipped([]),dom0([]),reach604([]),s3306_c_2_at_441([]))
case('s63_f_2_B_neg.pl',clauses(11),stipulations_skipped([s151_b_applies/3]),dom0([]),reach604([]),s3306_c_2_at_441([]))
case('s63_f_2_B_pos.pl',clauses(11),stipulations_skipped([s151_b_applies/3]),dom0([]),reach604([]),s3306_c_2_at_441([]))
case('s63_f_3_neg.pl',clauses(12),stipulations_skipped([]),dom0([]),reach604([]),s3306_c_2_at_441([]))
case('s63_f_3_pos.pl',clauses(12),stipulations_skipped([]),dom0([]),reach604([]),s3306_c_2_at_441([]))
case('s68_a_1_neg.pl',clauses(4),stipulations_skipped([s2_b/3]),dom0([]),reach604([]),s3306_c_2_at_441([]))
case('s68_a_1_pos.pl',clauses(4),stipulations_skipped([s2_a/3]),dom0([]),reach604([]),s3306_c_2_at_441([]))
case('s68_a_2_neg.pl',clauses(4),stipulations_skipped([s2_a/3,s63_d/4]),dom0([]),reach604([]),s3306_c_2_at_441([]))
case('s68_a_2_pos.pl',clauses(4),stipulations_skipped([s2_b/3,s63_d/4]),dom0([]),reach604([]),s3306_c_2_at_441([]))
case('s68_b_1_A_neg.pl',clauses(4),stipulations_skipped([s7703/4]),dom0([]),reach604([]),s3306_c_2_at_441([]))
case('s68_b_1_A_pos.pl',clauses(4),stipulations_skipped([s2_a/3]),dom0([]),reach604([]),s3306_c_2_at_441([]))
case('s68_b_1_B_neg.pl',clauses(4),stipulations_skipped([s2_a/3]),dom0([]),reach604([]),s3306_c_2_at_441([]))
case('s68_b_1_B_pos.pl',clauses(4),stipulations_skipped([s2_b/3]),dom0([]),reach604([]),s3306_c_2_at_441([]))
case('s68_b_1_C_neg.pl',clauses(4),stipulations_skipped([s2_b/3]),dom0([]),reach604([]),s3306_c_2_at_441([]))
case('s68_b_1_C_pos.pl',clauses(4),stipulations_skipped([]),dom0([]),reach604([]),s3306_c_2_at_441([]))
case('s68_b_1_D_neg.pl',clauses(4),stipulations_skipped([s2_a/3]),dom0([]),reach604([]),s3306_c_2_at_441([]))
case('s68_b_1_D_pos.pl',clauses(4),stipulations_skipped([s7703/4]),dom0([]),reach604([]),s3306_c_2_at_441([]))
case('s68_f_neg.pl',clauses(4),stipulations_skipped([s2_a/3]),dom0([]),reach604([]),s3306_c_2_at_441([]))
case('s68_f_pos.pl',clauses(4),stipulations_skipped([s2_a/3]),dom0([]),reach604([]),s3306_c_2_at_441([]))
case('s7703_a_1_neg.pl',clauses(7),stipulations_skipped([]),dom0([]),reach604([]),s3306_c_2_at_441([]))
case('s7703_a_1_pos.pl',clauses(7),stipulations_skipped([]),dom0([]),reach604([]),s3306_c_2_at_441([]))
case('s7703_a_2_neg.pl',clauses(8),stipulations_skipped([]),dom0([]),reach604([]),s3306_c_2_at_441([]))
case('s7703_a_2_pos.pl',clauses(8),stipulations_skipped([]),dom0([]),reach604([]),s3306_c_2_at_441([]))
case('s7703_b_1_neg.pl',clauses(39),stipulations_skipped([s151_c_applies/3]),dom0([]),reach604([]),s3306_c_2_at_441([]))
case('s7703_b_1_pos.pl',clauses(24),stipulations_skipped([s151_c_applies/3]),dom0([]),reach604([]),s3306_c_2_at_441([]))
case('s7703_b_2_neg.pl',clauses(28),stipulations_skipped([s151_c_applies/3]),dom0([]),reach604([]),s3306_c_2_at_441([]))
case('s7703_b_2_pos.pl',clauses(27),stipulations_skipped([s151_c_applies/3]),dom0([]),reach604([]),s3306_c_2_at_441([]))
case('s7703_b_3_neg.pl',clauses(26),stipulations_skipped([s151_c_applies/3]),dom0([]),reach604([]),s3306_c_2_at_441([]))
case('s7703_b_3_pos.pl',clauses(26),stipulations_skipped([s151_c_applies/3]),dom0([]),reach604([]),s3306_c_2_at_441([]))
case('tax_case_1.pl',clauses(22),stipulations_skipped([]),dom0([]),reach604([]),s3306_c_2_at_441([]))
case('tax_case_10.pl',clauses(47),stipulations_skipped([]),dom0([]),reach604([]),s3306_c_2_at_441([]))
case('tax_case_100.pl',clauses(17),stipulations_skipped([]),dom0([]),reach604([]),s3306_c_2_at_441([]))
case('tax_case_11.pl',clauses(26),stipulations_skipped([]),dom0([]),reach604([]),s3306_c_2_at_441([]))
case('tax_case_12.pl',clauses(33),stipulations_skipped([]),dom0([]),reach604([]),s3306_c_2_at_441([]))
case('tax_case_13.pl',clauses(41),stipulations_skipped([]),dom0([]),reach604([]),s3306_c_2_at_441([]))
case('tax_case_14.pl',clauses(31),stipulations_skipped([]),dom0([]),reach604([]),s3306_c_2_at_441([]))
case('tax_case_15.pl',clauses(26),stipulations_skipped([]),dom0([]),reach604([]),s3306_c_2_at_441([]))
case('tax_case_16.pl',clauses(22),stipulations_skipped([]),dom0([]),reach604([]),s3306_c_2_at_441([]))
case('tax_case_17.pl',clauses(29),stipulations_skipped([]),dom0([]),reach604([]),s3306_c_2_at_441([]))
case('tax_case_18.pl',clauses(12),stipulations_skipped([]),dom0([]),reach604([]),s3306_c_2_at_441([]))
case('tax_case_19.pl',clauses(14),stipulations_skipped([]),dom0([]),reach604([]),s3306_c_2_at_441([]))
case('tax_case_2.pl',clauses(46),stipulations_skipped([]),dom0([]),reach604([]),s3306_c_2_at_441([]))
case('tax_case_20.pl',clauses(68),stipulations_skipped([]),dom0([]),reach604([]),s3306_c_2_at_441([]))
case('tax_case_21.pl',clauses(44),stipulations_skipped([]),dom0([]),reach604([]),s3306_c_2_at_441([]))
case('tax_case_22.pl',clauses(19),stipulations_skipped([]),dom0([]),reach604([]),s3306_c_2_at_441([]))
case('tax_case_23.pl',clauses(20),stipulations_skipped([]),dom0([]),reach604([]),s3306_c_2_at_441([]))
case('tax_case_24.pl',clauses(31),stipulations_skipped([]),dom0([]),reach604([]),s3306_c_2_at_441([]))
case('tax_case_25.pl',clauses(37),stipulations_skipped([]),dom0([]),reach604([]),s3306_c_2_at_441([]))
case('tax_case_26.pl',clauses(50),stipulations_skipped([]),dom0([]),reach604([]),s3306_c_2_at_441([]))
case('tax_case_27.pl',clauses(23),stipulations_skipped([]),dom0([]),reach604([]),s3306_c_2_at_441([]))
case('tax_case_28.pl',clauses(16),stipulations_skipped([]),dom0([]),reach604([]),s3306_c_2_at_441([]))
case('tax_case_29.pl',clauses(49),stipulations_skipped([]),dom0([]),reach604([]),s3306_c_2_at_441([]))
case('tax_case_3.pl',clauses(26),stipulations_skipped([]),dom0([]),reach604([]),s3306_c_2_at_441([]))
case('tax_case_30.pl',clauses(25),stipulations_skipped([]),dom0([]),reach604([]),s3306_c_2_at_441([]))
case('tax_case_31.pl',clauses(8),stipulations_skipped([]),dom0([]),reach604([]),s3306_c_2_at_441([]))
case('tax_case_32.pl',clauses(25),stipulations_skipped([]),dom0([]),reach604([]),s3306_c_2_at_441([]))
case('tax_case_33.pl',clauses(28),stipulations_skipped([]),dom0([]),reach604([]),s3306_c_2_at_441([]))
case('tax_case_34.pl',clauses(4),stipulations_skipped([]),dom0([]),reach604([]),s3306_c_2_at_441([]))
case('tax_case_35.pl',clauses(15),stipulations_skipped([]),dom0([]),reach604([]),s3306_c_2_at_441([]))
case('tax_case_36.pl',clauses(52),stipulations_skipped([]),dom0([]),reach604([]),s3306_c_2_at_441([]))
case('tax_case_37.pl',clauses(30),stipulations_skipped([]),dom0([]),reach604([]),s3306_c_2_at_441([]))
case('tax_case_38.pl',clauses(17),stipulations_skipped([]),dom0([]),reach604([]),s3306_c_2_at_441([]))
case('tax_case_39.pl',clauses(30),stipulations_skipped([]),dom0([]),reach604([]),s3306_c_2_at_441([]))
case('tax_case_4.pl',clauses(25),stipulations_skipped([]),dom0([]),reach604([]),s3306_c_2_at_441([]))
case('tax_case_40.pl',clauses(29),stipulations_skipped([]),dom0([]),reach604([]),s3306_c_2_at_441([]))
case('tax_case_41.pl',clauses(22),stipulations_skipped([]),dom0([]),reach604([]),s3306_c_2_at_441([]))
case('tax_case_42.pl',clauses(27),stipulations_skipped([]),dom0([]),reach604([]),s3306_c_2_at_441([]))
case('tax_case_43.pl',clauses(20),stipulations_skipped([]),dom0([]),reach604([]),s3306_c_2_at_441([]))
case('tax_case_44.pl',clauses(16),stipulations_skipped([]),dom0([]),reach604([]),s3306_c_2_at_441([]))
case('tax_case_45.pl',clauses(40),stipulations_skipped([]),dom0([]),reach604([]),s3306_c_2_at_441([]))
case('tax_case_46.pl',clauses(26),stipulations_skipped([]),dom0([]),reach604([]),s3306_c_2_at_441([]))
case('tax_case_47.pl',clauses(52),stipulations_skipped([]),dom0([]),reach604([]),s3306_c_2_at_441([]))
case('tax_case_48.pl',clauses(39),stipulations_skipped([]),dom0([]),reach604([]),s3306_c_2_at_441([]))
case('tax_case_49.pl',clauses(8),stipulations_skipped([]),dom0([]),reach604([]),s3306_c_2_at_441([]))
case('tax_case_5.pl',clauses(24),stipulations_skipped([]),dom0([]),reach604([]),s3306_c_2_at_441([]))
case('tax_case_50.pl',clauses(13),stipulations_skipped([]),dom0([]),reach604([]),s3306_c_2_at_441([]))
case('tax_case_51.pl',clauses(41),stipulations_skipped([]),dom0([]),reach604([]),s3306_c_2_at_441([]))
case('tax_case_52.pl',clauses(34),stipulations_skipped([]),dom0([]),reach604([]),s3306_c_2_at_441([]))
case('tax_case_53.pl',clauses(17),stipulations_skipped([]),dom0([]),reach604([]),s3306_c_2_at_441([]))
case('tax_case_54.pl',clauses(31),stipulations_skipped([]),dom0([]),reach604([]),s3306_c_2_at_441([]))
case('tax_case_55.pl',clauses(31),stipulations_skipped([]),dom0([]),reach604([]),s3306_c_2_at_441([]))
case('tax_case_56.pl',clauses(17),stipulations_skipped([]),dom0([]),reach604([]),s3306_c_2_at_441([]))
case('tax_case_57.pl',clauses(17),stipulations_skipped([]),dom0([]),reach604([]),s3306_c_2_at_441([]))
case('tax_case_58.pl',clauses(30),stipulations_skipped([]),dom0([]),reach604([]),s3306_c_2_at_441([]))
case('tax_case_59.pl',clauses(51),stipulations_skipped([]),dom0([]),reach604([]),s3306_c_2_at_441([]))
case('tax_case_6.pl',clauses(39),stipulations_skipped([]),dom0([]),reach604([]),s3306_c_2_at_441([]))
case('tax_case_60.pl',clauses(34),stipulations_skipped([]),dom0([]),reach604([]),s3306_c_2_at_441([]))
case('tax_case_61.pl',clauses(16),stipulations_skipped([]),dom0([]),reach604([]),s3306_c_2_at_441([]))
case('tax_case_62.pl',clauses(16),stipulations_skipped([]),dom0([]),reach604([]),s3306_c_2_at_441([]))
case('tax_case_63.pl',clauses(25),stipulations_skipped([]),dom0([]),reach604([]),s3306_c_2_at_441([]))
case('tax_case_64.pl',clauses(19),stipulations_skipped([]),dom0([]),reach604([]),s3306_c_2_at_441([]))
case('tax_case_65.pl',clauses(21),stipulations_skipped([]),dom0([]),reach604([]),s3306_c_2_at_441([]))
case('tax_case_66.pl',clauses(30),stipulations_skipped([]),dom0([]),reach604([]),s3306_c_2_at_441([]))
case('tax_case_67.pl',clauses(16),stipulations_skipped([]),dom0([]),reach604([]),s3306_c_2_at_441([]))
case('tax_case_68.pl',clauses(28),stipulations_skipped([]),dom0([]),reach604([]),s3306_c_2_at_441([]))
case('tax_case_69.pl',clauses(9),stipulations_skipped([]),dom0([]),reach604([]),s3306_c_2_at_441([]))
case('tax_case_7.pl',clauses(29),stipulations_skipped([]),dom0([]),reach604([]),s3306_c_2_at_441([]))
case('tax_case_70.pl',clauses(27),stipulations_skipped([]),dom0([]),reach604([]),s3306_c_2_at_441([]))
case('tax_case_71.pl',clauses(17),stipulations_skipped([]),dom0([]),reach604([]),s3306_c_2_at_441([]))
case('tax_case_72.pl',clauses(21),stipulations_skipped([]),dom0([]),reach604([]),s3306_c_2_at_441([]))
case('tax_case_73.pl',clauses(42),stipulations_skipped([]),dom0([]),reach604([]),s3306_c_2_at_441([]))
case('tax_case_74.pl',clauses(25),stipulations_skipped([]),dom0([]),reach604([]),s3306_c_2_at_441([]))
case('tax_case_75.pl',clauses(36),stipulations_skipped([]),dom0([]),reach604([]),s3306_c_2_at_441([]))
case('tax_case_76.pl',clauses(24),stipulations_skipped([]),dom0([]),reach604([]),s3306_c_2_at_441([]))
case('tax_case_77.pl',clauses(25),stipulations_skipped([]),dom0([]),reach604([]),s3306_c_2_at_441([]))
case('tax_case_78.pl',clauses(33),stipulations_skipped([]),dom0([]),reach604([]),s3306_c_2_at_441([]))
case('tax_case_79.pl',clauses(17),stipulations_skipped([]),dom0([]),reach604([]),s3306_c_2_at_441([]))
case('tax_case_8.pl',clauses(31),stipulations_skipped([]),dom0([]),reach604([]),s3306_c_2_at_441([]))
case('tax_case_80.pl',clauses(22),stipulations_skipped([]),dom0([]),reach604([]),s3306_c_2_at_441([]))
case('tax_case_81.pl',clauses(20),stipulations_skipped([]),dom0([]),reach604([]),s3306_c_2_at_441([]))
case('tax_case_82.pl',clauses(22),stipulations_skipped([]),dom0([]),reach604([]),s3306_c_2_at_441([]))
case('tax_case_83.pl',clauses(18),stipulations_skipped([]),dom0([]),reach604([]),s3306_c_2_at_441([]))
case('tax_case_84.pl',clauses(30),stipulations_skipped([]),dom0([]),reach604([]),s3306_c_2_at_441([]))
case('tax_case_85.pl',clauses(30),stipulations_skipped([]),dom0([]),reach604([]),s3306_c_2_at_441([]))
case('tax_case_86.pl',clauses(15),stipulations_skipped([]),dom0([]),reach604([]),s3306_c_2_at_441([]))
case('tax_case_87.pl',clauses(29),stipulations_skipped([]),dom0([]),reach604([]),s3306_c_2_at_441([]))
case('tax_case_88.pl',clauses(31),stipulations_skipped([]),dom0([]),reach604([]),s3306_c_2_at_441([]))
case('tax_case_89.pl',clauses(23),stipulations_skipped([]),dom0([]),reach604([]),s3306_c_2_at_441([]))
case('tax_case_9.pl',clauses(47),stipulations_skipped([]),dom0([]),reach604([]),s3306_c_2_at_441([]))
case('tax_case_90.pl',clauses(30),stipulations_skipped([]),dom0([]),reach604([]),s3306_c_2_at_441([]))
case('tax_case_91.pl',clauses(27),stipulations_skipped([]),dom0([]),reach604([]),s3306_c_2_at_441([]))
case('tax_case_92.pl',clauses(36),stipulations_skipped([]),dom0([]),reach604([]),s3306_c_2_at_441([]))
case('tax_case_93.pl',clauses(8),stipulations_skipped([]),dom0([]),reach604([]),s3306_c_2_at_441([]))
case('tax_case_94.pl',clauses(40),stipulations_skipped([]),dom0([]),reach604([]),s3306_c_2_at_441([]))
case('tax_case_95.pl',clauses(32),stipulations_skipped([]),dom0([]),reach604([]),s3306_c_2_at_441([]))
case('tax_case_96.pl',clauses(13),stipulations_skipped([]),dom0([]),reach604([]),s3306_c_2_at_441([]))
case('tax_case_97.pl',clauses(23),stipulations_skipped([]),dom0([]),reach604([]),s3306_c_2_at_441([]))
case('tax_case_98.pl',clauses(32),stipulations_skipped([]),dom0([]),reach604([]),s3306_c_2_at_441([]))
case('tax_case_99.pl',clauses(42),stipulations_skipped([]),dom0([]),reach604([]),s3306_c_2_at_441([]))
done(376)
