{
  "household": {
    "facts": [
      {"ctor":"residence_", "args": [ {"a":"alice_and_bob"} ]},
      {
	"ctor":"agent_",
	"args": [ {"a":"alice_and_bob"},  {"a":"alice"} ]
      },
      {"ctor":"agent_", "args": [ {"a":"alice_and_bob"},  {"a":"bob"} ]},
      {"ctor":"start_", "args": [ {"a":"alice_and_bob"}, "2014-04-15" ]},
      {
	"ctor":"patient_",
	"args": [ {"a":"alice_and_bob"},  {"a":"home"} ]
      }
    ],
    "stipulations": []
  },
  "unary": [
    {
      "source_clause":1,
      "predicate":"residence_",
      "event": {"a":"alice_and_bob"}
    }
  ],
  "fact_source_clauses": [1, 2, 3, 4, 5 ],
  "stats": {
    "unary_proofs":1,
    "service_proofs":0,
    "distinct_service_domain":0,
    "fact_count":5,
    "stipulation_count":0,
    "wildcard_count":0,
    "grounding_cpu_seconds":0.0002172920000000078,
    "grounding_wall_seconds":0.0002167224884033203,
    "candidate": {"scope":"not_applicable"}
  },
  "tax": {"status":"not_requested"}
}
