{
  "household": {
    "facts": [],
    "stipulations": [
      {
	"pred":"s2_b_3",
	"args": [ {"val": {"a":"alice"}},  {"wild":0},  {"val":2017} ]
      },
      {
	"pred":"s63_3",
	"args": [ {"val": {"a":"alice"}},  {"val":2017},  {"val":54775} ]
      }
    ]
  },
  "unary": [],
  "fact_source_clauses": [],
  "stats": {
    "unary_proofs":0,
    "service_proofs":0,
    "distinct_service_domain":0,
    "fact_count":0,
    "stipulation_count":2,
    "wildcard_count":1,
    "grounding_cpu_seconds":0.00013837499999999614,
    "grounding_wall_seconds":0.00013756752014160156,
    "candidate": {"scope":"not_applicable"}
  },
  "tax": {"status":"not_requested"}
}
