{
  "household": {
    "facts": [],
    "stipulations": [
      {
	"pred":"s63_3",
	"args": [ {"val": {"a":"alice"}},  {"val":2017},  {"val":22895} ]
      }
    ]
  },
  "unary": [],
  "fact_source_clauses": [],
  "stats": {
    "unary_proofs":0,
    "service_proofs":0,
    "distinct_service_domain":0,
    "fact_count":0,
    "stipulation_count":1,
    "wildcard_count":0,
    "grounding_cpu_seconds":0.00024370800000000914,
    "grounding_wall_seconds":0.00024437904357910156,
    "candidate": {"scope":"not_applicable"}
  },
  "tax": {"status":"not_requested"}
}
