{
  "household": {
    "facts": [],
    "stipulations": [
      {
	"pred":"s63_3",
	"args": [ {"val": {"a":"alice"}},  {"val":2017},  {"val":2102047} ]
      }
    ]
  },
  "unary": [],
  "event_domain": [],
  "fact_source_clauses": [],
  "stats": {
    "unary_proofs":0,
    "distinct_event_domain":0,
    "service_proofs":0,
    "distinct_service_domain":0,
    "fact_count":0,
    "stipulation_count":1,
    "wildcard_count":0,
    "grounding_cpu_seconds":7.012499999999033e-5,
    "grounding_wall_seconds":6.961822509765625e-5,
    "candidate": {"scope":"not_applicable"}
  },
  "tax": {"status":"not_requested"}
}
