{
  "household": {
    "facts": [
      {"ctor":"marriage_", "args": [ {"a":"alice_and_bob"} ]},
      {
	"ctor":"agent_",
	"args": [ {"a":"alice_and_bob"},  {"a":"alice"} ]
      },
      {"ctor":"agent_", "args": [ {"a":"alice_and_bob"},  {"a":"bob"} ]},
      {"ctor":"start_", "args": [ {"a":"alice_and_bob"}, "1992-02-03" ]},
      {"ctor":"death_", "args": [ {"a":"alice_dies"} ]},
      {"ctor":"agent_", "args": [ {"a":"alice_dies"},  {"a":"alice"} ]},
      {"ctor":"start_", "args": [ {"a":"alice_dies"}, "2014-07-09" ]},
      {"ctor":"end_", "args": [ {"a":"alice_dies"}, "2014-07-09" ]},
      {"ctor":"son_", "args": [ {"a":"charlie_is_son"} ]},
      {
	"ctor":"agent_",
	"args": [ {"a":"charlie_is_son"},  {"a":"charlie"} ]
      },
      {
	"ctor":"patient_",
	"args": [ {"a":"charlie_is_son"},  {"a":"alice"} ]
      },
      {
	"ctor":"patient_",
	"args": [ {"a":"charlie_is_son"},  {"a":"bob"} ]
      },
      {
	"ctor":"start_",
	"args": [ {"a":"charlie_is_son"}, "2000-10-09" ]
      },
      {
	"ctor":"residence_",
	"args": [ {"a":"charlie_and_bob_residence"} ]
      },
      {
	"ctor":"agent_",
	"args": [ {"a":"charlie_and_bob_residence"},  {"a":"charlie"} ]
      },
      {
	"ctor":"agent_",
	"args": [ {"a":"charlie_and_bob_residence"},  {"a":"bob"} ]
      },
      {
	"ctor":"patient_",
	"args": [ {"a":"charlie_and_bob_residence"},  {"a":"bob_s_house"} ]
      },
      {
	"ctor":"start_",
	"args": [ {"a":"charlie_and_bob_residence"}, "2004-01-01" ]
      },
      {
	"ctor":"end_",
	"args": [ {"a":"charlie_and_bob_residence"}, "2019-12-31" ]
      },
      {
	"ctor":"payment_",
	"args": [ {"a":"bob_maintains_household_2004"} ]
      },
      {
	"ctor":"payment_",
	"args": [ {"a":"bob_maintains_household_2005"} ]
      },
      {
	"ctor":"payment_",
	"args": [ {"a":"bob_maintains_household_2006"} ]
      },
      {
	"ctor":"payment_",
	"args": [ {"a":"bob_maintains_household_2007"} ]
      },
      {
	"ctor":"payment_",
	"args": [ {"a":"bob_maintains_household_2008"} ]
      },
      {
	"ctor":"payment_",
	"args": [ {"a":"bob_maintains_household_2009"} ]
      },
      {
	"ctor":"payment_",
	"args": [ {"a":"bob_maintains_household_2010"} ]
      },
      {
	"ctor":"payment_",
	"args": [ {"a":"bob_maintains_household_2011"} ]
      },
      {
	"ctor":"payment_",
	"args": [ {"a":"bob_maintains_household_2012"} ]
      },
      {
	"ctor":"payment_",
	"args": [ {"a":"bob_maintains_household_2013"} ]
      },
      {
	"ctor":"payment_",
	"args": [ {"a":"bob_maintains_household_2014"} ]
      },
      {
	"ctor":"payment_",
	"args": [ {"a":"bob_maintains_household_2015"} ]
      },
      {
	"ctor":"payment_",
	"args": [ {"a":"bob_maintains_household_2016"} ]
      },
      {
	"ctor":"payment_",
	"args": [ {"a":"bob_maintains_household_2017"} ]
      },
      {
	"ctor":"payment_",
	"args": [ {"a":"bob_maintains_household_2018"} ]
      },
      {
	"ctor":"payment_",
	"args": [ {"a":"bob_maintains_household_2019"} ]
      },
      {
	"ctor":"agent_",
	"args": [ {"a":"bob_maintains_household_2004"},  {"a":"bob"} ]
      },
      {
	"ctor":"agent_",
	"args": [ {"a":"bob_maintains_household_2005"},  {"a":"bob"} ]
      },
      {
	"ctor":"agent_",
	"args": [ {"a":"bob_maintains_household_2006"},  {"a":"bob"} ]
      },
      {
	"ctor":"agent_",
	"args": [ {"a":"bob_maintains_household_2007"},  {"a":"bob"} ]
      },
      {
	"ctor":"agent_",
	"args": [ {"a":"bob_maintains_household_2008"},  {"a":"bob"} ]
      },
      {
	"ctor":"agent_",
	"args": [ {"a":"bob_maintains_household_2009"},  {"a":"bob"} ]
      },
      {
	"ctor":"agent_",
	"args": [ {"a":"bob_maintains_household_2010"},  {"a":"bob"} ]
      },
      {
	"ctor":"agent_",
	"args": [ {"a":"bob_maintains_household_2011"},  {"a":"bob"} ]
      },
      {
	"ctor":"agent_",
	"args": [ {"a":"bob_maintains_household_2012"},  {"a":"bob"} ]
      },
      {
	"ctor":"agent_",
	"args": [ {"a":"bob_maintains_household_2013"},  {"a":"bob"} ]
      },
      {
	"ctor":"agent_",
	"args": [ {"a":"bob_maintains_household_2014"},  {"a":"bob"} ]
      },
      {
	"ctor":"agent_",
	"args": [ {"a":"bob_maintains_household_2015"},  {"a":"bob"} ]
      },
      {
	"ctor":"agent_",
	"args": [ {"a":"bob_maintains_household_2016"},  {"a":"bob"} ]
      },
      {
	"ctor":"agent_",
	"args": [ {"a":"bob_maintains_household_2017"},  {"a":"bob"} ]
      },
      {
	"ctor":"agent_",
	"args": [ {"a":"bob_maintains_household_2018"},  {"a":"bob"} ]
      },
      {
	"ctor":"agent_",
	"args": [ {"a":"bob_maintains_household_2019"},  {"a":"bob"} ]
      },
      {
	"ctor":"amount_",
	"args": [ {"a":"bob_maintains_household_2004"}, 40 ]
      },
      {
	"ctor":"amount_",
	"args": [ {"a":"bob_maintains_household_2005"}, 40 ]
      },
      {
	"ctor":"amount_",
	"args": [ {"a":"bob_maintains_household_2006"}, 40 ]
      },
      {
	"ctor":"amount_",
	"args": [ {"a":"bob_maintains_household_2007"}, 40 ]
      },
      {
	"ctor":"amount_",
	"args": [ {"a":"bob_maintains_household_2008"}, 40 ]
      },
      {
	"ctor":"amount_",
	"args": [ {"a":"bob_maintains_household_2009"}, 40 ]
      },
      {
	"ctor":"amount_",
	"args": [ {"a":"bob_maintains_household_2010"}, 40 ]
      },
      {
	"ctor":"amount_",
	"args": [ {"a":"bob_maintains_household_2011"}, 40 ]
      },
      {
	"ctor":"amount_",
	"args": [ {"a":"bob_maintains_household_2012"}, 40 ]
      },
      {
	"ctor":"amount_",
	"args": [ {"a":"bob_maintains_household_2013"}, 40 ]
      },
      {
	"ctor":"amount_",
	"args": [ {"a":"bob_maintains_household_2014"}, 40 ]
      },
      {
	"ctor":"amount_",
	"args": [ {"a":"bob_maintains_household_2015"}, 40 ]
      },
      {
	"ctor":"amount_",
	"args": [ {"a":"bob_maintains_household_2016"}, 40 ]
      },
      {
	"ctor":"amount_",
	"args": [ {"a":"bob_maintains_household_2017"}, 40 ]
      },
      {
	"ctor":"amount_",
	"args": [ {"a":"bob_maintains_household_2018"}, 40 ]
      },
      {
	"ctor":"amount_",
	"args": [ {"a":"bob_maintains_household_2019"}, 40 ]
      },
      {
	"ctor":"purpose_",
	"args": [
	  {"val": {"a":"bob_maintains_household_2004"}},
	  {"a":"bob_s_house"}
	]
      },
      {
	"ctor":"purpose_",
	"args": [
	  {"val": {"a":"bob_maintains_household_2005"}},
	  {"a":"bob_s_house"}
	]
      },
      {
	"ctor":"purpose_",
	"args": [
	  {"val": {"a":"bob_maintains_household_2006"}},
	  {"a":"bob_s_house"}
	]
      },
      {
	"ctor":"purpose_",
	"args": [
	  {"val": {"a":"bob_maintains_household_2007"}},
	  {"a":"bob_s_house"}
	]
      },
      {
	"ctor":"purpose_",
	"args": [
	  {"val": {"a":"bob_maintains_household_2008"}},
	  {"a":"bob_s_house"}
	]
      },
      {
	"ctor":"purpose_",
	"args": [
	  {"val": {"a":"bob_maintains_household_2009"}},
	  {"a":"bob_s_house"}
	]
      },
      {
	"ctor":"purpose_",
	"args": [
	  {"val": {"a":"bob_maintains_household_2010"}},
	  {"a":"bob_s_house"}
	]
      },
      {
	"ctor":"purpose_",
	"args": [
	  {"val": {"a":"bob_maintains_household_2011"}},
	  {"a":"bob_s_house"}
	]
      },
      {
	"ctor":"purpose_",
	"args": [
	  {"val": {"a":"bob_maintains_household_2012"}},
	  {"a":"bob_s_house"}
	]
      },
      {
	"ctor":"purpose_",
	"args": [
	  {"val": {"a":"bob_maintains_household_2013"}},
	  {"a":"bob_s_house"}
	]
      },
      {
	"ctor":"purpose_",
	"args": [
	  {"val": {"a":"bob_maintains_household_2014"}},
	  {"a":"bob_s_house"}
	]
      },
      {
	"ctor":"purpose_",
	"args": [
	  {"val": {"a":"bob_maintains_household_2015"}},
	  {"a":"bob_s_house"}
	]
      },
      {
	"ctor":"purpose_",
	"args": [
	  {"val": {"a":"bob_maintains_household_2016"}},
	  {"a":"bob_s_house"}
	]
      },
      {
	"ctor":"purpose_",
	"args": [
	  {"val": {"a":"bob_maintains_household_2017"}},
	  {"a":"bob_s_house"}
	]
      },
      {
	"ctor":"purpose_",
	"args": [
	  {"val": {"a":"bob_maintains_household_2018"}},
	  {"a":"bob_s_house"}
	]
      },
      {
	"ctor":"purpose_",
	"args": [
	  {"val": {"a":"bob_maintains_household_2019"}},
	  {"a":"bob_s_house"}
	]
      },
      {
	"ctor":"start_",
	"args": [ {"a":"bob_maintains_household_2004"}, "2004-01-01" ]
      },
      {
	"ctor":"start_",
	"args": [ {"a":"bob_maintains_household_2005"}, "2005-01-01" ]
      },
      {
	"ctor":"start_",
	"args": [ {"a":"bob_maintains_household_2006"}, "2006-01-01" ]
      },
      {
	"ctor":"start_",
	"args": [ {"a":"bob_maintains_household_2007"}, "2007-01-01" ]
      },
      {
	"ctor":"start_",
	"args": [ {"a":"bob_maintains_household_2008"}, "2008-01-01" ]
      },
      {
	"ctor":"start_",
	"args": [ {"a":"bob_maintains_household_2009"}, "2009-01-01" ]
      },
      {
	"ctor":"start_",
	"args": [ {"a":"bob_maintains_household_2010"}, "2010-01-01" ]
      },
      {
	"ctor":"start_",
	"args": [ {"a":"bob_maintains_household_2011"}, "2011-01-01" ]
      },
      {
	"ctor":"start_",
	"args": [ {"a":"bob_maintains_household_2012"}, "2012-01-01" ]
      },
      {
	"ctor":"start_",
	"args": [ {"a":"bob_maintains_household_2013"}, "2013-01-01" ]
      },
      {
	"ctor":"start_",
	"args": [ {"a":"bob_maintains_household_2014"}, "2014-01-01" ]
      },
      {
	"ctor":"start_",
	"args": [ {"a":"bob_maintains_household_2015"}, "2015-01-01" ]
      },
      {
	"ctor":"start_",
	"args": [ {"a":"bob_maintains_household_2016"}, "2016-01-01" ]
      },
      {
	"ctor":"start_",
	"args": [ {"a":"bob_maintains_household_2017"}, "2017-01-01" ]
      },
      {
	"ctor":"start_",
	"args": [ {"a":"bob_maintains_household_2018"}, "2018-01-01" ]
      },
      {
	"ctor":"start_",
	"args": [ {"a":"bob_maintains_household_2019"}, "2019-01-01" ]
      },
      {
	"ctor":"end_",
	"args": [ {"a":"bob_maintains_household_2004"}, "2004-12-31" ]
      },
      {
	"ctor":"end_",
	"args": [ {"a":"bob_maintains_household_2005"}, "2005-12-31" ]
      },
      {
	"ctor":"end_",
	"args": [ {"a":"bob_maintains_household_2006"}, "2006-12-31" ]
      },
      {
	"ctor":"end_",
	"args": [ {"a":"bob_maintains_household_2007"}, "2007-12-31" ]
      },
      {
	"ctor":"end_",
	"args": [ {"a":"bob_maintains_household_2008"}, "2008-12-31" ]
      },
      {
	"ctor":"end_",
	"args": [ {"a":"bob_maintains_household_2009"}, "2009-12-31" ]
      },
      {
	"ctor":"end_",
	"args": [ {"a":"bob_maintains_household_2010"}, "2010-12-31" ]
      },
      {
	"ctor":"end_",
	"args": [ {"a":"bob_maintains_household_2011"}, "2011-12-31" ]
      },
      {
	"ctor":"end_",
	"args": [ {"a":"bob_maintains_household_2012"}, "2012-12-31" ]
      },
      {
	"ctor":"end_",
	"args": [ {"a":"bob_maintains_household_2013"}, "2013-12-31" ]
      },
      {
	"ctor":"end_",
	"args": [ {"a":"bob_maintains_household_2014"}, "2014-12-31" ]
      },
      {
	"ctor":"end_",
	"args": [ {"a":"bob_maintains_household_2015"}, "2015-12-31" ]
      },
      {
	"ctor":"end_",
	"args": [ {"a":"bob_maintains_household_2016"}, "2016-12-31" ]
      },
      {
	"ctor":"end_",
	"args": [ {"a":"bob_maintains_household_2017"}, "2017-12-31" ]
      },
      {
	"ctor":"end_",
	"args": [ {"a":"bob_maintains_household_2018"}, "2018-12-31" ]
      },
      {
	"ctor":"end_",
	"args": [ {"a":"bob_maintains_household_2019"}, "2019-12-31" ]
      },
      {
	"ctor":"payment_",
	"args": [ {"a":"someone_maintains_household_2004"} ]
      },
      {
	"ctor":"payment_",
	"args": [ {"a":"someone_maintains_household_2005"} ]
      },
      {
	"ctor":"payment_",
	"args": [ {"a":"someone_maintains_household_2006"} ]
      },
      {
	"ctor":"payment_",
	"args": [ {"a":"someone_maintains_household_2007"} ]
      },
      {
	"ctor":"payment_",
	"args": [ {"a":"someone_maintains_household_2008"} ]
      },
      {
	"ctor":"payment_",
	"args": [ {"a":"someone_maintains_household_2009"} ]
      },
      {
	"ctor":"payment_",
	"args": [ {"a":"someone_maintains_household_2010"} ]
      },
      {
	"ctor":"payment_",
	"args": [ {"a":"someone_maintains_household_2011"} ]
      },
      {
	"ctor":"payment_",
	"args": [ {"a":"someone_maintains_household_2012"} ]
      },
      {
	"ctor":"payment_",
	"args": [ {"a":"someone_maintains_household_2013"} ]
      },
      {
	"ctor":"payment_",
	"args": [ {"a":"someone_maintains_household_2014"} ]
      },
      {
	"ctor":"payment_",
	"args": [ {"a":"someone_maintains_household_2015"} ]
      },
      {
	"ctor":"payment_",
	"args": [ {"a":"someone_maintains_household_2016"} ]
      },
      {
	"ctor":"payment_",
	"args": [ {"a":"someone_maintains_household_2017"} ]
      },
      {
	"ctor":"payment_",
	"args": [ {"a":"someone_maintains_household_2018"} ]
      },
      {
	"ctor":"payment_",
	"args": [ {"a":"someone_maintains_household_2019"} ]
      },
      {
	"ctor":"agent_",
	"args": [ {"a":"someone_maintains_household_2004"},  {"a":"someone"} ]
      },
      {
	"ctor":"agent_",
	"args": [ {"a":"someone_maintains_household_2005"},  {"a":"someone"} ]
      },
      {
	"ctor":"agent_",
	"args": [ {"a":"someone_maintains_household_2006"},  {"a":"someone"} ]
      },
      {
	"ctor":"agent_",
	"args": [ {"a":"someone_maintains_household_2007"},  {"a":"someone"} ]
      },
      {
	"ctor":"agent_",
	"args": [ {"a":"someone_maintains_household_2008"},  {"a":"someone"} ]
      },
      {
	"ctor":"agent_",
	"args": [ {"a":"someone_maintains_household_2009"},  {"a":"someone"} ]
      },
      {
	"ctor":"agent_",
	"args": [ {"a":"someone_maintains_household_2010"},  {"a":"someone"} ]
      },
      {
	"ctor":"agent_",
	"args": [ {"a":"someone_maintains_household_2011"},  {"a":"someone"} ]
      },
      {
	"ctor":"agent_",
	"args": [ {"a":"someone_maintains_household_2012"},  {"a":"someone"} ]
      },
      {
	"ctor":"agent_",
	"args": [ {"a":"someone_maintains_household_2013"},  {"a":"someone"} ]
      },
      {
	"ctor":"agent_",
	"args": [ {"a":"someone_maintains_household_2014"},  {"a":"someone"} ]
      },
      {
	"ctor":"agent_",
	"args": [ {"a":"someone_maintains_household_2015"},  {"a":"someone"} ]
      },
      {
	"ctor":"agent_",
	"args": [ {"a":"someone_maintains_household_2016"},  {"a":"someone"} ]
      },
      {
	"ctor":"agent_",
	"args": [ {"a":"someone_maintains_household_2017"},  {"a":"someone"} ]
      },
      {
	"ctor":"agent_",
	"args": [ {"a":"someone_maintains_household_2018"},  {"a":"someone"} ]
      },
      {
	"ctor":"agent_",
	"args": [ {"a":"someone_maintains_household_2019"},  {"a":"someone"} ]
      },
      {
	"ctor":"amount_",
	"args": [ {"a":"someone_maintains_household_2004"}, 60 ]
      },
      {
	"ctor":"amount_",
	"args": [ {"a":"someone_maintains_household_2005"}, 60 ]
      },
      {
	"ctor":"amount_",
	"args": [ {"a":"someone_maintains_household_2006"}, 60 ]
      },
      {
	"ctor":"amount_",
	"args": [ {"a":"someone_maintains_household_2007"}, 60 ]
      },
      {
	"ctor":"amount_",
	"args": [ {"a":"someone_maintains_household_2008"}, 60 ]
      },
      {
	"ctor":"amount_",
	"args": [ {"a":"someone_maintains_household_2009"}, 60 ]
      },
      {
	"ctor":"amount_",
	"args": [ {"a":"someone_maintains_household_2010"}, 60 ]
      },
      {
	"ctor":"amount_",
	"args": [ {"a":"someone_maintains_household_2011"}, 60 ]
      },
      {
	"ctor":"amount_",
	"args": [ {"a":"someone_maintains_household_2012"}, 60 ]
      },
      {
	"ctor":"amount_",
	"args": [ {"a":"someone_maintains_household_2013"}, 60 ]
      },
      {
	"ctor":"amount_",
	"args": [ {"a":"someone_maintains_household_2014"}, 60 ]
      },
      {
	"ctor":"amount_",
	"args": [ {"a":"someone_maintains_household_2015"}, 60 ]
      },
      {
	"ctor":"amount_",
	"args": [ {"a":"someone_maintains_household_2016"}, 60 ]
      },
      {
	"ctor":"amount_",
	"args": [ {"a":"someone_maintains_household_2017"}, 60 ]
      },
      {
	"ctor":"amount_",
	"args": [ {"a":"someone_maintains_household_2018"}, 60 ]
      },
      {
	"ctor":"amount_",
	"args": [ {"a":"someone_maintains_household_2019"}, 60 ]
      },
      {
	"ctor":"purpose_",
	"args": [
	  {"val": {"a":"someone_maintains_household_2004"}},
	  {"a":"bob_s_house"}
	]
      },
      {
	"ctor":"purpose_",
	"args": [
	  {"val": {"a":"someone_maintains_household_2005"}},
	  {"a":"bob_s_house"}
	]
      },
      {
	"ctor":"purpose_",
	"args": [
	  {"val": {"a":"someone_maintains_household_2006"}},
	  {"a":"bob_s_house"}
	]
      },
      {
	"ctor":"purpose_",
	"args": [
	  {"val": {"a":"someone_maintains_household_2007"}},
	  {"a":"bob_s_house"}
	]
      },
      {
	"ctor":"purpose_",
	"args": [
	  {"val": {"a":"someone_maintains_household_2008"}},
	  {"a":"bob_s_house"}
	]
      },
      {
	"ctor":"purpose_",
	"args": [
	  {"val": {"a":"someone_maintains_household_2009"}},
	  {"a":"bob_s_house"}
	]
      },
      {
	"ctor":"purpose_",
	"args": [
	  {"val": {"a":"someone_maintains_household_2010"}},
	  {"a":"bob_s_house"}
	]
      },
      {
	"ctor":"purpose_",
	"args": [
	  {"val": {"a":"someone_maintains_household_2011"}},
	  {"a":"bob_s_house"}
	]
      },
      {
	"ctor":"purpose_",
	"args": [
	  {"val": {"a":"someone_maintains_household_2012"}},
	  {"a":"bob_s_house"}
	]
      },
      {
	"ctor":"purpose_",
	"args": [
	  {"val": {"a":"someone_maintains_household_2013"}},
	  {"a":"bob_s_house"}
	]
      },
      {
	"ctor":"purpose_",
	"args": [
	  {"val": {"a":"someone_maintains_household_2014"}},
	  {"a":"bob_s_house"}
	]
      },
      {
	"ctor":"purpose_",
	"args": [
	  {"val": {"a":"someone_maintains_household_2015"}},
	  {"a":"bob_s_house"}
	]
      },
      {
	"ctor":"purpose_",
	"args": [
	  {"val": {"a":"someone_maintains_household_2016"}},
	  {"a":"bob_s_house"}
	]
      },
      {
	"ctor":"purpose_",
	"args": [
	  {"val": {"a":"someone_maintains_household_2017"}},
	  {"a":"bob_s_house"}
	]
      },
      {
	"ctor":"purpose_",
	"args": [
	  {"val": {"a":"someone_maintains_household_2018"}},
	  {"a":"bob_s_house"}
	]
      },
      {
	"ctor":"purpose_",
	"args": [
	  {"val": {"a":"someone_maintains_household_2019"}},
	  {"a":"bob_s_house"}
	]
      },
      {
	"ctor":"start_",
	"args": [ {"a":"someone_maintains_household_2004"}, "2004-01-01" ]
      },
      {
	"ctor":"start_",
	"args": [ {"a":"someone_maintains_household_2005"}, "2005-01-01" ]
      },
      {
	"ctor":"start_",
	"args": [ {"a":"someone_maintains_household_2006"}, "2006-01-01" ]
      },
      {
	"ctor":"start_",
	"args": [ {"a":"someone_maintains_household_2007"}, "2007-01-01" ]
      },
      {
	"ctor":"start_",
	"args": [ {"a":"someone_maintains_household_2008"}, "2008-01-01" ]
      },
      {
	"ctor":"start_",
	"args": [ {"a":"someone_maintains_household_2009"}, "2009-01-01" ]
      },
      {
	"ctor":"start_",
	"args": [ {"a":"someone_maintains_household_2010"}, "2010-01-01" ]
      },
      {
	"ctor":"start_",
	"args": [ {"a":"someone_maintains_household_2011"}, "2011-01-01" ]
      },
      {
	"ctor":"start_",
	"args": [ {"a":"someone_maintains_household_2012"}, "2012-01-01" ]
      },
      {
	"ctor":"start_",
	"args": [ {"a":"someone_maintains_household_2013"}, "2013-01-01" ]
      },
      {
	"ctor":"start_",
	"args": [ {"a":"someone_maintains_household_2014"}, "2014-01-01" ]
      },
      {
	"ctor":"start_",
	"args": [ {"a":"someone_maintains_household_2015"}, "2015-01-01" ]
      },
      {
	"ctor":"start_",
	"args": [ {"a":"someone_maintains_household_2016"}, "2016-01-01" ]
      },
      {
	"ctor":"start_",
	"args": [ {"a":"someone_maintains_household_2017"}, "2017-01-01" ]
      },
      {
	"ctor":"start_",
	"args": [ {"a":"someone_maintains_household_2018"}, "2018-01-01" ]
      },
      {
	"ctor":"start_",
	"args": [ {"a":"someone_maintains_household_2019"}, "2019-01-01" ]
      },
      {
	"ctor":"end_",
	"args": [ {"a":"someone_maintains_household_2004"}, "2004-12-31" ]
      },
      {
	"ctor":"end_",
	"args": [ {"a":"someone_maintains_household_2005"}, "2005-12-31" ]
      },
      {
	"ctor":"end_",
	"args": [ {"a":"someone_maintains_household_2006"}, "2006-12-31" ]
      },
      {
	"ctor":"end_",
	"args": [ {"a":"someone_maintains_household_2007"}, "2007-12-31" ]
      },
      {
	"ctor":"end_",
	"args": [ {"a":"someone_maintains_household_2008"}, "2008-12-31" ]
      },
      {
	"ctor":"end_",
	"args": [ {"a":"someone_maintains_household_2009"}, "2009-12-31" ]
      },
      {
	"ctor":"end_",
	"args": [ {"a":"someone_maintains_household_2010"}, "2010-12-31" ]
      },
      {
	"ctor":"end_",
	"args": [ {"a":"someone_maintains_household_2011"}, "2011-12-31" ]
      },
      {
	"ctor":"end_",
	"args": [ {"a":"someone_maintains_household_2012"}, "2012-12-31" ]
      },
      {
	"ctor":"end_",
	"args": [ {"a":"someone_maintains_household_2013"}, "2013-12-31" ]
      },
      {
	"ctor":"end_",
	"args": [ {"a":"someone_maintains_household_2014"}, "2014-12-31" ]
      },
      {
	"ctor":"end_",
	"args": [ {"a":"someone_maintains_household_2015"}, "2015-12-31" ]
      },
      {
	"ctor":"end_",
	"args": [ {"a":"someone_maintains_household_2016"}, "2016-12-31" ]
      },
      {
	"ctor":"end_",
	"args": [ {"a":"someone_maintains_household_2017"}, "2017-12-31" ]
      },
      {
	"ctor":"end_",
	"args": [ {"a":"someone_maintains_household_2018"}, "2018-12-31" ]
      },
      {
	"ctor":"end_",
	"args": [ {"a":"someone_maintains_household_2019"}, "2019-12-31" ]
      }
    ],
    "stipulations": []
  },
  "unary": [
    {
      "source_clause":1,
      "predicate":"marriage_",
      "event": {"a":"alice_and_bob"}
    },
    {
      "source_clause":5,
      "predicate":"death_",
      "event": {"a":"alice_dies"}
    },
    {
      "source_clause":9,
      "predicate":"son_",
      "event": {"a":"charlie_is_son"}
    },
    {
      "source_clause":14,
      "predicate":"residence_",
      "event": {"a":"charlie_and_bob_residence"}
    },
    {
      "source_clause":21,
      "predicate":"payment_",
      "event": {"a":"bob_maintains_household_2004"}
    },
    {
      "source_clause":21,
      "predicate":"payment_",
      "event": {"a":"bob_maintains_household_2005"}
    },
    {
      "source_clause":21,
      "predicate":"payment_",
      "event": {"a":"bob_maintains_household_2006"}
    },
    {
      "source_clause":21,
      "predicate":"payment_",
      "event": {"a":"bob_maintains_household_2007"}
    },
    {
      "source_clause":21,
      "predicate":"payment_",
      "event": {"a":"bob_maintains_household_2008"}
    },
    {
      "source_clause":21,
      "predicate":"payment_",
      "event": {"a":"bob_maintains_household_2009"}
    },
    {
      "source_clause":21,
      "predicate":"payment_",
      "event": {"a":"bob_maintains_household_2010"}
    },
    {
      "source_clause":21,
      "predicate":"payment_",
      "event": {"a":"bob_maintains_household_2011"}
    },
    {
      "source_clause":21,
      "predicate":"payment_",
      "event": {"a":"bob_maintains_household_2012"}
    },
    {
      "source_clause":21,
      "predicate":"payment_",
      "event": {"a":"bob_maintains_household_2013"}
    },
    {
      "source_clause":21,
      "predicate":"payment_",
      "event": {"a":"bob_maintains_household_2014"}
    },
    {
      "source_clause":21,
      "predicate":"payment_",
      "event": {"a":"bob_maintains_household_2015"}
    },
    {
      "source_clause":21,
      "predicate":"payment_",
      "event": {"a":"bob_maintains_household_2016"}
    },
    {
      "source_clause":21,
      "predicate":"payment_",
      "event": {"a":"bob_maintains_household_2017"}
    },
    {
      "source_clause":21,
      "predicate":"payment_",
      "event": {"a":"bob_maintains_household_2018"}
    },
    {
      "source_clause":21,
      "predicate":"payment_",
      "event": {"a":"bob_maintains_household_2019"}
    },
    {
      "source_clause":28,
      "predicate":"payment_",
      "event": {"a":"someone_maintains_household_2004"}
    },
    {
      "source_clause":28,
      "predicate":"payment_",
      "event": {"a":"someone_maintains_household_2005"}
    },
    {
      "source_clause":28,
      "predicate":"payment_",
      "event": {"a":"someone_maintains_household_2006"}
    },
    {
      "source_clause":28,
      "predicate":"payment_",
      "event": {"a":"someone_maintains_household_2007"}
    },
    {
      "source_clause":28,
      "predicate":"payment_",
      "event": {"a":"someone_maintains_household_2008"}
    },
    {
      "source_clause":28,
      "predicate":"payment_",
      "event": {"a":"someone_maintains_household_2009"}
    },
    {
      "source_clause":28,
      "predicate":"payment_",
      "event": {"a":"someone_maintains_household_2010"}
    },
    {
      "source_clause":28,
      "predicate":"payment_",
      "event": {"a":"someone_maintains_household_2011"}
    },
    {
      "source_clause":28,
      "predicate":"payment_",
      "event": {"a":"someone_maintains_household_2012"}
    },
    {
      "source_clause":28,
      "predicate":"payment_",
      "event": {"a":"someone_maintains_household_2013"}
    },
    {
      "source_clause":28,
      "predicate":"payment_",
      "event": {"a":"someone_maintains_household_2014"}
    },
    {
      "source_clause":28,
      "predicate":"payment_",
      "event": {"a":"someone_maintains_household_2015"}
    },
    {
      "source_clause":28,
      "predicate":"payment_",
      "event": {"a":"someone_maintains_household_2016"}
    },
    {
      "source_clause":28,
      "predicate":"payment_",
      "event": {"a":"someone_maintains_household_2017"}
    },
    {
      "source_clause":28,
      "predicate":"payment_",
      "event": {"a":"someone_maintains_household_2018"}
    },
    {
      "source_clause":28,
      "predicate":"payment_",
      "event": {"a":"someone_maintains_household_2019"}
    }
  ],
  "event_domain": [
    {"a":"alice_and_bob"},
    {"a":"alice_dies"},
    {"a":"charlie_is_son"},
    {"a":"charlie_and_bob_residence"},
    {"a":"bob_maintains_household_2004"},
    {"a":"bob_maintains_household_2005"},
    {"a":"bob_maintains_household_2006"},
    {"a":"bob_maintains_household_2007"},
    {"a":"bob_maintains_household_2008"},
    {"a":"bob_maintains_household_2009"},
    {"a":"bob_maintains_household_2010"},
    {"a":"bob_maintains_household_2011"},
    {"a":"bob_maintains_household_2012"},
    {"a":"bob_maintains_household_2013"},
    {"a":"bob_maintains_household_2014"},
    {"a":"bob_maintains_household_2015"},
    {"a":"bob_maintains_household_2016"},
    {"a":"bob_maintains_household_2017"},
    {"a":"bob_maintains_household_2018"},
    {"a":"bob_maintains_household_2019"},
    {"a":"someone_maintains_household_2004"},
    {"a":"someone_maintains_household_2005"},
    {"a":"someone_maintains_household_2006"},
    {"a":"someone_maintains_household_2007"},
    {"a":"someone_maintains_household_2008"},
    {"a":"someone_maintains_household_2009"},
    {"a":"someone_maintains_household_2010"},
    {"a":"someone_maintains_household_2011"},
    {"a":"someone_maintains_household_2012"},
    {"a":"someone_maintains_household_2013"},
    {"a":"someone_maintains_household_2014"},
    {"a":"someone_maintains_household_2015"},
    {"a":"someone_maintains_household_2016"},
    {"a":"someone_maintains_household_2017"},
    {"a":"someone_maintains_household_2018"},
    {"a":"someone_maintains_household_2019"}
  ],
  "fact_source_clauses": [
    1,
    2,
    3,
    4,
    5,
    6,
    7,
    8,
    9,
    10,
    11,
    12,
    13,
    14,
    15,
    16,
    17,
    18,
    19,
    21,
    21,
    21,
    21,
    21,
    21,
    21,
    21,
    21,
    21,
    21,
    21,
    21,
    21,
    21,
    21,
    22,
    22,
    22,
    22,
    22,
    22,
    22,
    22,
    22,
    22,
    22,
    22,
    22,
    22,
    22,
    22,
    23,
    23,
    23,
    23,
    23,
    23,
    23,
    23,
    23,
    23,
    23,
    23,
    23,
    23,
    23,
    23,
    24,
    24,
    24,
    24,
    24,
    24,
    24,
    24,
    24,
    24,
    24,
    24,
    24,
    24,
    24,
    24,
    25,
    25,
    25,
    25,
    25,
    25,
    25,
    25,
    25,
    25,
    25,
    25,
    25,
    25,
    25,
    25,
    26,
    26,
    26,
    26,
    26,
    26,
    26,
    26,
    26,
    26,
    26,
    26,
    26,
    26,
    26,
    26,
    28,
    28,
    28,
    28,
    28,
    28,
    28,
    28,
    28,
    28,
    28,
    28,
    28,
    28,
    28,
    28,
    29,
    29,
    29,
    29,
    29,
    29,
    29,
    29,
    29,
    29,
    29,
    29,
    29,
    29,
    29,
    29,
    30,
    30,
    30,
    30,
    30,
    30,
    30,
    30,
    30,
    30,
    30,
    30,
    30,
    30,
    30,
    30,
    31,
    31,
    31,
    31,
    31,
    31,
    31,
    31,
    31,
    31,
    31,
    31,
    31,
    31,
    31,
    31,
    32,
    32,
    32,
    32,
    32,
    32,
    32,
    32,
    32,
    32,
    32,
    32,
    32,
    32,
    32,
    32,
    33,
    33,
    33,
    33,
    33,
    33,
    33,
    33,
    33,
    33,
    33,
    33,
    33,
    33,
    33,
    33
  ],
  "stats": {
    "unary_proofs":36,
    "distinct_event_domain":36,
    "service_proofs":0,
    "distinct_service_domain":0,
    "fact_count":211,
    "stipulation_count":0,
    "wildcard_count":0,
    "grounding_cpu_seconds":0.001847541000000008,
    "grounding_wall_seconds":0.0018470287322998047,
    "candidate": {"scope":"not_applicable"}
  },
  "tax": {"status":"not_requested"}
}
