{
  "household": {
    "facts": [
      {"ctor":"death_", "args": [ {"a":"bob_dies"} ]},
      {"ctor":"agent_", "args": [ {"a":"bob_dies"},  {"a":"bob"} ]},
      {"ctor":"start_", "args": [ {"a":"bob_dies"}, "2019-11-25" ]},
      {"ctor":"end_", "args": [ {"a":"bob_dies"}, "2019-11-25" ]},
      {"ctor":"marriage_", "args": [ {"a":"bob_and_charlie"} ]},
      {
	"ctor":"agent_",
	"args": [ {"a":"bob_and_charlie"},  {"a":"bob"} ]
      },
      {
	"ctor":"agent_",
	"args": [ {"a":"bob_and_charlie"},  {"a":"charlie"} ]
      },
      {"ctor":"payment_", "args": [ {"a":"alice_pays"} ]},
      {"ctor":"agent_", "args": [ {"a":"alice_pays"},  {"a":"alice"} ]},
      {
	"ctor":"patient_",
	"args": [ {"a":"alice_pays"},  {"a":"charlie"} ]
      },
      {"ctor":"start_", "args": [ {"a":"alice_pays"}, "2019-12-20" ]},
      {"ctor":"end_", "args": [ {"a":"alice_pays"}, "2019-12-20" ]},
      {
	"ctor":"purpose_",
	"args": [ {"val": {"a":"alice_pays"}},  {"a":"alice_employer"} ]
      },
      {"ctor":"amount_", "args": [ {"a":"alice_pays"}, 1200 ]}
    ],
    "stipulations": [
      {
	"pred":"s3306_c_5",
	"args": [
	  {"val": {"a":"alice_employer"}},
	  {"val": {"a":"alice"}},
	  {"val": {"a":"bob"}},
	  {"wild":0},
	  {"wild":1}
	]
      }
    ]
  },
  "unary": [
    {
      "source_clause":3,
      "predicate":"death_",
      "event": {"a":"bob_dies"}
    },
    {
      "source_clause":7,
      "predicate":"marriage_",
      "event": {"a":"bob_and_charlie"}
    },
    {
      "source_clause":10,
      "predicate":"payment_",
      "event": {"a":"alice_pays"}
    }
  ],
  "event_domain": [ {"a":"bob_dies"},  {"a":"bob_and_charlie"},  {"a":"alice_pays"} ],
  "fact_source_clauses": [3, 4, 5, 6, 7, 8, 9, 10, 11, 12, 13, 14, 15, 16 ],
  "stats": {
    "unary_proofs":3,
    "distinct_event_domain":3,
    "service_proofs":0,
    "distinct_service_domain":0,
    "fact_count":14,
    "stipulation_count":1,
    "wildcard_count":2,
    "grounding_cpu_seconds":0.0003335839999999979,
    "grounding_wall_seconds":0.00033283233642578125,
    "candidate": {"scope":"not_applicable"}
  },
  "tax": {"status":"not_requested"}
}
