{
  "household": {
    "facts": [
      {
	"ctor":"educational_institution_",
	"args": [ {"a":"hopkins_is_a_university"} ]
      },
      {
	"ctor":"agent_",
	"args": [
	  {"a":"hopkins_is_a_university"},
	  {"s":"johns hopkins university"}
	]
      },
      {"ctor":"service_", "args": [ {"a":"alice_employed"} ]},
      {
	"ctor":"patient_",
	"args": [ {"a":"alice_employed"},  {"s":"johns hopkins university"} ]
      },
      {
	"ctor":"agent_",
	"args": [ {"a":"alice_employed"},  {"a":"alice"} ]
      },
      {
	"ctor":"start_",
	"args": [ {"a":"alice_employed"}, "2017-01-01" ]
      },
      {"ctor":"end_", "args": [ {"a":"alice_employed"}, "2017-12-31" ]},
      {
	"ctor":"location_",
	"args": [ {"a":"alice_employed"},  {"a":"baltimore"} ]
      },
      {
	"ctor":"location_",
	"args": [ {"a":"alice_employed"},  {"a":"maryland"} ]
      },
      {
	"ctor":"location_",
	"args": [ {"a":"alice_employed"},  {"a":"usa"} ]
      },
      {"ctor":"payment_", "args": [ {"a":"alice_is_paid"} ]},
      {
	"ctor":"agent_",
	"args": [ {"a":"alice_is_paid"},  {"s":"johns hopkins university"} ]
      },
      {
	"ctor":"patient_",
	"args": [ {"a":"alice_is_paid"},  {"a":"alice"} ]
      },
      {"ctor":"start_", "args": [ {"a":"alice_is_paid"}, "2017-12-31" ]},
      {
	"ctor":"purpose_",
	"args": [ {"val": {"a":"alice_is_paid"}},  {"a":"alice_employed"} ]
      },
      {"ctor":"amount_", "args": [ {"a":"alice_is_paid"}, 3200 ]},
      {"ctor":"enrollment_", "args": [ {"a":"alice_goes_to_hopkins"} ]},
      {
	"ctor":"agent_",
	"args": [ {"a":"alice_goes_to_hopkins"},  {"a":"alice"} ]
      },
      {
	"ctor":"patient_",
	"args": [
	  {"a":"alice_goes_to_hopkins"},
	  {"s":"johns hopkins university"}
	]
      },
      {
	"ctor":"start_",
	"args": [ {"a":"alice_goes_to_hopkins"}, "2011-08-27" ]
      },
      {
	"ctor":"end_",
	"args": [ {"a":"alice_goes_to_hopkins"}, "2016-05-29" ]
      },
      {
	"ctor":"attending_classes_",
	"args": [ {"a":"alice_goes_to_class"} ]
      },
      {
	"ctor":"agent_",
	"args": [ {"a":"alice_goes_to_class"},  {"a":"alice"} ]
      },
      {
	"ctor":"location_",
	"args": [
	  {"a":"alice_goes_to_class"},
	  {"s":"johns hopkins university"}
	]
      },
      {
	"ctor":"start_",
	"args": [ {"a":"alice_goes_to_class"}, "2011-08-27" ]
      },
      {
	"ctor":"end_",
	"args": [ {"a":"alice_goes_to_class"}, "2016-05-29" ]
      }
    ],
    "stipulations": []
  },
  "unary": [
    {
      "source_clause":1,
      "predicate":"educational_institution_",
      "event": {"a":"hopkins_is_a_university"}
    },
    {
      "source_clause":3,
      "predicate":"service_",
      "event": {"a":"alice_employed"}
    },
    {
      "source_clause":11,
      "predicate":"payment_",
      "event": {"a":"alice_is_paid"}
    },
    {
      "source_clause":17,
      "predicate":"enrollment_",
      "event": {"a":"alice_goes_to_hopkins"}
    },
    {
      "source_clause":22,
      "predicate":"attending_classes_",
      "event": {"a":"alice_goes_to_class"}
    }
  ],
  "event_domain": [
    {"a":"hopkins_is_a_university"},
    {"a":"alice_employed"},
    {"a":"alice_is_paid"},
    {"a":"alice_goes_to_hopkins"},
    {"a":"alice_goes_to_class"}
  ],
  "fact_source_clauses": [
    1,
    2,
    3,
    4,
    5,
    6,
    7,
    8,
    9,
    10,
    11,
    12,
    13,
    14,
    15,
    16,
    17,
    18,
    19,
    20,
    21,
    22,
    23,
    24,
    25,
    26
  ],
  "stats": {
    "unary_proofs":5,
    "distinct_event_domain":5,
    "service_proofs":1,
    "distinct_service_domain":1,
    "fact_count":26,
    "stipulation_count":0,
    "wildcard_count":0,
    "grounding_cpu_seconds":0.0002793330000000205,
    "grounding_wall_seconds":0.00027871131896972656,
    "candidate": {"scope":"not_applicable"}
  },
  "tax": {"status":"not_requested"}
}
