{
  "household": {
    "facts": [
      {
	"ctor":"educational_institution_",
	"args": [ {"a":"hopkins_is_a_university"} ]
      },
      {
	"ctor":"agent_",
	"args": [
	  {"a":"hopkins_is_a_university"},
	  {"s":"johns hopkins university"}
	]
      },
      {"ctor":"marriage_", "args": [ {"a":"bob_and_alice"} ]},
      {"ctor":"agent_", "args": [ {"a":"bob_and_alice"},  {"a":"bob"} ]},
      {
	"ctor":"agent_",
	"args": [ {"a":"bob_and_alice"},  {"a":"alice"} ]
      },
      {"ctor":"service_", "args": [ {"a":"bob_employed"} ]},
      {
	"ctor":"patient_",
	"args": [ {"a":"bob_employed"},  {"s":"johns hopkins university"} ]
      },
      {"ctor":"agent_", "args": [ {"a":"bob_employed"},  {"a":"bob"} ]},
      {"ctor":"start_", "args": [ {"a":"bob_employed"}, "2017-01-01" ]},
      {"ctor":"end_", "args": [ {"a":"bob_employed"}, "2017-12-31" ]},
      {
	"ctor":"location_",
	"args": [ {"a":"bob_employed"},  {"a":"baltimore"} ]
      },
      {
	"ctor":"location_",
	"args": [ {"a":"bob_employed"},  {"a":"maryland"} ]
      },
      {
	"ctor":"location_",
	"args": [ {"a":"bob_employed"},  {"a":"usa"} ]
      },
      {"ctor":"payment_", "args": [ {"a":"bob_is_paid"} ]},
      {
	"ctor":"agent_",
	"args": [ {"a":"bob_is_paid"},  {"s":"johns hopkins university"} ]
      },
      {"ctor":"patient_", "args": [ {"a":"bob_is_paid"},  {"a":"bob"} ]},
      {"ctor":"start_", "args": [ {"a":"bob_is_paid"}, "2017-12-31" ]},
      {
	"ctor":"purpose_",
	"args": [ {"val": {"a":"bob_is_paid"}},  {"a":"bob_employed"} ]
      },
      {"ctor":"amount_", "args": [ {"a":"bob_is_paid"}, 3200 ]},
      {"ctor":"enrollment_", "args": [ {"a":"alice_goes_to_hopkins"} ]},
      {
	"ctor":"agent_",
	"args": [ {"a":"alice_goes_to_hopkins"},  {"a":"alice"} ]
      },
      {
	"ctor":"patient_",
	"args": [
	  {"a":"alice_goes_to_hopkins"},
	  {"s":"johns hopkins university"}
	]
      },
      {
	"ctor":"start_",
	"args": [ {"a":"alice_goes_to_hopkins"}, "2015-08-29" ]
      },
      {
	"ctor":"end_",
	"args": [ {"a":"alice_goes_to_hopkins"}, "2019-05-30" ]
      },
      {
	"ctor":"attending_classes_",
	"args": [ {"a":"alice_goes_to_class"} ]
      },
      {
	"ctor":"agent_",
	"args": [ {"a":"alice_goes_to_class"},  {"a":"alice"} ]
      },
      {
	"ctor":"location_",
	"args": [
	  {"a":"alice_goes_to_class"},
	  {"s":"johns hopkins university"}
	]
      },
      {
	"ctor":"start_",
	"args": [ {"a":"alice_goes_to_class"}, "2015-08-29" ]
      },
      {
	"ctor":"end_",
	"args": [ {"a":"alice_goes_to_class"}, "2019-05-30" ]
      }
    ],
    "stipulations": []
  },
  "unary": [
    {
      "source_clause":1,
      "predicate":"educational_institution_",
      "event": {"a":"hopkins_is_a_university"}
    },
    {
      "source_clause":3,
      "predicate":"marriage_",
      "event": {"a":"bob_and_alice"}
    },
    {
      "source_clause":6,
      "predicate":"service_",
      "event": {"a":"bob_employed"}
    },
    {
      "source_clause":14,
      "predicate":"payment_",
      "event": {"a":"bob_is_paid"}
    },
    {
      "source_clause":20,
      "predicate":"enrollment_",
      "event": {"a":"alice_goes_to_hopkins"}
    },
    {
      "source_clause":25,
      "predicate":"attending_classes_",
      "event": {"a":"alice_goes_to_class"}
    }
  ],
  "event_domain": [
    {"a":"hopkins_is_a_university"},
    {"a":"bob_and_alice"},
    {"a":"bob_employed"},
    {"a":"bob_is_paid"},
    {"a":"alice_goes_to_hopkins"},
    {"a":"alice_goes_to_class"}
  ],
  "fact_source_clauses": [
    1,
    2,
    3,
    4,
    5,
    6,
    7,
    8,
    9,
    10,
    11,
    12,
    13,
    14,
    15,
    16,
    17,
    18,
    19,
    20,
    21,
    22,
    23,
    24,
    25,
    26,
    27,
    28,
    29
  ],
  "stats": {
    "unary_proofs":6,
    "distinct_event_domain":6,
    "service_proofs":1,
    "distinct_service_domain":1,
    "fact_count":29,
    "stipulation_count":0,
    "wildcard_count":0,
    "grounding_cpu_seconds":0.0005724589999999974,
    "grounding_wall_seconds":0.0005707740783691406,
    "candidate": {"scope":"not_applicable"}
  },
  "tax": {"status":"not_requested"}
}
