{
  "household": {
    "facts": [
      {
	"ctor":"international_organization_",
	"args": [ {"a":"imf_is_an_international_organization"} ]
      },
      {
	"ctor":"agent_",
	"args": [
	  {"a":"imf_is_an_international_organization"},
	  {"s":"international monetary fund"}
	]
      },
      {"ctor":"service_", "args": [ {"a":"alice_employed"} ]},
      {
	"ctor":"patient_",
	"args": [ {"a":"alice_employed"},  {"s":"international monetary fund"} ]
      },
      {
	"ctor":"agent_",
	"args": [ {"a":"alice_employed"},  {"a":"alice"} ]
      },
      {
	"ctor":"start_",
	"args": [ {"a":"alice_employed"}, "2017-01-01" ]
      },
      {"ctor":"end_", "args": [ {"a":"alice_employed"}, "2017-12-31" ]},
      {
	"ctor":"location_",
	"args": [ {"a":"alice_employed"},  {"s":"washington dc"} ]
      },
      {
	"ctor":"location_",
	"args": [ {"a":"alice_employed"},  {"a":"usa"} ]
      },
      {"ctor":"payment_", "args": [ {"a":"alice_is_paid"} ]},
      {
	"ctor":"agent_",
	"args": [ {"a":"alice_is_paid"},  {"s":"international monetary fund"} ]
      },
      {
	"ctor":"patient_",
	"args": [ {"a":"alice_is_paid"},  {"a":"alice"} ]
      },
      {"ctor":"start_", "args": [ {"a":"alice_is_paid"}, "2017-12-31" ]},
      {
	"ctor":"purpose_",
	"args": [ {"val": {"a":"alice_is_paid"}},  {"a":"alice_employed"} ]
      },
      {"ctor":"amount_", "args": [ {"a":"alice_is_paid"}, 73200 ]}
    ],
    "stipulations": []
  },
  "unary": [
    {
      "source_clause":1,
      "predicate":"international_organization_",
      "event": {"a":"imf_is_an_international_organization"}
    },
    {
      "source_clause":3,
      "predicate":"service_",
      "event": {"a":"alice_employed"}
    },
    {
      "source_clause":10,
      "predicate":"payment_",
      "event": {"a":"alice_is_paid"}
    }
  ],
  "event_domain": [
    {"a":"imf_is_an_international_organization"},
    {"a":"alice_employed"},
    {"a":"alice_is_paid"}
  ],
  "fact_source_clauses": [1, 2, 3, 4, 5, 6, 7, 8, 9, 10, 11, 12, 13, 14, 15 ],
  "stats": {
    "unary_proofs":3,
    "distinct_event_domain":3,
    "service_proofs":1,
    "distinct_service_domain":1,
    "fact_count":15,
    "stipulation_count":0,
    "wildcard_count":0,
    "grounding_cpu_seconds":0.00042616599999997784,
    "grounding_wall_seconds":0.0004296302795410156,
    "candidate": {"scope":"not_applicable"}
  },
  "tax": {"status":"not_requested"}
}
