{
  "household": {
    "facts": [
      {"ctor":"service_", "args": [ {"a":"alice_employer"} ]},
      {
	"ctor":"patient_",
	"args": [ {"a":"alice_employer"},  {"a":"alice"} ]
      },
      {
	"ctor":"agent_",
	"args": [ {"a":"alice_employer"},  {"a":"bob"} ]
      },
      {
	"ctor":"start_",
	"args": [ {"a":"alice_employer"}, "2017-02-01" ]
      },
      {"ctor":"end_", "args": [ {"a":"alice_employer"}, "2017-09-02" ]},
      {
	"ctor":"location_",
	"args": [ {"a":"alice_employer"},  {"s":"baltimore, maryland, usa"} ]
      },
      {
	"ctor":"country_",
	"args": [ {"s":"baltimore, maryland, usa"},  {"s":"usa"} ]
      },
      {"ctor":"payment_", "args": [ {"a":"alice_pays"} ]},
      {"ctor":"agent_", "args": [ {"a":"alice_pays"},  {"a":"alice"} ]},
      {"ctor":"patient_", "args": [ {"a":"alice_pays"},  {"a":"bob"} ]},
      {"ctor":"start_", "args": [ {"a":"alice_pays"}, "2017-09-02" ]},
      {
	"ctor":"purpose_",
	"args": [ {"val": {"a":"alice_pays"}},  {"a":"alice_employer"} ]
      },
      {"ctor":"amount_", "args": [ {"a":"alice_pays"}, 3200 ]}
    ],
    "stipulations": []
  },
  "unary": [
    {
      "source_clause":1,
      "predicate":"service_",
      "event": {"a":"alice_employer"}
    },
    {
      "source_clause":8,
      "predicate":"payment_",
      "event": {"a":"alice_pays"}
    }
  ],
  "event_domain": [ {"a":"alice_employer"},  {"a":"alice_pays"} ],
  "fact_source_clauses": [1, 2, 3, 4, 5, 6, 7, 8, 9, 10, 11, 12, 13 ],
  "stats": {
    "unary_proofs":2,
    "distinct_event_domain":2,
    "service_proofs":1,
    "distinct_service_domain":1,
    "fact_count":13,
    "stipulation_count":0,
    "wildcard_count":0,
    "grounding_cpu_seconds":0.0004607490000000103,
    "grounding_wall_seconds":0.00046539306640625,
    "candidate": {"scope":"not_applicable"}
  },
  "tax": {"status":"not_requested"}
}
