{
  "household": {
    "facts": [
      {"ctor":"payment_", "args": [ {"a":"alice_is_paid"} ]},
      {
	"ctor":"patient_",
	"args": [ {"a":"alice_is_paid"},  {"a":"alice"} ]
      },
      {"ctor":"start_", "args": [ {"a":"alice_is_paid"}, "2017-12-31" ]},
      {"ctor":"amount_", "args": [ {"a":"alice_is_paid"}, 33200 ]}
    ],
    "stipulations": [
      {
	"pred":"s63_c_1_3",
	"args": [ {"val": {"a":"alice"}},  {"val":2017},  {"val":2000} ]
      },
      {
	"pred":"s151_5",
	"args": [
	  {"val": {"a":"alice"}},
	  {"val":0},
	  {"wild":0},
	  {"wild":1},
	  {"val":2017}
	]
      }
    ]
  },
  "unary": [
    {
      "source_clause":1,
      "predicate":"payment_",
      "event": {"a":"alice_is_paid"}
    }
  ],
  "event_domain": [ {"a":"alice_is_paid"} ],
  "fact_source_clauses": [1, 2, 3, 4 ],
  "stats": {
    "unary_proofs":1,
    "distinct_event_domain":1,
    "service_proofs":0,
    "distinct_service_domain":0,
    "fact_count":4,
    "stipulation_count":2,
    "wildcard_count":2,
    "grounding_cpu_seconds":0.00034729099999999957,
    "grounding_wall_seconds":0.0003466606140136719,
    "candidate": {"scope":"not_applicable"}
  },
  "tax": {"status":"not_requested"}
}
