{
  "household": {
    "facts": [
      {"ctor":"payment_", "args": [ {"a":"alice_is_paid"} ]},
      {
	"ctor":"patient_",
	"args": [ {"a":"alice_is_paid"},  {"a":"alice"} ]
      },
      {"ctor":"start_", "args": [ {"a":"alice_is_paid"}, "2017-12-31" ]},
      {"ctor":"amount_", "args": [ {"a":"alice_is_paid"}, 33200 ]},
      {"ctor":"deduction_", "args": [ {"a":"deduction_alice_2017"} ]},
      {
	"ctor":"agent_",
	"args": [ {"a":"deduction_alice_2017"},  {"a":"alice"} ]
      },
      {
	"ctor":"start_",
	"args": [ {"a":"deduction_alice_2017"}, "2017-12-31" ]
      },
      {"ctor":"amount_", "args": [ {"a":"deduction_alice_2017"}, 1200 ]}
    ],
    "stipulations": []
  },
  "unary": [
    {
      "source_clause":1,
      "predicate":"payment_",
      "event": {"a":"alice_is_paid"}
    },
    {
      "source_clause":5,
      "predicate":"deduction_",
      "event": {"a":"deduction_alice_2017"}
    }
  ],
  "event_domain": [ {"a":"alice_is_paid"},  {"a":"deduction_alice_2017"} ],
  "fact_source_clauses": [1, 2, 3, 4, 5, 6, 7, 8 ],
  "stats": {
    "unary_proofs":2,
    "distinct_event_domain":2,
    "service_proofs":0,
    "distinct_service_domain":0,
    "fact_count":8,
    "stipulation_count":0,
    "wildcard_count":0,
    "grounding_cpu_seconds":0.00025737499999997637,
    "grounding_wall_seconds":0.0002567768096923828,
    "candidate": {"scope":"not_applicable"}
  },
  "tax": {"status":"not_requested"}
}
