{
  "household": {
    "facts": [
      {"ctor":"income_", "args": [ {"a":"alice_is_paid"} ]},
      {
	"ctor":"agent_",
	"args": [ {"a":"alice_is_paid"},  {"a":"alice"} ]
      },
      {"ctor":"start_", "args": [ {"a":"alice_is_paid"}, "2016-12-31" ]},
      {"ctor":"amount_", "args": [ {"a":"alice_is_paid"}, 567192 ]}
    ],
    "stipulations": []
  },
  "unary": [
    {
      "source_clause":1,
      "predicate":"income_",
      "event": {"a":"alice_is_paid"}
    }
  ],
  "event_domain": [ {"a":"alice_is_paid"} ],
  "fact_source_clauses": [1, 2, 3, 4 ],
  "stats": {
    "unary_proofs":1,
    "distinct_event_domain":1,
    "service_proofs":0,
    "distinct_service_domain":0,
    "fact_count":4,
    "stipulation_count":0,
    "wildcard_count":0,
    "grounding_cpu_seconds":0.00022658299999998854,
    "grounding_wall_seconds":0.00022602081298828125,
    "candidate": {"scope":"not_applicable"}
  },
  "tax": {"status":"not_requested"}
}
