{
  "household": {
    "facts": [
      {"ctor":"marriage_", "args": [ {"a":"alice_and_bob"} ]},
      {
	"ctor":"agent_",
	"args": [ {"a":"alice_and_bob"},  {"a":"alice"} ]
      },
      {"ctor":"agent_", "args": [ {"a":"alice_and_bob"},  {"a":"bob"} ]},
      {"ctor":"start_", "args": [ {"a":"alice_and_bob"}, "2012-04-05" ]},
      {
	"ctor":"legal_separation_",
	"args": [ {"a":"alice_and_bob_divorce"} ]
      },
      {
	"ctor":"patient_",
	"args": [ {"a":"alice_and_bob_divorce"},  {"a":"alice_and_bob"} ]
      },
      {
	"ctor":"agent_",
	"args": [ {"a":"alice_and_bob_divorce"},  {"s":"decree of divorce"} ]
      },
      {
	"ctor":"start_",
	"args": [ {"a":"alice_and_bob_divorce"}, "2017-09-16" ]
      }
    ],
    "stipulations": []
  },
  "unary": [
    {
      "source_clause":1,
      "predicate":"marriage_",
      "event": {"a":"alice_and_bob"}
    },
    {
      "source_clause":5,
      "predicate":"legal_separation_",
      "event": {"a":"alice_and_bob_divorce"}
    }
  ],
  "event_domain": [ {"a":"alice_and_bob"},  {"a":"alice_and_bob_divorce"} ],
  "fact_source_clauses": [1, 2, 3, 4, 5, 6, 7, 8 ],
  "stats": {
    "unary_proofs":2,
    "distinct_event_domain":2,
    "service_proofs":0,
    "distinct_service_domain":0,
    "fact_count":8,
    "stipulation_count":0,
    "wildcard_count":0,
    "grounding_cpu_seconds":0.0002674999999999761,
    "grounding_wall_seconds":0.00026702880859375,
    "candidate": {"scope":"not_applicable"}
  },
  "tax": {"status":"not_requested"}
}
