{
  "household": {
    "facts": [
      {"ctor":"marriage_", "args": [ {"a":"alice_and_bob"} ]},
      {
	"ctor":"agent_",
	"args": [ {"a":"alice_and_bob"},  {"a":"alice"} ]
      },
      {"ctor":"agent_", "args": [ {"a":"alice_and_bob"},  {"a":"bob"} ]},
      {"ctor":"start_", "args": [ {"a":"alice_and_bob"}, "2012-04-05" ]},
      {"ctor":"son_", "args": [ {"a":"charlie_is_born"} ]},
      {
	"ctor":"agent_",
	"args": [ {"a":"charlie_is_born"},  {"a":"charlie"} ]
      },
      {
	"ctor":"patient_",
	"args": [ {"a":"charlie_is_born"},  {"a":"bob"} ]
      },
      {
	"ctor":"patient_",
	"args": [ {"a":"charlie_is_born"},  {"a":"alice"} ]
      },
      {
	"ctor":"start_",
	"args": [ {"a":"charlie_is_born"}, "2017-09-16" ]
      },
      {"ctor":"residence_", "args": [ {"a":"alice_residence"} ]},
      {
	"ctor":"agent_",
	"args": [ {"a":"alice_residence"},  {"a":"alice"} ]
      },
      {
	"ctor":"patient_",
	"args": [ {"a":"alice_residence"},  {"a":"alice_s_house"} ]
      },
      {
	"ctor":"start_",
	"args": [ {"a":"alice_residence"}, "2017-09-16" ]
      },
      {"ctor":"residence_", "args": [ {"a":"charlie_residence"} ]},
      {
	"ctor":"agent_",
	"args": [ {"a":"charlie_residence"},  {"a":"charlie"} ]
      },
      {
	"ctor":"patient_",
	"args": [ {"a":"charlie_residence"},  {"a":"alice_s_house"} ]
      },
      {
	"ctor":"start_",
	"args": [ {"a":"charlie_residence"}, "2017-09-16" ]
      },
      {
	"ctor":"payment_",
	"args": [ {"a":"alice_maintains_household_2017"} ]
      },
      {
	"ctor":"payment_",
	"args": [ {"a":"alice_maintains_household_2018"} ]
      },
      {
	"ctor":"payment_",
	"args": [ {"a":"alice_maintains_household_2019"} ]
      },
      {
	"ctor":"payment_",
	"args": [ {"a":"alice_maintains_household_2020"} ]
      },
      {
	"ctor":"payment_",
	"args": [ {"a":"alice_maintains_household_2021"} ]
      },
      {
	"ctor":"payment_",
	"args": [ {"a":"alice_maintains_household_2022"} ]
      },
      {
	"ctor":"payment_",
	"args": [ {"a":"alice_maintains_household_2023"} ]
      },
      {
	"ctor":"payment_",
	"args": [ {"a":"alice_maintains_household_2024"} ]
      },
      {
	"ctor":"payment_",
	"args": [ {"a":"alice_maintains_household_2025"} ]
      },
      {
	"ctor":"payment_",
	"args": [ {"a":"alice_maintains_household_2026"} ]
      },
      {
	"ctor":"payment_",
	"args": [ {"a":"alice_maintains_household_2027"} ]
      },
      {
	"ctor":"payment_",
	"args": [ {"a":"alice_maintains_household_2028"} ]
      },
      {
	"ctor":"payment_",
	"args": [ {"a":"alice_maintains_household_2029"} ]
      },
      {
	"ctor":"payment_",
	"args": [ {"a":"alice_maintains_household_2030"} ]
      },
      {
	"ctor":"payment_",
	"args": [ {"a":"alice_maintains_household_2031"} ]
      },
      {
	"ctor":"payment_",
	"args": [ {"a":"alice_maintains_household_2032"} ]
      },
      {
	"ctor":"payment_",
	"args": [ {"a":"alice_maintains_household_2033"} ]
      },
      {
	"ctor":"payment_",
	"args": [ {"a":"alice_maintains_household_2034"} ]
      },
      {
	"ctor":"payment_",
	"args": [ {"a":"alice_maintains_household_2035"} ]
      },
      {
	"ctor":"payment_",
	"args": [ {"a":"alice_maintains_household_2036"} ]
      },
      {
	"ctor":"payment_",
	"args": [ {"a":"alice_maintains_household_2037"} ]
      },
      {
	"ctor":"payment_",
	"args": [ {"a":"alice_maintains_household_2038"} ]
      },
      {
	"ctor":"payment_",
	"args": [ {"a":"alice_maintains_household_2039"} ]
      },
      {
	"ctor":"payment_",
	"args": [ {"a":"alice_maintains_household_2040"} ]
      },
      {
	"ctor":"payment_",
	"args": [ {"a":"alice_maintains_household_2041"} ]
      },
      {
	"ctor":"payment_",
	"args": [ {"a":"alice_maintains_household_2042"} ]
      },
      {
	"ctor":"payment_",
	"args": [ {"a":"alice_maintains_household_2043"} ]
      },
      {
	"ctor":"payment_",
	"args": [ {"a":"alice_maintains_household_2044"} ]
      },
      {
	"ctor":"payment_",
	"args": [ {"a":"alice_maintains_household_2045"} ]
      },
      {
	"ctor":"payment_",
	"args": [ {"a":"alice_maintains_household_2046"} ]
      },
      {
	"ctor":"payment_",
	"args": [ {"a":"alice_maintains_household_2047"} ]
      },
      {
	"ctor":"payment_",
	"args": [ {"a":"alice_maintains_household_2048"} ]
      },
      {
	"ctor":"payment_",
	"args": [ {"a":"alice_maintains_household_2049"} ]
      },
      {
	"ctor":"payment_",
	"args": [ {"a":"alice_maintains_household_2050"} ]
      },
      {
	"ctor":"payment_",
	"args": [ {"a":"alice_maintains_household_2051"} ]
      },
      {
	"ctor":"payment_",
	"args": [ {"a":"alice_maintains_household_2052"} ]
      },
      {
	"ctor":"payment_",
	"args": [ {"a":"alice_maintains_household_2053"} ]
      },
      {
	"ctor":"payment_",
	"args": [ {"a":"alice_maintains_household_2054"} ]
      },
      {
	"ctor":"payment_",
	"args": [ {"a":"alice_maintains_household_2055"} ]
      },
      {
	"ctor":"payment_",
	"args": [ {"a":"alice_maintains_household_2056"} ]
      },
      {
	"ctor":"payment_",
	"args": [ {"a":"alice_maintains_household_2057"} ]
      },
      {
	"ctor":"payment_",
	"args": [ {"a":"alice_maintains_household_2058"} ]
      },
      {
	"ctor":"payment_",
	"args": [ {"a":"alice_maintains_household_2059"} ]
      },
      {
	"ctor":"payment_",
	"args": [ {"a":"alice_maintains_household_2060"} ]
      },
      {
	"ctor":"payment_",
	"args": [ {"a":"alice_maintains_household_2061"} ]
      },
      {
	"ctor":"payment_",
	"args": [ {"a":"alice_maintains_household_2062"} ]
      },
      {
	"ctor":"payment_",
	"args": [ {"a":"alice_maintains_household_2063"} ]
      },
      {
	"ctor":"payment_",
	"args": [ {"a":"alice_maintains_household_2064"} ]
      },
      {
	"ctor":"payment_",
	"args": [ {"a":"alice_maintains_household_2065"} ]
      },
      {
	"ctor":"payment_",
	"args": [ {"a":"alice_maintains_household_2066"} ]
      },
      {
	"ctor":"payment_",
	"args": [ {"a":"alice_maintains_household_2067"} ]
      },
      {
	"ctor":"payment_",
	"args": [ {"a":"alice_maintains_household_2068"} ]
      },
      {
	"ctor":"payment_",
	"args": [ {"a":"alice_maintains_household_2069"} ]
      },
      {
	"ctor":"payment_",
	"args": [ {"a":"alice_maintains_household_2070"} ]
      },
      {
	"ctor":"payment_",
	"args": [ {"a":"alice_maintains_household_2071"} ]
      },
      {
	"ctor":"payment_",
	"args": [ {"a":"alice_maintains_household_2072"} ]
      },
      {
	"ctor":"payment_",
	"args": [ {"a":"alice_maintains_household_2073"} ]
      },
      {
	"ctor":"payment_",
	"args": [ {"a":"alice_maintains_household_2074"} ]
      },
      {
	"ctor":"payment_",
	"args": [ {"a":"alice_maintains_household_2075"} ]
      },
      {
	"ctor":"payment_",
	"args": [ {"a":"alice_maintains_household_2076"} ]
      },
      {
	"ctor":"payment_",
	"args": [ {"a":"alice_maintains_household_2077"} ]
      },
      {
	"ctor":"payment_",
	"args": [ {"a":"alice_maintains_household_2078"} ]
      },
      {
	"ctor":"payment_",
	"args": [ {"a":"alice_maintains_household_2079"} ]
      },
      {
	"ctor":"payment_",
	"args": [ {"a":"alice_maintains_household_2080"} ]
      },
      {
	"ctor":"payment_",
	"args": [ {"a":"alice_maintains_household_2081"} ]
      },
      {
	"ctor":"payment_",
	"args": [ {"a":"alice_maintains_household_2082"} ]
      },
      {
	"ctor":"payment_",
	"args": [ {"a":"alice_maintains_household_2083"} ]
      },
      {
	"ctor":"payment_",
	"args": [ {"a":"alice_maintains_household_2084"} ]
      },
      {
	"ctor":"payment_",
	"args": [ {"a":"alice_maintains_household_2085"} ]
      },
      {
	"ctor":"payment_",
	"args": [ {"a":"alice_maintains_household_2086"} ]
      },
      {
	"ctor":"payment_",
	"args": [ {"a":"alice_maintains_household_2087"} ]
      },
      {
	"ctor":"payment_",
	"args": [ {"a":"alice_maintains_household_2088"} ]
      },
      {
	"ctor":"payment_",
	"args": [ {"a":"alice_maintains_household_2089"} ]
      },
      {
	"ctor":"payment_",
	"args": [ {"a":"alice_maintains_household_2090"} ]
      },
      {
	"ctor":"payment_",
	"args": [ {"a":"alice_maintains_household_2091"} ]
      },
      {
	"ctor":"payment_",
	"args": [ {"a":"alice_maintains_household_2092"} ]
      },
      {
	"ctor":"payment_",
	"args": [ {"a":"alice_maintains_household_2093"} ]
      },
      {
	"ctor":"payment_",
	"args": [ {"a":"alice_maintains_household_2094"} ]
      },
      {
	"ctor":"payment_",
	"args": [ {"a":"alice_maintains_household_2095"} ]
      },
      {
	"ctor":"payment_",
	"args": [ {"a":"alice_maintains_household_2096"} ]
      },
      {
	"ctor":"payment_",
	"args": [ {"a":"alice_maintains_household_2097"} ]
      },
      {
	"ctor":"payment_",
	"args": [ {"a":"alice_maintains_household_2098"} ]
      },
      {
	"ctor":"payment_",
	"args": [ {"a":"alice_maintains_household_2099"} ]
      },
      {
	"ctor":"payment_",
	"args": [ {"a":"alice_maintains_household_2100"} ]
      },
      {
	"ctor":"payment_",
	"args": [ {"a":"alice_maintains_household_2101"} ]
      },
      {
	"ctor":"payment_",
	"args": [ {"a":"alice_maintains_household_2102"} ]
      },
      {
	"ctor":"payment_",
	"args": [ {"a":"alice_maintains_household_2103"} ]
      },
      {
	"ctor":"payment_",
	"args": [ {"a":"alice_maintains_household_2104"} ]
      },
      {
	"ctor":"payment_",
	"args": [ {"a":"alice_maintains_household_2105"} ]
      },
      {
	"ctor":"payment_",
	"args": [ {"a":"alice_maintains_household_2106"} ]
      },
      {
	"ctor":"payment_",
	"args": [ {"a":"alice_maintains_household_2107"} ]
      },
      {
	"ctor":"payment_",
	"args": [ {"a":"alice_maintains_household_2108"} ]
      },
      {
	"ctor":"payment_",
	"args": [ {"a":"alice_maintains_household_2109"} ]
      },
      {
	"ctor":"payment_",
	"args": [ {"a":"alice_maintains_household_2110"} ]
      },
      {
	"ctor":"payment_",
	"args": [ {"a":"alice_maintains_household_2111"} ]
      },
      {
	"ctor":"payment_",
	"args": [ {"a":"alice_maintains_household_2112"} ]
      },
      {
	"ctor":"payment_",
	"args": [ {"a":"alice_maintains_household_2113"} ]
      },
      {
	"ctor":"payment_",
	"args": [ {"a":"alice_maintains_household_2114"} ]
      },
      {
	"ctor":"payment_",
	"args": [ {"a":"alice_maintains_household_2115"} ]
      },
      {
	"ctor":"payment_",
	"args": [ {"a":"alice_maintains_household_2116"} ]
      },
      {
	"ctor":"payment_",
	"args": [ {"a":"alice_maintains_household_2117"} ]
      },
      {
	"ctor":"agent_",
	"args": [ {"a":"alice_maintains_household_2017"},  {"a":"alice"} ]
      },
      {
	"ctor":"agent_",
	"args": [ {"a":"alice_maintains_household_2018"},  {"a":"alice"} ]
      },
      {
	"ctor":"agent_",
	"args": [ {"a":"alice_maintains_household_2019"},  {"a":"alice"} ]
      },
      {
	"ctor":"agent_",
	"args": [ {"a":"alice_maintains_household_2020"},  {"a":"alice"} ]
      },
      {
	"ctor":"agent_",
	"args": [ {"a":"alice_maintains_household_2021"},  {"a":"alice"} ]
      },
      {
	"ctor":"agent_",
	"args": [ {"a":"alice_maintains_household_2022"},  {"a":"alice"} ]
      },
      {
	"ctor":"agent_",
	"args": [ {"a":"alice_maintains_household_2023"},  {"a":"alice"} ]
      },
      {
	"ctor":"agent_",
	"args": [ {"a":"alice_maintains_household_2024"},  {"a":"alice"} ]
      },
      {
	"ctor":"agent_",
	"args": [ {"a":"alice_maintains_household_2025"},  {"a":"alice"} ]
      },
      {
	"ctor":"agent_",
	"args": [ {"a":"alice_maintains_household_2026"},  {"a":"alice"} ]
      },
      {
	"ctor":"agent_",
	"args": [ {"a":"alice_maintains_household_2027"},  {"a":"alice"} ]
      },
      {
	"ctor":"agent_",
	"args": [ {"a":"alice_maintains_household_2028"},  {"a":"alice"} ]
      },
      {
	"ctor":"agent_",
	"args": [ {"a":"alice_maintains_household_2029"},  {"a":"alice"} ]
      },
      {
	"ctor":"agent_",
	"args": [ {"a":"alice_maintains_household_2030"},  {"a":"alice"} ]
      },
      {
	"ctor":"agent_",
	"args": [ {"a":"alice_maintains_household_2031"},  {"a":"alice"} ]
      },
      {
	"ctor":"agent_",
	"args": [ {"a":"alice_maintains_household_2032"},  {"a":"alice"} ]
      },
      {
	"ctor":"agent_",
	"args": [ {"a":"alice_maintains_household_2033"},  {"a":"alice"} ]
      },
      {
	"ctor":"agent_",
	"args": [ {"a":"alice_maintains_household_2034"},  {"a":"alice"} ]
      },
      {
	"ctor":"agent_",
	"args": [ {"a":"alice_maintains_household_2035"},  {"a":"alice"} ]
      },
      {
	"ctor":"agent_",
	"args": [ {"a":"alice_maintains_household_2036"},  {"a":"alice"} ]
      },
      {
	"ctor":"agent_",
	"args": [ {"a":"alice_maintains_household_2037"},  {"a":"alice"} ]
      },
      {
	"ctor":"agent_",
	"args": [ {"a":"alice_maintains_household_2038"},  {"a":"alice"} ]
      },
      {
	"ctor":"agent_",
	"args": [ {"a":"alice_maintains_household_2039"},  {"a":"alice"} ]
      },
      {
	"ctor":"agent_",
	"args": [ {"a":"alice_maintains_household_2040"},  {"a":"alice"} ]
      },
      {
	"ctor":"agent_",
	"args": [ {"a":"alice_maintains_household_2041"},  {"a":"alice"} ]
      },
      {
	"ctor":"agent_",
	"args": [ {"a":"alice_maintains_household_2042"},  {"a":"alice"} ]
      },
      {
	"ctor":"agent_",
	"args": [ {"a":"alice_maintains_household_2043"},  {"a":"alice"} ]
      },
      {
	"ctor":"agent_",
	"args": [ {"a":"alice_maintains_household_2044"},  {"a":"alice"} ]
      },
      {
	"ctor":"agent_",
	"args": [ {"a":"alice_maintains_household_2045"},  {"a":"alice"} ]
      },
      {
	"ctor":"agent_",
	"args": [ {"a":"alice_maintains_household_2046"},  {"a":"alice"} ]
      },
      {
	"ctor":"agent_",
	"args": [ {"a":"alice_maintains_household_2047"},  {"a":"alice"} ]
      },
      {
	"ctor":"agent_",
	"args": [ {"a":"alice_maintains_household_2048"},  {"a":"alice"} ]
      },
      {
	"ctor":"agent_",
	"args": [ {"a":"alice_maintains_household_2049"},  {"a":"alice"} ]
      },
      {
	"ctor":"agent_",
	"args": [ {"a":"alice_maintains_household_2050"},  {"a":"alice"} ]
      },
      {
	"ctor":"agent_",
	"args": [ {"a":"alice_maintains_household_2051"},  {"a":"alice"} ]
      },
      {
	"ctor":"agent_",
	"args": [ {"a":"alice_maintains_household_2052"},  {"a":"alice"} ]
      },
      {
	"ctor":"agent_",
	"args": [ {"a":"alice_maintains_household_2053"},  {"a":"alice"} ]
      },
      {
	"ctor":"agent_",
	"args": [ {"a":"alice_maintains_household_2054"},  {"a":"alice"} ]
      },
      {
	"ctor":"agent_",
	"args": [ {"a":"alice_maintains_household_2055"},  {"a":"alice"} ]
      },
      {
	"ctor":"agent_",
	"args": [ {"a":"alice_maintains_household_2056"},  {"a":"alice"} ]
      },
      {
	"ctor":"agent_",
	"args": [ {"a":"alice_maintains_household_2057"},  {"a":"alice"} ]
      },
      {
	"ctor":"agent_",
	"args": [ {"a":"alice_maintains_household_2058"},  {"a":"alice"} ]
      },
      {
	"ctor":"agent_",
	"args": [ {"a":"alice_maintains_household_2059"},  {"a":"alice"} ]
      },
      {
	"ctor":"agent_",
	"args": [ {"a":"alice_maintains_household_2060"},  {"a":"alice"} ]
      },
      {
	"ctor":"agent_",
	"args": [ {"a":"alice_maintains_household_2061"},  {"a":"alice"} ]
      },
      {
	"ctor":"agent_",
	"args": [ {"a":"alice_maintains_household_2062"},  {"a":"alice"} ]
      },
      {
	"ctor":"agent_",
	"args": [ {"a":"alice_maintains_household_2063"},  {"a":"alice"} ]
      },
      {
	"ctor":"agent_",
	"args": [ {"a":"alice_maintains_household_2064"},  {"a":"alice"} ]
      },
      {
	"ctor":"agent_",
	"args": [ {"a":"alice_maintains_household_2065"},  {"a":"alice"} ]
      },
      {
	"ctor":"agent_",
	"args": [ {"a":"alice_maintains_household_2066"},  {"a":"alice"} ]
      },
      {
	"ctor":"agent_",
	"args": [ {"a":"alice_maintains_household_2067"},  {"a":"alice"} ]
      },
      {
	"ctor":"agent_",
	"args": [ {"a":"alice_maintains_household_2068"},  {"a":"alice"} ]
      },
      {
	"ctor":"agent_",
	"args": [ {"a":"alice_maintains_household_2069"},  {"a":"alice"} ]
      },
      {
	"ctor":"agent_",
	"args": [ {"a":"alice_maintains_household_2070"},  {"a":"alice"} ]
      },
      {
	"ctor":"agent_",
	"args": [ {"a":"alice_maintains_household_2071"},  {"a":"alice"} ]
      },
      {
	"ctor":"agent_",
	"args": [ {"a":"alice_maintains_household_2072"},  {"a":"alice"} ]
      },
      {
	"ctor":"agent_",
	"args": [ {"a":"alice_maintains_household_2073"},  {"a":"alice"} ]
      },
      {
	"ctor":"agent_",
	"args": [ {"a":"alice_maintains_household_2074"},  {"a":"alice"} ]
      },
      {
	"ctor":"agent_",
	"args": [ {"a":"alice_maintains_household_2075"},  {"a":"alice"} ]
      },
      {
	"ctor":"agent_",
	"args": [ {"a":"alice_maintains_household_2076"},  {"a":"alice"} ]
      },
      {
	"ctor":"agent_",
	"args": [ {"a":"alice_maintains_household_2077"},  {"a":"alice"} ]
      },
      {
	"ctor":"agent_",
	"args": [ {"a":"alice_maintains_household_2078"},  {"a":"alice"} ]
      },
      {
	"ctor":"agent_",
	"args": [ {"a":"alice_maintains_household_2079"},  {"a":"alice"} ]
      },
      {
	"ctor":"agent_",
	"args": [ {"a":"alice_maintains_household_2080"},  {"a":"alice"} ]
      },
      {
	"ctor":"agent_",
	"args": [ {"a":"alice_maintains_household_2081"},  {"a":"alice"} ]
      },
      {
	"ctor":"agent_",
	"args": [ {"a":"alice_maintains_household_2082"},  {"a":"alice"} ]
      },
      {
	"ctor":"agent_",
	"args": [ {"a":"alice_maintains_household_2083"},  {"a":"alice"} ]
      },
      {
	"ctor":"agent_",
	"args": [ {"a":"alice_maintains_household_2084"},  {"a":"alice"} ]
      },
      {
	"ctor":"agent_",
	"args": [ {"a":"alice_maintains_household_2085"},  {"a":"alice"} ]
      },
      {
	"ctor":"agent_",
	"args": [ {"a":"alice_maintains_household_2086"},  {"a":"alice"} ]
      },
      {
	"ctor":"agent_",
	"args": [ {"a":"alice_maintains_household_2087"},  {"a":"alice"} ]
      },
      {
	"ctor":"agent_",
	"args": [ {"a":"alice_maintains_household_2088"},  {"a":"alice"} ]
      },
      {
	"ctor":"agent_",
	"args": [ {"a":"alice_maintains_household_2089"},  {"a":"alice"} ]
      },
      {
	"ctor":"agent_",
	"args": [ {"a":"alice_maintains_household_2090"},  {"a":"alice"} ]
      },
      {
	"ctor":"agent_",
	"args": [ {"a":"alice_maintains_household_2091"},  {"a":"alice"} ]
      },
      {
	"ctor":"agent_",
	"args": [ {"a":"alice_maintains_household_2092"},  {"a":"alice"} ]
      },
      {
	"ctor":"agent_",
	"args": [ {"a":"alice_maintains_household_2093"},  {"a":"alice"} ]
      },
      {
	"ctor":"agent_",
	"args": [ {"a":"alice_maintains_household_2094"},  {"a":"alice"} ]
      },
      {
	"ctor":"agent_",
	"args": [ {"a":"alice_maintains_household_2095"},  {"a":"alice"} ]
      },
      {
	"ctor":"agent_",
	"args": [ {"a":"alice_maintains_household_2096"},  {"a":"alice"} ]
      },
      {
	"ctor":"agent_",
	"args": [ {"a":"alice_maintains_household_2097"},  {"a":"alice"} ]
      },
      {
	"ctor":"agent_",
	"args": [ {"a":"alice_maintains_household_2098"},  {"a":"alice"} ]
      },
      {
	"ctor":"agent_",
	"args": [ {"a":"alice_maintains_household_2099"},  {"a":"alice"} ]
      },
      {
	"ctor":"agent_",
	"args": [ {"a":"alice_maintains_household_2100"},  {"a":"alice"} ]
      },
      {
	"ctor":"agent_",
	"args": [ {"a":"alice_maintains_household_2101"},  {"a":"alice"} ]
      },
      {
	"ctor":"agent_",
	"args": [ {"a":"alice_maintains_household_2102"},  {"a":"alice"} ]
      },
      {
	"ctor":"agent_",
	"args": [ {"a":"alice_maintains_household_2103"},  {"a":"alice"} ]
      },
      {
	"ctor":"agent_",
	"args": [ {"a":"alice_maintains_household_2104"},  {"a":"alice"} ]
      },
      {
	"ctor":"agent_",
	"args": [ {"a":"alice_maintains_household_2105"},  {"a":"alice"} ]
      },
      {
	"ctor":"agent_",
	"args": [ {"a":"alice_maintains_household_2106"},  {"a":"alice"} ]
      },
      {
	"ctor":"agent_",
	"args": [ {"a":"alice_maintains_household_2107"},  {"a":"alice"} ]
      },
      {
	"ctor":"agent_",
	"args": [ {"a":"alice_maintains_household_2108"},  {"a":"alice"} ]
      },
      {
	"ctor":"agent_",
	"args": [ {"a":"alice_maintains_household_2109"},  {"a":"alice"} ]
      },
      {
	"ctor":"agent_",
	"args": [ {"a":"alice_maintains_household_2110"},  {"a":"alice"} ]
      },
      {
	"ctor":"agent_",
	"args": [ {"a":"alice_maintains_household_2111"},  {"a":"alice"} ]
      },
      {
	"ctor":"agent_",
	"args": [ {"a":"alice_maintains_household_2112"},  {"a":"alice"} ]
      },
      {
	"ctor":"agent_",
	"args": [ {"a":"alice_maintains_household_2113"},  {"a":"alice"} ]
      },
      {
	"ctor":"agent_",
	"args": [ {"a":"alice_maintains_household_2114"},  {"a":"alice"} ]
      },
      {
	"ctor":"agent_",
	"args": [ {"a":"alice_maintains_household_2115"},  {"a":"alice"} ]
      },
      {
	"ctor":"agent_",
	"args": [ {"a":"alice_maintains_household_2116"},  {"a":"alice"} ]
      },
      {
	"ctor":"agent_",
	"args": [ {"a":"alice_maintains_household_2117"},  {"a":"alice"} ]
      },
      {
	"ctor":"amount_",
	"args": [ {"a":"alice_maintains_household_2017"}, 1 ]
      },
      {
	"ctor":"amount_",
	"args": [ {"a":"alice_maintains_household_2018"}, 1 ]
      },
      {
	"ctor":"amount_",
	"args": [ {"a":"alice_maintains_household_2019"}, 1 ]
      },
      {
	"ctor":"amount_",
	"args": [ {"a":"alice_maintains_household_2020"}, 1 ]
      },
      {
	"ctor":"amount_",
	"args": [ {"a":"alice_maintains_household_2021"}, 1 ]
      },
      {
	"ctor":"amount_",
	"args": [ {"a":"alice_maintains_household_2022"}, 1 ]
      },
      {
	"ctor":"amount_",
	"args": [ {"a":"alice_maintains_household_2023"}, 1 ]
      },
      {
	"ctor":"amount_",
	"args": [ {"a":"alice_maintains_household_2024"}, 1 ]
      },
      {
	"ctor":"amount_",
	"args": [ {"a":"alice_maintains_household_2025"}, 1 ]
      },
      {
	"ctor":"amount_",
	"args": [ {"a":"alice_maintains_household_2026"}, 1 ]
      },
      {
	"ctor":"amount_",
	"args": [ {"a":"alice_maintains_household_2027"}, 1 ]
      },
      {
	"ctor":"amount_",
	"args": [ {"a":"alice_maintains_household_2028"}, 1 ]
      },
      {
	"ctor":"amount_",
	"args": [ {"a":"alice_maintains_household_2029"}, 1 ]
      },
      {
	"ctor":"amount_",
	"args": [ {"a":"alice_maintains_household_2030"}, 1 ]
      },
      {
	"ctor":"amount_",
	"args": [ {"a":"alice_maintains_household_2031"}, 1 ]
      },
      {
	"ctor":"amount_",
	"args": [ {"a":"alice_maintains_household_2032"}, 1 ]
      },
      {
	"ctor":"amount_",
	"args": [ {"a":"alice_maintains_household_2033"}, 1 ]
      },
      {
	"ctor":"amount_",
	"args": [ {"a":"alice_maintains_household_2034"}, 1 ]
      },
      {
	"ctor":"amount_",
	"args": [ {"a":"alice_maintains_household_2035"}, 1 ]
      },
      {
	"ctor":"amount_",
	"args": [ {"a":"alice_maintains_household_2036"}, 1 ]
      },
      {
	"ctor":"amount_",
	"args": [ {"a":"alice_maintains_household_2037"}, 1 ]
      },
      {
	"ctor":"amount_",
	"args": [ {"a":"alice_maintains_household_2038"}, 1 ]
      },
      {
	"ctor":"amount_",
	"args": [ {"a":"alice_maintains_household_2039"}, 1 ]
      },
      {
	"ctor":"amount_",
	"args": [ {"a":"alice_maintains_household_2040"}, 1 ]
      },
      {
	"ctor":"amount_",
	"args": [ {"a":"alice_maintains_household_2041"}, 1 ]
      },
      {
	"ctor":"amount_",
	"args": [ {"a":"alice_maintains_household_2042"}, 1 ]
      },
      {
	"ctor":"amount_",
	"args": [ {"a":"alice_maintains_household_2043"}, 1 ]
      },
      {
	"ctor":"amount_",
	"args": [ {"a":"alice_maintains_household_2044"}, 1 ]
      },
      {
	"ctor":"amount_",
	"args": [ {"a":"alice_maintains_household_2045"}, 1 ]
      },
      {
	"ctor":"amount_",
	"args": [ {"a":"alice_maintains_household_2046"}, 1 ]
      },
      {
	"ctor":"amount_",
	"args": [ {"a":"alice_maintains_household_2047"}, 1 ]
      },
      {
	"ctor":"amount_",
	"args": [ {"a":"alice_maintains_household_2048"}, 1 ]
      },
      {
	"ctor":"amount_",
	"args": [ {"a":"alice_maintains_household_2049"}, 1 ]
      },
      {
	"ctor":"amount_",
	"args": [ {"a":"alice_maintains_household_2050"}, 1 ]
      },
      {
	"ctor":"amount_",
	"args": [ {"a":"alice_maintains_household_2051"}, 1 ]
      },
      {
	"ctor":"amount_",
	"args": [ {"a":"alice_maintains_household_2052"}, 1 ]
      },
      {
	"ctor":"amount_",
	"args": [ {"a":"alice_maintains_household_2053"}, 1 ]
      },
      {
	"ctor":"amount_",
	"args": [ {"a":"alice_maintains_household_2054"}, 1 ]
      },
      {
	"ctor":"amount_",
	"args": [ {"a":"alice_maintains_household_2055"}, 1 ]
      },
      {
	"ctor":"amount_",
	"args": [ {"a":"alice_maintains_household_2056"}, 1 ]
      },
      {
	"ctor":"amount_",
	"args": [ {"a":"alice_maintains_household_2057"}, 1 ]
      },
      {
	"ctor":"amount_",
	"args": [ {"a":"alice_maintains_household_2058"}, 1 ]
      },
      {
	"ctor":"amount_",
	"args": [ {"a":"alice_maintains_household_2059"}, 1 ]
      },
      {
	"ctor":"amount_",
	"args": [ {"a":"alice_maintains_household_2060"}, 1 ]
      },
      {
	"ctor":"amount_",
	"args": [ {"a":"alice_maintains_household_2061"}, 1 ]
      },
      {
	"ctor":"amount_",
	"args": [ {"a":"alice_maintains_household_2062"}, 1 ]
      },
      {
	"ctor":"amount_",
	"args": [ {"a":"alice_maintains_household_2063"}, 1 ]
      },
      {
	"ctor":"amount_",
	"args": [ {"a":"alice_maintains_household_2064"}, 1 ]
      },
      {
	"ctor":"amount_",
	"args": [ {"a":"alice_maintains_household_2065"}, 1 ]
      },
      {
	"ctor":"amount_",
	"args": [ {"a":"alice_maintains_household_2066"}, 1 ]
      },
      {
	"ctor":"amount_",
	"args": [ {"a":"alice_maintains_household_2067"}, 1 ]
      },
      {
	"ctor":"amount_",
	"args": [ {"a":"alice_maintains_household_2068"}, 1 ]
      },
      {
	"ctor":"amount_",
	"args": [ {"a":"alice_maintains_household_2069"}, 1 ]
      },
      {
	"ctor":"amount_",
	"args": [ {"a":"alice_maintains_household_2070"}, 1 ]
      },
      {
	"ctor":"amount_",
	"args": [ {"a":"alice_maintains_household_2071"}, 1 ]
      },
      {
	"ctor":"amount_",
	"args": [ {"a":"alice_maintains_household_2072"}, 1 ]
      },
      {
	"ctor":"amount_",
	"args": [ {"a":"alice_maintains_household_2073"}, 1 ]
      },
      {
	"ctor":"amount_",
	"args": [ {"a":"alice_maintains_household_2074"}, 1 ]
      },
      {
	"ctor":"amount_",
	"args": [ {"a":"alice_maintains_household_2075"}, 1 ]
      },
      {
	"ctor":"amount_",
	"args": [ {"a":"alice_maintains_household_2076"}, 1 ]
      },
      {
	"ctor":"amount_",
	"args": [ {"a":"alice_maintains_household_2077"}, 1 ]
      },
      {
	"ctor":"amount_",
	"args": [ {"a":"alice_maintains_household_2078"}, 1 ]
      },
      {
	"ctor":"amount_",
	"args": [ {"a":"alice_maintains_household_2079"}, 1 ]
      },
      {
	"ctor":"amount_",
	"args": [ {"a":"alice_maintains_household_2080"}, 1 ]
      },
      {
	"ctor":"amount_",
	"args": [ {"a":"alice_maintains_household_2081"}, 1 ]
      },
      {
	"ctor":"amount_",
	"args": [ {"a":"alice_maintains_household_2082"}, 1 ]
      },
      {
	"ctor":"amount_",
	"args": [ {"a":"alice_maintains_household_2083"}, 1 ]
      },
      {
	"ctor":"amount_",
	"args": [ {"a":"alice_maintains_household_2084"}, 1 ]
      },
      {
	"ctor":"amount_",
	"args": [ {"a":"alice_maintains_household_2085"}, 1 ]
      },
      {
	"ctor":"amount_",
	"args": [ {"a":"alice_maintains_household_2086"}, 1 ]
      },
      {
	"ctor":"amount_",
	"args": [ {"a":"alice_maintains_household_2087"}, 1 ]
      },
      {
	"ctor":"amount_",
	"args": [ {"a":"alice_maintains_household_2088"}, 1 ]
      },
      {
	"ctor":"amount_",
	"args": [ {"a":"alice_maintains_household_2089"}, 1 ]
      },
      {
	"ctor":"amount_",
	"args": [ {"a":"alice_maintains_household_2090"}, 1 ]
      },
      {
	"ctor":"amount_",
	"args": [ {"a":"alice_maintains_household_2091"}, 1 ]
      },
      {
	"ctor":"amount_",
	"args": [ {"a":"alice_maintains_household_2092"}, 1 ]
      },
      {
	"ctor":"amount_",
	"args": [ {"a":"alice_maintains_household_2093"}, 1 ]
      },
      {
	"ctor":"amount_",
	"args": [ {"a":"alice_maintains_household_2094"}, 1 ]
      },
      {
	"ctor":"amount_",
	"args": [ {"a":"alice_maintains_household_2095"}, 1 ]
      },
      {
	"ctor":"amount_",
	"args": [ {"a":"alice_maintains_household_2096"}, 1 ]
      },
      {
	"ctor":"amount_",
	"args": [ {"a":"alice_maintains_household_2097"}, 1 ]
      },
      {
	"ctor":"amount_",
	"args": [ {"a":"alice_maintains_household_2098"}, 1 ]
      },
      {
	"ctor":"amount_",
	"args": [ {"a":"alice_maintains_household_2099"}, 1 ]
      },
      {
	"ctor":"amount_",
	"args": [ {"a":"alice_maintains_household_2100"}, 1 ]
      },
      {
	"ctor":"amount_",
	"args": [ {"a":"alice_maintains_household_2101"}, 1 ]
      },
      {
	"ctor":"amount_",
	"args": [ {"a":"alice_maintains_household_2102"}, 1 ]
      },
      {
	"ctor":"amount_",
	"args": [ {"a":"alice_maintains_household_2103"}, 1 ]
      },
      {
	"ctor":"amount_",
	"args": [ {"a":"alice_maintains_household_2104"}, 1 ]
      },
      {
	"ctor":"amount_",
	"args": [ {"a":"alice_maintains_household_2105"}, 1 ]
      },
      {
	"ctor":"amount_",
	"args": [ {"a":"alice_maintains_household_2106"}, 1 ]
      },
      {
	"ctor":"amount_",
	"args": [ {"a":"alice_maintains_household_2107"}, 1 ]
      },
      {
	"ctor":"amount_",
	"args": [ {"a":"alice_maintains_household_2108"}, 1 ]
      },
      {
	"ctor":"amount_",
	"args": [ {"a":"alice_maintains_household_2109"}, 1 ]
      },
      {
	"ctor":"amount_",
	"args": [ {"a":"alice_maintains_household_2110"}, 1 ]
      },
      {
	"ctor":"amount_",
	"args": [ {"a":"alice_maintains_household_2111"}, 1 ]
      },
      {
	"ctor":"amount_",
	"args": [ {"a":"alice_maintains_household_2112"}, 1 ]
      },
      {
	"ctor":"amount_",
	"args": [ {"a":"alice_maintains_household_2113"}, 1 ]
      },
      {
	"ctor":"amount_",
	"args": [ {"a":"alice_maintains_household_2114"}, 1 ]
      },
      {
	"ctor":"amount_",
	"args": [ {"a":"alice_maintains_household_2115"}, 1 ]
      },
      {
	"ctor":"amount_",
	"args": [ {"a":"alice_maintains_household_2116"}, 1 ]
      },
      {
	"ctor":"amount_",
	"args": [ {"a":"alice_maintains_household_2117"}, 1 ]
      },
      {
	"ctor":"purpose_",
	"args": [
	  {"val": {"a":"alice_maintains_household_2017"}},
	  {"a":"alice_s_house"}
	]
      },
      {
	"ctor":"purpose_",
	"args": [
	  {"val": {"a":"alice_maintains_household_2018"}},
	  {"a":"alice_s_house"}
	]
      },
      {
	"ctor":"purpose_",
	"args": [
	  {"val": {"a":"alice_maintains_household_2019"}},
	  {"a":"alice_s_house"}
	]
      },
      {
	"ctor":"purpose_",
	"args": [
	  {"val": {"a":"alice_maintains_household_2020"}},
	  {"a":"alice_s_house"}
	]
      },
      {
	"ctor":"purpose_",
	"args": [
	  {"val": {"a":"alice_maintains_household_2021"}},
	  {"a":"alice_s_house"}
	]
      },
      {
	"ctor":"purpose_",
	"args": [
	  {"val": {"a":"alice_maintains_household_2022"}},
	  {"a":"alice_s_house"}
	]
      },
      {
	"ctor":"purpose_",
	"args": [
	  {"val": {"a":"alice_maintains_household_2023"}},
	  {"a":"alice_s_house"}
	]
      },
      {
	"ctor":"purpose_",
	"args": [
	  {"val": {"a":"alice_maintains_household_2024"}},
	  {"a":"alice_s_house"}
	]
      },
      {
	"ctor":"purpose_",
	"args": [
	  {"val": {"a":"alice_maintains_household_2025"}},
	  {"a":"alice_s_house"}
	]
      },
      {
	"ctor":"purpose_",
	"args": [
	  {"val": {"a":"alice_maintains_household_2026"}},
	  {"a":"alice_s_house"}
	]
      },
      {
	"ctor":"purpose_",
	"args": [
	  {"val": {"a":"alice_maintains_household_2027"}},
	  {"a":"alice_s_house"}
	]
      },
      {
	"ctor":"purpose_",
	"args": [
	  {"val": {"a":"alice_maintains_household_2028"}},
	  {"a":"alice_s_house"}
	]
      },
      {
	"ctor":"purpose_",
	"args": [
	  {"val": {"a":"alice_maintains_household_2029"}},
	  {"a":"alice_s_house"}
	]
      },
      {
	"ctor":"purpose_",
	"args": [
	  {"val": {"a":"alice_maintains_household_2030"}},
	  {"a":"alice_s_house"}
	]
      },
      {
	"ctor":"purpose_",
	"args": [
	  {"val": {"a":"alice_maintains_household_2031"}},
	  {"a":"alice_s_house"}
	]
      },
      {
	"ctor":"purpose_",
	"args": [
	  {"val": {"a":"alice_maintains_household_2032"}},
	  {"a":"alice_s_house"}
	]
      },
      {
	"ctor":"purpose_",
	"args": [
	  {"val": {"a":"alice_maintains_household_2033"}},
	  {"a":"alice_s_house"}
	]
      },
      {
	"ctor":"purpose_",
	"args": [
	  {"val": {"a":"alice_maintains_household_2034"}},
	  {"a":"alice_s_house"}
	]
      },
      {
	"ctor":"purpose_",
	"args": [
	  {"val": {"a":"alice_maintains_household_2035"}},
	  {"a":"alice_s_house"}
	]
      },
      {
	"ctor":"purpose_",
	"args": [
	  {"val": {"a":"alice_maintains_household_2036"}},
	  {"a":"alice_s_house"}
	]
      },
      {
	"ctor":"purpose_",
	"args": [
	  {"val": {"a":"alice_maintains_household_2037"}},
	  {"a":"alice_s_house"}
	]
      },
      {
	"ctor":"purpose_",
	"args": [
	  {"val": {"a":"alice_maintains_household_2038"}},
	  {"a":"alice_s_house"}
	]
      },
      {
	"ctor":"purpose_",
	"args": [
	  {"val": {"a":"alice_maintains_household_2039"}},
	  {"a":"alice_s_house"}
	]
      },
      {
	"ctor":"purpose_",
	"args": [
	  {"val": {"a":"alice_maintains_household_2040"}},
	  {"a":"alice_s_house"}
	]
      },
      {
	"ctor":"purpose_",
	"args": [
	  {"val": {"a":"alice_maintains_household_2041"}},
	  {"a":"alice_s_house"}
	]
      },
      {
	"ctor":"purpose_",
	"args": [
	  {"val": {"a":"alice_maintains_household_2042"}},
	  {"a":"alice_s_house"}
	]
      },
      {
	"ctor":"purpose_",
	"args": [
	  {"val": {"a":"alice_maintains_household_2043"}},
	  {"a":"alice_s_house"}
	]
      },
      {
	"ctor":"purpose_",
	"args": [
	  {"val": {"a":"alice_maintains_household_2044"}},
	  {"a":"alice_s_house"}
	]
      },
      {
	"ctor":"purpose_",
	"args": [
	  {"val": {"a":"alice_maintains_household_2045"}},
	  {"a":"alice_s_house"}
	]
      },
      {
	"ctor":"purpose_",
	"args": [
	  {"val": {"a":"alice_maintains_household_2046"}},
	  {"a":"alice_s_house"}
	]
      },
      {
	"ctor":"purpose_",
	"args": [
	  {"val": {"a":"alice_maintains_household_2047"}},
	  {"a":"alice_s_house"}
	]
      },
      {
	"ctor":"purpose_",
	"args": [
	  {"val": {"a":"alice_maintains_household_2048"}},
	  {"a":"alice_s_house"}
	]
      },
      {
	"ctor":"purpose_",
	"args": [
	  {"val": {"a":"alice_maintains_household_2049"}},
	  {"a":"alice_s_house"}
	]
      },
      {
	"ctor":"purpose_",
	"args": [
	  {"val": {"a":"alice_maintains_household_2050"}},
	  {"a":"alice_s_house"}
	]
      },
      {
	"ctor":"purpose_",
	"args": [
	  {"val": {"a":"alice_maintains_household_2051"}},
	  {"a":"alice_s_house"}
	]
      },
      {
	"ctor":"purpose_",
	"args": [
	  {"val": {"a":"alice_maintains_household_2052"}},
	  {"a":"alice_s_house"}
	]
      },
      {
	"ctor":"purpose_",
	"args": [
	  {"val": {"a":"alice_maintains_household_2053"}},
	  {"a":"alice_s_house"}
	]
      },
      {
	"ctor":"purpose_",
	"args": [
	  {"val": {"a":"alice_maintains_household_2054"}},
	  {"a":"alice_s_house"}
	]
      },
      {
	"ctor":"purpose_",
	"args": [
	  {"val": {"a":"alice_maintains_household_2055"}},
	  {"a":"alice_s_house"}
	]
      },
      {
	"ctor":"purpose_",
	"args": [
	  {"val": {"a":"alice_maintains_household_2056"}},
	  {"a":"alice_s_house"}
	]
      },
      {
	"ctor":"purpose_",
	"args": [
	  {"val": {"a":"alice_maintains_household_2057"}},
	  {"a":"alice_s_house"}
	]
      },
      {
	"ctor":"purpose_",
	"args": [
	  {"val": {"a":"alice_maintains_household_2058"}},
	  {"a":"alice_s_house"}
	]
      },
      {
	"ctor":"purpose_",
	"args": [
	  {"val": {"a":"alice_maintains_household_2059"}},
	  {"a":"alice_s_house"}
	]
      },
      {
	"ctor":"purpose_",
	"args": [
	  {"val": {"a":"alice_maintains_household_2060"}},
	  {"a":"alice_s_house"}
	]
      },
      {
	"ctor":"purpose_",
	"args": [
	  {"val": {"a":"alice_maintains_household_2061"}},
	  {"a":"alice_s_house"}
	]
      },
      {
	"ctor":"purpose_",
	"args": [
	  {"val": {"a":"alice_maintains_household_2062"}},
	  {"a":"alice_s_house"}
	]
      },
      {
	"ctor":"purpose_",
	"args": [
	  {"val": {"a":"alice_maintains_household_2063"}},
	  {"a":"alice_s_house"}
	]
      },
      {
	"ctor":"purpose_",
	"args": [
	  {"val": {"a":"alice_maintains_household_2064"}},
	  {"a":"alice_s_house"}
	]
      },
      {
	"ctor":"purpose_",
	"args": [
	  {"val": {"a":"alice_maintains_household_2065"}},
	  {"a":"alice_s_house"}
	]
      },
      {
	"ctor":"purpose_",
	"args": [
	  {"val": {"a":"alice_maintains_household_2066"}},
	  {"a":"alice_s_house"}
	]
      },
      {
	"ctor":"purpose_",
	"args": [
	  {"val": {"a":"alice_maintains_household_2067"}},
	  {"a":"alice_s_house"}
	]
      },
      {
	"ctor":"purpose_",
	"args": [
	  {"val": {"a":"alice_maintains_household_2068"}},
	  {"a":"alice_s_house"}
	]
      },
      {
	"ctor":"purpose_",
	"args": [
	  {"val": {"a":"alice_maintains_household_2069"}},
	  {"a":"alice_s_house"}
	]
      },
      {
	"ctor":"purpose_",
	"args": [
	  {"val": {"a":"alice_maintains_household_2070"}},
	  {"a":"alice_s_house"}
	]
      },
      {
	"ctor":"purpose_",
	"args": [
	  {"val": {"a":"alice_maintains_household_2071"}},
	  {"a":"alice_s_house"}
	]
      },
      {
	"ctor":"purpose_",
	"args": [
	  {"val": {"a":"alice_maintains_household_2072"}},
	  {"a":"alice_s_house"}
	]
      },
      {
	"ctor":"purpose_",
	"args": [
	  {"val": {"a":"alice_maintains_household_2073"}},
	  {"a":"alice_s_house"}
	]
      },
      {
	"ctor":"purpose_",
	"args": [
	  {"val": {"a":"alice_maintains_household_2074"}},
	  {"a":"alice_s_house"}
	]
      },
      {
	"ctor":"purpose_",
	"args": [
	  {"val": {"a":"alice_maintains_household_2075"}},
	  {"a":"alice_s_house"}
	]
      },
      {
	"ctor":"purpose_",
	"args": [
	  {"val": {"a":"alice_maintains_household_2076"}},
	  {"a":"alice_s_house"}
	]
      },
      {
	"ctor":"purpose_",
	"args": [
	  {"val": {"a":"alice_maintains_household_2077"}},
	  {"a":"alice_s_house"}
	]
      },
      {
	"ctor":"purpose_",
	"args": [
	  {"val": {"a":"alice_maintains_household_2078"}},
	  {"a":"alice_s_house"}
	]
      },
      {
	"ctor":"purpose_",
	"args": [
	  {"val": {"a":"alice_maintains_household_2079"}},
	  {"a":"alice_s_house"}
	]
      },
      {
	"ctor":"purpose_",
	"args": [
	  {"val": {"a":"alice_maintains_household_2080"}},
	  {"a":"alice_s_house"}
	]
      },
      {
	"ctor":"purpose_",
	"args": [
	  {"val": {"a":"alice_maintains_household_2081"}},
	  {"a":"alice_s_house"}
	]
      },
      {
	"ctor":"purpose_",
	"args": [
	  {"val": {"a":"alice_maintains_household_2082"}},
	  {"a":"alice_s_house"}
	]
      },
      {
	"ctor":"purpose_",
	"args": [
	  {"val": {"a":"alice_maintains_household_2083"}},
	  {"a":"alice_s_house"}
	]
      },
      {
	"ctor":"purpose_",
	"args": [
	  {"val": {"a":"alice_maintains_household_2084"}},
	  {"a":"alice_s_house"}
	]
      },
      {
	"ctor":"purpose_",
	"args": [
	  {"val": {"a":"alice_maintains_household_2085"}},
	  {"a":"alice_s_house"}
	]
      },
      {
	"ctor":"purpose_",
	"args": [
	  {"val": {"a":"alice_maintains_household_2086"}},
	  {"a":"alice_s_house"}
	]
      },
      {
	"ctor":"purpose_",
	"args": [
	  {"val": {"a":"alice_maintains_household_2087"}},
	  {"a":"alice_s_house"}
	]
      },
      {
	"ctor":"purpose_",
	"args": [
	  {"val": {"a":"alice_maintains_household_2088"}},
	  {"a":"alice_s_house"}
	]
      },
      {
	"ctor":"purpose_",
	"args": [
	  {"val": {"a":"alice_maintains_household_2089"}},
	  {"a":"alice_s_house"}
	]
      },
      {
	"ctor":"purpose_",
	"args": [
	  {"val": {"a":"alice_maintains_household_2090"}},
	  {"a":"alice_s_house"}
	]
      },
      {
	"ctor":"purpose_",
	"args": [
	  {"val": {"a":"alice_maintains_household_2091"}},
	  {"a":"alice_s_house"}
	]
      },
      {
	"ctor":"purpose_",
	"args": [
	  {"val": {"a":"alice_maintains_household_2092"}},
	  {"a":"alice_s_house"}
	]
      },
      {
	"ctor":"purpose_",
	"args": [
	  {"val": {"a":"alice_maintains_household_2093"}},
	  {"a":"alice_s_house"}
	]
      },
      {
	"ctor":"purpose_",
	"args": [
	  {"val": {"a":"alice_maintains_household_2094"}},
	  {"a":"alice_s_house"}
	]
      },
      {
	"ctor":"purpose_",
	"args": [
	  {"val": {"a":"alice_maintains_household_2095"}},
	  {"a":"alice_s_house"}
	]
      },
      {
	"ctor":"purpose_",
	"args": [
	  {"val": {"a":"alice_maintains_household_2096"}},
	  {"a":"alice_s_house"}
	]
      },
      {
	"ctor":"purpose_",
	"args": [
	  {"val": {"a":"alice_maintains_household_2097"}},
	  {"a":"alice_s_house"}
	]
      },
      {
	"ctor":"purpose_",
	"args": [
	  {"val": {"a":"alice_maintains_household_2098"}},
	  {"a":"alice_s_house"}
	]
      },
      {
	"ctor":"purpose_",
	"args": [
	  {"val": {"a":"alice_maintains_household_2099"}},
	  {"a":"alice_s_house"}
	]
      },
      {
	"ctor":"purpose_",
	"args": [
	  {"val": {"a":"alice_maintains_household_2100"}},
	  {"a":"alice_s_house"}
	]
      },
      {
	"ctor":"purpose_",
	"args": [
	  {"val": {"a":"alice_maintains_household_2101"}},
	  {"a":"alice_s_house"}
	]
      },
      {
	"ctor":"purpose_",
	"args": [
	  {"val": {"a":"alice_maintains_household_2102"}},
	  {"a":"alice_s_house"}
	]
      },
      {
	"ctor":"purpose_",
	"args": [
	  {"val": {"a":"alice_maintains_household_2103"}},
	  {"a":"alice_s_house"}
	]
      },
      {
	"ctor":"purpose_",
	"args": [
	  {"val": {"a":"alice_maintains_household_2104"}},
	  {"a":"alice_s_house"}
	]
      },
      {
	"ctor":"purpose_",
	"args": [
	  {"val": {"a":"alice_maintains_household_2105"}},
	  {"a":"alice_s_house"}
	]
      },
      {
	"ctor":"purpose_",
	"args": [
	  {"val": {"a":"alice_maintains_household_2106"}},
	  {"a":"alice_s_house"}
	]
      },
      {
	"ctor":"purpose_",
	"args": [
	  {"val": {"a":"alice_maintains_household_2107"}},
	  {"a":"alice_s_house"}
	]
      },
      {
	"ctor":"purpose_",
	"args": [
	  {"val": {"a":"alice_maintains_household_2108"}},
	  {"a":"alice_s_house"}
	]
      },
      {
	"ctor":"purpose_",
	"args": [
	  {"val": {"a":"alice_maintains_household_2109"}},
	  {"a":"alice_s_house"}
	]
      },
      {
	"ctor":"purpose_",
	"args": [
	  {"val": {"a":"alice_maintains_household_2110"}},
	  {"a":"alice_s_house"}
	]
      },
      {
	"ctor":"purpose_",
	"args": [
	  {"val": {"a":"alice_maintains_household_2111"}},
	  {"a":"alice_s_house"}
	]
      },
      {
	"ctor":"purpose_",
	"args": [
	  {"val": {"a":"alice_maintains_household_2112"}},
	  {"a":"alice_s_house"}
	]
      },
      {
	"ctor":"purpose_",
	"args": [
	  {"val": {"a":"alice_maintains_household_2113"}},
	  {"a":"alice_s_house"}
	]
      },
      {
	"ctor":"purpose_",
	"args": [
	  {"val": {"a":"alice_maintains_household_2114"}},
	  {"a":"alice_s_house"}
	]
      },
      {
	"ctor":"purpose_",
	"args": [
	  {"val": {"a":"alice_maintains_household_2115"}},
	  {"a":"alice_s_house"}
	]
      },
      {
	"ctor":"purpose_",
	"args": [
	  {"val": {"a":"alice_maintains_household_2116"}},
	  {"a":"alice_s_house"}
	]
      },
      {
	"ctor":"purpose_",
	"args": [
	  {"val": {"a":"alice_maintains_household_2117"}},
	  {"a":"alice_s_house"}
	]
      },
      {
	"ctor":"start_",
	"args": [ {"a":"alice_maintains_household_2017"}, "2017-09-16" ]
      },
      {
	"ctor":"start_",
	"args": [ {"a":"alice_maintains_household_2018"}, "2018-01-01" ]
      },
      {
	"ctor":"start_",
	"args": [ {"a":"alice_maintains_household_2019"}, "2019-01-01" ]
      },
      {
	"ctor":"start_",
	"args": [ {"a":"alice_maintains_household_2020"}, "2020-01-01" ]
      },
      {
	"ctor":"start_",
	"args": [ {"a":"alice_maintains_household_2021"}, "2021-01-01" ]
      },
      {
	"ctor":"start_",
	"args": [ {"a":"alice_maintains_household_2022"}, "2022-01-01" ]
      },
      {
	"ctor":"start_",
	"args": [ {"a":"alice_maintains_household_2023"}, "2023-01-01" ]
      },
      {
	"ctor":"start_",
	"args": [ {"a":"alice_maintains_household_2024"}, "2024-01-01" ]
      },
      {
	"ctor":"start_",
	"args": [ {"a":"alice_maintains_household_2025"}, "2025-01-01" ]
      },
      {
	"ctor":"start_",
	"args": [ {"a":"alice_maintains_household_2026"}, "2026-01-01" ]
      },
      {
	"ctor":"start_",
	"args": [ {"a":"alice_maintains_household_2027"}, "2027-01-01" ]
      },
      {
	"ctor":"start_",
	"args": [ {"a":"alice_maintains_household_2028"}, "2028-01-01" ]
      },
      {
	"ctor":"start_",
	"args": [ {"a":"alice_maintains_household_2029"}, "2029-01-01" ]
      },
      {
	"ctor":"start_",
	"args": [ {"a":"alice_maintains_household_2030"}, "2030-01-01" ]
      },
      {
	"ctor":"start_",
	"args": [ {"a":"alice_maintains_household_2031"}, "2031-01-01" ]
      },
      {
	"ctor":"start_",
	"args": [ {"a":"alice_maintains_household_2032"}, "2032-01-01" ]
      },
      {
	"ctor":"start_",
	"args": [ {"a":"alice_maintains_household_2033"}, "2033-01-01" ]
      },
      {
	"ctor":"start_",
	"args": [ {"a":"alice_maintains_household_2034"}, "2034-01-01" ]
      },
      {
	"ctor":"start_",
	"args": [ {"a":"alice_maintains_household_2035"}, "2035-01-01" ]
      },
      {
	"ctor":"start_",
	"args": [ {"a":"alice_maintains_household_2036"}, "2036-01-01" ]
      },
      {
	"ctor":"start_",
	"args": [ {"a":"alice_maintains_household_2037"}, "2037-01-01" ]
      },
      {
	"ctor":"start_",
	"args": [ {"a":"alice_maintains_household_2038"}, "2038-01-01" ]
      },
      {
	"ctor":"start_",
	"args": [ {"a":"alice_maintains_household_2039"}, "2039-01-01" ]
      },
      {
	"ctor":"start_",
	"args": [ {"a":"alice_maintains_household_2040"}, "2040-01-01" ]
      },
      {
	"ctor":"start_",
	"args": [ {"a":"alice_maintains_household_2041"}, "2041-01-01" ]
      },
      {
	"ctor":"start_",
	"args": [ {"a":"alice_maintains_household_2042"}, "2042-01-01" ]
      },
      {
	"ctor":"start_",
	"args": [ {"a":"alice_maintains_household_2043"}, "2043-01-01" ]
      },
      {
	"ctor":"start_",
	"args": [ {"a":"alice_maintains_household_2044"}, "2044-01-01" ]
      },
      {
	"ctor":"start_",
	"args": [ {"a":"alice_maintains_household_2045"}, "2045-01-01" ]
      },
      {
	"ctor":"start_",
	"args": [ {"a":"alice_maintains_household_2046"}, "2046-01-01" ]
      },
      {
	"ctor":"start_",
	"args": [ {"a":"alice_maintains_household_2047"}, "2047-01-01" ]
      },
      {
	"ctor":"start_",
	"args": [ {"a":"alice_maintains_household_2048"}, "2048-01-01" ]
      },
      {
	"ctor":"start_",
	"args": [ {"a":"alice_maintains_household_2049"}, "2049-01-01" ]
      },
      {
	"ctor":"start_",
	"args": [ {"a":"alice_maintains_household_2050"}, "2050-01-01" ]
      },
      {
	"ctor":"start_",
	"args": [ {"a":"alice_maintains_household_2051"}, "2051-01-01" ]
      },
      {
	"ctor":"start_",
	"args": [ {"a":"alice_maintains_household_2052"}, "2052-01-01" ]
      },
      {
	"ctor":"start_",
	"args": [ {"a":"alice_maintains_household_2053"}, "2053-01-01" ]
      },
      {
	"ctor":"start_",
	"args": [ {"a":"alice_maintains_household_2054"}, "2054-01-01" ]
      },
      {
	"ctor":"start_",
	"args": [ {"a":"alice_maintains_household_2055"}, "2055-01-01" ]
      },
      {
	"ctor":"start_",
	"args": [ {"a":"alice_maintains_household_2056"}, "2056-01-01" ]
      },
      {
	"ctor":"start_",
	"args": [ {"a":"alice_maintains_household_2057"}, "2057-01-01" ]
      },
      {
	"ctor":"start_",
	"args": [ {"a":"alice_maintains_household_2058"}, "2058-01-01" ]
      },
      {
	"ctor":"start_",
	"args": [ {"a":"alice_maintains_household_2059"}, "2059-01-01" ]
      },
      {
	"ctor":"start_",
	"args": [ {"a":"alice_maintains_household_2060"}, "2060-01-01" ]
      },
      {
	"ctor":"start_",
	"args": [ {"a":"alice_maintains_household_2061"}, "2061-01-01" ]
      },
      {
	"ctor":"start_",
	"args": [ {"a":"alice_maintains_household_2062"}, "2062-01-01" ]
      },
      {
	"ctor":"start_",
	"args": [ {"a":"alice_maintains_household_2063"}, "2063-01-01" ]
      },
      {
	"ctor":"start_",
	"args": [ {"a":"alice_maintains_household_2064"}, "2064-01-01" ]
      },
      {
	"ctor":"start_",
	"args": [ {"a":"alice_maintains_household_2065"}, "2065-01-01" ]
      },
      {
	"ctor":"start_",
	"args": [ {"a":"alice_maintains_household_2066"}, "2066-01-01" ]
      },
      {
	"ctor":"start_",
	"args": [ {"a":"alice_maintains_household_2067"}, "2067-01-01" ]
      },
      {
	"ctor":"start_",
	"args": [ {"a":"alice_maintains_household_2068"}, "2068-01-01" ]
      },
      {
	"ctor":"start_",
	"args": [ {"a":"alice_maintains_household_2069"}, "2069-01-01" ]
      },
      {
	"ctor":"start_",
	"args": [ {"a":"alice_maintains_household_2070"}, "2070-01-01" ]
      },
      {
	"ctor":"start_",
	"args": [ {"a":"alice_maintains_household_2071"}, "2071-01-01" ]
      },
      {
	"ctor":"start_",
	"args": [ {"a":"alice_maintains_household_2072"}, "2072-01-01" ]
      },
      {
	"ctor":"start_",
	"args": [ {"a":"alice_maintains_household_2073"}, "2073-01-01" ]
      },
      {
	"ctor":"start_",
	"args": [ {"a":"alice_maintains_household_2074"}, "2074-01-01" ]
      },
      {
	"ctor":"start_",
	"args": [ {"a":"alice_maintains_household_2075"}, "2075-01-01" ]
      },
      {
	"ctor":"start_",
	"args": [ {"a":"alice_maintains_household_2076"}, "2076-01-01" ]
      },
      {
	"ctor":"start_",
	"args": [ {"a":"alice_maintains_household_2077"}, "2077-01-01" ]
      },
      {
	"ctor":"start_",
	"args": [ {"a":"alice_maintains_household_2078"}, "2078-01-01" ]
      },
      {
	"ctor":"start_",
	"args": [ {"a":"alice_maintains_household_2079"}, "2079-01-01" ]
      },
      {
	"ctor":"start_",
	"args": [ {"a":"alice_maintains_household_2080"}, "2080-01-01" ]
      },
      {
	"ctor":"start_",
	"args": [ {"a":"alice_maintains_household_2081"}, "2081-01-01" ]
      },
      {
	"ctor":"start_",
	"args": [ {"a":"alice_maintains_household_2082"}, "2082-01-01" ]
      },
      {
	"ctor":"start_",
	"args": [ {"a":"alice_maintains_household_2083"}, "2083-01-01" ]
      },
      {
	"ctor":"start_",
	"args": [ {"a":"alice_maintains_household_2084"}, "2084-01-01" ]
      },
      {
	"ctor":"start_",
	"args": [ {"a":"alice_maintains_household_2085"}, "2085-01-01" ]
      },
      {
	"ctor":"start_",
	"args": [ {"a":"alice_maintains_household_2086"}, "2086-01-01" ]
      },
      {
	"ctor":"start_",
	"args": [ {"a":"alice_maintains_household_2087"}, "2087-01-01" ]
      },
      {
	"ctor":"start_",
	"args": [ {"a":"alice_maintains_household_2088"}, "2088-01-01" ]
      },
      {
	"ctor":"start_",
	"args": [ {"a":"alice_maintains_household_2089"}, "2089-01-01" ]
      },
      {
	"ctor":"start_",
	"args": [ {"a":"alice_maintains_household_2090"}, "2090-01-01" ]
      },
      {
	"ctor":"start_",
	"args": [ {"a":"alice_maintains_household_2091"}, "2091-01-01" ]
      },
      {
	"ctor":"start_",
	"args": [ {"a":"alice_maintains_household_2092"}, "2092-01-01" ]
      },
      {
	"ctor":"start_",
	"args": [ {"a":"alice_maintains_household_2093"}, "2093-01-01" ]
      },
      {
	"ctor":"start_",
	"args": [ {"a":"alice_maintains_household_2094"}, "2094-01-01" ]
      },
      {
	"ctor":"start_",
	"args": [ {"a":"alice_maintains_household_2095"}, "2095-01-01" ]
      },
      {
	"ctor":"start_",
	"args": [ {"a":"alice_maintains_household_2096"}, "2096-01-01" ]
      },
      {
	"ctor":"start_",
	"args": [ {"a":"alice_maintains_household_2097"}, "2097-01-01" ]
      },
      {
	"ctor":"start_",
	"args": [ {"a":"alice_maintains_household_2098"}, "2098-01-01" ]
      },
      {
	"ctor":"start_",
	"args": [ {"a":"alice_maintains_household_2099"}, "2099-01-01" ]
      },
      {
	"ctor":"start_",
	"args": [ {"a":"alice_maintains_household_2100"}, "2100-01-01" ]
      },
      {
	"ctor":"start_",
	"args": [ {"a":"alice_maintains_household_2101"}, "2101-01-01" ]
      },
      {
	"ctor":"start_",
	"args": [ {"a":"alice_maintains_household_2102"}, "2102-01-01" ]
      },
      {
	"ctor":"start_",
	"args": [ {"a":"alice_maintains_household_2103"}, "2103-01-01" ]
      },
      {
	"ctor":"start_",
	"args": [ {"a":"alice_maintains_household_2104"}, "2104-01-01" ]
      },
      {
	"ctor":"start_",
	"args": [ {"a":"alice_maintains_household_2105"}, "2105-01-01" ]
      },
      {
	"ctor":"start_",
	"args": [ {"a":"alice_maintains_household_2106"}, "2106-01-01" ]
      },
      {
	"ctor":"start_",
	"args": [ {"a":"alice_maintains_household_2107"}, "2107-01-01" ]
      },
      {
	"ctor":"start_",
	"args": [ {"a":"alice_maintains_household_2108"}, "2108-01-01" ]
      },
      {
	"ctor":"start_",
	"args": [ {"a":"alice_maintains_household_2109"}, "2109-01-01" ]
      },
      {
	"ctor":"start_",
	"args": [ {"a":"alice_maintains_household_2110"}, "2110-01-01" ]
      },
      {
	"ctor":"start_",
	"args": [ {"a":"alice_maintains_household_2111"}, "2111-01-01" ]
      },
      {
	"ctor":"start_",
	"args": [ {"a":"alice_maintains_household_2112"}, "2112-01-01" ]
      },
      {
	"ctor":"start_",
	"args": [ {"a":"alice_maintains_household_2113"}, "2113-01-01" ]
      },
      {
	"ctor":"start_",
	"args": [ {"a":"alice_maintains_household_2114"}, "2114-01-01" ]
      },
      {
	"ctor":"start_",
	"args": [ {"a":"alice_maintains_household_2115"}, "2115-01-01" ]
      },
      {
	"ctor":"start_",
	"args": [ {"a":"alice_maintains_household_2116"}, "2116-01-01" ]
      },
      {
	"ctor":"start_",
	"args": [ {"a":"alice_maintains_household_2117"}, "2117-01-01" ]
      },
      {
	"ctor":"end_",
	"args": [ {"a":"alice_maintains_household_2017"}, "2017-12-31" ]
      },
      {
	"ctor":"end_",
	"args": [ {"a":"alice_maintains_household_2018"}, "2018-12-31" ]
      },
      {
	"ctor":"end_",
	"args": [ {"a":"alice_maintains_household_2019"}, "2019-12-31" ]
      },
      {
	"ctor":"end_",
	"args": [ {"a":"alice_maintains_household_2020"}, "2020-12-31" ]
      },
      {
	"ctor":"end_",
	"args": [ {"a":"alice_maintains_household_2021"}, "2021-12-31" ]
      },
      {
	"ctor":"end_",
	"args": [ {"a":"alice_maintains_household_2022"}, "2022-12-31" ]
      },
      {
	"ctor":"end_",
	"args": [ {"a":"alice_maintains_household_2023"}, "2023-12-31" ]
      },
      {
	"ctor":"end_",
	"args": [ {"a":"alice_maintains_household_2024"}, "2024-12-31" ]
      },
      {
	"ctor":"end_",
	"args": [ {"a":"alice_maintains_household_2025"}, "2025-12-31" ]
      },
      {
	"ctor":"end_",
	"args": [ {"a":"alice_maintains_household_2026"}, "2026-12-31" ]
      },
      {
	"ctor":"end_",
	"args": [ {"a":"alice_maintains_household_2027"}, "2027-12-31" ]
      },
      {
	"ctor":"end_",
	"args": [ {"a":"alice_maintains_household_2028"}, "2028-12-31" ]
      },
      {
	"ctor":"end_",
	"args": [ {"a":"alice_maintains_household_2029"}, "2029-12-31" ]
      },
      {
	"ctor":"end_",
	"args": [ {"a":"alice_maintains_household_2030"}, "2030-12-31" ]
      },
      {
	"ctor":"end_",
	"args": [ {"a":"alice_maintains_household_2031"}, "2031-12-31" ]
      },
      {
	"ctor":"end_",
	"args": [ {"a":"alice_maintains_household_2032"}, "2032-12-31" ]
      },
      {
	"ctor":"end_",
	"args": [ {"a":"alice_maintains_household_2033"}, "2033-12-31" ]
      },
      {
	"ctor":"end_",
	"args": [ {"a":"alice_maintains_household_2034"}, "2034-12-31" ]
      },
      {
	"ctor":"end_",
	"args": [ {"a":"alice_maintains_household_2035"}, "2035-12-31" ]
      },
      {
	"ctor":"end_",
	"args": [ {"a":"alice_maintains_household_2036"}, "2036-12-31" ]
      },
      {
	"ctor":"end_",
	"args": [ {"a":"alice_maintains_household_2037"}, "2037-12-31" ]
      },
      {
	"ctor":"end_",
	"args": [ {"a":"alice_maintains_household_2038"}, "2038-12-31" ]
      },
      {
	"ctor":"end_",
	"args": [ {"a":"alice_maintains_household_2039"}, "2039-12-31" ]
      },
      {
	"ctor":"end_",
	"args": [ {"a":"alice_maintains_household_2040"}, "2040-12-31" ]
      },
      {
	"ctor":"end_",
	"args": [ {"a":"alice_maintains_household_2041"}, "2041-12-31" ]
      },
      {
	"ctor":"end_",
	"args": [ {"a":"alice_maintains_household_2042"}, "2042-12-31" ]
      },
      {
	"ctor":"end_",
	"args": [ {"a":"alice_maintains_household_2043"}, "2043-12-31" ]
      },
      {
	"ctor":"end_",
	"args": [ {"a":"alice_maintains_household_2044"}, "2044-12-31" ]
      },
      {
	"ctor":"end_",
	"args": [ {"a":"alice_maintains_household_2045"}, "2045-12-31" ]
      },
      {
	"ctor":"end_",
	"args": [ {"a":"alice_maintains_household_2046"}, "2046-12-31" ]
      },
      {
	"ctor":"end_",
	"args": [ {"a":"alice_maintains_household_2047"}, "2047-12-31" ]
      },
      {
	"ctor":"end_",
	"args": [ {"a":"alice_maintains_household_2048"}, "2048-12-31" ]
      },
      {
	"ctor":"end_",
	"args": [ {"a":"alice_maintains_household_2049"}, "2049-12-31" ]
      },
      {
	"ctor":"end_",
	"args": [ {"a":"alice_maintains_household_2050"}, "2050-12-31" ]
      },
      {
	"ctor":"end_",
	"args": [ {"a":"alice_maintains_household_2051"}, "2051-12-31" ]
      },
      {
	"ctor":"end_",
	"args": [ {"a":"alice_maintains_household_2052"}, "2052-12-31" ]
      },
      {
	"ctor":"end_",
	"args": [ {"a":"alice_maintains_household_2053"}, "2053-12-31" ]
      },
      {
	"ctor":"end_",
	"args": [ {"a":"alice_maintains_household_2054"}, "2054-12-31" ]
      },
      {
	"ctor":"end_",
	"args": [ {"a":"alice_maintains_household_2055"}, "2055-12-31" ]
      },
      {
	"ctor":"end_",
	"args": [ {"a":"alice_maintains_household_2056"}, "2056-12-31" ]
      },
      {
	"ctor":"end_",
	"args": [ {"a":"alice_maintains_household_2057"}, "2057-12-31" ]
      },
      {
	"ctor":"end_",
	"args": [ {"a":"alice_maintains_household_2058"}, "2058-12-31" ]
      },
      {
	"ctor":"end_",
	"args": [ {"a":"alice_maintains_household_2059"}, "2059-12-31" ]
      },
      {
	"ctor":"end_",
	"args": [ {"a":"alice_maintains_household_2060"}, "2060-12-31" ]
      },
      {
	"ctor":"end_",
	"args": [ {"a":"alice_maintains_household_2061"}, "2061-12-31" ]
      },
      {
	"ctor":"end_",
	"args": [ {"a":"alice_maintains_household_2062"}, "2062-12-31" ]
      },
      {
	"ctor":"end_",
	"args": [ {"a":"alice_maintains_household_2063"}, "2063-12-31" ]
      },
      {
	"ctor":"end_",
	"args": [ {"a":"alice_maintains_household_2064"}, "2064-12-31" ]
      },
      {
	"ctor":"end_",
	"args": [ {"a":"alice_maintains_household_2065"}, "2065-12-31" ]
      },
      {
	"ctor":"end_",
	"args": [ {"a":"alice_maintains_household_2066"}, "2066-12-31" ]
      },
      {
	"ctor":"end_",
	"args": [ {"a":"alice_maintains_household_2067"}, "2067-12-31" ]
      },
      {
	"ctor":"end_",
	"args": [ {"a":"alice_maintains_household_2068"}, "2068-12-31" ]
      },
      {
	"ctor":"end_",
	"args": [ {"a":"alice_maintains_household_2069"}, "2069-12-31" ]
      },
      {
	"ctor":"end_",
	"args": [ {"a":"alice_maintains_household_2070"}, "2070-12-31" ]
      },
      {
	"ctor":"end_",
	"args": [ {"a":"alice_maintains_household_2071"}, "2071-12-31" ]
      },
      {
	"ctor":"end_",
	"args": [ {"a":"alice_maintains_household_2072"}, "2072-12-31" ]
      },
      {
	"ctor":"end_",
	"args": [ {"a":"alice_maintains_household_2073"}, "2073-12-31" ]
      },
      {
	"ctor":"end_",
	"args": [ {"a":"alice_maintains_household_2074"}, "2074-12-31" ]
      },
      {
	"ctor":"end_",
	"args": [ {"a":"alice_maintains_household_2075"}, "2075-12-31" ]
      },
      {
	"ctor":"end_",
	"args": [ {"a":"alice_maintains_household_2076"}, "2076-12-31" ]
      },
      {
	"ctor":"end_",
	"args": [ {"a":"alice_maintains_household_2077"}, "2077-12-31" ]
      },
      {
	"ctor":"end_",
	"args": [ {"a":"alice_maintains_household_2078"}, "2078-12-31" ]
      },
      {
	"ctor":"end_",
	"args": [ {"a":"alice_maintains_household_2079"}, "2079-12-31" ]
      },
      {
	"ctor":"end_",
	"args": [ {"a":"alice_maintains_household_2080"}, "2080-12-31" ]
      },
      {
	"ctor":"end_",
	"args": [ {"a":"alice_maintains_household_2081"}, "2081-12-31" ]
      },
      {
	"ctor":"end_",
	"args": [ {"a":"alice_maintains_household_2082"}, "2082-12-31" ]
      },
      {
	"ctor":"end_",
	"args": [ {"a":"alice_maintains_household_2083"}, "2083-12-31" ]
      },
      {
	"ctor":"end_",
	"args": [ {"a":"alice_maintains_household_2084"}, "2084-12-31" ]
      },
      {
	"ctor":"end_",
	"args": [ {"a":"alice_maintains_household_2085"}, "2085-12-31" ]
      },
      {
	"ctor":"end_",
	"args": [ {"a":"alice_maintains_household_2086"}, "2086-12-31" ]
      },
      {
	"ctor":"end_",
	"args": [ {"a":"alice_maintains_household_2087"}, "2087-12-31" ]
      },
      {
	"ctor":"end_",
	"args": [ {"a":"alice_maintains_household_2088"}, "2088-12-31" ]
      },
      {
	"ctor":"end_",
	"args": [ {"a":"alice_maintains_household_2089"}, "2089-12-31" ]
      },
      {
	"ctor":"end_",
	"args": [ {"a":"alice_maintains_household_2090"}, "2090-12-31" ]
      },
      {
	"ctor":"end_",
	"args": [ {"a":"alice_maintains_household_2091"}, "2091-12-31" ]
      },
      {
	"ctor":"end_",
	"args": [ {"a":"alice_maintains_household_2092"}, "2092-12-31" ]
      },
      {
	"ctor":"end_",
	"args": [ {"a":"alice_maintains_household_2093"}, "2093-12-31" ]
      },
      {
	"ctor":"end_",
	"args": [ {"a":"alice_maintains_household_2094"}, "2094-12-31" ]
      },
      {
	"ctor":"end_",
	"args": [ {"a":"alice_maintains_household_2095"}, "2095-12-31" ]
      },
      {
	"ctor":"end_",
	"args": [ {"a":"alice_maintains_household_2096"}, "2096-12-31" ]
      },
      {
	"ctor":"end_",
	"args": [ {"a":"alice_maintains_household_2097"}, "2097-12-31" ]
      },
      {
	"ctor":"end_",
	"args": [ {"a":"alice_maintains_household_2098"}, "2098-12-31" ]
      },
      {
	"ctor":"end_",
	"args": [ {"a":"alice_maintains_household_2099"}, "2099-12-31" ]
      },
      {
	"ctor":"end_",
	"args": [ {"a":"alice_maintains_household_2100"}, "2100-12-31" ]
      },
      {
	"ctor":"end_",
	"args": [ {"a":"alice_maintains_household_2101"}, "2101-12-31" ]
      },
      {
	"ctor":"end_",
	"args": [ {"a":"alice_maintains_household_2102"}, "2102-12-31" ]
      },
      {
	"ctor":"end_",
	"args": [ {"a":"alice_maintains_household_2103"}, "2103-12-31" ]
      },
      {
	"ctor":"end_",
	"args": [ {"a":"alice_maintains_household_2104"}, "2104-12-31" ]
      },
      {
	"ctor":"end_",
	"args": [ {"a":"alice_maintains_household_2105"}, "2105-12-31" ]
      },
      {
	"ctor":"end_",
	"args": [ {"a":"alice_maintains_household_2106"}, "2106-12-31" ]
      },
      {
	"ctor":"end_",
	"args": [ {"a":"alice_maintains_household_2107"}, "2107-12-31" ]
      },
      {
	"ctor":"end_",
	"args": [ {"a":"alice_maintains_household_2108"}, "2108-12-31" ]
      },
      {
	"ctor":"end_",
	"args": [ {"a":"alice_maintains_household_2109"}, "2109-12-31" ]
      },
      {
	"ctor":"end_",
	"args": [ {"a":"alice_maintains_household_2110"}, "2110-12-31" ]
      },
      {
	"ctor":"end_",
	"args": [ {"a":"alice_maintains_household_2111"}, "2111-12-31" ]
      },
      {
	"ctor":"end_",
	"args": [ {"a":"alice_maintains_household_2112"}, "2112-12-31" ]
      },
      {
	"ctor":"end_",
	"args": [ {"a":"alice_maintains_household_2113"}, "2113-12-31" ]
      },
      {
	"ctor":"end_",
	"args": [ {"a":"alice_maintains_household_2114"}, "2114-12-31" ]
      },
      {
	"ctor":"end_",
	"args": [ {"a":"alice_maintains_household_2115"}, "2115-12-31" ]
      },
      {
	"ctor":"end_",
	"args": [ {"a":"alice_maintains_household_2116"}, "2116-12-31" ]
      },
      {
	"ctor":"end_",
	"args": [ {"a":"alice_maintains_household_2117"}, "2117-12-31" ]
      }
    ],
    "stipulations": [
      {
	"pred":"s151_c_applies_3",
	"args": [
	  {"val": {"a":"alice"}},
	  {"val": {"a":"charlie"}},
	  {"val":2017}
	]
      },
      {
	"pred":"s151_c_applies_3",
	"args": [
	  {"val": {"a":"alice"}},
	  {"val": {"a":"charlie"}},
	  {"val":2018}
	]
      },
      {
	"pred":"s151_c_applies_3",
	"args": [
	  {"val": {"a":"alice"}},
	  {"val": {"a":"charlie"}},
	  {"val":2019}
	]
      }
    ]
  },
  "unary": [
    {
      "source_clause":1,
      "predicate":"marriage_",
      "event": {"a":"alice_and_bob"}
    },
    {
      "source_clause":5,
      "predicate":"son_",
      "event": {"a":"charlie_is_born"}
    },
    {
      "source_clause":10,
      "predicate":"residence_",
      "event": {"a":"alice_residence"}
    },
    {
      "source_clause":14,
      "predicate":"residence_",
      "event": {"a":"charlie_residence"}
    },
    {
      "source_clause":18,
      "predicate":"payment_",
      "event": {"a":"alice_maintains_household_2017"}
    },
    {
      "source_clause":19,
      "predicate":"payment_",
      "event": {"a":"alice_maintains_household_2018"}
    },
    {
      "source_clause":20,
      "predicate":"payment_",
      "event": {"a":"alice_maintains_household_2019"}
    },
    {
      "source_clause":21,
      "predicate":"payment_",
      "event": {"a":"alice_maintains_household_2020"}
    },
    {
      "source_clause":22,
      "predicate":"payment_",
      "event": {"a":"alice_maintains_household_2021"}
    },
    {
      "source_clause":23,
      "predicate":"payment_",
      "event": {"a":"alice_maintains_household_2022"}
    },
    {
      "source_clause":24,
      "predicate":"payment_",
      "event": {"a":"alice_maintains_household_2023"}
    },
    {
      "source_clause":25,
      "predicate":"payment_",
      "event": {"a":"alice_maintains_household_2024"}
    },
    {
      "source_clause":26,
      "predicate":"payment_",
      "event": {"a":"alice_maintains_household_2025"}
    },
    {
      "source_clause":27,
      "predicate":"payment_",
      "event": {"a":"alice_maintains_household_2026"}
    },
    {
      "source_clause":28,
      "predicate":"payment_",
      "event": {"a":"alice_maintains_household_2027"}
    },
    {
      "source_clause":29,
      "predicate":"payment_",
      "event": {"a":"alice_maintains_household_2028"}
    },
    {
      "source_clause":30,
      "predicate":"payment_",
      "event": {"a":"alice_maintains_household_2029"}
    },
    {
      "source_clause":31,
      "predicate":"payment_",
      "event": {"a":"alice_maintains_household_2030"}
    },
    {
      "source_clause":32,
      "predicate":"payment_",
      "event": {"a":"alice_maintains_household_2031"}
    },
    {
      "source_clause":33,
      "predicate":"payment_",
      "event": {"a":"alice_maintains_household_2032"}
    },
    {
      "source_clause":34,
      "predicate":"payment_",
      "event": {"a":"alice_maintains_household_2033"}
    },
    {
      "source_clause":35,
      "predicate":"payment_",
      "event": {"a":"alice_maintains_household_2034"}
    },
    {
      "source_clause":36,
      "predicate":"payment_",
      "event": {"a":"alice_maintains_household_2035"}
    },
    {
      "source_clause":37,
      "predicate":"payment_",
      "event": {"a":"alice_maintains_household_2036"}
    },
    {
      "source_clause":38,
      "predicate":"payment_",
      "event": {"a":"alice_maintains_household_2037"}
    },
    {
      "source_clause":39,
      "predicate":"payment_",
      "event": {"a":"alice_maintains_household_2038"}
    },
    {
      "source_clause":40,
      "predicate":"payment_",
      "event": {"a":"alice_maintains_household_2039"}
    },
    {
      "source_clause":41,
      "predicate":"payment_",
      "event": {"a":"alice_maintains_household_2040"}
    },
    {
      "source_clause":42,
      "predicate":"payment_",
      "event": {"a":"alice_maintains_household_2041"}
    },
    {
      "source_clause":43,
      "predicate":"payment_",
      "event": {"a":"alice_maintains_household_2042"}
    },
    {
      "source_clause":44,
      "predicate":"payment_",
      "event": {"a":"alice_maintains_household_2043"}
    },
    {
      "source_clause":45,
      "predicate":"payment_",
      "event": {"a":"alice_maintains_household_2044"}
    },
    {
      "source_clause":46,
      "predicate":"payment_",
      "event": {"a":"alice_maintains_household_2045"}
    },
    {
      "source_clause":47,
      "predicate":"payment_",
      "event": {"a":"alice_maintains_household_2046"}
    },
    {
      "source_clause":48,
      "predicate":"payment_",
      "event": {"a":"alice_maintains_household_2047"}
    },
    {
      "source_clause":49,
      "predicate":"payment_",
      "event": {"a":"alice_maintains_household_2048"}
    },
    {
      "source_clause":50,
      "predicate":"payment_",
      "event": {"a":"alice_maintains_household_2049"}
    },
    {
      "source_clause":51,
      "predicate":"payment_",
      "event": {"a":"alice_maintains_household_2050"}
    },
    {
      "source_clause":52,
      "predicate":"payment_",
      "event": {"a":"alice_maintains_household_2051"}
    },
    {
      "source_clause":53,
      "predicate":"payment_",
      "event": {"a":"alice_maintains_household_2052"}
    },
    {
      "source_clause":54,
      "predicate":"payment_",
      "event": {"a":"alice_maintains_household_2053"}
    },
    {
      "source_clause":55,
      "predicate":"payment_",
      "event": {"a":"alice_maintains_household_2054"}
    },
    {
      "source_clause":56,
      "predicate":"payment_",
      "event": {"a":"alice_maintains_household_2055"}
    },
    {
      "source_clause":57,
      "predicate":"payment_",
      "event": {"a":"alice_maintains_household_2056"}
    },
    {
      "source_clause":58,
      "predicate":"payment_",
      "event": {"a":"alice_maintains_household_2057"}
    },
    {
      "source_clause":59,
      "predicate":"payment_",
      "event": {"a":"alice_maintains_household_2058"}
    },
    {
      "source_clause":60,
      "predicate":"payment_",
      "event": {"a":"alice_maintains_household_2059"}
    },
    {
      "source_clause":61,
      "predicate":"payment_",
      "event": {"a":"alice_maintains_household_2060"}
    },
    {
      "source_clause":62,
      "predicate":"payment_",
      "event": {"a":"alice_maintains_household_2061"}
    },
    {
      "source_clause":63,
      "predicate":"payment_",
      "event": {"a":"alice_maintains_household_2062"}
    },
    {
      "source_clause":64,
      "predicate":"payment_",
      "event": {"a":"alice_maintains_household_2063"}
    },
    {
      "source_clause":65,
      "predicate":"payment_",
      "event": {"a":"alice_maintains_household_2064"}
    },
    {
      "source_clause":66,
      "predicate":"payment_",
      "event": {"a":"alice_maintains_household_2065"}
    },
    {
      "source_clause":67,
      "predicate":"payment_",
      "event": {"a":"alice_maintains_household_2066"}
    },
    {
      "source_clause":68,
      "predicate":"payment_",
      "event": {"a":"alice_maintains_household_2067"}
    },
    {
      "source_clause":69,
      "predicate":"payment_",
      "event": {"a":"alice_maintains_household_2068"}
    },
    {
      "source_clause":70,
      "predicate":"payment_",
      "event": {"a":"alice_maintains_household_2069"}
    },
    {
      "source_clause":71,
      "predicate":"payment_",
      "event": {"a":"alice_maintains_household_2070"}
    },
    {
      "source_clause":72,
      "predicate":"payment_",
      "event": {"a":"alice_maintains_household_2071"}
    },
    {
      "source_clause":73,
      "predicate":"payment_",
      "event": {"a":"alice_maintains_household_2072"}
    },
    {
      "source_clause":74,
      "predicate":"payment_",
      "event": {"a":"alice_maintains_household_2073"}
    },
    {
      "source_clause":75,
      "predicate":"payment_",
      "event": {"a":"alice_maintains_household_2074"}
    },
    {
      "source_clause":76,
      "predicate":"payment_",
      "event": {"a":"alice_maintains_household_2075"}
    },
    {
      "source_clause":77,
      "predicate":"payment_",
      "event": {"a":"alice_maintains_household_2076"}
    },
    {
      "source_clause":78,
      "predicate":"payment_",
      "event": {"a":"alice_maintains_household_2077"}
    },
    {
      "source_clause":79,
      "predicate":"payment_",
      "event": {"a":"alice_maintains_household_2078"}
    },
    {
      "source_clause":80,
      "predicate":"payment_",
      "event": {"a":"alice_maintains_household_2079"}
    },
    {
      "source_clause":81,
      "predicate":"payment_",
      "event": {"a":"alice_maintains_household_2080"}
    },
    {
      "source_clause":82,
      "predicate":"payment_",
      "event": {"a":"alice_maintains_household_2081"}
    },
    {
      "source_clause":83,
      "predicate":"payment_",
      "event": {"a":"alice_maintains_household_2082"}
    },
    {
      "source_clause":84,
      "predicate":"payment_",
      "event": {"a":"alice_maintains_household_2083"}
    },
    {
      "source_clause":85,
      "predicate":"payment_",
      "event": {"a":"alice_maintains_household_2084"}
    },
    {
      "source_clause":86,
      "predicate":"payment_",
      "event": {"a":"alice_maintains_household_2085"}
    },
    {
      "source_clause":87,
      "predicate":"payment_",
      "event": {"a":"alice_maintains_household_2086"}
    },
    {
      "source_clause":88,
      "predicate":"payment_",
      "event": {"a":"alice_maintains_household_2087"}
    },
    {
      "source_clause":89,
      "predicate":"payment_",
      "event": {"a":"alice_maintains_household_2088"}
    },
    {
      "source_clause":90,
      "predicate":"payment_",
      "event": {"a":"alice_maintains_household_2089"}
    },
    {
      "source_clause":91,
      "predicate":"payment_",
      "event": {"a":"alice_maintains_household_2090"}
    },
    {
      "source_clause":92,
      "predicate":"payment_",
      "event": {"a":"alice_maintains_household_2091"}
    },
    {
      "source_clause":93,
      "predicate":"payment_",
      "event": {"a":"alice_maintains_household_2092"}
    },
    {
      "source_clause":94,
      "predicate":"payment_",
      "event": {"a":"alice_maintains_household_2093"}
    },
    {
      "source_clause":95,
      "predicate":"payment_",
      "event": {"a":"alice_maintains_household_2094"}
    },
    {
      "source_clause":96,
      "predicate":"payment_",
      "event": {"a":"alice_maintains_household_2095"}
    },
    {
      "source_clause":97,
      "predicate":"payment_",
      "event": {"a":"alice_maintains_household_2096"}
    },
    {
      "source_clause":98,
      "predicate":"payment_",
      "event": {"a":"alice_maintains_household_2097"}
    },
    {
      "source_clause":99,
      "predicate":"payment_",
      "event": {"a":"alice_maintains_household_2098"}
    },
    {
      "source_clause":100,
      "predicate":"payment_",
      "event": {"a":"alice_maintains_household_2099"}
    },
    {
      "source_clause":101,
      "predicate":"payment_",
      "event": {"a":"alice_maintains_household_2100"}
    },
    {
      "source_clause":102,
      "predicate":"payment_",
      "event": {"a":"alice_maintains_household_2101"}
    },
    {
      "source_clause":103,
      "predicate":"payment_",
      "event": {"a":"alice_maintains_household_2102"}
    },
    {
      "source_clause":104,
      "predicate":"payment_",
      "event": {"a":"alice_maintains_household_2103"}
    },
    {
      "source_clause":105,
      "predicate":"payment_",
      "event": {"a":"alice_maintains_household_2104"}
    },
    {
      "source_clause":106,
      "predicate":"payment_",
      "event": {"a":"alice_maintains_household_2105"}
    },
    {
      "source_clause":107,
      "predicate":"payment_",
      "event": {"a":"alice_maintains_household_2106"}
    },
    {
      "source_clause":108,
      "predicate":"payment_",
      "event": {"a":"alice_maintains_household_2107"}
    },
    {
      "source_clause":109,
      "predicate":"payment_",
      "event": {"a":"alice_maintains_household_2108"}
    },
    {
      "source_clause":110,
      "predicate":"payment_",
      "event": {"a":"alice_maintains_household_2109"}
    },
    {
      "source_clause":111,
      "predicate":"payment_",
      "event": {"a":"alice_maintains_household_2110"}
    },
    {
      "source_clause":112,
      "predicate":"payment_",
      "event": {"a":"alice_maintains_household_2111"}
    },
    {
      "source_clause":113,
      "predicate":"payment_",
      "event": {"a":"alice_maintains_household_2112"}
    },
    {
      "source_clause":114,
      "predicate":"payment_",
      "event": {"a":"alice_maintains_household_2113"}
    },
    {
      "source_clause":115,
      "predicate":"payment_",
      "event": {"a":"alice_maintains_household_2114"}
    },
    {
      "source_clause":116,
      "predicate":"payment_",
      "event": {"a":"alice_maintains_household_2115"}
    },
    {
      "source_clause":117,
      "predicate":"payment_",
      "event": {"a":"alice_maintains_household_2116"}
    },
    {
      "source_clause":118,
      "predicate":"payment_",
      "event": {"a":"alice_maintains_household_2117"}
    }
  ],
  "event_domain": [
    {"a":"alice_and_bob"},
    {"a":"charlie_is_born"},
    {"a":"alice_residence"},
    {"a":"charlie_residence"},
    {"a":"alice_maintains_household_2017"},
    {"a":"alice_maintains_household_2018"},
    {"a":"alice_maintains_household_2019"},
    {"a":"alice_maintains_household_2020"},
    {"a":"alice_maintains_household_2021"},
    {"a":"alice_maintains_household_2022"},
    {"a":"alice_maintains_household_2023"},
    {"a":"alice_maintains_household_2024"},
    {"a":"alice_maintains_household_2025"},
    {"a":"alice_maintains_household_2026"},
    {"a":"alice_maintains_household_2027"},
    {"a":"alice_maintains_household_2028"},
    {"a":"alice_maintains_household_2029"},
    {"a":"alice_maintains_household_2030"},
    {"a":"alice_maintains_household_2031"},
    {"a":"alice_maintains_household_2032"},
    {"a":"alice_maintains_household_2033"},
    {"a":"alice_maintains_household_2034"},
    {"a":"alice_maintains_household_2035"},
    {"a":"alice_maintains_household_2036"},
    {"a":"alice_maintains_household_2037"},
    {"a":"alice_maintains_household_2038"},
    {"a":"alice_maintains_household_2039"},
    {"a":"alice_maintains_household_2040"},
    {"a":"alice_maintains_household_2041"},
    {"a":"alice_maintains_household_2042"},
    {"a":"alice_maintains_household_2043"},
    {"a":"alice_maintains_household_2044"},
    {"a":"alice_maintains_household_2045"},
    {"a":"alice_maintains_household_2046"},
    {"a":"alice_maintains_household_2047"},
    {"a":"alice_maintains_household_2048"},
    {"a":"alice_maintains_household_2049"},
    {"a":"alice_maintains_household_2050"},
    {"a":"alice_maintains_household_2051"},
    {"a":"alice_maintains_household_2052"},
    {"a":"alice_maintains_household_2053"},
    {"a":"alice_maintains_household_2054"},
    {"a":"alice_maintains_household_2055"},
    {"a":"alice_maintains_household_2056"},
    {"a":"alice_maintains_household_2057"},
    {"a":"alice_maintains_household_2058"},
    {"a":"alice_maintains_household_2059"},
    {"a":"alice_maintains_household_2060"},
    {"a":"alice_maintains_household_2061"},
    {"a":"alice_maintains_household_2062"},
    {"a":"alice_maintains_household_2063"},
    {"a":"alice_maintains_household_2064"},
    {"a":"alice_maintains_household_2065"},
    {"a":"alice_maintains_household_2066"},
    {"a":"alice_maintains_household_2067"},
    {"a":"alice_maintains_household_2068"},
    {"a":"alice_maintains_household_2069"},
    {"a":"alice_maintains_household_2070"},
    {"a":"alice_maintains_household_2071"},
    {"a":"alice_maintains_household_2072"},
    {"a":"alice_maintains_household_2073"},
    {"a":"alice_maintains_household_2074"},
    {"a":"alice_maintains_household_2075"},
    {"a":"alice_maintains_household_2076"},
    {"a":"alice_maintains_household_2077"},
    {"a":"alice_maintains_household_2078"},
    {"a":"alice_maintains_household_2079"},
    {"a":"alice_maintains_household_2080"},
    {"a":"alice_maintains_household_2081"},
    {"a":"alice_maintains_household_2082"},
    {"a":"alice_maintains_household_2083"},
    {"a":"alice_maintains_household_2084"},
    {"a":"alice_maintains_household_2085"},
    {"a":"alice_maintains_household_2086"},
    {"a":"alice_maintains_household_2087"},
    {"a":"alice_maintains_household_2088"},
    {"a":"alice_maintains_household_2089"},
    {"a":"alice_maintains_household_2090"},
    {"a":"alice_maintains_household_2091"},
    {"a":"alice_maintains_household_2092"},
    {"a":"alice_maintains_household_2093"},
    {"a":"alice_maintains_household_2094"},
    {"a":"alice_maintains_household_2095"},
    {"a":"alice_maintains_household_2096"},
    {"a":"alice_maintains_household_2097"},
    {"a":"alice_maintains_household_2098"},
    {"a":"alice_maintains_household_2099"},
    {"a":"alice_maintains_household_2100"},
    {"a":"alice_maintains_household_2101"},
    {"a":"alice_maintains_household_2102"},
    {"a":"alice_maintains_household_2103"},
    {"a":"alice_maintains_household_2104"},
    {"a":"alice_maintains_household_2105"},
    {"a":"alice_maintains_household_2106"},
    {"a":"alice_maintains_household_2107"},
    {"a":"alice_maintains_household_2108"},
    {"a":"alice_maintains_household_2109"},
    {"a":"alice_maintains_household_2110"},
    {"a":"alice_maintains_household_2111"},
    {"a":"alice_maintains_household_2112"},
    {"a":"alice_maintains_household_2113"},
    {"a":"alice_maintains_household_2114"},
    {"a":"alice_maintains_household_2115"},
    {"a":"alice_maintains_household_2116"},
    {"a":"alice_maintains_household_2117"}
  ],
  "fact_source_clauses": [
    1,
    2,
    3,
    4,
    5,
    6,
    7,
    8,
    9,
    10,
    11,
    12,
    13,
    14,
    15,
    16,
    17,
    18,
    19,
    20,
    21,
    22,
    23,
    24,
    25,
    26,
    27,
    28,
    29,
    30,
    31,
    32,
    33,
    34,
    35,
    36,
    37,
    38,
    39,
    40,
    41,
    42,
    43,
    44,
    45,
    46,
    47,
    48,
    49,
    50,
    51,
    52,
    53,
    54,
    55,
    56,
    57,
    58,
    59,
    60,
    61,
    62,
    63,
    64,
    65,
    66,
    67,
    68,
    69,
    70,
    71,
    72,
    73,
    74,
    75,
    76,
    77,
    78,
    79,
    80,
    81,
    82,
    83,
    84,
    85,
    86,
    87,
    88,
    89,
    90,
    91,
    92,
    93,
    94,
    95,
    96,
    97,
    98,
    99,
    100,
    101,
    102,
    103,
    104,
    105,
    106,
    107,
    108,
    109,
    110,
    111,
    112,
    113,
    114,
    115,
    116,
    117,
    118,
    119,
    120,
    121,
    122,
    123,
    124,
    125,
    126,
    127,
    128,
    129,
    130,
    131,
    132,
    133,
    134,
    135,
    136,
    137,
    138,
    139,
    140,
    141,
    142,
    143,
    144,
    145,
    146,
    147,
    148,
    149,
    150,
    151,
    152,
    153,
    154,
    155,
    156,
    157,
    158,
    159,
    160,
    161,
    162,
    163,
    164,
    165,
    166,
    167,
    168,
    169,
    170,
    171,
    172,
    173,
    174,
    175,
    176,
    177,
    178,
    179,
    180,
    181,
    182,
    183,
    184,
    185,
    186,
    187,
    188,
    189,
    190,
    191,
    192,
    193,
    194,
    195,
    196,
    197,
    198,
    199,
    200,
    201,
    202,
    203,
    204,
    205,
    206,
    207,
    208,
    209,
    210,
    211,
    212,
    213,
    214,
    215,
    216,
    217,
    218,
    219,
    220,
    221,
    222,
    223,
    224,
    225,
    226,
    227,
    228,
    229,
    230,
    231,
    232,
    233,
    234,
    235,
    236,
    237,
    238,
    239,
    240,
    241,
    242,
    243,
    244,
    245,
    246,
    247,
    248,
    249,
    250,
    251,
    252,
    253,
    254,
    255,
    256,
    257,
    258,
    259,
    260,
    261,
    262,
    263,
    264,
    265,
    266,
    267,
    268,
    269,
    270,
    271,
    272,
    273,
    274,
    275,
    276,
    277,
    278,
    279,
    280,
    281,
    282,
    283,
    284,
    285,
    286,
    287,
    288,
    289,
    290,
    291,
    292,
    293,
    294,
    295,
    296,
    297,
    298,
    299,
    300,
    301,
    302,
    303,
    304,
    305,
    306,
    307,
    308,
    309,
    310,
    311,
    312,
    313,
    314,
    315,
    316,
    317,
    318,
    319,
    320,
    321,
    322,
    323,
    324,
    325,
    326,
    327,
    328,
    329,
    330,
    331,
    332,
    333,
    334,
    335,
    336,
    337,
    338,
    339,
    340,
    341,
    342,
    343,
    344,
    345,
    346,
    347,
    348,
    349,
    350,
    351,
    352,
    353,
    354,
    355,
    356,
    357,
    358,
    359,
    360,
    361,
    362,
    363,
    364,
    365,
    366,
    367,
    368,
    369,
    370,
    371,
    372,
    373,
    374,
    375,
    376,
    377,
    378,
    379,
    380,
    381,
    382,
    383,
    384,
    385,
    386,
    387,
    388,
    389,
    390,
    391,
    392,
    393,
    394,
    395,
    396,
    397,
    398,
    399,
    400,
    401,
    402,
    403,
    404,
    405,
    406,
    407,
    408,
    409,
    410,
    411,
    412,
    413,
    414,
    415,
    416,
    417,
    418,
    419,
    420,
    421,
    422,
    423,
    424,
    425,
    426,
    427,
    428,
    429,
    430,
    431,
    432,
    433,
    434,
    435,
    436,
    437,
    438,
    439,
    440,
    441,
    442,
    443,
    444,
    445,
    446,
    447,
    448,
    449,
    450,
    451,
    452,
    453,
    454,
    455,
    456,
    457,
    458,
    459,
    460,
    461,
    462,
    463,
    464,
    465,
    466,
    467,
    468,
    469,
    470,
    471,
    472,
    473,
    474,
    475,
    476,
    477,
    478,
    479,
    480,
    481,
    482,
    483,
    484,
    485,
    486,
    487,
    488,
    489,
    490,
    491,
    492,
    493,
    494,
    495,
    496,
    497,
    498,
    499,
    500,
    501,
    502,
    503,
    504,
    505,
    506,
    507,
    508,
    509,
    510,
    511,
    512,
    513,
    514,
    515,
    516,
    517,
    518,
    519,
    520,
    521,
    522,
    523,
    524,
    525,
    526,
    527,
    528,
    529,
    530,
    531,
    532,
    533,
    534,
    535,
    536,
    537,
    538,
    539,
    540,
    541,
    542,
    543,
    544,
    545,
    546,
    547,
    548,
    549,
    550,
    551,
    552,
    553,
    554,
    555,
    556,
    557,
    558,
    559,
    560,
    561,
    562,
    563,
    564,
    565,
    566,
    567,
    568,
    569,
    570,
    571,
    572,
    573,
    574,
    575,
    576,
    577,
    578,
    579,
    580,
    581,
    582,
    583,
    584,
    585,
    586,
    587,
    588,
    589,
    590,
    591,
    592,
    593,
    594,
    595,
    596,
    597,
    598,
    599,
    600,
    601,
    602,
    603,
    604,
    605,
    606,
    607,
    608,
    609,
    610,
    611,
    612,
    613,
    614,
    615,
    616,
    617,
    618,
    619,
    620,
    621,
    622,
    623
  ],
  "stats": {
    "unary_proofs":105,
    "distinct_event_domain":105,
    "service_proofs":0,
    "distinct_service_domain":0,
    "fact_count":623,
    "stipulation_count":3,
    "wildcard_count":0,
    "grounding_cpu_seconds":0.0065092079999999886,
    "grounding_wall_seconds":0.006509065628051758,
    "candidate": {"scope":"not_applicable"}
  },
  "tax": {"status":"not_requested"}
}
