{
  "household": {
    "facts": [
      {"ctor":"marriage_", "args": [ {"a":"alice_and_bob"} ]},
      {
	"ctor":"agent_",
	"args": [ {"a":"alice_and_bob"},  {"a":"alice"} ]
      },
      {"ctor":"agent_", "args": [ {"a":"alice_and_bob"},  {"a":"bob"} ]},
      {"ctor":"start_", "args": [ {"a":"alice_and_bob"}, "1992-02-03" ]},
      {"ctor":"son_", "args": [ {"a":"charlie_is_son"} ]},
      {
	"ctor":"agent_",
	"args": [ {"a":"charlie_is_son"},  {"a":"charlie"} ]
      },
      {
	"ctor":"patient_",
	"args": [ {"a":"charlie_is_son"},  {"a":"alice"} ]
      },
      {
	"ctor":"patient_",
	"args": [ {"a":"charlie_is_son"},  {"a":"bob"} ]
      },
      {
	"ctor":"start_",
	"args": [ {"a":"charlie_is_son"}, "2000-10-09" ]
      },
      {"ctor":"residence_", "args": [ {"a":"abc_residence"} ]},
      {
	"ctor":"agent_",
	"args": [ {"a":"abc_residence"},  {"a":"charlie"} ]
      },
      {"ctor":"agent_", "args": [ {"a":"abc_residence"},  {"a":"bob"} ]},
      {
	"ctor":"patient_",
	"args": [ {"a":"abc_residence"},  {"a":"bob_s_house"} ]
      },
      {"ctor":"start_", "args": [ {"a":"abc_residence"}, "2004-01-01" ]},
      {"ctor":"end_", "args": [ {"a":"abc_residence"}, "2019-12-31" ]},
      {
	"ctor":"payment_",
	"args": [ {"a":"bob_maintains_household_2004"} ]
      },
      {
	"ctor":"payment_",
	"args": [ {"a":"bob_maintains_household_2005"} ]
      },
      {
	"ctor":"payment_",
	"args": [ {"a":"bob_maintains_household_2006"} ]
      },
      {
	"ctor":"payment_",
	"args": [ {"a":"bob_maintains_household_2007"} ]
      },
      {
	"ctor":"payment_",
	"args": [ {"a":"bob_maintains_household_2008"} ]
      },
      {
	"ctor":"payment_",
	"args": [ {"a":"bob_maintains_household_2009"} ]
      },
      {
	"ctor":"payment_",
	"args": [ {"a":"bob_maintains_household_2010"} ]
      },
      {
	"ctor":"payment_",
	"args": [ {"a":"bob_maintains_household_2011"} ]
      },
      {
	"ctor":"payment_",
	"args": [ {"a":"bob_maintains_household_2012"} ]
      },
      {
	"ctor":"payment_",
	"args": [ {"a":"bob_maintains_household_2013"} ]
      },
      {
	"ctor":"payment_",
	"args": [ {"a":"bob_maintains_household_2014"} ]
      },
      {
	"ctor":"payment_",
	"args": [ {"a":"bob_maintains_household_2015"} ]
      },
      {
	"ctor":"payment_",
	"args": [ {"a":"bob_maintains_household_2016"} ]
      },
      {
	"ctor":"payment_",
	"args": [ {"a":"bob_maintains_household_2017"} ]
      },
      {
	"ctor":"payment_",
	"args": [ {"a":"bob_maintains_household_2018"} ]
      },
      {
	"ctor":"payment_",
	"args": [ {"a":"bob_maintains_household_2019"} ]
      },
      {
	"ctor":"agent_",
	"args": [ {"a":"bob_maintains_household_2004"},  {"a":"bob"} ]
      },
      {
	"ctor":"agent_",
	"args": [ {"a":"bob_maintains_household_2005"},  {"a":"bob"} ]
      },
      {
	"ctor":"agent_",
	"args": [ {"a":"bob_maintains_household_2006"},  {"a":"bob"} ]
      },
      {
	"ctor":"agent_",
	"args": [ {"a":"bob_maintains_household_2007"},  {"a":"bob"} ]
      },
      {
	"ctor":"agent_",
	"args": [ {"a":"bob_maintains_household_2008"},  {"a":"bob"} ]
      },
      {
	"ctor":"agent_",
	"args": [ {"a":"bob_maintains_household_2009"},  {"a":"bob"} ]
      },
      {
	"ctor":"agent_",
	"args": [ {"a":"bob_maintains_household_2010"},  {"a":"bob"} ]
      },
      {
	"ctor":"agent_",
	"args": [ {"a":"bob_maintains_household_2011"},  {"a":"bob"} ]
      },
      {
	"ctor":"agent_",
	"args": [ {"a":"bob_maintains_household_2012"},  {"a":"bob"} ]
      },
      {
	"ctor":"agent_",
	"args": [ {"a":"bob_maintains_household_2013"},  {"a":"bob"} ]
      },
      {
	"ctor":"agent_",
	"args": [ {"a":"bob_maintains_household_2014"},  {"a":"bob"} ]
      },
      {
	"ctor":"agent_",
	"args": [ {"a":"bob_maintains_household_2015"},  {"a":"bob"} ]
      },
      {
	"ctor":"agent_",
	"args": [ {"a":"bob_maintains_household_2016"},  {"a":"bob"} ]
      },
      {
	"ctor":"agent_",
	"args": [ {"a":"bob_maintains_household_2017"},  {"a":"bob"} ]
      },
      {
	"ctor":"agent_",
	"args": [ {"a":"bob_maintains_household_2018"},  {"a":"bob"} ]
      },
      {
	"ctor":"agent_",
	"args": [ {"a":"bob_maintains_household_2019"},  {"a":"bob"} ]
      },
      {
	"ctor":"amount_",
	"args": [ {"a":"bob_maintains_household_2004"}, 1 ]
      },
      {
	"ctor":"amount_",
	"args": [ {"a":"bob_maintains_household_2005"}, 1 ]
      },
      {
	"ctor":"amount_",
	"args": [ {"a":"bob_maintains_household_2006"}, 1 ]
      },
      {
	"ctor":"amount_",
	"args": [ {"a":"bob_maintains_household_2007"}, 1 ]
      },
      {
	"ctor":"amount_",
	"args": [ {"a":"bob_maintains_household_2008"}, 1 ]
      },
      {
	"ctor":"amount_",
	"args": [ {"a":"bob_maintains_household_2009"}, 1 ]
      },
      {
	"ctor":"amount_",
	"args": [ {"a":"bob_maintains_household_2010"}, 1 ]
      },
      {
	"ctor":"amount_",
	"args": [ {"a":"bob_maintains_household_2011"}, 1 ]
      },
      {
	"ctor":"amount_",
	"args": [ {"a":"bob_maintains_household_2012"}, 1 ]
      },
      {
	"ctor":"amount_",
	"args": [ {"a":"bob_maintains_household_2013"}, 1 ]
      },
      {
	"ctor":"amount_",
	"args": [ {"a":"bob_maintains_household_2014"}, 1 ]
      },
      {
	"ctor":"amount_",
	"args": [ {"a":"bob_maintains_household_2015"}, 1 ]
      },
      {
	"ctor":"amount_",
	"args": [ {"a":"bob_maintains_household_2016"}, 1 ]
      },
      {
	"ctor":"amount_",
	"args": [ {"a":"bob_maintains_household_2017"}, 1 ]
      },
      {
	"ctor":"amount_",
	"args": [ {"a":"bob_maintains_household_2018"}, 1 ]
      },
      {
	"ctor":"amount_",
	"args": [ {"a":"bob_maintains_household_2019"}, 1 ]
      },
      {
	"ctor":"purpose_",
	"args": [
	  {"val": {"a":"bob_maintains_household_2004"}},
	  {"a":"bob_s_house"}
	]
      },
      {
	"ctor":"purpose_",
	"args": [
	  {"val": {"a":"bob_maintains_household_2005"}},
	  {"a":"bob_s_house"}
	]
      },
      {
	"ctor":"purpose_",
	"args": [
	  {"val": {"a":"bob_maintains_household_2006"}},
	  {"a":"bob_s_house"}
	]
      },
      {
	"ctor":"purpose_",
	"args": [
	  {"val": {"a":"bob_maintains_household_2007"}},
	  {"a":"bob_s_house"}
	]
      },
      {
	"ctor":"purpose_",
	"args": [
	  {"val": {"a":"bob_maintains_household_2008"}},
	  {"a":"bob_s_house"}
	]
      },
      {
	"ctor":"purpose_",
	"args": [
	  {"val": {"a":"bob_maintains_household_2009"}},
	  {"a":"bob_s_house"}
	]
      },
      {
	"ctor":"purpose_",
	"args": [
	  {"val": {"a":"bob_maintains_household_2010"}},
	  {"a":"bob_s_house"}
	]
      },
      {
	"ctor":"purpose_",
	"args": [
	  {"val": {"a":"bob_maintains_household_2011"}},
	  {"a":"bob_s_house"}
	]
      },
      {
	"ctor":"purpose_",
	"args": [
	  {"val": {"a":"bob_maintains_household_2012"}},
	  {"a":"bob_s_house"}
	]
      },
      {
	"ctor":"purpose_",
	"args": [
	  {"val": {"a":"bob_maintains_household_2013"}},
	  {"a":"bob_s_house"}
	]
      },
      {
	"ctor":"purpose_",
	"args": [
	  {"val": {"a":"bob_maintains_household_2014"}},
	  {"a":"bob_s_house"}
	]
      },
      {
	"ctor":"purpose_",
	"args": [
	  {"val": {"a":"bob_maintains_household_2015"}},
	  {"a":"bob_s_house"}
	]
      },
      {
	"ctor":"purpose_",
	"args": [
	  {"val": {"a":"bob_maintains_household_2016"}},
	  {"a":"bob_s_house"}
	]
      },
      {
	"ctor":"purpose_",
	"args": [
	  {"val": {"a":"bob_maintains_household_2017"}},
	  {"a":"bob_s_house"}
	]
      },
      {
	"ctor":"purpose_",
	"args": [
	  {"val": {"a":"bob_maintains_household_2018"}},
	  {"a":"bob_s_house"}
	]
      },
      {
	"ctor":"purpose_",
	"args": [
	  {"val": {"a":"bob_maintains_household_2019"}},
	  {"a":"bob_s_house"}
	]
      },
      {
	"ctor":"start_",
	"args": [ {"a":"bob_maintains_household_2004"}, "2004-01-01" ]
      },
      {
	"ctor":"start_",
	"args": [ {"a":"bob_maintains_household_2005"}, "2005-01-01" ]
      },
      {
	"ctor":"start_",
	"args": [ {"a":"bob_maintains_household_2006"}, "2006-01-01" ]
      },
      {
	"ctor":"start_",
	"args": [ {"a":"bob_maintains_household_2007"}, "2007-01-01" ]
      },
      {
	"ctor":"start_",
	"args": [ {"a":"bob_maintains_household_2008"}, "2008-01-01" ]
      },
      {
	"ctor":"start_",
	"args": [ {"a":"bob_maintains_household_2009"}, "2009-01-01" ]
      },
      {
	"ctor":"start_",
	"args": [ {"a":"bob_maintains_household_2010"}, "2010-01-01" ]
      },
      {
	"ctor":"start_",
	"args": [ {"a":"bob_maintains_household_2011"}, "2011-01-01" ]
      },
      {
	"ctor":"start_",
	"args": [ {"a":"bob_maintains_household_2012"}, "2012-01-01" ]
      },
      {
	"ctor":"start_",
	"args": [ {"a":"bob_maintains_household_2013"}, "2013-01-01" ]
      },
      {
	"ctor":"start_",
	"args": [ {"a":"bob_maintains_household_2014"}, "2014-01-01" ]
      },
      {
	"ctor":"start_",
	"args": [ {"a":"bob_maintains_household_2015"}, "2015-01-01" ]
      },
      {
	"ctor":"start_",
	"args": [ {"a":"bob_maintains_household_2016"}, "2016-01-01" ]
      },
      {
	"ctor":"start_",
	"args": [ {"a":"bob_maintains_household_2017"}, "2017-01-01" ]
      },
      {
	"ctor":"start_",
	"args": [ {"a":"bob_maintains_household_2018"}, "2018-01-01" ]
      },
      {
	"ctor":"start_",
	"args": [ {"a":"bob_maintains_household_2019"}, "2019-01-01" ]
      },
      {
	"ctor":"end_",
	"args": [ {"a":"bob_maintains_household_2004"}, "2004-12-31" ]
      },
      {
	"ctor":"end_",
	"args": [ {"a":"bob_maintains_household_2005"}, "2005-12-31" ]
      },
      {
	"ctor":"end_",
	"args": [ {"a":"bob_maintains_household_2006"}, "2006-12-31" ]
      },
      {
	"ctor":"end_",
	"args": [ {"a":"bob_maintains_household_2007"}, "2007-12-31" ]
      },
      {
	"ctor":"end_",
	"args": [ {"a":"bob_maintains_household_2008"}, "2008-12-31" ]
      },
      {
	"ctor":"end_",
	"args": [ {"a":"bob_maintains_household_2009"}, "2009-12-31" ]
      },
      {
	"ctor":"end_",
	"args": [ {"a":"bob_maintains_household_2010"}, "2010-12-31" ]
      },
      {
	"ctor":"end_",
	"args": [ {"a":"bob_maintains_household_2011"}, "2011-12-31" ]
      },
      {
	"ctor":"end_",
	"args": [ {"a":"bob_maintains_household_2012"}, "2012-12-31" ]
      },
      {
	"ctor":"end_",
	"args": [ {"a":"bob_maintains_household_2013"}, "2013-12-31" ]
      },
      {
	"ctor":"end_",
	"args": [ {"a":"bob_maintains_household_2014"}, "2014-12-31" ]
      },
      {
	"ctor":"end_",
	"args": [ {"a":"bob_maintains_household_2015"}, "2015-12-31" ]
      },
      {
	"ctor":"end_",
	"args": [ {"a":"bob_maintains_household_2016"}, "2016-12-31" ]
      },
      {
	"ctor":"end_",
	"args": [ {"a":"bob_maintains_household_2017"}, "2017-12-31" ]
      },
      {
	"ctor":"end_",
	"args": [ {"a":"bob_maintains_household_2018"}, "2018-12-31" ]
      },
      {
	"ctor":"end_",
	"args": [ {"a":"bob_maintains_household_2019"}, "2019-12-31" ]
      },
      {"ctor":"marriage_", "args": [ {"a":"charlie_and_dan"} ]},
      {
	"ctor":"agent_",
	"args": [ {"a":"charlie_and_dan"},  {"a":"dan"} ]
      },
      {
	"ctor":"agent_",
	"args": [ {"a":"charlie_and_dan"},  {"a":"charlie"} ]
      },
      {
	"ctor":"start_",
	"args": [ {"a":"charlie_and_dan"}, "2018-02-14" ]
      },
      {"ctor":"residence_", "args": [ {"a":"dan_residence"} ]},
      {"ctor":"agent_", "args": [ {"a":"dan_residence"},  {"a":"dan"} ]},
      {
	"ctor":"patient_",
	"args": [ {"a":"dan_residence"},  {"a":"dan_s_house"} ]
      },
      {"ctor":"start_", "args": [ {"a":"dan_residence"}, "2018-01-01" ]},
      {"ctor":"end_", "args": [ {"a":"dan_residence"}, "2018-12-31" ]},
      {"ctor":"income_", "args": [ {"a":"alice_income_2018"} ]},
      {
	"ctor":"agent_",
	"args": [ {"a":"alice_income_2018"},  {"a":"alice"} ]
      },
      {"ctor":"amount_", "args": [ {"a":"alice_income_2018"}, 54232 ]},
      {
	"ctor":"start_",
	"args": [ {"a":"alice_income_2018"}, "2018-12-31" ]
      },
      {"ctor":"income_", "args": [ {"a":"bob_income_2018"} ]},
      {
	"ctor":"agent_",
	"args": [ {"a":"bob_income_2018"},  {"a":"bob"} ]
      },
      {"ctor":"amount_", "args": [ {"a":"bob_income_2018"}, 43245 ]},
      {
	"ctor":"start_",
	"args": [ {"a":"bob_income_2018"}, "2018-12-31" ]
      },
      {
	"ctor":"joint_return_",
	"args": [ {"a":"alice_and_bob_joint_return"} ]
      },
      {
	"ctor":"agent_",
	"args": [ {"a":"alice_and_bob_joint_return"},  {"a":"alice"} ]
      },
      {
	"ctor":"agent_",
	"args": [ {"a":"alice_and_bob_joint_return"},  {"a":"bob"} ]
      },
      {
	"ctor":"start_",
	"args": [ {"a":"alice_and_bob_joint_return"}, "2018-01-01" ]
      },
      {
	"ctor":"end_",
	"args": [ {"a":"alice_and_bob_joint_return"}, "2018-12-31" ]
      }
    ],
    "stipulations": []
  },
  "unary": [
    {
      "source_clause":1,
      "predicate":"marriage_",
      "event": {"a":"alice_and_bob"}
    },
    {
      "source_clause":5,
      "predicate":"son_",
      "event": {"a":"charlie_is_son"}
    },
    {
      "source_clause":10,
      "predicate":"residence_",
      "event": {"a":"abc_residence"}
    },
    {
      "source_clause":17,
      "predicate":"payment_",
      "event": {"a":"bob_maintains_household_2004"}
    },
    {
      "source_clause":17,
      "predicate":"payment_",
      "event": {"a":"bob_maintains_household_2005"}
    },
    {
      "source_clause":17,
      "predicate":"payment_",
      "event": {"a":"bob_maintains_household_2006"}
    },
    {
      "source_clause":17,
      "predicate":"payment_",
      "event": {"a":"bob_maintains_household_2007"}
    },
    {
      "source_clause":17,
      "predicate":"payment_",
      "event": {"a":"bob_maintains_household_2008"}
    },
    {
      "source_clause":17,
      "predicate":"payment_",
      "event": {"a":"bob_maintains_household_2009"}
    },
    {
      "source_clause":17,
      "predicate":"payment_",
      "event": {"a":"bob_maintains_household_2010"}
    },
    {
      "source_clause":17,
      "predicate":"payment_",
      "event": {"a":"bob_maintains_household_2011"}
    },
    {
      "source_clause":17,
      "predicate":"payment_",
      "event": {"a":"bob_maintains_household_2012"}
    },
    {
      "source_clause":17,
      "predicate":"payment_",
      "event": {"a":"bob_maintains_household_2013"}
    },
    {
      "source_clause":17,
      "predicate":"payment_",
      "event": {"a":"bob_maintains_household_2014"}
    },
    {
      "source_clause":17,
      "predicate":"payment_",
      "event": {"a":"bob_maintains_household_2015"}
    },
    {
      "source_clause":17,
      "predicate":"payment_",
      "event": {"a":"bob_maintains_household_2016"}
    },
    {
      "source_clause":17,
      "predicate":"payment_",
      "event": {"a":"bob_maintains_household_2017"}
    },
    {
      "source_clause":17,
      "predicate":"payment_",
      "event": {"a":"bob_maintains_household_2018"}
    },
    {
      "source_clause":17,
      "predicate":"payment_",
      "event": {"a":"bob_maintains_household_2019"}
    },
    {
      "source_clause":23,
      "predicate":"marriage_",
      "event": {"a":"charlie_and_dan"}
    },
    {
      "source_clause":27,
      "predicate":"residence_",
      "event": {"a":"dan_residence"}
    },
    {
      "source_clause":32,
      "predicate":"income_",
      "event": {"a":"alice_income_2018"}
    },
    {
      "source_clause":36,
      "predicate":"income_",
      "event": {"a":"bob_income_2018"}
    },
    {
      "source_clause":40,
      "predicate":"joint_return_",
      "event": {"a":"alice_and_bob_joint_return"}
    }
  ],
  "event_domain": [
    {"a":"alice_and_bob"},
    {"a":"charlie_is_son"},
    {"a":"abc_residence"},
    {"a":"bob_maintains_household_2004"},
    {"a":"bob_maintains_household_2005"},
    {"a":"bob_maintains_household_2006"},
    {"a":"bob_maintains_household_2007"},
    {"a":"bob_maintains_household_2008"},
    {"a":"bob_maintains_household_2009"},
    {"a":"bob_maintains_household_2010"},
    {"a":"bob_maintains_household_2011"},
    {"a":"bob_maintains_household_2012"},
    {"a":"bob_maintains_household_2013"},
    {"a":"bob_maintains_household_2014"},
    {"a":"bob_maintains_household_2015"},
    {"a":"bob_maintains_household_2016"},
    {"a":"bob_maintains_household_2017"},
    {"a":"bob_maintains_household_2018"},
    {"a":"bob_maintains_household_2019"},
    {"a":"charlie_and_dan"},
    {"a":"dan_residence"},
    {"a":"alice_income_2018"},
    {"a":"bob_income_2018"},
    {"a":"alice_and_bob_joint_return"}
  ],
  "fact_source_clauses": [
    1,
    2,
    3,
    4,
    5,
    6,
    7,
    8,
    9,
    10,
    11,
    12,
    13,
    14,
    15,
    17,
    17,
    17,
    17,
    17,
    17,
    17,
    17,
    17,
    17,
    17,
    17,
    17,
    17,
    17,
    17,
    18,
    18,
    18,
    18,
    18,
    18,
    18,
    18,
    18,
    18,
    18,
    18,
    18,
    18,
    18,
    18,
    19,
    19,
    19,
    19,
    19,
    19,
    19,
    19,
    19,
    19,
    19,
    19,
    19,
    19,
    19,
    19,
    20,
    20,
    20,
    20,
    20,
    20,
    20,
    20,
    20,
    20,
    20,
    20,
    20,
    20,
    20,
    20,
    21,
    21,
    21,
    21,
    21,
    21,
    21,
    21,
    21,
    21,
    21,
    21,
    21,
    21,
    21,
    21,
    22,
    22,
    22,
    22,
    22,
    22,
    22,
    22,
    22,
    22,
    22,
    22,
    22,
    22,
    22,
    22,
    23,
    24,
    25,
    26,
    27,
    28,
    29,
    30,
    31,
    32,
    33,
    34,
    35,
    36,
    37,
    38,
    39,
    40,
    41,
    42,
    43,
    44
  ],
  "stats": {
    "unary_proofs":24,
    "distinct_event_domain":24,
    "service_proofs":0,
    "distinct_service_domain":0,
    "fact_count":133,
    "stipulation_count":0,
    "wildcard_count":0,
    "grounding_cpu_seconds":0.0012823750000000023,
    "grounding_wall_seconds":0.0012819766998291016,
    "candidate": {"scope":"not_applicable"}
  },
  "tax": {
    "status":"first_solution",
    "value":15777,
    "cpu_seconds":0.015511790999999997,
    "wall_seconds":0.015511751174926758
  }
}
