{
  "household": {
    "facts": [
      {"ctor":"marriage_", "args": [ {"a":"alice_and_bob"} ]},
      {
	"ctor":"agent_",
	"args": [ {"a":"alice_and_bob"},  {"a":"alice"} ]
      },
      {"ctor":"agent_", "args": [ {"a":"alice_and_bob"},  {"a":"bob"} ]},
      {"ctor":"start_", "args": [ {"a":"alice_and_bob"}, "1992-02-03" ]},
      {"ctor":"death_", "args": [ {"a":"alice_dies"} ]},
      {"ctor":"agent_", "args": [ {"a":"alice_dies"},  {"a":"alice"} ]},
      {"ctor":"start_", "args": [ {"a":"alice_dies"}, "2014-07-09" ]},
      {"ctor":"income_", "args": [ {"a":"alice_income"} ]},
      {
	"ctor":"agent_",
	"args": [ {"a":"alice_income"},  {"a":"alice"} ]
      },
      {"ctor":"amount_", "args": [ {"a":"alice_income"}, 55431 ]},
      {"ctor":"start_", "args": [ {"a":"alice_income"}, "2014-12-31" ]},
      {"ctor":"income_", "args": [ {"a":"bob_income"} ]},
      {"ctor":"agent_", "args": [ {"a":"bob_income"},  {"a":"bob"} ]},
      {"ctor":"amount_", "args": [ {"a":"bob_income"}, 64314 ]},
      {"ctor":"start_", "args": [ {"a":"bob_income"}, "2014-12-31" ]},
      {
	"ctor":"joint_return_",
	"args": [ {"a":"alice_and_bob_joint_return"} ]
      },
      {
	"ctor":"agent_",
	"args": [ {"a":"alice_and_bob_joint_return"},  {"a":"bob"} ]
      },
      {
	"ctor":"agent_",
	"args": [ {"a":"alice_and_bob_joint_return"},  {"a":"alice"} ]
      },
      {
	"ctor":"start_",
	"args": [ {"a":"alice_and_bob_joint_return"}, "2014-01-01" ]
      },
      {
	"ctor":"end_",
	"args": [ {"a":"alice_and_bob_joint_return"}, "2014-12-31" ]
      }
    ],
    "stipulations": []
  },
  "unary": [
    {
      "source_clause":1,
      "predicate":"marriage_",
      "event": {"a":"alice_and_bob"}
    },
    {
      "source_clause":5,
      "predicate":"death_",
      "event": {"a":"alice_dies"}
    },
    {
      "source_clause":8,
      "predicate":"income_",
      "event": {"a":"alice_income"}
    },
    {
      "source_clause":12,
      "predicate":"income_",
      "event": {"a":"bob_income"}
    },
    {
      "source_clause":16,
      "predicate":"joint_return_",
      "event": {"a":"alice_and_bob_joint_return"}
    }
  ],
  "event_domain": [
    {"a":"alice_and_bob"},
    {"a":"alice_dies"},
    {"a":"alice_income"},
    {"a":"bob_income"},
    {"a":"alice_and_bob_joint_return"}
  ],
  "fact_source_clauses": [
    1,
    2,
    3,
    4,
    5,
    6,
    7,
    8,
    9,
    10,
    11,
    12,
    13,
    14,
    15,
    16,
    17,
    18,
    19,
    20
  ],
  "stats": {
    "unary_proofs":5,
    "distinct_event_domain":5,
    "service_proofs":0,
    "distinct_service_domain":0,
    "fact_count":20,
    "stipulation_count":0,
    "wildcard_count":0,
    "grounding_cpu_seconds":0.00023245900000001818,
    "grounding_wall_seconds":0.0002319812774658203,
    "candidate": {"scope":"not_applicable"}
  },
  "tax": {
    "status":"first_solution",
    "value":26549,
    "cpu_seconds":0.001925584000000008,
    "wall_seconds":0.0019257068634033203
  }
}
