{
  "household": {
    "facts": [
      {"ctor":"marriage_", "args": [ {"a":"alice_and_bob"} ]},
      {
	"ctor":"agent_",
	"args": [ {"a":"alice_and_bob"},  {"a":"alice"} ]
      },
      {"ctor":"agent_", "args": [ {"a":"alice_and_bob"},  {"a":"bob"} ]},
      {"ctor":"start_", "args": [ {"a":"alice_and_bob"}, "1994-11-23" ]},
      {"ctor":"son_", "args": [ {"a":"birth_charlie"} ]},
      {
	"ctor":"agent_",
	"args": [ {"a":"birth_charlie"},  {"a":"charlie"} ]
      },
      {
	"ctor":"patient_",
	"args": [ {"a":"birth_charlie"},  {"a":"alice"} ]
      },
      {
	"ctor":"patient_",
	"args": [ {"a":"birth_charlie"},  {"a":"bob"} ]
      },
      {"ctor":"start_", "args": [ {"a":"birth_charlie"}, "2000-07-05" ]},
      {"ctor":"death_", "args": [ {"a":"bob_dies"} ]},
      {"ctor":"agent_", "args": [ {"a":"bob_dies"},  {"a":"bob"} ]},
      {"ctor":"start_", "args": [ {"a":"bob_dies"}, "2015-03-15" ]},
      {"ctor":"residence_", "args": [ {"a":"alice_residence"} ]},
      {
	"ctor":"agent_",
	"args": [ {"a":"alice_residence"},  {"a":"alice"} ]
      },
      {
	"ctor":"patient_",
	"args": [ {"a":"alice_residence"},  {"a":"home"} ]
      },
      {
	"ctor":"start_",
	"args": [ {"a":"alice_residence"}, "2017-01-01" ]
      },
      {"ctor":"end_", "args": [ {"a":"alice_residence"}, "2017-12-31" ]},
      {"ctor":"residence_", "args": [ {"a":"charlie_residence"} ]},
      {
	"ctor":"agent_",
	"args": [ {"a":"charlie_residence"},  {"a":"charlie"} ]
      },
      {
	"ctor":"patient_",
	"args": [ {"a":"charlie_residence"},  {"a":"home"} ]
      },
      {
	"ctor":"start_",
	"args": [ {"a":"charlie_residence"}, "2017-01-01" ]
      },
      {
	"ctor":"end_",
	"args": [ {"a":"charlie_residence"}, "2017-12-31" ]
      },
      {"ctor":"payment_", "args": [ {"a":"alice_maintains_home"} ]},
      {
	"ctor":"agent_",
	"args": [ {"a":"alice_maintains_home"},  {"a":"alice"} ]
      },
      {"ctor":"amount_", "args": [ {"a":"alice_maintains_home"}, 1 ]},
      {
	"ctor":"purpose_",
	"args": [ {"val": {"a":"alice_maintains_home"}},  {"a":"home"} ]
      },
      {
	"ctor":"start_",
	"args": [ {"a":"alice_maintains_home"}, "2017-12-31" ]
      },
      {"ctor":"income_", "args": [ {"a":"alice_income_2017"} ]},
      {
	"ctor":"agent_",
	"args": [ {"a":"alice_income_2017"},  {"a":"alice"} ]
      },
      {
	"ctor":"start_",
	"args": [ {"a":"alice_income_2017"}, "2017-12-31" ]
      },
      {"ctor":"amount_", "args": [ {"a":"alice_income_2017"}, 95129 ]}
    ],
    "stipulations": []
  },
  "unary": [
    {
      "source_clause":1,
      "predicate":"marriage_",
      "event": {"a":"alice_and_bob"}
    },
    {
      "source_clause":5,
      "predicate":"son_",
      "event": {"a":"birth_charlie"}
    },
    {
      "source_clause":10,
      "predicate":"death_",
      "event": {"a":"bob_dies"}
    },
    {
      "source_clause":13,
      "predicate":"residence_",
      "event": {"a":"alice_residence"}
    },
    {
      "source_clause":18,
      "predicate":"residence_",
      "event": {"a":"charlie_residence"}
    },
    {
      "source_clause":23,
      "predicate":"payment_",
      "event": {"a":"alice_maintains_home"}
    },
    {
      "source_clause":28,
      "predicate":"income_",
      "event": {"a":"alice_income_2017"}
    }
  ],
  "event_domain": [
    {"a":"alice_and_bob"},
    {"a":"birth_charlie"},
    {"a":"bob_dies"},
    {"a":"alice_residence"},
    {"a":"charlie_residence"},
    {"a":"alice_maintains_home"},
    {"a":"alice_income_2017"}
  ],
  "fact_source_clauses": [
    1,
    2,
    3,
    4,
    5,
    6,
    7,
    8,
    9,
    10,
    11,
    12,
    13,
    14,
    15,
    16,
    17,
    18,
    19,
    20,
    21,
    22,
    23,
    24,
    25,
    26,
    27,
    28,
    29,
    30,
    31
  ],
  "stats": {
    "unary_proofs":7,
    "distinct_event_domain":7,
    "service_proofs":0,
    "distinct_service_domain":0,
    "fact_count":31,
    "stipulation_count":0,
    "wildcard_count":0,
    "grounding_cpu_seconds":0.00028170799999999163,
    "grounding_wall_seconds":0.0002810955047607422,
    "candidate": {"scope":"not_applicable"}
  },
  "tax": {
    "status":"first_solution",
    "value":19039,
    "cpu_seconds":0.009103082999999984,
    "wall_seconds":0.009103536605834961
  }
}
