{
  "household": {
    "facts": [
      {"ctor":"service_", "args": [ {"a":"alice_employer"} ]},
      {
	"ctor":"patient_",
	"args": [ {"a":"alice_employer"},  {"a":"alice"} ]
      },
      {
	"ctor":"agent_",
	"args": [ {"a":"alice_employer"},  {"a":"bob"} ]
      },
      {
	"ctor":"start_",
	"args": [ {"a":"alice_employer"}, "2017-02-01" ]
      },
      {"ctor":"end_", "args": [ {"a":"alice_employer"}, "2017-09-02" ]},
      {
	"ctor":"purpose_",
	"args": [ {"val": {"a":"alice_employer"}},  {"s":"domestic service"} ]
      },
      {"ctor":"payment_", "args": [ {"a":"alice_pays_bob"} ]},
      {
	"ctor":"agent_",
	"args": [ {"a":"alice_pays_bob"},  {"a":"alice"} ]
      },
      {
	"ctor":"patient_",
	"args": [ {"a":"alice_pays_bob"},  {"a":"bob"} ]
      },
      {
	"ctor":"start_",
	"args": [ {"a":"alice_pays_bob"}, "2017-09-02" ]
      },
      {
	"ctor":"purpose_",
	"args": [ {"val": {"a":"alice_pays_bob"}},  {"a":"alice_employer"} ]
      },
      {"ctor":"amount_", "args": [ {"a":"alice_pays_bob"}, 53200 ]},
      {"ctor":"income_", "args": [ {"a":"alice_income"} ]},
      {"ctor":"start_", "args": [ {"a":"alice_income"}, "2017-12-31" ]},
      {"ctor":"amount_", "args": [ {"a":"alice_income"}, 921324 ]},
      {
	"ctor":"agent_",
	"args": [ {"a":"alice_income"},  {"a":"alice"} ]
      }
    ],
    "stipulations": []
  },
  "unary": [
    {
      "source_clause":1,
      "predicate":"service_",
      "event": {"a":"alice_employer"}
    },
    {
      "source_clause":7,
      "predicate":"payment_",
      "event": {"a":"alice_pays_bob"}
    },
    {
      "source_clause":13,
      "predicate":"income_",
      "event": {"a":"alice_income"}
    }
  ],
  "event_domain": [
    {"a":"alice_employer"},
    {"a":"alice_pays_bob"},
    {"a":"alice_income"}
  ],
  "fact_source_clauses": [1, 2, 3, 4, 5, 6, 7, 8, 9, 10, 11, 12, 13, 14, 15, 16 ],
  "stats": {
    "unary_proofs":3,
    "distinct_event_domain":3,
    "service_proofs":1,
    "distinct_service_domain":1,
    "fact_count":16,
    "stipulation_count":0,
    "wildcard_count":0,
    "grounding_cpu_seconds":0.00023129199999999406,
    "grounding_wall_seconds":0.00023055076599121094,
    "candidate": {"scope":"not_applicable"}
  },
  "tax": {
    "status":"first_solution",
    "value":344848,
    "cpu_seconds":0.0025809579999999943,
    "wall_seconds":0.002580881118774414
  }
}
