{
  "household": {
    "facts": [
      {"ctor":"marriage_", "args": [ {"a":"alice_marriage"} ]},
      {
	"ctor":"agent_",
	"args": [ {"a":"alice_marriage"},  {"a":"alice"} ]
      },
      {
	"ctor":"agent_",
	"args": [ {"a":"alice_marriage"},  {"a":"spouse"} ]
      },
      {
	"ctor":"start_",
	"args": [ {"a":"alice_marriage"}, "2015-04-04" ]
      },
      {"ctor":"joint_return_", "args": [ {"a":"joint_return"} ]},
      {
	"ctor":"agent_",
	"args": [ {"a":"joint_return"},  {"a":"alice"} ]
      },
      {
	"ctor":"agent_",
	"args": [ {"a":"joint_return"},  {"a":"spouse"} ]
      },
      {"ctor":"start_", "args": [ {"a":"joint_return"}, "2016-01-01" ]},
      {"ctor":"end_", "args": [ {"a":"joint_return"}, "2016-12-31" ]},
      {"ctor":"income_", "args": [ {"a":"alice_income"} ]},
      {
	"ctor":"agent_",
	"args": [ {"a":"alice_income"},  {"a":"alice"} ]
      },
      {"ctor":"amount_", "args": [ {"a":"alice_income"}, 164612 ]},
      {"ctor":"start_", "args": [ {"a":"alice_income"}, "2016-12-31" ]},
      {"ctor":"service_", "args": [ {"a":"alice_employer"} ]},
      {
	"ctor":"patient_",
	"args": [ {"a":"alice_employer"},  {"a":"alice"} ]
      },
      {
	"ctor":"agent_",
	"args": [ {"a":"alice_employer"},  {"a":"bob"} ]
      },
      {
	"ctor":"start_",
	"args": [ {"a":"alice_employer"}, "2016-01-01" ]
      },
      {"ctor":"end_", "args": [ {"a":"alice_employer"}, "2016-12-31" ]},
      {"ctor":"payment_", "args": [ {"a":"alice_pays_bob"} ]},
      {
	"ctor":"agent_",
	"args": [ {"a":"alice_pays_bob"},  {"a":"alice"} ]
      },
      {
	"ctor":"patient_",
	"args": [ {"a":"alice_pays_bob"},  {"a":"bob"} ]
      },
      {
	"ctor":"start_",
	"args": [ {"a":"alice_pays_bob"}, "2016-01-01" ]
      },
      {"ctor":"end_", "args": [ {"a":"alice_pays_bob"}, "2016-12-31" ]},
      {
	"ctor":"purpose_",
	"args": [ {"val": {"a":"alice_pays_bob"}},  {"a":"alice_employer"} ]
      },
      {"ctor":"amount_", "args": [ {"a":"alice_pays_bob"}, 4525 ]},
      {"ctor":"payment_", "args": [ {"a":"alice_pays_retirement"} ]},
      {
	"ctor":"agent_",
	"args": [ {"a":"alice_pays_retirement"},  {"a":"alice"} ]
      },
      {
	"ctor":"patient_",
	"args": [ {"a":"alice_pays_retirement"},  {"a":"retirement_fund"} ]
      },
      {
	"ctor":"purpose_",
	"args": [
	  {"val": {"a":"alice_pays_retirement"}},
	  {"s":"make provisions for employees in case of retirement"}
	]
      },
      {"ctor":"plan_", "args": [ {"a":"retirement_fund"} ]},
      {
	"ctor":"beneficiary_",
	"args": [ {"a":"alice_pays_retirement"},  {"a":"bob"} ]
      },
      {
	"ctor":"start_",
	"args": [ {"a":"alice_pays_retirement"}, "2016-01-01" ]
      },
      {
	"ctor":"end_",
	"args": [ {"a":"alice_pays_retirement"}, "2016-12-31" ]
      },
      {
	"ctor":"amount_",
	"args": [ {"a":"alice_pays_retirement"}, 9832 ]
      },
      {"ctor":"payment_", "args": [ {"a":"alice_pays_insurance"} ]},
      {
	"ctor":"agent_",
	"args": [ {"a":"alice_pays_insurance"},  {"a":"alice"} ]
      },
      {
	"ctor":"patient_",
	"args": [ {"a":"alice_pays_insurance"},  {"a":"health_insurance_fund"} ]
      },
      {"ctor":"plan_", "args": [ {"a":"health_insurance_fund"} ]},
      {
	"ctor":"purpose_",
	"args": [
	  {"val": {"a":"alice_pays_insurance"}},
	  {"s":"make provisions in case of sickness"}
	]
      },
      {
	"ctor":"beneficiary_",
	"args": [ {"a":"alice_pays_insurance"},  {"a":"charlie"} ]
      },
      {
	"ctor":"start_",
	"args": [ {"a":"alice_pays_insurance"}, "2016-01-01" ]
      },
      {
	"ctor":"end_",
	"args": [ {"a":"alice_pays_insurance"}, "2016-12-31" ]
      },
      {"ctor":"amount_", "args": [ {"a":"alice_pays_insurance"}, 5322 ]},
      {"ctor":"father_", "args": [ {"a":"alice_and_charlie"} ]},
      {
	"ctor":"agent_",
	"args": [ {"a":"alice_and_charlie"},  {"a":"charlie"} ]
      },
      {
	"ctor":"patient_",
	"args": [ {"a":"alice_and_charlie"},  {"a":"alice"} ]
      },
      {"ctor":"retirement_", "args": [ {"a":"charlie_retires"} ]},
      {
	"ctor":"agent_",
	"args": [ {"a":"charlie_retires"},  {"a":"charlie"} ]
      },
      {
	"ctor":"start_",
	"args": [ {"a":"charlie_retires"}, "2016-01-01" ]
      }
    ],
    "stipulations": []
  },
  "unary": [
    {
      "source_clause":1,
      "predicate":"marriage_",
      "event": {"a":"alice_marriage"}
    },
    {
      "source_clause":5,
      "predicate":"joint_return_",
      "event": {"a":"joint_return"}
    },
    {
      "source_clause":10,
      "predicate":"income_",
      "event": {"a":"alice_income"}
    },
    {
      "source_clause":14,
      "predicate":"service_",
      "event": {"a":"alice_employer"}
    },
    {
      "source_clause":19,
      "predicate":"payment_",
      "event": {"a":"alice_pays_bob"}
    },
    {
      "source_clause":26,
      "predicate":"payment_",
      "event": {"a":"alice_pays_retirement"}
    },
    {
      "source_clause":30,
      "predicate":"plan_",
      "event": {"a":"retirement_fund"}
    },
    {
      "source_clause":35,
      "predicate":"payment_",
      "event": {"a":"alice_pays_insurance"}
    },
    {
      "source_clause":38,
      "predicate":"plan_",
      "event": {"a":"health_insurance_fund"}
    },
    {
      "source_clause":44,
      "predicate":"father_",
      "event": {"a":"alice_and_charlie"}
    },
    {
      "source_clause":47,
      "predicate":"retirement_",
      "event": {"a":"charlie_retires"}
    }
  ],
  "event_domain": [
    {"a":"alice_marriage"},
    {"a":"joint_return"},
    {"a":"alice_income"},
    {"a":"alice_employer"},
    {"a":"alice_pays_bob"},
    {"a":"alice_pays_retirement"},
    {"a":"retirement_fund"},
    {"a":"alice_pays_insurance"},
    {"a":"health_insurance_fund"},
    {"a":"alice_and_charlie"},
    {"a":"charlie_retires"}
  ],
  "fact_source_clauses": [
    1,
    2,
    3,
    4,
    5,
    6,
    7,
    8,
    9,
    10,
    11,
    12,
    13,
    14,
    15,
    16,
    17,
    18,
    19,
    20,
    21,
    22,
    23,
    24,
    25,
    26,
    27,
    28,
    29,
    30,
    31,
    32,
    33,
    34,
    35,
    36,
    37,
    38,
    39,
    40,
    41,
    42,
    43,
    44,
    45,
    46,
    47,
    48,
    49
  ],
  "stats": {
    "unary_proofs":11,
    "distinct_event_domain":11,
    "service_proofs":1,
    "distinct_service_domain":1,
    "fact_count":49,
    "stipulation_count":0,
    "wildcard_count":0,
    "grounding_cpu_seconds":0.0003240830000000028,
    "grounding_wall_seconds":0.0003235340118408203,
    "candidate": {"scope":"not_applicable"}
  },
  "tax": {
    "status":"first_solution",
    "value":40741,
    "cpu_seconds":0.0029348750000000173,
    "wall_seconds":0.0029349327087402344
  }
}
