{
  "household": {
    "facts": [
      {"ctor":"birth_", "args": [ {"a":"alice_is_born"} ]},
      {
	"ctor":"agent_",
	"args": [ {"a":"alice_is_born"},  {"a":"alice"} ]
      },
      {"ctor":"start_", "args": [ {"a":"alice_is_born"}, "1992-01-10" ]},
      {"ctor":"end_", "args": [ {"a":"alice_is_born"}, "1992-01-10" ]},
      {"ctor":"birth_", "args": [ {"a":"bob_is_born"} ]},
      {"ctor":"agent_", "args": [ {"a":"bob_is_born"},  {"a":"bob"} ]},
      {"ctor":"start_", "args": [ {"a":"bob_is_born"}, "2014-01-31" ]},
      {"ctor":"end_", "args": [ {"a":"bob_is_born"}, "2014-01-31" ]},
      {"ctor":"son_", "args": [ {"a":"alice_and_bob"} ]},
      {"ctor":"agent_", "args": [ {"a":"alice_and_bob"},  {"a":"bob"} ]},
      {
	"ctor":"patient_",
	"args": [ {"a":"alice_and_bob"},  {"a":"alice"} ]
      },
      {"ctor":"start_", "args": [ {"a":"alice_and_bob"}, "2018-03-04" ]},
      {"ctor":"residence_", "args": [ {"a":"alice_residence"} ]},
      {
	"ctor":"agent_",
	"args": [ {"a":"alice_residence"},  {"a":"alice"} ]
      },
      {
	"ctor":"patient_",
	"args": [ {"a":"alice_residence"},  {"a":"alice_home"} ]
      },
      {
	"ctor":"start_",
	"args": [ {"a":"alice_residence"}, "2018-01-01" ]
      },
      {"ctor":"residence_", "args": [ {"a":"bob_residence"} ]},
      {"ctor":"agent_", "args": [ {"a":"bob_residence"},  {"a":"bob"} ]},
      {
	"ctor":"patient_",
	"args": [ {"a":"bob_residence"},  {"a":"alice_home"} ]
      },
      {"ctor":"start_", "args": [ {"a":"bob_residence"}, "2018-01-01" ]},
      {"ctor":"payment_", "args": [ {"a":"alice_maintains_house"} ]},
      {
	"ctor":"agent_",
	"args": [ {"a":"alice_maintains_house"},  {"a":"alice"} ]
      },
      {"ctor":"amount_", "args": [ {"a":"alice_maintains_house"}, 1 ]},
      {
	"ctor":"purpose_",
	"args": [ {"val": {"a":"alice_maintains_house"}},  {"a":"alice_home"} ]
      },
      {
	"ctor":"start_",
	"args": [ {"a":"alice_maintains_house"}, "2018-01-01" ]
      },
      {
	"ctor":"end_",
	"args": [ {"a":"alice_maintains_house"}, "2018-12-31" ]
      },
      {"ctor":"income_", "args": [ {"a":"alice_income"} ]},
      {
	"ctor":"agent_",
	"args": [ {"a":"alice_income"},  {"a":"alice"} ]
      },
      {"ctor":"start_", "args": [ {"a":"alice_income"}, "2018-12-31" ]},
      {"ctor":"amount_", "args": [ {"a":"alice_income"}, 141177 ]}
    ],
    "stipulations": []
  },
  "unary": [
    {
      "source_clause":1,
      "predicate":"birth_",
      "event": {"a":"alice_is_born"}
    },
    {
      "source_clause":5,
      "predicate":"birth_",
      "event": {"a":"bob_is_born"}
    },
    {
      "source_clause":9,
      "predicate":"son_",
      "event": {"a":"alice_and_bob"}
    },
    {
      "source_clause":13,
      "predicate":"residence_",
      "event": {"a":"alice_residence"}
    },
    {
      "source_clause":17,
      "predicate":"residence_",
      "event": {"a":"bob_residence"}
    },
    {
      "source_clause":21,
      "predicate":"payment_",
      "event": {"a":"alice_maintains_house"}
    },
    {
      "source_clause":27,
      "predicate":"income_",
      "event": {"a":"alice_income"}
    }
  ],
  "event_domain": [
    {"a":"alice_is_born"},
    {"a":"bob_is_born"},
    {"a":"alice_and_bob"},
    {"a":"alice_residence"},
    {"a":"bob_residence"},
    {"a":"alice_maintains_house"},
    {"a":"alice_income"}
  ],
  "fact_source_clauses": [
    1,
    2,
    3,
    4,
    5,
    6,
    7,
    8,
    9,
    10,
    11,
    12,
    13,
    14,
    15,
    16,
    17,
    18,
    19,
    20,
    21,
    22,
    23,
    24,
    25,
    26,
    27,
    28,
    29,
    30
  ],
  "stats": {
    "unary_proofs":7,
    "distinct_event_domain":7,
    "service_proofs":0,
    "distinct_service_domain":0,
    "fact_count":30,
    "stipulation_count":0,
    "wildcard_count":0,
    "grounding_cpu_seconds":0.0002907919999999842,
    "grounding_wall_seconds":0.0002899169921875,
    "candidate": {"scope":"not_applicable"}
  },
  "tax": {
    "status":"first_solution",
    "value":32045,
    "cpu_seconds":0.004417583000000003,
    "wall_seconds":0.0044176578521728516
  }
}
