{
  "household": {
    "facts": [
      {"ctor":"marriage_", "args": [ {"a":"alice_marriage"} ]},
      {
	"ctor":"agent_",
	"args": [ {"a":"alice_marriage"},  {"a":"alice"} ]
      },
      {
	"ctor":"agent_",
	"args": [ {"a":"alice_marriage"},  {"a":"spouse"} ]
      },
      {
	"ctor":"start_",
	"args": [ {"a":"alice_marriage"}, "2017-12-30" ]
      },
      {"ctor":"joint_return_", "args": [ {"a":"joint_return"} ]},
      {
	"ctor":"agent_",
	"args": [ {"a":"joint_return"},  {"a":"alice"} ]
      },
      {
	"ctor":"agent_",
	"args": [ {"a":"joint_return"},  {"a":"spouse"} ]
      },
      {"ctor":"start_", "args": [ {"a":"joint_return"}, "2017-01-01" ]},
      {"ctor":"end_", "args": [ {"a":"joint_return"}, "2017-12-31" ]},
      {"ctor":"income_", "args": [ {"a":"alice_income"} ]},
      {
	"ctor":"agent_",
	"args": [ {"a":"alice_income"},  {"a":"alice"} ]
      },
      {"ctor":"amount_", "args": [ {"a":"alice_income"}, 684642 ]},
      {"ctor":"start_", "args": [ {"a":"alice_income"}, "2017-12-31" ]},
      {"ctor":"deduction_", "args": [ {"a":"alice_deduction"} ]},
      {
	"ctor":"agent_",
	"args": [ {"a":"alice_deduction"},  {"a":"alice"} ]
      },
      {"ctor":"amount_", "args": [ {"a":"alice_deduction"}, 23029 ]},
      {
	"ctor":"start_",
	"args": [ {"a":"alice_deduction"}, "2017-12-31" ]
      }
    ],
    "stipulations": []
  },
  "unary": [
    {
      "source_clause":1,
      "predicate":"marriage_",
      "event": {"a":"alice_marriage"}
    },
    {
      "source_clause":5,
      "predicate":"joint_return_",
      "event": {"a":"joint_return"}
    },
    {
      "source_clause":10,
      "predicate":"income_",
      "event": {"a":"alice_income"}
    },
    {
      "source_clause":14,
      "predicate":"deduction_",
      "event": {"a":"alice_deduction"}
    }
  ],
  "event_domain": [
    {"a":"alice_marriage"},
    {"a":"joint_return"},
    {"a":"alice_income"},
    {"a":"alice_deduction"}
  ],
  "fact_source_clauses": [1, 2, 3, 4, 5, 6, 7, 8, 9, 10, 11, 12, 13, 14, 15, 16, 17 ],
  "stats": {
    "unary_proofs":4,
    "distinct_event_domain":4,
    "service_proofs":0,
    "distinct_service_domain":0,
    "fact_count":17,
    "stipulation_count":0,
    "wildcard_count":0,
    "grounding_cpu_seconds":0.0002784580000000092,
    "grounding_wall_seconds":0.0002777576446533203,
    "candidate": {"scope":"not_applicable"}
  },
  "tax": {
    "status":"first_solution",
    "value":243097,
    "cpu_seconds":0.003851749999999987,
    "wall_seconds":0.003851652145385742
  }
}
