{
  "household": {
    "facts": [
      {"ctor":"service_", "args": [ {"a":"alice_employer"} ]},
      {
	"ctor":"patient_",
	"args": [ {"a":"alice_employer"},  {"a":"alice"} ]
      },
      {
	"ctor":"agent_",
	"args": [ {"a":"alice_employer"},  {"a":"bob"} ]
      },
      {
	"ctor":"start_",
	"args": [ {"a":"alice_employer"}, "2017-02-01" ]
      },
      {"ctor":"end_", "args": [ {"a":"alice_employer"}, "2017-09-02" ]},
      {
	"ctor":"location_",
	"args": [ {"a":"alice_employer"},  {"s":"baltimore"} ]
      },
      {
	"ctor":"location_",
	"args": [ {"a":"alice_employer"},  {"s":"maryland"} ]
      },
      {
	"ctor":"location_",
	"args": [ {"a":"alice_employer"},  {"s":"usa"} ]
      },
      {"ctor":"payment_", "args": [ {"a":"alice_pays"} ]},
      {"ctor":"agent_", "args": [ {"a":"alice_pays"},  {"a":"alice"} ]},
      {"ctor":"patient_", "args": [ {"a":"alice_pays"},  {"a":"bob"} ]},
      {"ctor":"start_", "args": [ {"a":"alice_pays"}, "2017-09-02" ]},
      {
	"ctor":"purpose_",
	"args": [ {"val": {"a":"alice_pays"}},  {"a":"alice_employer"} ]
      },
      {"ctor":"amount_", "args": [ {"a":"alice_pays"}, 3200 ]},
      {"ctor":"father_", "args": [ {"a":"bob_father_of_alice"} ]},
      {
	"ctor":"agent_",
	"args": [ {"a":"bob_father_of_alice"},  {"a":"bob"} ]
      },
      {
	"ctor":"patient_",
	"args": [ {"a":"bob_father_of_alice"},  {"a":"alice"} ]
      },
      {"ctor":"marriage_", "args": [ {"a":"alice_and_charlie"} ]},
      {
	"ctor":"agent_",
	"args": [ {"a":"alice_and_charlie"},  {"a":"alice"} ]
      },
      {
	"ctor":"agent_",
	"args": [ {"a":"alice_and_charlie"},  {"a":"charlie"} ]
      },
      {
	"ctor":"start_",
	"args": [ {"a":"alice_and_charlie"}, "2012-04-05" ]
      },
      {
	"ctor":"legal_separation_",
	"args": [ {"a":"alice_and_charlie_divorce"} ]
      },
      {
	"ctor":"patient_",
	"args": [ {"a":"alice_and_charlie_divorce"},  {"a":"alice_and_charlie"} ]
      },
      {
	"ctor":"agent_",
	"args": [ {"a":"alice_and_charlie_divorce"},  {"s":"decree of divorce"} ]
      },
      {
	"ctor":"start_",
	"args": [ {"a":"alice_and_charlie_divorce"}, "2017-09-16" ]
      },
      {"ctor":"income_", "args": [ {"a":"alice_income"} ]},
      {
	"ctor":"agent_",
	"args": [ {"a":"alice_income"},  {"a":"alice"} ]
      },
      {"ctor":"amount_", "args": [ {"a":"alice_income"}, 756420 ]},
      {"ctor":"start_", "args": [ {"a":"alice_income"}, "2017-12-31" ]}
    ],
    "stipulations": []
  },
  "unary": [
    {
      "source_clause":1,
      "predicate":"service_",
      "event": {"a":"alice_employer"}
    },
    {
      "source_clause":9,
      "predicate":"payment_",
      "event": {"a":"alice_pays"}
    },
    {
      "source_clause":15,
      "predicate":"father_",
      "event": {"a":"bob_father_of_alice"}
    },
    {
      "source_clause":18,
      "predicate":"marriage_",
      "event": {"a":"alice_and_charlie"}
    },
    {
      "source_clause":22,
      "predicate":"legal_separation_",
      "event": {"a":"alice_and_charlie_divorce"}
    },
    {
      "source_clause":26,
      "predicate":"income_",
      "event": {"a":"alice_income"}
    }
  ],
  "event_domain": [
    {"a":"alice_employer"},
    {"a":"alice_pays"},
    {"a":"bob_father_of_alice"},
    {"a":"alice_and_charlie"},
    {"a":"alice_and_charlie_divorce"},
    {"a":"alice_income"}
  ],
  "fact_source_clauses": [
    1,
    2,
    3,
    4,
    5,
    6,
    7,
    8,
    9,
    10,
    11,
    12,
    13,
    14,
    15,
    16,
    17,
    18,
    19,
    20,
    21,
    22,
    23,
    24,
    25,
    26,
    27,
    28,
    29
  ],
  "stats": {
    "unary_proofs":6,
    "distinct_event_domain":6,
    "service_proofs":1,
    "distinct_service_domain":1,
    "fact_count":29,
    "stipulation_count":0,
    "wildcard_count":0,
    "grounding_cpu_seconds":0.00026370900000000086,
    "grounding_wall_seconds":0.000263214111328125,
    "candidate": {"scope":"not_applicable"}
  },
  "tax": {
    "status":"first_solution",
    "value":279126,
    "cpu_seconds":0.0028809590000000163,
    "wall_seconds":0.0028808116912841797
  }
}
