{
  "household": {
    "facts": [
      {"ctor":"payment_", "args": [ {"a":"alice_is_paid"} ]},
      {
	"ctor":"patient_",
	"args": [ {"a":"alice_is_paid"},  {"a":"alice"} ]
      },
      {"ctor":"start_", "args": [ {"a":"alice_is_paid"}, "2017-12-31" ]},
      {"ctor":"amount_", "args": [ {"a":"alice_is_paid"}, 23191 ]},
      {"ctor":"marriage_", "args": [ {"a":"alice_and_bob"} ]},
      {
	"ctor":"agent_",
	"args": [ {"a":"alice_and_bob"},  {"a":"alice"} ]
      },
      {"ctor":"agent_", "args": [ {"a":"alice_and_bob"},  {"a":"bob"} ]},
      {"ctor":"start_", "args": [ {"a":"alice_and_bob"}, "1992-02-03" ]},
      {"ctor":"nonresident_alien_", "args": [ {"a":"alice_is_a_nra"} ]},
      {
	"ctor":"agent_",
	"args": [ {"a":"alice_is_a_nra"},  {"a":"alice"} ]
      },
      {"ctor":"end_", "args": [ {"a":"alice_is_a_nra"}, "2014-07-09" ]},
      {"ctor":"income_", "args": [ {"a":"bob_income"} ]},
      {"ctor":"agent_", "args": [ {"a":"bob_income"},  {"a":"bob"} ]},
      {"ctor":"amount_", "args": [ {"a":"bob_income"}, 34081 ]},
      {"ctor":"start_", "args": [ {"a":"bob_income"}, "2017-12-31" ]},
      {
	"ctor":"joint_return_",
	"args": [ {"a":"alice_and_bob_joint_return"} ]
      },
      {
	"ctor":"agent_",
	"args": [ {"a":"alice_and_bob_joint_return"},  {"a":"alice"} ]
      },
      {
	"ctor":"agent_",
	"args": [ {"a":"alice_and_bob_joint_return"},  {"a":"bob"} ]
      },
      {
	"ctor":"start_",
	"args": [ {"a":"alice_and_bob_joint_return"}, "2017-01-01" ]
      },
      {
	"ctor":"end_",
	"args": [ {"a":"alice_and_bob_joint_return"}, "2017-12-31" ]
      }
    ],
    "stipulations": []
  },
  "unary": [
    {
      "source_clause":1,
      "predicate":"payment_",
      "event": {"a":"alice_is_paid"}
    },
    {
      "source_clause":5,
      "predicate":"marriage_",
      "event": {"a":"alice_and_bob"}
    },
    {
      "source_clause":9,
      "predicate":"nonresident_alien_",
      "event": {"a":"alice_is_a_nra"}
    },
    {
      "source_clause":12,
      "predicate":"income_",
      "event": {"a":"bob_income"}
    },
    {
      "source_clause":16,
      "predicate":"joint_return_",
      "event": {"a":"alice_and_bob_joint_return"}
    }
  ],
  "event_domain": [
    {"a":"alice_is_paid"},
    {"a":"alice_and_bob"},
    {"a":"alice_is_a_nra"},
    {"a":"bob_income"},
    {"a":"alice_and_bob_joint_return"}
  ],
  "fact_source_clauses": [
    1,
    2,
    3,
    4,
    5,
    6,
    7,
    8,
    9,
    10,
    11,
    12,
    13,
    14,
    15,
    16,
    17,
    18,
    19,
    20
  ],
  "stats": {
    "unary_proofs":5,
    "distinct_event_domain":5,
    "service_proofs":0,
    "distinct_service_domain":0,
    "fact_count":20,
    "stipulation_count":0,
    "wildcard_count":0,
    "grounding_cpu_seconds":0.0002651670000000106,
    "grounding_wall_seconds":0.0002646446228027344,
    "candidate": {"scope":"not_applicable"}
  },
  "tax": {
    "status":"first_solution",
    "value":8439,
    "cpu_seconds":0.0019327500000000108,
    "wall_seconds":0.0019328594207763672
  }
}
