{
  "household": {
    "facts": [
      {"ctor":"hospital_", "args": [ {"a":"hopkins_is_a_hospital"} ]},
      {
	"ctor":"agent_",
	"args": [
	  {"a":"hopkins_is_a_hospital"},
	  {"s":"johns hopkins hospital"}
	]
      },
      {"ctor":"service_", "args": [ {"a":"alice_employed"} ]},
      {
	"ctor":"patient_",
	"args": [ {"a":"alice_employed"},  {"s":"johns hopkins hospital"} ]
      },
      {
	"ctor":"agent_",
	"args": [ {"a":"alice_employed"},  {"a":"alice"} ]
      },
      {
	"ctor":"start_",
	"args": [ {"a":"alice_employed"}, "2017-03-15" ]
      },
      {"ctor":"end_", "args": [ {"a":"alice_employed"}, "2017-03-31" ]},
      {
	"ctor":"location_",
	"args": [ {"a":"alice_employed"},  {"s":"baltimore"} ]
      },
      {
	"ctor":"location_",
	"args": [ {"a":"alice_employed"},  {"s":"maryland"} ]
      },
      {
	"ctor":"location_",
	"args": [ {"a":"alice_employed"},  {"s":"usa"} ]
      },
      {"ctor":"payment_", "args": [ {"a":"alice_is_paid"} ]},
      {
	"ctor":"agent_",
	"args": [ {"a":"alice_is_paid"},  {"s":"johns hopkins hospital"} ]
      },
      {
	"ctor":"patient_",
	"args": [ {"a":"alice_is_paid"},  {"a":"alice"} ]
      },
      {"ctor":"start_", "args": [ {"a":"alice_is_paid"}, "2017-03-31" ]},
      {
	"ctor":"purpose_",
	"args": [ {"val": {"a":"alice_is_paid"}},  {"a":"alice_employed"} ]
      },
      {"ctor":"amount_", "args": [ {"a":"alice_is_paid"}, 200 ]},
      {
	"ctor":"medical_patient_",
	"args": [ {"a":"alice_goes_to_hopkins"} ]
      },
      {
	"ctor":"agent_",
	"args": [ {"a":"alice_goes_to_hopkins"},  {"a":"alice"} ]
      },
      {
	"ctor":"patient_",
	"args": [
	  {"a":"alice_goes_to_hopkins"},
	  {"s":"johns hopkins hospital"}
	]
      },
      {
	"ctor":"start_",
	"args": [ {"a":"alice_goes_to_hopkins"}, "2017-03-15" ]
      },
      {
	"ctor":"end_",
	"args": [ {"a":"alice_goes_to_hopkins"}, "2017-04-02" ]
      },
      {"ctor":"son_", "args": [ {"a":"alice_and_bob"} ]},
      {"ctor":"agent_", "args": [ {"a":"alice_and_bob"},  {"a":"bob"} ]},
      {
	"ctor":"patient_",
	"args": [ {"a":"alice_and_bob"},  {"a":"alice"} ]
      },
      {"ctor":"start_", "args": [ {"a":"alice_and_bob"}, "2014-04-15" ]},
      {"ctor":"residence_", "args": [ {"a":"alice_residence"} ]},
      {
	"ctor":"agent_",
	"args": [ {"a":"alice_residence"},  {"a":"alice"} ]
      },
      {
	"ctor":"patient_",
	"args": [ {"a":"alice_residence"},  {"a":"alice_house"} ]
      },
      {
	"ctor":"start_",
	"args": [ {"a":"alice_residence"}, "2017-01-01" ]
      },
      {"ctor":"end_", "args": [ {"a":"alice_residence"}, "2017-12-31" ]},
      {"ctor":"residence_", "args": [ {"a":"bob_residence"} ]},
      {"ctor":"agent_", "args": [ {"a":"bob_residence"},  {"a":"bob"} ]},
      {
	"ctor":"patient_",
	"args": [ {"a":"bob_residence"},  {"a":"alice_house"} ]
      },
      {"ctor":"start_", "args": [ {"a":"bob_residence"}, "2017-01-01" ]},
      {"ctor":"end_", "args": [ {"a":"bob_residence"}, "2017-12-31" ]},
      {"ctor":"payment_", "args": [ {"a":"alice_maintains_house"} ]},
      {
	"ctor":"agent_",
	"args": [ {"a":"alice_maintains_house"},  {"a":"alice"} ]
      },
      {
	"ctor":"purpose_",
	"args": [ {"val": {"a":"alice_maintains_house"}},  {"a":"alice_house"} ]
      },
      {
	"ctor":"start_",
	"args": [ {"a":"alice_maintains_house"}, "2017-12-31" ]
      },
      {"ctor":"amount_", "args": [ {"a":"alice_maintains_house"}, 1 ]}
    ],
    "stipulations": []
  },
  "unary": [
    {
      "source_clause":1,
      "predicate":"hospital_",
      "event": {"a":"hopkins_is_a_hospital"}
    },
    {
      "source_clause":3,
      "predicate":"service_",
      "event": {"a":"alice_employed"}
    },
    {
      "source_clause":11,
      "predicate":"payment_",
      "event": {"a":"alice_is_paid"}
    },
    {
      "source_clause":17,
      "predicate":"medical_patient_",
      "event": {"a":"alice_goes_to_hopkins"}
    },
    {
      "source_clause":22,
      "predicate":"son_",
      "event": {"a":"alice_and_bob"}
    },
    {
      "source_clause":26,
      "predicate":"residence_",
      "event": {"a":"alice_residence"}
    },
    {
      "source_clause":31,
      "predicate":"residence_",
      "event": {"a":"bob_residence"}
    },
    {
      "source_clause":36,
      "predicate":"payment_",
      "event": {"a":"alice_maintains_house"}
    }
  ],
  "event_domain": [
    {"a":"hopkins_is_a_hospital"},
    {"a":"alice_employed"},
    {"a":"alice_is_paid"},
    {"a":"alice_goes_to_hopkins"},
    {"a":"alice_and_bob"},
    {"a":"alice_residence"},
    {"a":"bob_residence"},
    {"a":"alice_maintains_house"}
  ],
  "fact_source_clauses": [
    1,
    2,
    3,
    4,
    5,
    6,
    7,
    8,
    9,
    10,
    11,
    12,
    13,
    14,
    15,
    16,
    17,
    18,
    19,
    20,
    21,
    22,
    23,
    24,
    25,
    26,
    27,
    28,
    29,
    30,
    31,
    32,
    33,
    34,
    35,
    36,
    37,
    38,
    39,
    40
  ],
  "stats": {
    "unary_proofs":8,
    "distinct_event_domain":8,
    "service_proofs":1,
    "distinct_service_domain":1,
    "fact_count":40,
    "stipulation_count":0,
    "wildcard_count":0,
    "grounding_cpu_seconds":0.00032187499999999925,
    "grounding_wall_seconds":0.0003209114074707031,
    "candidate": {"scope":"not_applicable"}
  },
  "tax": {
    "status":"first_solution",
    "value":0,
    "cpu_seconds":0.006111375000000002,
    "wall_seconds":0.006111621856689453
  }
}
