{
  "household": {
    "facts": [
      {"ctor":"payment_", "args": [ {"a":"alice_is_paid"} ]},
      {
	"ctor":"patient_",
	"args": [ {"a":"alice_is_paid"},  {"a":"alice"} ]
      },
      {"ctor":"start_", "args": [ {"a":"alice_is_paid"}, "2017-12-31" ]},
      {"ctor":"amount_", "args": [ {"a":"alice_is_paid"}, 326332 ]},
      {"ctor":"marriage_", "args": [ {"a":"alice_and_bob"} ]},
      {
	"ctor":"agent_",
	"args": [ {"a":"alice_and_bob"},  {"a":"alice"} ]
      },
      {"ctor":"agent_", "args": [ {"a":"alice_and_bob"},  {"a":"bob"} ]},
      {"ctor":"start_", "args": [ {"a":"alice_and_bob"}, "2017-02-03" ]},
      {"ctor":"birth_", "args": [ {"a":"alice_is_born"} ]},
      {
	"ctor":"agent_",
	"args": [ {"a":"alice_is_born"},  {"a":"alice"} ]
      },
      {"ctor":"start_", "args": [ {"a":"alice_is_born"}, "1950-03-02" ]},
      {"ctor":"end_", "args": [ {"a":"alice_is_born"}, "1950-03-02" ]},
      {"ctor":"birth_", "args": [ {"a":"bob_is_born"} ]},
      {"ctor":"agent_", "args": [ {"a":"bob_is_born"},  {"a":"bob"} ]},
      {"ctor":"start_", "args": [ {"a":"bob_is_born"}, "1955-03-03" ]},
      {"ctor":"end_", "args": [ {"a":"bob_is_born"}, "1955-03-03" ]},
      {"ctor":"residence_", "args": [ {"a":"alice_residence"} ]},
      {
	"ctor":"agent_",
	"args": [ {"a":"alice_residence"},  {"a":"alice"} ]
      },
      {
	"ctor":"patient_",
	"args": [ {"a":"alice_residence"},  {"a":"home"} ]
      },
      {
	"ctor":"start_",
	"args": [ {"a":"alice_residence"}, "2015-01-01" ]
      },
      {"ctor":"residence_", "args": [ {"a":"bob_residence"} ]},
      {"ctor":"agent_", "args": [ {"a":"bob_residence"},  {"a":"bob"} ]},
      {
	"ctor":"patient_",
	"args": [ {"a":"bob_residence"},  {"a":"home"} ]
      },
      {"ctor":"start_", "args": [ {"a":"bob_residence"}, "2015-01-01" ]}
    ],
    "stipulations": []
  },
  "unary": [
    {
      "source_clause":1,
      "predicate":"payment_",
      "event": {"a":"alice_is_paid"}
    },
    {
      "source_clause":5,
      "predicate":"marriage_",
      "event": {"a":"alice_and_bob"}
    },
    {
      "source_clause":9,
      "predicate":"birth_",
      "event": {"a":"alice_is_born"}
    },
    {
      "source_clause":13,
      "predicate":"birth_",
      "event": {"a":"bob_is_born"}
    },
    {
      "source_clause":17,
      "predicate":"residence_",
      "event": {"a":"alice_residence"}
    },
    {
      "source_clause":21,
      "predicate":"residence_",
      "event": {"a":"bob_residence"}
    }
  ],
  "event_domain": [
    {"a":"alice_is_paid"},
    {"a":"alice_and_bob"},
    {"a":"alice_is_born"},
    {"a":"bob_is_born"},
    {"a":"alice_residence"},
    {"a":"bob_residence"}
  ],
  "fact_source_clauses": [
    1,
    2,
    3,
    4,
    5,
    6,
    7,
    8,
    9,
    10,
    11,
    12,
    13,
    14,
    15,
    16,
    17,
    18,
    19,
    20,
    21,
    22,
    23,
    24
  ],
  "stats": {
    "unary_proofs":6,
    "distinct_event_domain":6,
    "service_proofs":0,
    "distinct_service_domain":0,
    "fact_count":24,
    "stipulation_count":0,
    "wildcard_count":0,
    "grounding_cpu_seconds":0.00033908299999999003,
    "grounding_wall_seconds":0.0003380775451660156,
    "candidate": {"scope":"not_applicable"}
  },
  "tax": {
    "status":"first_solution",
    "value":116066,
    "cpu_seconds":0.0058042920000000164,
    "wall_seconds":0.005804300308227539
  }
}
