{
  "household": {
    "facts": [
      {"ctor":"son_", "args": [ {"a":"bob_is_son"} ]},
      {"ctor":"agent_", "args": [ {"a":"bob_is_son"},  {"a":"bob"} ]},
      {
	"ctor":"patient_",
	"args": [ {"a":"bob_is_son"},  {"a":"alice"} ]
      },
      {"ctor":"start_", "args": [ {"a":"bob_is_son"}, "2015-09-01" ]},
      {"ctor":"residence_", "args": [ {"a":"alice_residence"} ]},
      {
	"ctor":"agent_",
	"args": [ {"a":"alice_residence"},  {"a":"alice"} ]
      },
      {
	"ctor":"patient_",
	"args": [ {"a":"alice_residence"},  {"a":"home"} ]
      },
      {
	"ctor":"start_",
	"args": [ {"a":"alice_residence"}, "2015-09-01" ]
      },
      {"ctor":"end_", "args": [ {"a":"alice_residence"}, "2019-11-03" ]},
      {"ctor":"residence_", "args": [ {"a":"bob_residence"} ]},
      {"ctor":"agent_", "args": [ {"a":"bob_residence"},  {"a":"bob"} ]},
      {
	"ctor":"patient_",
	"args": [ {"a":"bob_residence"},  {"a":"home"} ]
      },
      {"ctor":"start_", "args": [ {"a":"bob_residence"}, "2015-09-01" ]},
      {"ctor":"end_", "args": [ {"a":"bob_residence"}, "2019-11-03" ]},
      {"ctor":"payment_", "args": [ {"a":"alice_maintains_home"} ]},
      {
	"ctor":"agent_",
	"args": [ {"a":"alice_maintains_home"},  {"a":"alice"} ]
      },
      {
	"ctor":"purpose_",
	"args": [ {"val": {"a":"alice_maintains_home"}},  {"a":"home"} ]
      },
      {
	"ctor":"start_",
	"args": [ {"a":"alice_maintains_home"}, "2015-12-31" ]
      },
      {
	"ctor":"start_",
	"args": [ {"a":"alice_maintains_home"}, "2016-12-31" ]
      },
      {
	"ctor":"start_",
	"args": [ {"a":"alice_maintains_home"}, "2017-12-31" ]
      },
      {
	"ctor":"start_",
	"args": [ {"a":"alice_maintains_home"}, "2018-12-31" ]
      },
      {
	"ctor":"start_",
	"args": [ {"a":"alice_maintains_home"}, "2019-12-31" ]
      },
      {"ctor":"amount_", "args": [ {"a":"alice_maintains_home"}, 1 ]},
      {"ctor":"income_", "args": [ {"a":"alice_income_2017"} ]},
      {
	"ctor":"agent_",
	"args": [ {"a":"alice_income_2017"},  {"a":"alice"} ]
      },
      {"ctor":"amount_", "args": [ {"a":"alice_income_2017"}, 545547 ]},
      {
	"ctor":"start_",
	"args": [ {"a":"alice_income_2017"}, "2017-12-31" ]
      },
      {"ctor":"income_", "args": [ {"a":"alice_income_2018"} ]},
      {
	"ctor":"agent_",
	"args": [ {"a":"alice_income_2018"},  {"a":"alice"} ]
      },
      {"ctor":"amount_", "args": [ {"a":"alice_income_2018"}, 545947 ]},
      {
	"ctor":"start_",
	"args": [ {"a":"alice_income_2018"}, "2018-12-31" ]
      },
      {"ctor":"income_", "args": [ {"a":"alice_income_2019"} ]},
      {
	"ctor":"agent_",
	"args": [ {"a":"alice_income_2019"},  {"a":"alice"} ]
      },
      {"ctor":"amount_", "args": [ {"a":"alice_income_2019"}, 545927 ]},
      {
	"ctor":"start_",
	"args": [ {"a":"alice_income_2019"}, "2019-12-31" ]
      }
    ],
    "stipulations": []
  },
  "unary": [
    {
      "source_clause":1,
      "predicate":"son_",
      "event": {"a":"bob_is_son"}
    },
    {
      "source_clause":5,
      "predicate":"residence_",
      "event": {"a":"alice_residence"}
    },
    {
      "source_clause":10,
      "predicate":"residence_",
      "event": {"a":"bob_residence"}
    },
    {
      "source_clause":15,
      "predicate":"payment_",
      "event": {"a":"alice_maintains_home"}
    },
    {
      "source_clause":20,
      "predicate":"income_",
      "event": {"a":"alice_income_2017"}
    },
    {
      "source_clause":24,
      "predicate":"income_",
      "event": {"a":"alice_income_2018"}
    },
    {
      "source_clause":28,
      "predicate":"income_",
      "event": {"a":"alice_income_2019"}
    }
  ],
  "event_domain": [
    {"a":"bob_is_son"},
    {"a":"alice_residence"},
    {"a":"bob_residence"},
    {"a":"alice_maintains_home"},
    {"a":"alice_income_2017"},
    {"a":"alice_income_2018"},
    {"a":"alice_income_2019"}
  ],
  "fact_source_clauses": [
    1,
    2,
    3,
    4,
    5,
    6,
    7,
    8,
    9,
    10,
    11,
    12,
    13,
    14,
    15,
    16,
    17,
    18,
    18,
    18,
    18,
    18,
    19,
    20,
    21,
    22,
    23,
    24,
    25,
    26,
    27,
    28,
    29,
    30,
    31
  ],
  "stats": {
    "unary_proofs":7,
    "distinct_event_domain":7,
    "service_proofs":0,
    "distinct_service_domain":0,
    "fact_count":35,
    "stipulation_count":0,
    "wildcard_count":0,
    "grounding_cpu_seconds":0.0008609159999999894,
    "grounding_wall_seconds":0.0008602142333984375,
    "candidate": {"scope":"not_applicable"}
  },
  "tax": {
    "status":"first_solution",
    "value":187552,
    "cpu_seconds":0.005191165999999997,
    "wall_seconds":0.00519108772277832
  }
}
