{
  "household": {
    "facts": [
      {"ctor":"son_", "args": [ {"a":"bob_is_son"} ]},
      {"ctor":"agent_", "args": [ {"a":"bob_is_son"},  {"a":"bob"} ]},
      {
	"ctor":"patient_",
	"args": [ {"a":"bob_is_son"},  {"a":"charlie"} ]
      },
      {
	"ctor":"patient_",
	"args": [ {"a":"bob_is_son"},  {"a":"dorothy"} ]
      },
      {"ctor":"start_", "args": [ {"a":"bob_is_son"}, "2015-04-15" ]},
      {"ctor":"marriage_", "args": [ {"a":"alice_and_charlie"} ]},
      {
	"ctor":"agent_",
	"args": [ {"a":"alice_and_charlie"},  {"a":"alice"} ]
      },
      {
	"ctor":"agent_",
	"args": [ {"a":"alice_and_charlie"},  {"a":"charlie"} ]
      },
      {
	"ctor":"start_",
	"args": [ {"a":"alice_and_charlie"}, "2018-08-08" ]
      },
      {"ctor":"service_", "args": [ {"a":"alice_employed"} ]},
      {
	"ctor":"patient_",
	"args": [ {"a":"alice_employed"},  {"s":"united states government"} ]
      },
      {
	"ctor":"agent_",
	"args": [ {"a":"alice_employed"},  {"a":"alice"} ]
      },
      {
	"ctor":"start_",
	"args": [ {"a":"alice_employed"}, "2020-01-01" ]
      },
      {"ctor":"end_", "args": [ {"a":"alice_employed"}, "2020-12-31" ]},
      {
	"ctor":"location_",
	"args": [ {"a":"alice_employed"},  {"s":"arlington"} ]
      },
      {
	"ctor":"location_",
	"args": [ {"a":"alice_employed"},  {"s":"virginia"} ]
      },
      {
	"ctor":"location_",
	"args": [ {"a":"alice_employed"},  {"s":"usa"} ]
      },
      {"ctor":"payment_", "args": [ {"a":"alice_is_paid"} ]},
      {
	"ctor":"agent_",
	"args": [ {"a":"alice_is_paid"},  {"s":"united states government"} ]
      },
      {
	"ctor":"patient_",
	"args": [ {"a":"alice_is_paid"},  {"a":"alice"} ]
      },
      {"ctor":"start_", "args": [ {"a":"alice_is_paid"}, "2020-12-31" ]},
      {
	"ctor":"purpose_",
	"args": [ {"val": {"a":"alice_is_paid"}},  {"a":"alice_employed"} ]
      },
      {"ctor":"amount_", "args": [ {"a":"alice_is_paid"}, 73200 ]},
      {"ctor":"residence_", "args": [ {"a":"alice_residence"} ]},
      {
	"ctor":"agent_",
	"args": [ {"a":"alice_residence"},  {"a":"alice"} ]
      },
      {
	"ctor":"patient_",
	"args": [ {"a":"alice_residence"},  {"a":"abc_house"} ]
      },
      {
	"ctor":"start_",
	"args": [ {"a":"alice_residence"}, "2019-01-01" ]
      },
      {"ctor":"residence_", "args": [ {"a":"bob_residence"} ]},
      {"ctor":"agent_", "args": [ {"a":"bob_residence"},  {"a":"bob"} ]},
      {
	"ctor":"patient_",
	"args": [ {"a":"bob_residence"},  {"a":"abc_house"} ]
      },
      {"ctor":"start_", "args": [ {"a":"bob_residence"}, "2019-01-01" ]},
      {"ctor":"residence_", "args": [ {"a":"charlie_residence"} ]},
      {
	"ctor":"agent_",
	"args": [ {"a":"charlie_residence"},  {"a":"charlie"} ]
      },
      {
	"ctor":"patient_",
	"args": [ {"a":"charlie_residence"},  {"a":"abc_house"} ]
      },
      {
	"ctor":"start_",
	"args": [ {"a":"charlie_residence"}, "2019-01-01" ]
      },
      {
	"ctor":"payment_",
	"args": [ {"a":"alice_maintains_house_2019"} ]
      },
      {
	"ctor":"agent_",
	"args": [ {"a":"alice_maintains_house_2019"},  {"a":"alice"} ]
      },
      {
	"ctor":"amount_",
	"args": [ {"a":"alice_maintains_house_2019"}, 1 ]
      },
      {
	"ctor":"start_",
	"args": [ {"a":"alice_maintains_house_2019"}, "2019-12-31" ]
      },
      {
	"ctor":"payment_",
	"args": [ {"a":"alice_maintains_house_2020"} ]
      },
      {
	"ctor":"agent_",
	"args": [ {"a":"alice_maintains_house_2020"},  {"a":"alice"} ]
      },
      {
	"ctor":"amount_",
	"args": [ {"a":"alice_maintains_house_2020"}, 1 ]
      },
      {
	"ctor":"start_",
	"args": [ {"a":"alice_maintains_house_2020"}, "2020-12-31" ]
      },
      {
	"ctor":"payment_",
	"args": [ {"a":"charlie_maintains_house_2019"} ]
      },
      {
	"ctor":"agent_",
	"args": [ {"a":"charlie_maintains_house_2019"},  {"a":"charlie"} ]
      },
      {
	"ctor":"amount_",
	"args": [ {"a":"charlie_maintains_house_2019"}, 1 ]
      },
      {
	"ctor":"start_",
	"args": [ {"a":"charlie_maintains_house_2019"}, "2019-12-31" ]
      },
      {
	"ctor":"payment_",
	"args": [ {"a":"charlie_maintains_house_2020"} ]
      },
      {
	"ctor":"agent_",
	"args": [ {"a":"charlie_maintains_house_2020"},  {"a":"charlie"} ]
      },
      {
	"ctor":"amount_",
	"args": [ {"a":"charlie_maintains_house_2020"}, 1 ]
      },
      {
	"ctor":"start_",
	"args": [ {"a":"charlie_maintains_house_2020"}, "2020-12-31" ]
      }
    ],
    "stipulations": []
  },
  "unary": [
    {
      "source_clause":1,
      "predicate":"son_",
      "event": {"a":"bob_is_son"}
    },
    {
      "source_clause":6,
      "predicate":"marriage_",
      "event": {"a":"alice_and_charlie"}
    },
    {
      "source_clause":10,
      "predicate":"service_",
      "event": {"a":"alice_employed"}
    },
    {
      "source_clause":18,
      "predicate":"payment_",
      "event": {"a":"alice_is_paid"}
    },
    {
      "source_clause":24,
      "predicate":"residence_",
      "event": {"a":"alice_residence"}
    },
    {
      "source_clause":28,
      "predicate":"residence_",
      "event": {"a":"bob_residence"}
    },
    {
      "source_clause":32,
      "predicate":"residence_",
      "event": {"a":"charlie_residence"}
    },
    {
      "source_clause":36,
      "predicate":"payment_",
      "event": {"a":"alice_maintains_house_2019"}
    },
    {
      "source_clause":40,
      "predicate":"payment_",
      "event": {"a":"alice_maintains_house_2020"}
    },
    {
      "source_clause":44,
      "predicate":"payment_",
      "event": {"a":"charlie_maintains_house_2019"}
    },
    {
      "source_clause":48,
      "predicate":"payment_",
      "event": {"a":"charlie_maintains_house_2020"}
    }
  ],
  "event_domain": [
    {"a":"bob_is_son"},
    {"a":"alice_and_charlie"},
    {"a":"alice_employed"},
    {"a":"alice_is_paid"},
    {"a":"alice_residence"},
    {"a":"bob_residence"},
    {"a":"charlie_residence"},
    {"a":"alice_maintains_house_2019"},
    {"a":"alice_maintains_house_2020"},
    {"a":"charlie_maintains_house_2019"},
    {"a":"charlie_maintains_house_2020"}
  ],
  "fact_source_clauses": [
    1,
    2,
    3,
    4,
    5,
    6,
    7,
    8,
    9,
    10,
    11,
    12,
    13,
    14,
    15,
    16,
    17,
    18,
    19,
    20,
    21,
    22,
    23,
    24,
    25,
    26,
    27,
    28,
    29,
    30,
    31,
    32,
    33,
    34,
    35,
    36,
    37,
    38,
    39,
    40,
    41,
    42,
    43,
    44,
    45,
    46,
    47,
    48,
    49,
    50,
    51
  ],
  "stats": {
    "unary_proofs":11,
    "distinct_event_domain":11,
    "service_proofs":1,
    "distinct_service_domain":1,
    "fact_count":51,
    "stipulation_count":0,
    "wildcard_count":0,
    "grounding_cpu_seconds":0.000380874999999975,
    "grounding_wall_seconds":0.0003800392150878906,
    "candidate": {"scope":"not_applicable"}
  },
  "tax": {
    "status":"first_solution",
    "value":15236,
    "cpu_seconds":0.005969292000000015,
    "wall_seconds":0.00596928596496582
  }
}
