{
  "household": {
    "facts": [
      {"ctor":"marriage_", "args": [ {"a":"alice_marriage"} ]},
      {
	"ctor":"agent_",
	"args": [ {"a":"alice_marriage"},  {"a":"alice"} ]
      },
      {
	"ctor":"agent_",
	"args": [ {"a":"alice_marriage"},  {"a":"spouse"} ]
      },
      {
	"ctor":"start_",
	"args": [ {"a":"alice_marriage"}, "2005-01-06" ]
      },
      {"ctor":"joint_return_", "args": [ {"a":"joint_return"} ]},
      {
	"ctor":"agent_",
	"args": [ {"a":"joint_return"},  {"a":"alice"} ]
      },
      {
	"ctor":"agent_",
	"args": [ {"a":"joint_return"},  {"a":"spouse"} ]
      },
      {"ctor":"start_", "args": [ {"a":"joint_return"}, "2015-01-01" ]},
      {"ctor":"end_", "args": [ {"a":"joint_return"}, "2015-12-31" ]},
      {"ctor":"income_", "args": [ {"a":"alice_income_2015"} ]},
      {
	"ctor":"agent_",
	"args": [ {"a":"alice_income_2015"},  {"a":"alice"} ]
      },
      {
	"ctor":"start_",
	"args": [ {"a":"alice_income_2015"}, "2015-12-31" ]
      },
      {"ctor":"amount_", "args": [ {"a":"alice_income_2015"}, 42876 ]},
      {"ctor":"residence_", "args": [ {"a":"alice_residence"} ]},
      {
	"ctor":"agent_",
	"args": [ {"a":"alice_residence"},  {"a":"alice"} ]
      },
      {
	"ctor":"patient_",
	"args": [ {"a":"alice_residence"},  {"a":"alice_house"} ]
      },
      {
	"ctor":"start_",
	"args": [ {"a":"alice_residence"}, "2015-01-01" ]
      },
      {"ctor":"end_", "args": [ {"a":"alice_residence"}, "2015-12-31" ]},
      {"ctor":"son_", "args": [ {"a":"bob_is_son"} ]},
      {"ctor":"agent_", "args": [ {"a":"bob_is_son"},  {"a":"bob"} ]},
      {
	"ctor":"patient_",
	"args": [ {"a":"bob_is_son"},  {"a":"alice"} ]
      },
      {"ctor":"residence_", "args": [ {"a":"bob_residence"} ]},
      {"ctor":"agent_", "args": [ {"a":"bob_residence"},  {"a":"bob"} ]},
      {
	"ctor":"patient_",
	"args": [ {"a":"bob_residence"},  {"a":"alice_house"} ]
      },
      {"ctor":"start_", "args": [ {"a":"bob_residence"}, "2015-01-01" ]},
      {"ctor":"end_", "args": [ {"a":"bob_residence"}, "2015-12-31" ]},
      {"ctor":"son_", "args": [ {"a":"charlie_is_son"} ]},
      {
	"ctor":"agent_",
	"args": [ {"a":"charlie_is_son"},  {"a":"charlie"} ]
      },
      {
	"ctor":"patient_",
	"args": [ {"a":"charlie_is_son"},  {"a":"bob"} ]
      },
      {"ctor":"residence_", "args": [ {"a":"charlie_residence"} ]},
      {
	"ctor":"agent_",
	"args": [ {"a":"charlie_residence"},  {"a":"charlie"} ]
      },
      {
	"ctor":"patient_",
	"args": [ {"a":"charlie_residence"},  {"a":"alice_house"} ]
      },
      {
	"ctor":"start_",
	"args": [ {"a":"charlie_residence"}, "2015-01-01" ]
      },
      {
	"ctor":"end_",
	"args": [ {"a":"charlie_residence"}, "2015-12-31" ]
      }
    ],
    "stipulations": []
  },
  "unary": [
    {
      "source_clause":1,
      "predicate":"marriage_",
      "event": {"a":"alice_marriage"}
    },
    {
      "source_clause":5,
      "predicate":"joint_return_",
      "event": {"a":"joint_return"}
    },
    {
      "source_clause":10,
      "predicate":"income_",
      "event": {"a":"alice_income_2015"}
    },
    {
      "source_clause":14,
      "predicate":"residence_",
      "event": {"a":"alice_residence"}
    },
    {
      "source_clause":19,
      "predicate":"son_",
      "event": {"a":"bob_is_son"}
    },
    {
      "source_clause":22,
      "predicate":"residence_",
      "event": {"a":"bob_residence"}
    },
    {
      "source_clause":27,
      "predicate":"son_",
      "event": {"a":"charlie_is_son"}
    },
    {
      "source_clause":30,
      "predicate":"residence_",
      "event": {"a":"charlie_residence"}
    }
  ],
  "event_domain": [
    {"a":"alice_marriage"},
    {"a":"joint_return"},
    {"a":"alice_income_2015"},
    {"a":"alice_residence"},
    {"a":"bob_is_son"},
    {"a":"bob_residence"},
    {"a":"charlie_is_son"},
    {"a":"charlie_residence"}
  ],
  "fact_source_clauses": [
    1,
    2,
    3,
    4,
    5,
    6,
    7,
    8,
    9,
    10,
    11,
    12,
    13,
    14,
    15,
    16,
    17,
    18,
    19,
    20,
    21,
    22,
    23,
    24,
    25,
    26,
    27,
    28,
    29,
    30,
    31,
    32,
    33,
    34
  ],
  "stats": {
    "unary_proofs":8,
    "distinct_event_domain":8,
    "service_proofs":0,
    "distinct_service_domain":0,
    "fact_count":34,
    "stipulation_count":0,
    "wildcard_count":0,
    "grounding_cpu_seconds":0.00029220899999998773,
    "grounding_wall_seconds":0.0002913475036621094,
    "candidate": {"scope":"not_applicable"}
  },
  "tax": {
    "status":"first_solution",
    "value":4331,
    "cpu_seconds":0.004586916999999996,
    "wall_seconds":0.004586935043334961
  }
}
