{
  "household": {
    "facts": [
      {"ctor":"payment_", "args": [ {"a":"alice_is_paid"} ]},
      {
	"ctor":"patient_",
	"args": [ {"a":"alice_is_paid"},  {"a":"alice"} ]
      },
      {"ctor":"start_", "args": [ {"a":"alice_is_paid"}, "2017-12-31" ]},
      {"ctor":"amount_", "args": [ {"a":"alice_is_paid"}, 33200 ]},
      {"ctor":"marriage_", "args": [ {"a":"alice_and_bob"} ]},
      {
	"ctor":"agent_",
	"args": [ {"a":"alice_and_bob"},  {"a":"alice"} ]
      },
      {"ctor":"agent_", "args": [ {"a":"alice_and_bob"},  {"a":"bob"} ]},
      {"ctor":"start_", "args": [ {"a":"alice_and_bob"}, "2017-02-03" ]},
      {"ctor":"birth_", "args": [ {"a":"alice_is_born"} ]},
      {
	"ctor":"agent_",
	"args": [ {"a":"alice_is_born"},  {"a":"alice"} ]
      },
      {"ctor":"start_", "args": [ {"a":"alice_is_born"}, "1950-03-02" ]},
      {"ctor":"end_", "args": [ {"a":"alice_is_born"}, "1950-03-02" ]},
      {"ctor":"birth_", "args": [ {"a":"bob_is_born"} ]},
      {"ctor":"agent_", "args": [ {"a":"bob_is_born"},  {"a":"bob"} ]},
      {"ctor":"start_", "args": [ {"a":"bob_is_born"}, "1955-03-03" ]},
      {"ctor":"end_", "args": [ {"a":"bob_is_born"}, "1955-03-03" ]},
      {"ctor":"income_", "args": [ {"a":"bob_income_2019"} ]},
      {
	"ctor":"agent_",
	"args": [ {"a":"bob_income_2019"},  {"a":"bob"} ]
      },
      {"ctor":"amount_", "args": [ {"a":"bob_income_2019"}, 113580 ]},
      {
	"ctor":"start_",
	"args": [ {"a":"bob_income_2019"}, "2019-12-31" ]
      },
      {"ctor":"joint_return_", "args": [ {"a":"joint_return"} ]},
      {
	"ctor":"agent_",
	"args": [ {"a":"joint_return"},  {"a":"alice"} ]
      },
      {"ctor":"agent_", "args": [ {"a":"joint_return"},  {"a":"bob"} ]},
      {"ctor":"start_", "args": [ {"a":"joint_return"}, "2019-01-01" ]},
      {"ctor":"end_", "args": [ {"a":"joint_return"}, "2019-12-31" ]}
    ],
    "stipulations": []
  },
  "unary": [
    {
      "source_clause":1,
      "predicate":"payment_",
      "event": {"a":"alice_is_paid"}
    },
    {
      "source_clause":5,
      "predicate":"marriage_",
      "event": {"a":"alice_and_bob"}
    },
    {
      "source_clause":9,
      "predicate":"birth_",
      "event": {"a":"alice_is_born"}
    },
    {
      "source_clause":13,
      "predicate":"birth_",
      "event": {"a":"bob_is_born"}
    },
    {
      "source_clause":17,
      "predicate":"income_",
      "event": {"a":"bob_income_2019"}
    },
    {
      "source_clause":21,
      "predicate":"joint_return_",
      "event": {"a":"joint_return"}
    }
  ],
  "event_domain": [
    {"a":"alice_is_paid"},
    {"a":"alice_and_bob"},
    {"a":"alice_is_born"},
    {"a":"bob_is_born"},
    {"a":"bob_income_2019"},
    {"a":"joint_return"}
  ],
  "fact_source_clauses": [
    1,
    2,
    3,
    4,
    5,
    6,
    7,
    8,
    9,
    10,
    11,
    12,
    13,
    14,
    15,
    16,
    17,
    18,
    19,
    20,
    21,
    22,
    23,
    24,
    25
  ],
  "stats": {
    "unary_proofs":6,
    "distinct_event_domain":6,
    "service_proofs":0,
    "distinct_service_domain":0,
    "fact_count":25,
    "stipulation_count":0,
    "wildcard_count":0,
    "grounding_cpu_seconds":0.0002722089999999955,
    "grounding_wall_seconds":0.0002715587615966797,
    "candidate": {"scope":"not_applicable"}
  },
  "tax": {
    "status":"first_solution",
    "value":20298,
    "cpu_seconds":0.0017040829999999951,
    "wall_seconds":0.0017042160034179688
  }
}
