{
  "household": {
    "facts": [
      {"ctor":"brother_", "args": [ {"a":"alice_and_bob"} ]},
      {"ctor":"agent_", "args": [ {"a":"alice_and_bob"},  {"a":"bob"} ]},
      {
	"ctor":"patient_",
	"args": [ {"a":"alice_and_bob"},  {"a":"alice"} ]
      },
      {"ctor":"start_", "args": [ {"a":"alice_and_bob"}, "2014-01-31" ]},
      {"ctor":"income_", "args": [ {"a":"alice_makes_money"} ]},
      {
	"ctor":"agent_",
	"args": [ {"a":"alice_makes_money"},  {"a":"alice"} ]
      },
      {"ctor":"amount_", "args": [ {"a":"alice_makes_money"}, 260932 ]},
      {
	"ctor":"start_",
	"args": [ {"a":"alice_makes_money"}, "2015-01-01" ]
      },
      {
	"ctor":"end_",
	"args": [ {"a":"alice_makes_money"}, "2015-12-31" ]
      },
      {"ctor":"residence_", "args": [ {"a":"alice_residence"} ]},
      {
	"ctor":"agent_",
	"args": [ {"a":"alice_residence"},  {"a":"alice"} ]
      },
      {
	"ctor":"patient_",
	"args": [ {"a":"alice_residence"},  {"a":"alice_house"} ]
      },
      {
	"ctor":"start_",
	"args": [ {"a":"alice_residence"}, "2015-01-01" ]
      },
      {"ctor":"end_", "args": [ {"a":"alice_residence"}, "2015-12-31" ]},
      {"ctor":"residence_", "args": [ {"a":"bob_residence"} ]},
      {"ctor":"agent_", "args": [ {"a":"bob_residence"},  {"a":"bob"} ]},
      {
	"ctor":"patient_",
	"args": [ {"a":"bob_residence"},  {"a":"alice_house"} ]
      },
      {"ctor":"start_", "args": [ {"a":"bob_residence"}, "2015-01-01" ]},
      {"ctor":"end_", "args": [ {"a":"bob_residence"}, "2015-12-31" ]}
    ],
    "stipulations": []
  },
  "unary": [
    {
      "source_clause":1,
      "predicate":"brother_",
      "event": {"a":"alice_and_bob"}
    },
    {
      "source_clause":5,
      "predicate":"income_",
      "event": {"a":"alice_makes_money"}
    },
    {
      "source_clause":10,
      "predicate":"residence_",
      "event": {"a":"alice_residence"}
    },
    {
      "source_clause":15,
      "predicate":"residence_",
      "event": {"a":"bob_residence"}
    }
  ],
  "event_domain": [
    {"a":"alice_and_bob"},
    {"a":"alice_makes_money"},
    {"a":"alice_residence"},
    {"a":"bob_residence"}
  ],
  "fact_source_clauses": [1, 2, 3, 4, 5, 6, 7, 8, 9, 10, 11, 12, 13, 14, 15, 16, 17, 18, 19 ],
  "stats": {
    "unary_proofs":4,
    "distinct_event_domain":4,
    "service_proofs":0,
    "distinct_service_domain":0,
    "fact_count":19,
    "stipulation_count":0,
    "wildcard_count":0,
    "grounding_cpu_seconds":0.0003307919999999964,
    "grounding_wall_seconds":0.0003304481506347656,
    "candidate": {"scope":"not_applicable"}
  },
  "tax": {
    "status":"first_solution",
    "value":81487,
    "cpu_seconds":0.005711541999999986,
    "wall_seconds":0.005728483200073242
  }
}
