{
  "household": {
    "facts": [
      {"ctor":"service_", "args": [ {"a":"alice_employer"} ]},
      {
	"ctor":"patient_",
	"args": [ {"a":"alice_employer"},  {"a":"alice"} ]
      },
      {
	"ctor":"agent_",
	"args": [ {"a":"alice_employer"},  {"a":"bob"} ]
      },
      {
	"ctor":"start_",
	"args": [ {"a":"alice_employer"}, "2017-02-01" ]
      },
      {"ctor":"end_", "args": [ {"a":"alice_employer"}, "2017-09-02" ]},
      {
	"ctor":"purpose_",
	"args": [ {"val": {"a":"alice_employer"}},  {"s":"domestic service"} ]
      },
      {"ctor":"payment_", "args": [ {"a":"alice_pays"} ]},
      {"ctor":"agent_", "args": [ {"a":"alice_pays"},  {"a":"alice"} ]},
      {"ctor":"patient_", "args": [ {"a":"alice_pays"},  {"a":"bob"} ]},
      {"ctor":"start_", "args": [ {"a":"alice_pays"}, "2019-09-02" ]},
      {
	"ctor":"purpose_",
	"args": [ {"val": {"a":"alice_pays"}},  {"a":"alice_employer"} ]
      },
      {"ctor":"amount_", "args": [ {"a":"alice_pays"}, 3200 ]},
      {"ctor":"service_", "args": [ {"a":"bob_employer"} ]},
      {
	"ctor":"patient_",
	"args": [ {"a":"bob_employer"},  {"a":"bob"} ]
      },
      {
	"ctor":"agent_",
	"args": [ {"a":"bob_employer"},  {"a":"alice"} ]
      },
      {"ctor":"start_", "args": [ {"a":"bob_employer"}, "2017-02-01" ]},
      {"ctor":"end_", "args": [ {"a":"bob_employer"}, "2017-09-02" ]},
      {"ctor":"payment_", "args": [ {"a":"bob_pays"} ]},
      {"ctor":"agent_", "args": [ {"a":"bob_pays"},  {"a":"bob"} ]},
      {"ctor":"patient_", "args": [ {"a":"bob_pays"},  {"a":"alice"} ]},
      {"ctor":"start_", "args": [ {"a":"bob_pays"}, "2018-09-02" ]},
      {"ctor":"end_", "args": [ {"a":"bob_pays"}, "2018-09-02" ]},
      {
	"ctor":"purpose_",
	"args": [ {"val": {"a":"bob_pays"}},  {"a":"bob_employer"} ]
      },
      {"ctor":"amount_", "args": [ {"a":"bob_pays"}, 4500 ]},
      {"ctor":"payment_", "args": [ {"a":"alice_is_paid"} ]},
      {
	"ctor":"patient_",
	"args": [ {"a":"alice_is_paid"},  {"a":"alice"} ]
      },
      {"ctor":"start_", "args": [ {"a":"alice_is_paid"}, "2018-12-31" ]},
      {"ctor":"amount_", "args": [ {"a":"alice_is_paid"}, 113209 ]}
    ],
    "stipulations": []
  },
  "unary": [
    {
      "source_clause":1,
      "predicate":"service_",
      "event": {"a":"alice_employer"}
    },
    {
      "source_clause":7,
      "predicate":"payment_",
      "event": {"a":"alice_pays"}
    },
    {
      "source_clause":13,
      "predicate":"service_",
      "event": {"a":"bob_employer"}
    },
    {
      "source_clause":18,
      "predicate":"payment_",
      "event": {"a":"bob_pays"}
    },
    {
      "source_clause":25,
      "predicate":"payment_",
      "event": {"a":"alice_is_paid"}
    }
  ],
  "event_domain": [
    {"a":"alice_employer"},
    {"a":"alice_pays"},
    {"a":"bob_employer"},
    {"a":"bob_pays"},
    {"a":"alice_is_paid"}
  ],
  "fact_source_clauses": [
    1,
    2,
    3,
    4,
    5,
    6,
    7,
    8,
    9,
    10,
    11,
    12,
    13,
    14,
    15,
    16,
    17,
    18,
    19,
    20,
    21,
    22,
    23,
    24,
    25,
    26,
    27,
    28
  ],
  "stats": {
    "unary_proofs":5,
    "distinct_event_domain":5,
    "service_proofs":2,
    "distinct_service_domain":2,
    "fact_count":28,
    "stipulation_count":0,
    "wildcard_count":0,
    "grounding_cpu_seconds":0.00032375000000001153,
    "grounding_wall_seconds":0.0003228187561035156,
    "candidate": {"scope":"not_applicable"}
  },
  "tax": {
    "status":"first_solution",
    "value":28292,
    "cpu_seconds":0.002114250000000012,
    "wall_seconds":0.0021142959594726562
  }
}
