{
  "household": {
    "facts": [
      {"ctor":"marriage_", "args": [ {"a":"alice_and_bob"} ]},
      {
	"ctor":"agent_",
	"args": [ {"a":"alice_and_bob"},  {"a":"alice"} ]
      },
      {"ctor":"agent_", "args": [ {"a":"alice_and_bob"},  {"a":"bob"} ]},
      {"ctor":"start_", "args": [ {"a":"alice_and_bob"}, "1997-02-03" ]},
      {"ctor":"end_", "args": [ {"a":"alice_and_bob"}, "2001-10-31" ]},
      {"ctor":"income_", "args": [ {"a":"alice_income"} ]},
      {
	"ctor":"agent_",
	"args": [ {"a":"alice_income"},  {"a":"alice"} ]
      },
      {"ctor":"start_", "args": [ {"a":"alice_income"}, "2014-12-31" ]},
      {"ctor":"amount_", "args": [ {"a":"alice_income"}, 718791 ]}
    ],
    "stipulations": []
  },
  "unary": [
    {
      "source_clause":1,
      "predicate":"marriage_",
      "event": {"a":"alice_and_bob"}
    },
    {
      "source_clause":6,
      "predicate":"income_",
      "event": {"a":"alice_income"}
    }
  ],
  "event_domain": [ {"a":"alice_and_bob"},  {"a":"alice_income"} ],
  "fact_source_clauses": [1, 2, 3, 4, 5, 6, 7, 8, 9 ],
  "stats": {
    "unary_proofs":2,
    "distinct_event_domain":2,
    "service_proofs":0,
    "distinct_service_domain":0,
    "fact_count":9,
    "stipulation_count":0,
    "wildcard_count":0,
    "grounding_cpu_seconds":0.00023912499999997894,
    "grounding_wall_seconds":0.0002384185791015625,
    "candidate": {"scope":"not_applicable"}
  },
  "tax": {
    "status":"first_solution",
    "value":264225,
    "cpu_seconds":0.0027962920000000058,
    "wall_seconds":0.0027964115142822266
  }
}
