{
  "household": {
    "facts": [
      {"ctor":"brother_", "args": [ {"a":"alice_and_bob"} ]},
      {"ctor":"agent_", "args": [ {"a":"alice_and_bob"},  {"a":"bob"} ]},
      {
	"ctor":"patient_",
	"args": [ {"a":"alice_and_bob"},  {"a":"alice"} ]
      },
      {"ctor":"start_", "args": [ {"a":"alice_and_bob"}, "2014-01-31" ]},
      {"ctor":"son_", "args": [ {"a":"bob_is_son"} ]},
      {"ctor":"agent_", "args": [ {"a":"bob_is_son"},  {"a":"bob"} ]},
      {
	"ctor":"patient_",
	"args": [ {"a":"bob_is_son"},  {"a":"bob_parents"} ]
      },
      {"ctor":"start_", "args": [ {"a":"bob_is_son"}, "2014-01-31" ]},
      {"ctor":"residence_", "args": [ {"a":"bob_parents_residence"} ]},
      {
	"ctor":"agent_",
	"args": [ {"a":"bob_parents_residence"},  {"a":"bob_parents"} ]
      },
      {
	"ctor":"patient_",
	"args": [ {"a":"bob_parents_residence"},  {"a":"bob_parents_house"} ]
      },
      {"ctor":"residence_", "args": [ {"a":"bob_residence"} ]},
      {"ctor":"agent_", "args": [ {"a":"bob_residence"},  {"a":"bob"} ]},
      {
	"ctor":"patient_",
	"args": [ {"a":"bob_residence"},  {"a":"bob_parents_house"} ]
      },
      {"ctor":"start_", "args": [ {"a":"bob_residence"}, "2014-01-31" ]},
      {"ctor":"income_", "args": [ {"a":"alice_income"} ]},
      {
	"ctor":"agent_",
	"args": [ {"a":"alice_income"},  {"a":"alice"} ]
      },
      {"ctor":"start_", "args": [ {"a":"alice_income"}, "2016-12-31" ]},
      {"ctor":"amount_", "args": [ {"a":"alice_income"}, 567192 ]},
      {"ctor":"marriage_", "args": [ {"a":"alice_marriage"} ]},
      {
	"ctor":"agent_",
	"args": [ {"a":"alice_marriage"},  {"a":"alice"} ]
      },
      {
	"ctor":"agent_",
	"args": [ {"a":"alice_marriage"},  {"a":"husband"} ]
      },
      {
	"ctor":"start_",
	"args": [ {"a":"alice_marriage"}, "2016-01-12" ]
      },
      {"ctor":"deduction_", "args": [ {"a":"itemized_deduction"} ]},
      {
	"ctor":"agent_",
	"args": [ {"a":"itemized_deduction"},  {"a":"alice"} ]
      },
      {"ctor":"amount_", "args": [ {"a":"itemized_deduction"}, 100206 ]},
      {
	"ctor":"start_",
	"args": [ {"a":"itemized_deduction"}, "2016-01-01" ]
      }
    ],
    "stipulations": []
  },
  "unary": [
    {
      "source_clause":1,
      "predicate":"brother_",
      "event": {"a":"alice_and_bob"}
    },
    {
      "source_clause":5,
      "predicate":"son_",
      "event": {"a":"bob_is_son"}
    },
    {
      "source_clause":9,
      "predicate":"residence_",
      "event": {"a":"bob_parents_residence"}
    },
    {
      "source_clause":12,
      "predicate":"residence_",
      "event": {"a":"bob_residence"}
    },
    {
      "source_clause":16,
      "predicate":"income_",
      "event": {"a":"alice_income"}
    },
    {
      "source_clause":20,
      "predicate":"marriage_",
      "event": {"a":"alice_marriage"}
    },
    {
      "source_clause":24,
      "predicate":"deduction_",
      "event": {"a":"itemized_deduction"}
    }
  ],
  "event_domain": [
    {"a":"alice_and_bob"},
    {"a":"bob_is_son"},
    {"a":"bob_parents_residence"},
    {"a":"bob_residence"},
    {"a":"alice_income"},
    {"a":"alice_marriage"},
    {"a":"itemized_deduction"}
  ],
  "fact_source_clauses": [
    1,
    2,
    3,
    4,
    5,
    6,
    7,
    8,
    9,
    10,
    11,
    12,
    13,
    14,
    15,
    16,
    17,
    18,
    19,
    20,
    21,
    22,
    23,
    24,
    25,
    26,
    27
  ],
  "stats": {
    "unary_proofs":7,
    "distinct_event_domain":7,
    "service_proofs":0,
    "distinct_service_domain":0,
    "fact_count":27,
    "stipulation_count":0,
    "wildcard_count":0,
    "grounding_cpu_seconds":0.000275207999999999,
    "grounding_wall_seconds":0.00027441978454589844,
    "candidate": {"scope":"not_applicable"}
  },
  "tax": {
    "status":"first_solution",
    "value":178147,
    "cpu_seconds":0.004373832999999994,
    "wall_seconds":0.004374027252197266
  }
}
