{
  "household": {
    "facts": [
      {"ctor":"income_", "args": [ {"a":"alice_income_2013"} ]},
      {
	"ctor":"agent_",
	"args": [ {"a":"alice_income_2013"},  {"a":"alice"} ]
      },
      {"ctor":"amount_", "args": [ {"a":"alice_income_2013"}, 71879 ]},
      {
	"ctor":"start_",
	"args": [ {"a":"alice_income_2013"}, "2013-12-31" ]
      },
      {"ctor":"income_", "args": [ {"a":"bob_income_2013"} ]},
      {
	"ctor":"agent_",
	"args": [ {"a":"bob_income_2013"},  {"a":"bob"} ]
      },
      {"ctor":"amount_", "args": [ {"a":"bob_income_2013"}, 11213 ]},
      {
	"ctor":"start_",
	"args": [ {"a":"bob_income_2013"}, "2013-12-31" ]
      },
      {"ctor":"marriage_", "args": [ {"a":"alice_and_bob"} ]},
      {
	"ctor":"agent_",
	"args": [ {"a":"alice_and_bob"},  {"a":"alice"} ]
      },
      {"ctor":"agent_", "args": [ {"a":"alice_and_bob"},  {"a":"bob"} ]},
      {"ctor":"start_", "args": [ {"a":"alice_and_bob"}, "1992-02-03" ]},
      {"ctor":"son_", "args": [ {"a":"charlie_is_son"} ]},
      {
	"ctor":"agent_",
	"args": [ {"a":"charlie_is_son"},  {"a":"charlie"} ]
      },
      {
	"ctor":"patient_",
	"args": [ {"a":"charlie_is_son"},  {"a":"alice"} ]
      },
      {
	"ctor":"patient_",
	"args": [ {"a":"charlie_is_son"},  {"a":"bob"} ]
      },
      {
	"ctor":"start_",
	"args": [ {"a":"charlie_is_son"}, "2000-10-09" ]
      },
      {
	"ctor":"residence_",
	"args": [ {"a":"charlie_and_bob_residence"} ]
      },
      {
	"ctor":"agent_",
	"args": [ {"a":"charlie_and_bob_residence"},  {"a":"charlie"} ]
      },
      {
	"ctor":"agent_",
	"args": [ {"a":"charlie_and_bob_residence"},  {"a":"bob"} ]
      },
      {
	"ctor":"patient_",
	"args": [ {"a":"charlie_and_bob_residence"},  {"a":"bob_s_house"} ]
      },
      {
	"ctor":"start_",
	"args": [ {"a":"charlie_and_bob_residence"}, "2004-01-01" ]
      },
      {
	"ctor":"end_",
	"args": [ {"a":"charlie_and_bob_residence"}, "2019-12-31" ]
      },
      {
	"ctor":"payment_",
	"args": [ {"a":"bob_maintains_household_2004"} ]
      },
      {
	"ctor":"payment_",
	"args": [ {"a":"bob_maintains_household_2005"} ]
      },
      {
	"ctor":"payment_",
	"args": [ {"a":"bob_maintains_household_2006"} ]
      },
      {
	"ctor":"payment_",
	"args": [ {"a":"bob_maintains_household_2007"} ]
      },
      {
	"ctor":"payment_",
	"args": [ {"a":"bob_maintains_household_2008"} ]
      },
      {
	"ctor":"payment_",
	"args": [ {"a":"bob_maintains_household_2009"} ]
      },
      {
	"ctor":"payment_",
	"args": [ {"a":"bob_maintains_household_2010"} ]
      },
      {
	"ctor":"payment_",
	"args": [ {"a":"bob_maintains_household_2011"} ]
      },
      {
	"ctor":"payment_",
	"args": [ {"a":"bob_maintains_household_2012"} ]
      },
      {
	"ctor":"payment_",
	"args": [ {"a":"bob_maintains_household_2013"} ]
      },
      {
	"ctor":"payment_",
	"args": [ {"a":"bob_maintains_household_2014"} ]
      },
      {
	"ctor":"payment_",
	"args": [ {"a":"bob_maintains_household_2015"} ]
      },
      {
	"ctor":"payment_",
	"args": [ {"a":"bob_maintains_household_2016"} ]
      },
      {
	"ctor":"payment_",
	"args": [ {"a":"bob_maintains_household_2017"} ]
      },
      {
	"ctor":"payment_",
	"args": [ {"a":"bob_maintains_household_2018"} ]
      },
      {
	"ctor":"payment_",
	"args": [ {"a":"bob_maintains_household_2019"} ]
      },
      {
	"ctor":"agent_",
	"args": [ {"a":"bob_maintains_household_2004"},  {"a":"bob"} ]
      },
      {
	"ctor":"agent_",
	"args": [ {"a":"bob_maintains_household_2005"},  {"a":"bob"} ]
      },
      {
	"ctor":"agent_",
	"args": [ {"a":"bob_maintains_household_2006"},  {"a":"bob"} ]
      },
      {
	"ctor":"agent_",
	"args": [ {"a":"bob_maintains_household_2007"},  {"a":"bob"} ]
      },
      {
	"ctor":"agent_",
	"args": [ {"a":"bob_maintains_household_2008"},  {"a":"bob"} ]
      },
      {
	"ctor":"agent_",
	"args": [ {"a":"bob_maintains_household_2009"},  {"a":"bob"} ]
      },
      {
	"ctor":"agent_",
	"args": [ {"a":"bob_maintains_household_2010"},  {"a":"bob"} ]
      },
      {
	"ctor":"agent_",
	"args": [ {"a":"bob_maintains_household_2011"},  {"a":"bob"} ]
      },
      {
	"ctor":"agent_",
	"args": [ {"a":"bob_maintains_household_2012"},  {"a":"bob"} ]
      },
      {
	"ctor":"agent_",
	"args": [ {"a":"bob_maintains_household_2013"},  {"a":"bob"} ]
      },
      {
	"ctor":"agent_",
	"args": [ {"a":"bob_maintains_household_2014"},  {"a":"bob"} ]
      },
      {
	"ctor":"agent_",
	"args": [ {"a":"bob_maintains_household_2015"},  {"a":"bob"} ]
      },
      {
	"ctor":"agent_",
	"args": [ {"a":"bob_maintains_household_2016"},  {"a":"bob"} ]
      },
      {
	"ctor":"agent_",
	"args": [ {"a":"bob_maintains_household_2017"},  {"a":"bob"} ]
      },
      {
	"ctor":"agent_",
	"args": [ {"a":"bob_maintains_household_2018"},  {"a":"bob"} ]
      },
      {
	"ctor":"agent_",
	"args": [ {"a":"bob_maintains_household_2019"},  {"a":"bob"} ]
      },
      {
	"ctor":"amount_",
	"args": [ {"a":"bob_maintains_household_2004"}, 40 ]
      },
      {
	"ctor":"amount_",
	"args": [ {"a":"bob_maintains_household_2005"}, 40 ]
      },
      {
	"ctor":"amount_",
	"args": [ {"a":"bob_maintains_household_2006"}, 40 ]
      },
      {
	"ctor":"amount_",
	"args": [ {"a":"bob_maintains_household_2007"}, 40 ]
      },
      {
	"ctor":"amount_",
	"args": [ {"a":"bob_maintains_household_2008"}, 40 ]
      },
      {
	"ctor":"amount_",
	"args": [ {"a":"bob_maintains_household_2009"}, 40 ]
      },
      {
	"ctor":"amount_",
	"args": [ {"a":"bob_maintains_household_2010"}, 40 ]
      },
      {
	"ctor":"amount_",
	"args": [ {"a":"bob_maintains_household_2011"}, 40 ]
      },
      {
	"ctor":"amount_",
	"args": [ {"a":"bob_maintains_household_2012"}, 40 ]
      },
      {
	"ctor":"amount_",
	"args": [ {"a":"bob_maintains_household_2013"}, 40 ]
      },
      {
	"ctor":"amount_",
	"args": [ {"a":"bob_maintains_household_2014"}, 40 ]
      },
      {
	"ctor":"amount_",
	"args": [ {"a":"bob_maintains_household_2015"}, 40 ]
      },
      {
	"ctor":"amount_",
	"args": [ {"a":"bob_maintains_household_2016"}, 40 ]
      },
      {
	"ctor":"amount_",
	"args": [ {"a":"bob_maintains_household_2017"}, 40 ]
      },
      {
	"ctor":"amount_",
	"args": [ {"a":"bob_maintains_household_2018"}, 40 ]
      },
      {
	"ctor":"amount_",
	"args": [ {"a":"bob_maintains_household_2019"}, 40 ]
      },
      {
	"ctor":"purpose_",
	"args": [
	  {"val": {"a":"bob_maintains_household_2004"}},
	  {"a":"bob_s_house"}
	]
      },
      {
	"ctor":"purpose_",
	"args": [
	  {"val": {"a":"bob_maintains_household_2005"}},
	  {"a":"bob_s_house"}
	]
      },
      {
	"ctor":"purpose_",
	"args": [
	  {"val": {"a":"bob_maintains_household_2006"}},
	  {"a":"bob_s_house"}
	]
      },
      {
	"ctor":"purpose_",
	"args": [
	  {"val": {"a":"bob_maintains_household_2007"}},
	  {"a":"bob_s_house"}
	]
      },
      {
	"ctor":"purpose_",
	"args": [
	  {"val": {"a":"bob_maintains_household_2008"}},
	  {"a":"bob_s_house"}
	]
      },
      {
	"ctor":"purpose_",
	"args": [
	  {"val": {"a":"bob_maintains_household_2009"}},
	  {"a":"bob_s_house"}
	]
      },
      {
	"ctor":"purpose_",
	"args": [
	  {"val": {"a":"bob_maintains_household_2010"}},
	  {"a":"bob_s_house"}
	]
      },
      {
	"ctor":"purpose_",
	"args": [
	  {"val": {"a":"bob_maintains_household_2011"}},
	  {"a":"bob_s_house"}
	]
      },
      {
	"ctor":"purpose_",
	"args": [
	  {"val": {"a":"bob_maintains_household_2012"}},
	  {"a":"bob_s_house"}
	]
      },
      {
	"ctor":"purpose_",
	"args": [
	  {"val": {"a":"bob_maintains_household_2013"}},
	  {"a":"bob_s_house"}
	]
      },
      {
	"ctor":"purpose_",
	"args": [
	  {"val": {"a":"bob_maintains_household_2014"}},
	  {"a":"bob_s_house"}
	]
      },
      {
	"ctor":"purpose_",
	"args": [
	  {"val": {"a":"bob_maintains_household_2015"}},
	  {"a":"bob_s_house"}
	]
      },
      {
	"ctor":"purpose_",
	"args": [
	  {"val": {"a":"bob_maintains_household_2016"}},
	  {"a":"bob_s_house"}
	]
      },
      {
	"ctor":"purpose_",
	"args": [
	  {"val": {"a":"bob_maintains_household_2017"}},
	  {"a":"bob_s_house"}
	]
      },
      {
	"ctor":"purpose_",
	"args": [
	  {"val": {"a":"bob_maintains_household_2018"}},
	  {"a":"bob_s_house"}
	]
      },
      {
	"ctor":"purpose_",
	"args": [
	  {"val": {"a":"bob_maintains_household_2019"}},
	  {"a":"bob_s_house"}
	]
      },
      {
	"ctor":"start_",
	"args": [ {"a":"bob_maintains_household_2004"}, "2004-01-01" ]
      },
      {
	"ctor":"start_",
	"args": [ {"a":"bob_maintains_household_2005"}, "2005-01-01" ]
      },
      {
	"ctor":"start_",
	"args": [ {"a":"bob_maintains_household_2006"}, "2006-01-01" ]
      },
      {
	"ctor":"start_",
	"args": [ {"a":"bob_maintains_household_2007"}, "2007-01-01" ]
      },
      {
	"ctor":"start_",
	"args": [ {"a":"bob_maintains_household_2008"}, "2008-01-01" ]
      },
      {
	"ctor":"start_",
	"args": [ {"a":"bob_maintains_household_2009"}, "2009-01-01" ]
      },
      {
	"ctor":"start_",
	"args": [ {"a":"bob_maintains_household_2010"}, "2010-01-01" ]
      },
      {
	"ctor":"start_",
	"args": [ {"a":"bob_maintains_household_2011"}, "2011-01-01" ]
      },
      {
	"ctor":"start_",
	"args": [ {"a":"bob_maintains_household_2012"}, "2012-01-01" ]
      },
      {
	"ctor":"start_",
	"args": [ {"a":"bob_maintains_household_2013"}, "2013-01-01" ]
      },
      {
	"ctor":"start_",
	"args": [ {"a":"bob_maintains_household_2014"}, "2014-01-01" ]
      },
      {
	"ctor":"start_",
	"args": [ {"a":"bob_maintains_household_2015"}, "2015-01-01" ]
      },
      {
	"ctor":"start_",
	"args": [ {"a":"bob_maintains_household_2016"}, "2016-01-01" ]
      },
      {
	"ctor":"start_",
	"args": [ {"a":"bob_maintains_household_2017"}, "2017-01-01" ]
      },
      {
	"ctor":"start_",
	"args": [ {"a":"bob_maintains_household_2018"}, "2018-01-01" ]
      },
      {
	"ctor":"start_",
	"args": [ {"a":"bob_maintains_household_2019"}, "2019-01-01" ]
      },
      {
	"ctor":"end_",
	"args": [ {"a":"bob_maintains_household_2004"}, "2004-12-31" ]
      },
      {
	"ctor":"end_",
	"args": [ {"a":"bob_maintains_household_2005"}, "2005-12-31" ]
      },
      {
	"ctor":"end_",
	"args": [ {"a":"bob_maintains_household_2006"}, "2006-12-31" ]
      },
      {
	"ctor":"end_",
	"args": [ {"a":"bob_maintains_household_2007"}, "2007-12-31" ]
      },
      {
	"ctor":"end_",
	"args": [ {"a":"bob_maintains_household_2008"}, "2008-12-31" ]
      },
      {
	"ctor":"end_",
	"args": [ {"a":"bob_maintains_household_2009"}, "2009-12-31" ]
      },
      {
	"ctor":"end_",
	"args": [ {"a":"bob_maintains_household_2010"}, "2010-12-31" ]
      },
      {
	"ctor":"end_",
	"args": [ {"a":"bob_maintains_household_2011"}, "2011-12-31" ]
      },
      {
	"ctor":"end_",
	"args": [ {"a":"bob_maintains_household_2012"}, "2012-12-31" ]
      },
      {
	"ctor":"end_",
	"args": [ {"a":"bob_maintains_household_2013"}, "2013-12-31" ]
      },
      {
	"ctor":"end_",
	"args": [ {"a":"bob_maintains_household_2014"}, "2014-12-31" ]
      },
      {
	"ctor":"end_",
	"args": [ {"a":"bob_maintains_household_2015"}, "2015-12-31" ]
      },
      {
	"ctor":"end_",
	"args": [ {"a":"bob_maintains_household_2016"}, "2016-12-31" ]
      },
      {
	"ctor":"end_",
	"args": [ {"a":"bob_maintains_household_2017"}, "2017-12-31" ]
      },
      {
	"ctor":"end_",
	"args": [ {"a":"bob_maintains_household_2018"}, "2018-12-31" ]
      },
      {
	"ctor":"end_",
	"args": [ {"a":"bob_maintains_household_2019"}, "2019-12-31" ]
      },
      {
	"ctor":"payment_",
	"args": [ {"a":"alice_maintains_household_2004"} ]
      },
      {
	"ctor":"payment_",
	"args": [ {"a":"alice_maintains_household_2005"} ]
      },
      {
	"ctor":"payment_",
	"args": [ {"a":"alice_maintains_household_2006"} ]
      },
      {
	"ctor":"payment_",
	"args": [ {"a":"alice_maintains_household_2007"} ]
      },
      {
	"ctor":"payment_",
	"args": [ {"a":"alice_maintains_household_2008"} ]
      },
      {
	"ctor":"payment_",
	"args": [ {"a":"alice_maintains_household_2009"} ]
      },
      {
	"ctor":"payment_",
	"args": [ {"a":"alice_maintains_household_2010"} ]
      },
      {
	"ctor":"payment_",
	"args": [ {"a":"alice_maintains_household_2011"} ]
      },
      {
	"ctor":"payment_",
	"args": [ {"a":"alice_maintains_household_2012"} ]
      },
      {
	"ctor":"payment_",
	"args": [ {"a":"alice_maintains_household_2013"} ]
      },
      {
	"ctor":"payment_",
	"args": [ {"a":"alice_maintains_household_2014"} ]
      },
      {
	"ctor":"payment_",
	"args": [ {"a":"alice_maintains_household_2015"} ]
      },
      {
	"ctor":"payment_",
	"args": [ {"a":"alice_maintains_household_2016"} ]
      },
      {
	"ctor":"payment_",
	"args": [ {"a":"alice_maintains_household_2017"} ]
      },
      {
	"ctor":"payment_",
	"args": [ {"a":"alice_maintains_household_2018"} ]
      },
      {
	"ctor":"payment_",
	"args": [ {"a":"alice_maintains_household_2019"} ]
      },
      {
	"ctor":"agent_",
	"args": [ {"a":"alice_maintains_household_2004"},  {"a":"alice"} ]
      },
      {
	"ctor":"agent_",
	"args": [ {"a":"alice_maintains_household_2005"},  {"a":"alice"} ]
      },
      {
	"ctor":"agent_",
	"args": [ {"a":"alice_maintains_household_2006"},  {"a":"alice"} ]
      },
      {
	"ctor":"agent_",
	"args": [ {"a":"alice_maintains_household_2007"},  {"a":"alice"} ]
      },
      {
	"ctor":"agent_",
	"args": [ {"a":"alice_maintains_household_2008"},  {"a":"alice"} ]
      },
      {
	"ctor":"agent_",
	"args": [ {"a":"alice_maintains_household_2009"},  {"a":"alice"} ]
      },
      {
	"ctor":"agent_",
	"args": [ {"a":"alice_maintains_household_2010"},  {"a":"alice"} ]
      },
      {
	"ctor":"agent_",
	"args": [ {"a":"alice_maintains_household_2011"},  {"a":"alice"} ]
      },
      {
	"ctor":"agent_",
	"args": [ {"a":"alice_maintains_household_2012"},  {"a":"alice"} ]
      },
      {
	"ctor":"agent_",
	"args": [ {"a":"alice_maintains_household_2013"},  {"a":"alice"} ]
      },
      {
	"ctor":"agent_",
	"args": [ {"a":"alice_maintains_household_2014"},  {"a":"alice"} ]
      },
      {
	"ctor":"agent_",
	"args": [ {"a":"alice_maintains_household_2015"},  {"a":"alice"} ]
      },
      {
	"ctor":"agent_",
	"args": [ {"a":"alice_maintains_household_2016"},  {"a":"alice"} ]
      },
      {
	"ctor":"agent_",
	"args": [ {"a":"alice_maintains_household_2017"},  {"a":"alice"} ]
      },
      {
	"ctor":"agent_",
	"args": [ {"a":"alice_maintains_household_2018"},  {"a":"alice"} ]
      },
      {
	"ctor":"agent_",
	"args": [ {"a":"alice_maintains_household_2019"},  {"a":"alice"} ]
      },
      {
	"ctor":"amount_",
	"args": [ {"a":"alice_maintains_household_2004"}, 60 ]
      },
      {
	"ctor":"amount_",
	"args": [ {"a":"alice_maintains_household_2005"}, 60 ]
      },
      {
	"ctor":"amount_",
	"args": [ {"a":"alice_maintains_household_2006"}, 60 ]
      },
      {
	"ctor":"amount_",
	"args": [ {"a":"alice_maintains_household_2007"}, 60 ]
      },
      {
	"ctor":"amount_",
	"args": [ {"a":"alice_maintains_household_2008"}, 60 ]
      },
      {
	"ctor":"amount_",
	"args": [ {"a":"alice_maintains_household_2009"}, 60 ]
      },
      {
	"ctor":"amount_",
	"args": [ {"a":"alice_maintains_household_2010"}, 60 ]
      },
      {
	"ctor":"amount_",
	"args": [ {"a":"alice_maintains_household_2011"}, 60 ]
      },
      {
	"ctor":"amount_",
	"args": [ {"a":"alice_maintains_household_2012"}, 60 ]
      },
      {
	"ctor":"amount_",
	"args": [ {"a":"alice_maintains_household_2013"}, 60 ]
      },
      {
	"ctor":"amount_",
	"args": [ {"a":"alice_maintains_household_2014"}, 60 ]
      },
      {
	"ctor":"amount_",
	"args": [ {"a":"alice_maintains_household_2015"}, 60 ]
      },
      {
	"ctor":"amount_",
	"args": [ {"a":"alice_maintains_household_2016"}, 60 ]
      },
      {
	"ctor":"amount_",
	"args": [ {"a":"alice_maintains_household_2017"}, 60 ]
      },
      {
	"ctor":"amount_",
	"args": [ {"a":"alice_maintains_household_2018"}, 60 ]
      },
      {
	"ctor":"amount_",
	"args": [ {"a":"alice_maintains_household_2019"}, 60 ]
      },
      {
	"ctor":"purpose_",
	"args": [
	  {"val": {"a":"alice_maintains_household_2004"}},
	  {"a":"bob_s_house"}
	]
      },
      {
	"ctor":"purpose_",
	"args": [
	  {"val": {"a":"alice_maintains_household_2005"}},
	  {"a":"bob_s_house"}
	]
      },
      {
	"ctor":"purpose_",
	"args": [
	  {"val": {"a":"alice_maintains_household_2006"}},
	  {"a":"bob_s_house"}
	]
      },
      {
	"ctor":"purpose_",
	"args": [
	  {"val": {"a":"alice_maintains_household_2007"}},
	  {"a":"bob_s_house"}
	]
      },
      {
	"ctor":"purpose_",
	"args": [
	  {"val": {"a":"alice_maintains_household_2008"}},
	  {"a":"bob_s_house"}
	]
      },
      {
	"ctor":"purpose_",
	"args": [
	  {"val": {"a":"alice_maintains_household_2009"}},
	  {"a":"bob_s_house"}
	]
      },
      {
	"ctor":"purpose_",
	"args": [
	  {"val": {"a":"alice_maintains_household_2010"}},
	  {"a":"bob_s_house"}
	]
      },
      {
	"ctor":"purpose_",
	"args": [
	  {"val": {"a":"alice_maintains_household_2011"}},
	  {"a":"bob_s_house"}
	]
      },
      {
	"ctor":"purpose_",
	"args": [
	  {"val": {"a":"alice_maintains_household_2012"}},
	  {"a":"bob_s_house"}
	]
      },
      {
	"ctor":"purpose_",
	"args": [
	  {"val": {"a":"alice_maintains_household_2013"}},
	  {"a":"bob_s_house"}
	]
      },
      {
	"ctor":"purpose_",
	"args": [
	  {"val": {"a":"alice_maintains_household_2014"}},
	  {"a":"bob_s_house"}
	]
      },
      {
	"ctor":"purpose_",
	"args": [
	  {"val": {"a":"alice_maintains_household_2015"}},
	  {"a":"bob_s_house"}
	]
      },
      {
	"ctor":"purpose_",
	"args": [
	  {"val": {"a":"alice_maintains_household_2016"}},
	  {"a":"bob_s_house"}
	]
      },
      {
	"ctor":"purpose_",
	"args": [
	  {"val": {"a":"alice_maintains_household_2017"}},
	  {"a":"bob_s_house"}
	]
      },
      {
	"ctor":"purpose_",
	"args": [
	  {"val": {"a":"alice_maintains_household_2018"}},
	  {"a":"bob_s_house"}
	]
      },
      {
	"ctor":"purpose_",
	"args": [
	  {"val": {"a":"alice_maintains_household_2019"}},
	  {"a":"bob_s_house"}
	]
      },
      {
	"ctor":"start_",
	"args": [ {"a":"alice_maintains_household_2004"}, "2004-01-01" ]
      },
      {
	"ctor":"start_",
	"args": [ {"a":"alice_maintains_household_2005"}, "2005-01-01" ]
      },
      {
	"ctor":"start_",
	"args": [ {"a":"alice_maintains_household_2006"}, "2006-01-01" ]
      },
      {
	"ctor":"start_",
	"args": [ {"a":"alice_maintains_household_2007"}, "2007-01-01" ]
      },
      {
	"ctor":"start_",
	"args": [ {"a":"alice_maintains_household_2008"}, "2008-01-01" ]
      },
      {
	"ctor":"start_",
	"args": [ {"a":"alice_maintains_household_2009"}, "2009-01-01" ]
      },
      {
	"ctor":"start_",
	"args": [ {"a":"alice_maintains_household_2010"}, "2010-01-01" ]
      },
      {
	"ctor":"start_",
	"args": [ {"a":"alice_maintains_household_2011"}, "2011-01-01" ]
      },
      {
	"ctor":"start_",
	"args": [ {"a":"alice_maintains_household_2012"}, "2012-01-01" ]
      },
      {
	"ctor":"start_",
	"args": [ {"a":"alice_maintains_household_2013"}, "2013-01-01" ]
      },
      {
	"ctor":"start_",
	"args": [ {"a":"alice_maintains_household_2014"}, "2014-01-01" ]
      },
      {
	"ctor":"start_",
	"args": [ {"a":"alice_maintains_household_2015"}, "2015-01-01" ]
      },
      {
	"ctor":"start_",
	"args": [ {"a":"alice_maintains_household_2016"}, "2016-01-01" ]
      },
      {
	"ctor":"start_",
	"args": [ {"a":"alice_maintains_household_2017"}, "2017-01-01" ]
      },
      {
	"ctor":"start_",
	"args": [ {"a":"alice_maintains_household_2018"}, "2018-01-01" ]
      },
      {
	"ctor":"start_",
	"args": [ {"a":"alice_maintains_household_2019"}, "2019-01-01" ]
      },
      {
	"ctor":"end_",
	"args": [ {"a":"alice_maintains_household_2004"}, "2004-12-31" ]
      },
      {
	"ctor":"end_",
	"args": [ {"a":"alice_maintains_household_2005"}, "2005-12-31" ]
      },
      {
	"ctor":"end_",
	"args": [ {"a":"alice_maintains_household_2006"}, "2006-12-31" ]
      },
      {
	"ctor":"end_",
	"args": [ {"a":"alice_maintains_household_2007"}, "2007-12-31" ]
      },
      {
	"ctor":"end_",
	"args": [ {"a":"alice_maintains_household_2008"}, "2008-12-31" ]
      },
      {
	"ctor":"end_",
	"args": [ {"a":"alice_maintains_household_2009"}, "2009-12-31" ]
      },
      {
	"ctor":"end_",
	"args": [ {"a":"alice_maintains_household_2010"}, "2010-12-31" ]
      },
      {
	"ctor":"end_",
	"args": [ {"a":"alice_maintains_household_2011"}, "2011-12-31" ]
      },
      {
	"ctor":"end_",
	"args": [ {"a":"alice_maintains_household_2012"}, "2012-12-31" ]
      },
      {
	"ctor":"end_",
	"args": [ {"a":"alice_maintains_household_2013"}, "2013-12-31" ]
      },
      {
	"ctor":"end_",
	"args": [ {"a":"alice_maintains_household_2014"}, "2014-12-31" ]
      },
      {
	"ctor":"end_",
	"args": [ {"a":"alice_maintains_household_2015"}, "2015-12-31" ]
      },
      {
	"ctor":"end_",
	"args": [ {"a":"alice_maintains_household_2016"}, "2016-12-31" ]
      },
      {
	"ctor":"end_",
	"args": [ {"a":"alice_maintains_household_2017"}, "2017-12-31" ]
      },
      {
	"ctor":"end_",
	"args": [ {"a":"alice_maintains_household_2018"}, "2018-12-31" ]
      },
      {
	"ctor":"end_",
	"args": [ {"a":"alice_maintains_household_2019"}, "2019-12-31" ]
      },
      {"ctor":"joint_return_", "args": [ {"a":"joint_return"} ]},
      {
	"ctor":"agent_",
	"args": [ {"a":"joint_return"},  {"a":"alice"} ]
      },
      {"ctor":"agent_", "args": [ {"a":"joint_return"},  {"a":"bob"} ]},
      {"ctor":"start_", "args": [ {"a":"joint_return"}, "2013-01-01" ]},
      {"ctor":"end_", "args": [ {"a":"joint_return"}, "2013-12-31" ]}
    ],
    "stipulations": []
  },
  "unary": [
    {
      "source_clause":1,
      "predicate":"income_",
      "event": {"a":"alice_income_2013"}
    },
    {
      "source_clause":5,
      "predicate":"income_",
      "event": {"a":"bob_income_2013"}
    },
    {
      "source_clause":9,
      "predicate":"marriage_",
      "event": {"a":"alice_and_bob"}
    },
    {
      "source_clause":13,
      "predicate":"son_",
      "event": {"a":"charlie_is_son"}
    },
    {
      "source_clause":18,
      "predicate":"residence_",
      "event": {"a":"charlie_and_bob_residence"}
    },
    {
      "source_clause":24,
      "predicate":"payment_",
      "event": {"a":"bob_maintains_household_2004"}
    },
    {
      "source_clause":25,
      "predicate":"payment_",
      "event": {"a":"bob_maintains_household_2005"}
    },
    {
      "source_clause":26,
      "predicate":"payment_",
      "event": {"a":"bob_maintains_household_2006"}
    },
    {
      "source_clause":27,
      "predicate":"payment_",
      "event": {"a":"bob_maintains_household_2007"}
    },
    {
      "source_clause":28,
      "predicate":"payment_",
      "event": {"a":"bob_maintains_household_2008"}
    },
    {
      "source_clause":29,
      "predicate":"payment_",
      "event": {"a":"bob_maintains_household_2009"}
    },
    {
      "source_clause":30,
      "predicate":"payment_",
      "event": {"a":"bob_maintains_household_2010"}
    },
    {
      "source_clause":31,
      "predicate":"payment_",
      "event": {"a":"bob_maintains_household_2011"}
    },
    {
      "source_clause":32,
      "predicate":"payment_",
      "event": {"a":"bob_maintains_household_2012"}
    },
    {
      "source_clause":33,
      "predicate":"payment_",
      "event": {"a":"bob_maintains_household_2013"}
    },
    {
      "source_clause":34,
      "predicate":"payment_",
      "event": {"a":"bob_maintains_household_2014"}
    },
    {
      "source_clause":35,
      "predicate":"payment_",
      "event": {"a":"bob_maintains_household_2015"}
    },
    {
      "source_clause":36,
      "predicate":"payment_",
      "event": {"a":"bob_maintains_household_2016"}
    },
    {
      "source_clause":37,
      "predicate":"payment_",
      "event": {"a":"bob_maintains_household_2017"}
    },
    {
      "source_clause":38,
      "predicate":"payment_",
      "event": {"a":"bob_maintains_household_2018"}
    },
    {
      "source_clause":39,
      "predicate":"payment_",
      "event": {"a":"bob_maintains_household_2019"}
    },
    {
      "source_clause":120,
      "predicate":"payment_",
      "event": {"a":"alice_maintains_household_2004"}
    },
    {
      "source_clause":121,
      "predicate":"payment_",
      "event": {"a":"alice_maintains_household_2005"}
    },
    {
      "source_clause":122,
      "predicate":"payment_",
      "event": {"a":"alice_maintains_household_2006"}
    },
    {
      "source_clause":123,
      "predicate":"payment_",
      "event": {"a":"alice_maintains_household_2007"}
    },
    {
      "source_clause":124,
      "predicate":"payment_",
      "event": {"a":"alice_maintains_household_2008"}
    },
    {
      "source_clause":125,
      "predicate":"payment_",
      "event": {"a":"alice_maintains_household_2009"}
    },
    {
      "source_clause":126,
      "predicate":"payment_",
      "event": {"a":"alice_maintains_household_2010"}
    },
    {
      "source_clause":127,
      "predicate":"payment_",
      "event": {"a":"alice_maintains_household_2011"}
    },
    {
      "source_clause":128,
      "predicate":"payment_",
      "event": {"a":"alice_maintains_household_2012"}
    },
    {
      "source_clause":129,
      "predicate":"payment_",
      "event": {"a":"alice_maintains_household_2013"}
    },
    {
      "source_clause":130,
      "predicate":"payment_",
      "event": {"a":"alice_maintains_household_2014"}
    },
    {
      "source_clause":131,
      "predicate":"payment_",
      "event": {"a":"alice_maintains_household_2015"}
    },
    {
      "source_clause":132,
      "predicate":"payment_",
      "event": {"a":"alice_maintains_household_2016"}
    },
    {
      "source_clause":133,
      "predicate":"payment_",
      "event": {"a":"alice_maintains_household_2017"}
    },
    {
      "source_clause":134,
      "predicate":"payment_",
      "event": {"a":"alice_maintains_household_2018"}
    },
    {
      "source_clause":135,
      "predicate":"payment_",
      "event": {"a":"alice_maintains_household_2019"}
    },
    {
      "source_clause":216,
      "predicate":"joint_return_",
      "event": {"a":"joint_return"}
    }
  ],
  "event_domain": [
    {"a":"alice_income_2013"},
    {"a":"bob_income_2013"},
    {"a":"alice_and_bob"},
    {"a":"charlie_is_son"},
    {"a":"charlie_and_bob_residence"},
    {"a":"bob_maintains_household_2004"},
    {"a":"bob_maintains_household_2005"},
    {"a":"bob_maintains_household_2006"},
    {"a":"bob_maintains_household_2007"},
    {"a":"bob_maintains_household_2008"},
    {"a":"bob_maintains_household_2009"},
    {"a":"bob_maintains_household_2010"},
    {"a":"bob_maintains_household_2011"},
    {"a":"bob_maintains_household_2012"},
    {"a":"bob_maintains_household_2013"},
    {"a":"bob_maintains_household_2014"},
    {"a":"bob_maintains_household_2015"},
    {"a":"bob_maintains_household_2016"},
    {"a":"bob_maintains_household_2017"},
    {"a":"bob_maintains_household_2018"},
    {"a":"bob_maintains_household_2019"},
    {"a":"alice_maintains_household_2004"},
    {"a":"alice_maintains_household_2005"},
    {"a":"alice_maintains_household_2006"},
    {"a":"alice_maintains_household_2007"},
    {"a":"alice_maintains_household_2008"},
    {"a":"alice_maintains_household_2009"},
    {"a":"alice_maintains_household_2010"},
    {"a":"alice_maintains_household_2011"},
    {"a":"alice_maintains_household_2012"},
    {"a":"alice_maintains_household_2013"},
    {"a":"alice_maintains_household_2014"},
    {"a":"alice_maintains_household_2015"},
    {"a":"alice_maintains_household_2016"},
    {"a":"alice_maintains_household_2017"},
    {"a":"alice_maintains_household_2018"},
    {"a":"alice_maintains_household_2019"},
    {"a":"joint_return"}
  ],
  "fact_source_clauses": [
    1,
    2,
    3,
    4,
    5,
    6,
    7,
    8,
    9,
    10,
    11,
    12,
    13,
    14,
    15,
    16,
    17,
    18,
    19,
    20,
    21,
    22,
    23,
    24,
    25,
    26,
    27,
    28,
    29,
    30,
    31,
    32,
    33,
    34,
    35,
    36,
    37,
    38,
    39,
    40,
    41,
    42,
    43,
    44,
    45,
    46,
    47,
    48,
    49,
    50,
    51,
    52,
    53,
    54,
    55,
    56,
    57,
    58,
    59,
    60,
    61,
    62,
    63,
    64,
    65,
    66,
    67,
    68,
    69,
    70,
    71,
    72,
    73,
    74,
    75,
    76,
    77,
    78,
    79,
    80,
    81,
    82,
    83,
    84,
    85,
    86,
    87,
    88,
    89,
    90,
    91,
    92,
    93,
    94,
    95,
    96,
    97,
    98,
    99,
    100,
    101,
    102,
    103,
    104,
    105,
    106,
    107,
    108,
    109,
    110,
    111,
    112,
    113,
    114,
    115,
    116,
    117,
    118,
    119,
    120,
    121,
    122,
    123,
    124,
    125,
    126,
    127,
    128,
    129,
    130,
    131,
    132,
    133,
    134,
    135,
    136,
    137,
    138,
    139,
    140,
    141,
    142,
    143,
    144,
    145,
    146,
    147,
    148,
    149,
    150,
    151,
    152,
    153,
    154,
    155,
    156,
    157,
    158,
    159,
    160,
    161,
    162,
    163,
    164,
    165,
    166,
    167,
    168,
    169,
    170,
    171,
    172,
    173,
    174,
    175,
    176,
    177,
    178,
    179,
    180,
    181,
    182,
    183,
    184,
    185,
    186,
    187,
    188,
    189,
    190,
    191,
    192,
    193,
    194,
    195,
    196,
    197,
    198,
    199,
    200,
    201,
    202,
    203,
    204,
    205,
    206,
    207,
    208,
    209,
    210,
    211,
    212,
    213,
    214,
    215,
    216,
    217,
    218,
    219,
    220
  ],
  "stats": {
    "unary_proofs":38,
    "distinct_event_domain":38,
    "service_proofs":0,
    "distinct_service_domain":0,
    "fact_count":220,
    "stipulation_count":0,
    "wildcard_count":0,
    "grounding_cpu_seconds":0.0013868340000000035,
    "grounding_wall_seconds":0.001386404037475586,
    "candidate": {"scope":"not_applicable"}
  },
  "tax": {
    "status":"first_solution",
    "value":15109,
    "cpu_seconds":0.005281625000000012,
    "wall_seconds":0.005281686782836914
  }
}
