{
  "household": {
    "facts": [
      {"ctor":"father_", "args": [ {"a":"bob_father"} ]},
      {"ctor":"agent_", "args": [ {"a":"bob_father"},  {"a":"bob"} ]},
      {
	"ctor":"patient_",
	"args": [ {"a":"bob_father"},  {"a":"alice"} ]
      },
      {"ctor":"residence_", "args": [ {"a":"bob_residence"} ]},
      {"ctor":"agent_", "args": [ {"a":"bob_residence"},  {"a":"bob"} ]},
      {
	"ctor":"patient_",
	"args": [ {"a":"bob_residence"},  {"a":"alice_house"} ]
      },
      {"ctor":"start_", "args": [ {"a":"bob_residence"}, "2014-01-01" ]},
      {"ctor":"end_", "args": [ {"a":"bob_residence"}, "2014-12-31" ]},
      {"ctor":"payment_", "args": [ {"a":"alice_maintains_house"} ]},
      {
	"ctor":"agent_",
	"args": [ {"a":"alice_maintains_house"},  {"a":"alice"} ]
      },
      {"ctor":"amount_", "args": [ {"a":"alice_maintains_house"}, 1 ]},
      {
	"ctor":"start_",
	"args": [ {"a":"alice_maintains_house"}, "2014-01-01" ]
      },
      {
	"ctor":"purpose_",
	"args": [ {"val": {"a":"alice_maintains_house"}},  {"a":"alice_house"} ]
      },
      {"ctor":"residence_", "args": [ {"a":"alice_residence"} ]},
      {
	"ctor":"agent_",
	"args": [ {"a":"alice_residence"},  {"a":"alice"} ]
      },
      {
	"ctor":"patient_",
	"args": [ {"a":"alice_residence"},  {"a":"alice_house"} ]
      },
      {
	"ctor":"start_",
	"args": [ {"a":"alice_residence"}, "2014-01-01" ]
      },
      {"ctor":"end_", "args": [ {"a":"alice_residence"}, "2014-12-31" ]},
      {"ctor":"income_", "args": [ {"a":"alice_income_2014"} ]},
      {
	"ctor":"agent_",
	"args": [ {"a":"alice_income_2014"},  {"a":"alice"} ]
      },
      {"ctor":"amount_", "args": [ {"a":"alice_income_2014"}, 97407 ]},
      {
	"ctor":"start_",
	"args": [ {"a":"alice_income_2014"}, "2014-12-31" ]
      }
    ],
    "stipulations": []
  },
  "unary": [
    {
      "source_clause":1,
      "predicate":"father_",
      "event": {"a":"bob_father"}
    },
    {
      "source_clause":4,
      "predicate":"residence_",
      "event": {"a":"bob_residence"}
    },
    {
      "source_clause":9,
      "predicate":"payment_",
      "event": {"a":"alice_maintains_house"}
    },
    {
      "source_clause":14,
      "predicate":"residence_",
      "event": {"a":"alice_residence"}
    },
    {
      "source_clause":19,
      "predicate":"income_",
      "event": {"a":"alice_income_2014"}
    }
  ],
  "event_domain": [
    {"a":"bob_father"},
    {"a":"bob_residence"},
    {"a":"alice_maintains_house"},
    {"a":"alice_residence"},
    {"a":"alice_income_2014"}
  ],
  "fact_source_clauses": [
    1,
    2,
    3,
    4,
    5,
    6,
    7,
    8,
    9,
    10,
    11,
    12,
    13,
    14,
    15,
    16,
    17,
    18,
    19,
    20,
    21,
    22
  ],
  "stats": {
    "unary_proofs":5,
    "distinct_event_domain":5,
    "service_proofs":0,
    "distinct_service_domain":0,
    "fact_count":22,
    "stipulation_count":0,
    "wildcard_count":0,
    "grounding_cpu_seconds":0.0003701670000000046,
    "grounding_wall_seconds":0.00036263465881347656,
    "candidate": {"scope":"not_applicable"}
  },
  "tax": {
    "status":"first_solution",
    "value":21452,
    "cpu_seconds":0.014246625000000013,
    "wall_seconds":0.014261960983276367
  }
}
