{
  "household": {
    "facts": [
      {"ctor":"marriage_", "args": [ {"a":"bob_and_alice"} ]},
      {"ctor":"agent_", "args": [ {"a":"bob_and_alice"},  {"a":"bob"} ]},
      {
	"ctor":"agent_",
	"args": [ {"a":"bob_and_alice"},  {"a":"alice"} ]
      },
      {"ctor":"start_", "args": [ {"a":"bob_and_alice"}, "1992-02-03" ]},
      {"ctor":"death_", "args": [ {"a":"bob_dies"} ]},
      {"ctor":"agent_", "args": [ {"a":"bob_dies"},  {"a":"bob"} ]},
      {"ctor":"start_", "args": [ {"a":"bob_dies"}, "2014-07-09" ]},
      {"ctor":"end_", "args": [ {"a":"bob_dies"}, "2014-07-09" ]},
      {"ctor":"son_", "args": [ {"a":"charlie_is_son"} ]},
      {
	"ctor":"agent_",
	"args": [ {"a":"charlie_is_son"},  {"a":"charlie"} ]
      },
      {
	"ctor":"patient_",
	"args": [ {"a":"charlie_is_son"},  {"a":"bob"} ]
      },
      {
	"ctor":"patient_",
	"args": [ {"a":"charlie_is_son"},  {"a":"alice"} ]
      },
      {
	"ctor":"start_",
	"args": [ {"a":"charlie_is_son"}, "2000-10-09" ]
      },
      {
	"ctor":"residence_",
	"args": [ {"a":"charlie_and_alice_residence"} ]
      },
      {
	"ctor":"agent_",
	"args": [ {"a":"charlie_and_alice_residence"},  {"a":"charlie"} ]
      },
      {
	"ctor":"agent_",
	"args": [ {"a":"charlie_and_alice_residence"},  {"a":"alice"} ]
      },
      {
	"ctor":"patient_",
	"args": [ {"a":"charlie_and_alice_residence"},  {"a":"alice_s_house"} ]
      },
      {
	"ctor":"start_",
	"args": [ {"a":"charlie_and_alice_residence"}, "2004-01-01" ]
      },
      {
	"ctor":"end_",
	"args": [ {"a":"charlie_and_alice_residence"}, "2019-12-31" ]
      },
      {
	"ctor":"payment_",
	"args": [ {"a":"alice_maintains_household_2004"} ]
      },
      {
	"ctor":"payment_",
	"args": [ {"a":"alice_maintains_household_2005"} ]
      },
      {
	"ctor":"payment_",
	"args": [ {"a":"alice_maintains_household_2006"} ]
      },
      {
	"ctor":"payment_",
	"args": [ {"a":"alice_maintains_household_2007"} ]
      },
      {
	"ctor":"payment_",
	"args": [ {"a":"alice_maintains_household_2008"} ]
      },
      {
	"ctor":"payment_",
	"args": [ {"a":"alice_maintains_household_2009"} ]
      },
      {
	"ctor":"payment_",
	"args": [ {"a":"alice_maintains_household_2010"} ]
      },
      {
	"ctor":"payment_",
	"args": [ {"a":"alice_maintains_household_2011"} ]
      },
      {
	"ctor":"payment_",
	"args": [ {"a":"alice_maintains_household_2012"} ]
      },
      {
	"ctor":"payment_",
	"args": [ {"a":"alice_maintains_household_2013"} ]
      },
      {
	"ctor":"payment_",
	"args": [ {"a":"alice_maintains_household_2014"} ]
      },
      {
	"ctor":"payment_",
	"args": [ {"a":"alice_maintains_household_2015"} ]
      },
      {
	"ctor":"payment_",
	"args": [ {"a":"alice_maintains_household_2016"} ]
      },
      {
	"ctor":"payment_",
	"args": [ {"a":"alice_maintains_household_2017"} ]
      },
      {
	"ctor":"payment_",
	"args": [ {"a":"alice_maintains_household_2018"} ]
      },
      {
	"ctor":"payment_",
	"args": [ {"a":"alice_maintains_household_2019"} ]
      },
      {
	"ctor":"agent_",
	"args": [ {"a":"alice_maintains_household_2004"},  {"a":"alice"} ]
      },
      {
	"ctor":"agent_",
	"args": [ {"a":"alice_maintains_household_2005"},  {"a":"alice"} ]
      },
      {
	"ctor":"agent_",
	"args": [ {"a":"alice_maintains_household_2006"},  {"a":"alice"} ]
      },
      {
	"ctor":"agent_",
	"args": [ {"a":"alice_maintains_household_2007"},  {"a":"alice"} ]
      },
      {
	"ctor":"agent_",
	"args": [ {"a":"alice_maintains_household_2008"},  {"a":"alice"} ]
      },
      {
	"ctor":"agent_",
	"args": [ {"a":"alice_maintains_household_2009"},  {"a":"alice"} ]
      },
      {
	"ctor":"agent_",
	"args": [ {"a":"alice_maintains_household_2010"},  {"a":"alice"} ]
      },
      {
	"ctor":"agent_",
	"args": [ {"a":"alice_maintains_household_2011"},  {"a":"alice"} ]
      },
      {
	"ctor":"agent_",
	"args": [ {"a":"alice_maintains_household_2012"},  {"a":"alice"} ]
      },
      {
	"ctor":"agent_",
	"args": [ {"a":"alice_maintains_household_2013"},  {"a":"alice"} ]
      },
      {
	"ctor":"agent_",
	"args": [ {"a":"alice_maintains_household_2014"},  {"a":"alice"} ]
      },
      {
	"ctor":"agent_",
	"args": [ {"a":"alice_maintains_household_2015"},  {"a":"alice"} ]
      },
      {
	"ctor":"agent_",
	"args": [ {"a":"alice_maintains_household_2016"},  {"a":"alice"} ]
      },
      {
	"ctor":"agent_",
	"args": [ {"a":"alice_maintains_household_2017"},  {"a":"alice"} ]
      },
      {
	"ctor":"agent_",
	"args": [ {"a":"alice_maintains_household_2018"},  {"a":"alice"} ]
      },
      {
	"ctor":"agent_",
	"args": [ {"a":"alice_maintains_household_2019"},  {"a":"alice"} ]
      },
      {
	"ctor":"amount_",
	"args": [ {"a":"alice_maintains_household_2004"}, 1 ]
      },
      {
	"ctor":"amount_",
	"args": [ {"a":"alice_maintains_household_2005"}, 1 ]
      },
      {
	"ctor":"amount_",
	"args": [ {"a":"alice_maintains_household_2006"}, 1 ]
      },
      {
	"ctor":"amount_",
	"args": [ {"a":"alice_maintains_household_2007"}, 1 ]
      },
      {
	"ctor":"amount_",
	"args": [ {"a":"alice_maintains_household_2008"}, 1 ]
      },
      {
	"ctor":"amount_",
	"args": [ {"a":"alice_maintains_household_2009"}, 1 ]
      },
      {
	"ctor":"amount_",
	"args": [ {"a":"alice_maintains_household_2010"}, 1 ]
      },
      {
	"ctor":"amount_",
	"args": [ {"a":"alice_maintains_household_2011"}, 1 ]
      },
      {
	"ctor":"amount_",
	"args": [ {"a":"alice_maintains_household_2012"}, 1 ]
      },
      {
	"ctor":"amount_",
	"args": [ {"a":"alice_maintains_household_2013"}, 1 ]
      },
      {
	"ctor":"amount_",
	"args": [ {"a":"alice_maintains_household_2014"}, 1 ]
      },
      {
	"ctor":"amount_",
	"args": [ {"a":"alice_maintains_household_2015"}, 1 ]
      },
      {
	"ctor":"amount_",
	"args": [ {"a":"alice_maintains_household_2016"}, 1 ]
      },
      {
	"ctor":"amount_",
	"args": [ {"a":"alice_maintains_household_2017"}, 1 ]
      },
      {
	"ctor":"amount_",
	"args": [ {"a":"alice_maintains_household_2018"}, 1 ]
      },
      {
	"ctor":"amount_",
	"args": [ {"a":"alice_maintains_household_2019"}, 1 ]
      },
      {
	"ctor":"purpose_",
	"args": [
	  {"val": {"a":"alice_maintains_household_2004"}},
	  {"a":"alice_s_house"}
	]
      },
      {
	"ctor":"purpose_",
	"args": [
	  {"val": {"a":"alice_maintains_household_2005"}},
	  {"a":"alice_s_house"}
	]
      },
      {
	"ctor":"purpose_",
	"args": [
	  {"val": {"a":"alice_maintains_household_2006"}},
	  {"a":"alice_s_house"}
	]
      },
      {
	"ctor":"purpose_",
	"args": [
	  {"val": {"a":"alice_maintains_household_2007"}},
	  {"a":"alice_s_house"}
	]
      },
      {
	"ctor":"purpose_",
	"args": [
	  {"val": {"a":"alice_maintains_household_2008"}},
	  {"a":"alice_s_house"}
	]
      },
      {
	"ctor":"purpose_",
	"args": [
	  {"val": {"a":"alice_maintains_household_2009"}},
	  {"a":"alice_s_house"}
	]
      },
      {
	"ctor":"purpose_",
	"args": [
	  {"val": {"a":"alice_maintains_household_2010"}},
	  {"a":"alice_s_house"}
	]
      },
      {
	"ctor":"purpose_",
	"args": [
	  {"val": {"a":"alice_maintains_household_2011"}},
	  {"a":"alice_s_house"}
	]
      },
      {
	"ctor":"purpose_",
	"args": [
	  {"val": {"a":"alice_maintains_household_2012"}},
	  {"a":"alice_s_house"}
	]
      },
      {
	"ctor":"purpose_",
	"args": [
	  {"val": {"a":"alice_maintains_household_2013"}},
	  {"a":"alice_s_house"}
	]
      },
      {
	"ctor":"purpose_",
	"args": [
	  {"val": {"a":"alice_maintains_household_2014"}},
	  {"a":"alice_s_house"}
	]
      },
      {
	"ctor":"purpose_",
	"args": [
	  {"val": {"a":"alice_maintains_household_2015"}},
	  {"a":"alice_s_house"}
	]
      },
      {
	"ctor":"purpose_",
	"args": [
	  {"val": {"a":"alice_maintains_household_2016"}},
	  {"a":"alice_s_house"}
	]
      },
      {
	"ctor":"purpose_",
	"args": [
	  {"val": {"a":"alice_maintains_household_2017"}},
	  {"a":"alice_s_house"}
	]
      },
      {
	"ctor":"purpose_",
	"args": [
	  {"val": {"a":"alice_maintains_household_2018"}},
	  {"a":"alice_s_house"}
	]
      },
      {
	"ctor":"purpose_",
	"args": [
	  {"val": {"a":"alice_maintains_household_2019"}},
	  {"a":"alice_s_house"}
	]
      },
      {
	"ctor":"start_",
	"args": [ {"a":"alice_maintains_household_2004"}, "2004-01-01" ]
      },
      {
	"ctor":"start_",
	"args": [ {"a":"alice_maintains_household_2005"}, "2005-01-01" ]
      },
      {
	"ctor":"start_",
	"args": [ {"a":"alice_maintains_household_2006"}, "2006-01-01" ]
      },
      {
	"ctor":"start_",
	"args": [ {"a":"alice_maintains_household_2007"}, "2007-01-01" ]
      },
      {
	"ctor":"start_",
	"args": [ {"a":"alice_maintains_household_2008"}, "2008-01-01" ]
      },
      {
	"ctor":"start_",
	"args": [ {"a":"alice_maintains_household_2009"}, "2009-01-01" ]
      },
      {
	"ctor":"start_",
	"args": [ {"a":"alice_maintains_household_2010"}, "2010-01-01" ]
      },
      {
	"ctor":"start_",
	"args": [ {"a":"alice_maintains_household_2011"}, "2011-01-01" ]
      },
      {
	"ctor":"start_",
	"args": [ {"a":"alice_maintains_household_2012"}, "2012-01-01" ]
      },
      {
	"ctor":"start_",
	"args": [ {"a":"alice_maintains_household_2013"}, "2013-01-01" ]
      },
      {
	"ctor":"start_",
	"args": [ {"a":"alice_maintains_household_2014"}, "2014-01-01" ]
      },
      {
	"ctor":"start_",
	"args": [ {"a":"alice_maintains_household_2015"}, "2015-01-01" ]
      },
      {
	"ctor":"start_",
	"args": [ {"a":"alice_maintains_household_2016"}, "2016-01-01" ]
      },
      {
	"ctor":"start_",
	"args": [ {"a":"alice_maintains_household_2017"}, "2017-01-01" ]
      },
      {
	"ctor":"start_",
	"args": [ {"a":"alice_maintains_household_2018"}, "2018-01-01" ]
      },
      {
	"ctor":"start_",
	"args": [ {"a":"alice_maintains_household_2019"}, "2019-01-01" ]
      },
      {
	"ctor":"end_",
	"args": [ {"a":"alice_maintains_household_2004"}, "2004-12-31" ]
      },
      {
	"ctor":"end_",
	"args": [ {"a":"alice_maintains_household_2005"}, "2005-12-31" ]
      },
      {
	"ctor":"end_",
	"args": [ {"a":"alice_maintains_household_2006"}, "2006-12-31" ]
      },
      {
	"ctor":"end_",
	"args": [ {"a":"alice_maintains_household_2007"}, "2007-12-31" ]
      },
      {
	"ctor":"end_",
	"args": [ {"a":"alice_maintains_household_2008"}, "2008-12-31" ]
      },
      {
	"ctor":"end_",
	"args": [ {"a":"alice_maintains_household_2009"}, "2009-12-31" ]
      },
      {
	"ctor":"end_",
	"args": [ {"a":"alice_maintains_household_2010"}, "2010-12-31" ]
      },
      {
	"ctor":"end_",
	"args": [ {"a":"alice_maintains_household_2011"}, "2011-12-31" ]
      },
      {
	"ctor":"end_",
	"args": [ {"a":"alice_maintains_household_2012"}, "2012-12-31" ]
      },
      {
	"ctor":"end_",
	"args": [ {"a":"alice_maintains_household_2013"}, "2013-12-31" ]
      },
      {
	"ctor":"end_",
	"args": [ {"a":"alice_maintains_household_2014"}, "2014-12-31" ]
      },
      {
	"ctor":"end_",
	"args": [ {"a":"alice_maintains_household_2015"}, "2015-12-31" ]
      },
      {
	"ctor":"end_",
	"args": [ {"a":"alice_maintains_household_2016"}, "2016-12-31" ]
      },
      {
	"ctor":"end_",
	"args": [ {"a":"alice_maintains_household_2017"}, "2017-12-31" ]
      },
      {
	"ctor":"end_",
	"args": [ {"a":"alice_maintains_household_2018"}, "2018-12-31" ]
      },
      {
	"ctor":"end_",
	"args": [ {"a":"alice_maintains_household_2019"}, "2019-12-31" ]
      },
      {"ctor":"income_", "args": [ {"a":"alice_income_2017"} ]},
      {
	"ctor":"agent_",
	"args": [ {"a":"alice_income_2017"},  {"a":"alice"} ]
      },
      {"ctor":"amount_", "args": [ {"a":"alice_income_2017"}, 25561 ]},
      {
	"ctor":"start_",
	"args": [ {"a":"alice_income_2017"}, "2017-12-31" ]
      }
    ],
    "stipulations": []
  },
  "unary": [
    {
      "source_clause":1,
      "predicate":"marriage_",
      "event": {"a":"bob_and_alice"}
    },
    {
      "source_clause":5,
      "predicate":"death_",
      "event": {"a":"bob_dies"}
    },
    {
      "source_clause":9,
      "predicate":"son_",
      "event": {"a":"charlie_is_son"}
    },
    {
      "source_clause":14,
      "predicate":"residence_",
      "event": {"a":"charlie_and_alice_residence"}
    },
    {
      "source_clause":21,
      "predicate":"payment_",
      "event": {"a":"alice_maintains_household_2004"}
    },
    {
      "source_clause":21,
      "predicate":"payment_",
      "event": {"a":"alice_maintains_household_2005"}
    },
    {
      "source_clause":21,
      "predicate":"payment_",
      "event": {"a":"alice_maintains_household_2006"}
    },
    {
      "source_clause":21,
      "predicate":"payment_",
      "event": {"a":"alice_maintains_household_2007"}
    },
    {
      "source_clause":21,
      "predicate":"payment_",
      "event": {"a":"alice_maintains_household_2008"}
    },
    {
      "source_clause":21,
      "predicate":"payment_",
      "event": {"a":"alice_maintains_household_2009"}
    },
    {
      "source_clause":21,
      "predicate":"payment_",
      "event": {"a":"alice_maintains_household_2010"}
    },
    {
      "source_clause":21,
      "predicate":"payment_",
      "event": {"a":"alice_maintains_household_2011"}
    },
    {
      "source_clause":21,
      "predicate":"payment_",
      "event": {"a":"alice_maintains_household_2012"}
    },
    {
      "source_clause":21,
      "predicate":"payment_",
      "event": {"a":"alice_maintains_household_2013"}
    },
    {
      "source_clause":21,
      "predicate":"payment_",
      "event": {"a":"alice_maintains_household_2014"}
    },
    {
      "source_clause":21,
      "predicate":"payment_",
      "event": {"a":"alice_maintains_household_2015"}
    },
    {
      "source_clause":21,
      "predicate":"payment_",
      "event": {"a":"alice_maintains_household_2016"}
    },
    {
      "source_clause":21,
      "predicate":"payment_",
      "event": {"a":"alice_maintains_household_2017"}
    },
    {
      "source_clause":21,
      "predicate":"payment_",
      "event": {"a":"alice_maintains_household_2018"}
    },
    {
      "source_clause":21,
      "predicate":"payment_",
      "event": {"a":"alice_maintains_household_2019"}
    },
    {
      "source_clause":27,
      "predicate":"income_",
      "event": {"a":"alice_income_2017"}
    }
  ],
  "event_domain": [
    {"a":"bob_and_alice"},
    {"a":"bob_dies"},
    {"a":"charlie_is_son"},
    {"a":"charlie_and_alice_residence"},
    {"a":"alice_maintains_household_2004"},
    {"a":"alice_maintains_household_2005"},
    {"a":"alice_maintains_household_2006"},
    {"a":"alice_maintains_household_2007"},
    {"a":"alice_maintains_household_2008"},
    {"a":"alice_maintains_household_2009"},
    {"a":"alice_maintains_household_2010"},
    {"a":"alice_maintains_household_2011"},
    {"a":"alice_maintains_household_2012"},
    {"a":"alice_maintains_household_2013"},
    {"a":"alice_maintains_household_2014"},
    {"a":"alice_maintains_household_2015"},
    {"a":"alice_maintains_household_2016"},
    {"a":"alice_maintains_household_2017"},
    {"a":"alice_maintains_household_2018"},
    {"a":"alice_maintains_household_2019"},
    {"a":"alice_income_2017"}
  ],
  "fact_source_clauses": [
    1,
    2,
    3,
    4,
    5,
    6,
    7,
    8,
    9,
    10,
    11,
    12,
    13,
    14,
    15,
    16,
    17,
    18,
    19,
    21,
    21,
    21,
    21,
    21,
    21,
    21,
    21,
    21,
    21,
    21,
    21,
    21,
    21,
    21,
    21,
    22,
    22,
    22,
    22,
    22,
    22,
    22,
    22,
    22,
    22,
    22,
    22,
    22,
    22,
    22,
    22,
    23,
    23,
    23,
    23,
    23,
    23,
    23,
    23,
    23,
    23,
    23,
    23,
    23,
    23,
    23,
    23,
    24,
    24,
    24,
    24,
    24,
    24,
    24,
    24,
    24,
    24,
    24,
    24,
    24,
    24,
    24,
    24,
    25,
    25,
    25,
    25,
    25,
    25,
    25,
    25,
    25,
    25,
    25,
    25,
    25,
    25,
    25,
    25,
    26,
    26,
    26,
    26,
    26,
    26,
    26,
    26,
    26,
    26,
    26,
    26,
    26,
    26,
    26,
    26,
    27,
    28,
    29,
    30
  ],
  "stats": {
    "unary_proofs":21,
    "distinct_event_domain":21,
    "service_proofs":0,
    "distinct_service_domain":0,
    "fact_count":119,
    "stipulation_count":0,
    "wildcard_count":0,
    "grounding_cpu_seconds":0.0011380420000000058,
    "grounding_wall_seconds":0.0011372566223144531,
    "candidate": {"scope":"not_applicable"}
  },
  "tax": {
    "status":"first_solution",
    "value":2574,
    "cpu_seconds":0.018666208000000017,
    "wall_seconds":0.01866626739501953
  }
}
