{
  "household": {
    "facts": [
      {"ctor":"payment_", "args": [ {"a":"alice_is_paid"} ]},
      {
	"ctor":"patient_",
	"args": [ {"a":"alice_is_paid"},  {"a":"alice"} ]
      },
      {"ctor":"start_", "args": [ {"a":"alice_is_paid"}, "2018-12-31" ]},
      {"ctor":"amount_", "args": [ {"a":"alice_is_paid"}, 3200 ]},
      {"ctor":"marriage_", "args": [ {"a":"alice_and_bob"} ]},
      {
	"ctor":"agent_",
	"args": [ {"a":"alice_and_bob"},  {"a":"alice"} ]
      },
      {"ctor":"agent_", "args": [ {"a":"alice_and_bob"},  {"a":"bob"} ]},
      {"ctor":"start_", "args": [ {"a":"alice_and_bob"}, "2017-02-03" ]},
      {"ctor":"blindness_", "args": [ {"a":"alice_is_blind"} ]},
      {
	"ctor":"agent_",
	"args": [ {"a":"alice_is_blind"},  {"a":"alice"} ]
      },
      {
	"ctor":"start_",
	"args": [ {"a":"alice_is_blind"}, "2016-03-20" ]
      },
      {
	"ctor":"educational_institution_",
	"args": [ {"a":"hopkins_is_a_university"} ]
      },
      {
	"ctor":"agent_",
	"args": [
	  {"a":"hopkins_is_a_university"},
	  {"s":"johns hopkins university"}
	]
      },
      {"ctor":"enrollment_", "args": [ {"a":"alice_goes_to_hopkins"} ]},
      {
	"ctor":"agent_",
	"args": [ {"a":"alice_goes_to_hopkins"},  {"a":"alice"} ]
      },
      {
	"ctor":"patient_",
	"args": [
	  {"a":"alice_goes_to_hopkins"},
	  {"s":"johns hopkins university"}
	]
      },
      {
	"ctor":"start_",
	"args": [ {"a":"alice_goes_to_hopkins"}, "2015-08-29" ]
      },
      {
	"ctor":"end_",
	"args": [ {"a":"alice_goes_to_hopkins"}, "2019-05-30" ]
      },
      {
	"ctor":"attending_classes_",
	"args": [ {"a":"alice_goes_to_class"} ]
      },
      {
	"ctor":"agent_",
	"args": [ {"a":"alice_goes_to_class"},  {"a":"alice"} ]
      },
      {
	"ctor":"location_",
	"args": [
	  {"a":"alice_goes_to_class"},
	  {"s":"johns hopkins university"}
	]
      },
      {
	"ctor":"start_",
	"args": [ {"a":"alice_goes_to_class"}, "2015-08-29" ]
      },
      {
	"ctor":"end_",
	"args": [ {"a":"alice_goes_to_class"}, "2019-05-30" ]
      }
    ],
    "stipulations": []
  },
  "unary": [
    {
      "source_clause":1,
      "predicate":"payment_",
      "event": {"a":"alice_is_paid"}
    },
    {
      "source_clause":5,
      "predicate":"marriage_",
      "event": {"a":"alice_and_bob"}
    },
    {
      "source_clause":9,
      "predicate":"blindness_",
      "event": {"a":"alice_is_blind"}
    },
    {
      "source_clause":12,
      "predicate":"educational_institution_",
      "event": {"a":"hopkins_is_a_university"}
    },
    {
      "source_clause":14,
      "predicate":"enrollment_",
      "event": {"a":"alice_goes_to_hopkins"}
    },
    {
      "source_clause":19,
      "predicate":"attending_classes_",
      "event": {"a":"alice_goes_to_class"}
    }
  ],
  "event_domain": [
    {"a":"alice_is_paid"},
    {"a":"alice_and_bob"},
    {"a":"alice_is_blind"},
    {"a":"hopkins_is_a_university"},
    {"a":"alice_goes_to_hopkins"},
    {"a":"alice_goes_to_class"}
  ],
  "fact_source_clauses": [
    1,
    2,
    3,
    4,
    5,
    6,
    7,
    8,
    9,
    10,
    11,
    12,
    13,
    14,
    15,
    16,
    17,
    18,
    19,
    20,
    21,
    22,
    23
  ],
  "stats": {
    "unary_proofs":6,
    "distinct_event_domain":6,
    "service_proofs":0,
    "distinct_service_domain":0,
    "fact_count":23,
    "stipulation_count":0,
    "wildcard_count":0,
    "grounding_cpu_seconds":0.0002595829999999938,
    "grounding_wall_seconds":0.0002586841583251953,
    "candidate": {"scope":"not_applicable"}
  },
  "tax": {
    "status":"first_solution",
    "value":0,
    "cpu_seconds":0.0016807090000000025,
    "wall_seconds":0.001680612564086914
  }
}
