{
  "household": {
    "facts": [
      {"ctor":"marriage_", "args": [ {"a":"alice_and_bob"} ]},
      {
	"ctor":"agent_",
	"args": [ {"a":"alice_and_bob"},  {"a":"alice"} ]
      },
      {"ctor":"agent_", "args": [ {"a":"alice_and_bob"},  {"a":"bob"} ]},
      {"ctor":"start_", "args": [ {"a":"alice_and_bob"}, "1992-02-03" ]},
      {"ctor":"death_", "args": [ {"a":"alice_dies"} ]},
      {"ctor":"agent_", "args": [ {"a":"alice_dies"},  {"a":"alice"} ]},
      {"ctor":"start_", "args": [ {"a":"alice_dies"}, "2014-07-09" ]},
      {"ctor":"end_", "args": [ {"a":"alice_dies"}, "2014-07-09" ]},
      {"ctor":"residence_", "args": [ {"a":"bob_residence"} ]},
      {"ctor":"agent_", "args": [ {"a":"bob_residence"},  {"a":"bob"} ]},
      {
	"ctor":"patient_",
	"args": [ {"a":"bob_residence"},  {"a":"bob_s_house"} ]
      },
      {"ctor":"start_", "args": [ {"a":"bob_residence"}, "2015-01-01" ]},
      {"ctor":"end_", "args": [ {"a":"bob_residence"}, "2019-12-31" ]},
      {"ctor":"residence_", "args": [ {"a":"charlie_residence"} ]},
      {
	"ctor":"agent_",
	"args": [ {"a":"charlie_residence"},  {"a":"charlie"} ]
      },
      {
	"ctor":"patient_",
	"args": [ {"a":"charlie_residence"},  {"a":"bob_s_house"} ]
      },
      {
	"ctor":"start_",
	"args": [ {"a":"charlie_residence"}, "2015-01-01" ]
      },
      {
	"ctor":"end_",
	"args": [ {"a":"charlie_residence"}, "2019-12-31" ]
      },
      {
	"ctor":"payment_",
	"args": [ {"a":"bob_maintains_household_2015"} ]
      },
      {
	"ctor":"payment_",
	"args": [ {"a":"bob_maintains_household_2016"} ]
      },
      {
	"ctor":"payment_",
	"args": [ {"a":"bob_maintains_household_2017"} ]
      },
      {
	"ctor":"payment_",
	"args": [ {"a":"bob_maintains_household_2018"} ]
      },
      {
	"ctor":"payment_",
	"args": [ {"a":"bob_maintains_household_2019"} ]
      },
      {
	"ctor":"agent_",
	"args": [ {"a":"bob_maintains_household_2015"},  {"a":"bob"} ]
      },
      {
	"ctor":"agent_",
	"args": [ {"a":"bob_maintains_household_2016"},  {"a":"bob"} ]
      },
      {
	"ctor":"agent_",
	"args": [ {"a":"bob_maintains_household_2017"},  {"a":"bob"} ]
      },
      {
	"ctor":"agent_",
	"args": [ {"a":"bob_maintains_household_2018"},  {"a":"bob"} ]
      },
      {
	"ctor":"agent_",
	"args": [ {"a":"bob_maintains_household_2019"},  {"a":"bob"} ]
      },
      {
	"ctor":"amount_",
	"args": [ {"a":"bob_maintains_household_2015"}, 1 ]
      },
      {
	"ctor":"amount_",
	"args": [ {"a":"bob_maintains_household_2016"}, 1 ]
      },
      {
	"ctor":"amount_",
	"args": [ {"a":"bob_maintains_household_2017"}, 1 ]
      },
      {
	"ctor":"amount_",
	"args": [ {"a":"bob_maintains_household_2018"}, 1 ]
      },
      {
	"ctor":"amount_",
	"args": [ {"a":"bob_maintains_household_2019"}, 1 ]
      },
      {
	"ctor":"purpose_",
	"args": [
	  {"val": {"a":"bob_maintains_household_2015"}},
	  {"a":"bob_s_house"}
	]
      },
      {
	"ctor":"purpose_",
	"args": [
	  {"val": {"a":"bob_maintains_household_2016"}},
	  {"a":"bob_s_house"}
	]
      },
      {
	"ctor":"purpose_",
	"args": [
	  {"val": {"a":"bob_maintains_household_2017"}},
	  {"a":"bob_s_house"}
	]
      },
      {
	"ctor":"purpose_",
	"args": [
	  {"val": {"a":"bob_maintains_household_2018"}},
	  {"a":"bob_s_house"}
	]
      },
      {
	"ctor":"purpose_",
	"args": [
	  {"val": {"a":"bob_maintains_household_2019"}},
	  {"a":"bob_s_house"}
	]
      },
      {
	"ctor":"start_",
	"args": [ {"a":"bob_maintains_household_2015"}, "2015-01-01" ]
      },
      {
	"ctor":"start_",
	"args": [ {"a":"bob_maintains_household_2016"}, "2016-01-01" ]
      },
      {
	"ctor":"start_",
	"args": [ {"a":"bob_maintains_household_2017"}, "2017-01-01" ]
      },
      {
	"ctor":"start_",
	"args": [ {"a":"bob_maintains_household_2018"}, "2018-01-01" ]
      },
      {
	"ctor":"start_",
	"args": [ {"a":"bob_maintains_household_2019"}, "2019-01-01" ]
      },
      {
	"ctor":"end_",
	"args": [ {"a":"bob_maintains_household_2015"}, "2015-12-31" ]
      },
      {
	"ctor":"end_",
	"args": [ {"a":"bob_maintains_household_2016"}, "2016-12-31" ]
      },
      {
	"ctor":"end_",
	"args": [ {"a":"bob_maintains_household_2017"}, "2017-12-31" ]
      },
      {
	"ctor":"end_",
	"args": [ {"a":"bob_maintains_household_2018"}, "2018-12-31" ]
      },
      {
	"ctor":"end_",
	"args": [ {"a":"bob_maintains_household_2019"}, "2019-12-31" ]
      },
      {"ctor":"income_", "args": [ {"a":"bob_income_2015"} ]},
      {"ctor":"income_", "args": [ {"a":"bob_income_2016"} ]},
      {"ctor":"income_", "args": [ {"a":"bob_income_2017"} ]},
      {"ctor":"income_", "args": [ {"a":"bob_income_2018"} ]},
      {"ctor":"income_", "args": [ {"a":"bob_income_2019"} ]},
      {
	"ctor":"agent_",
	"args": [ {"a":"bob_income_2015"},  {"a":"bob"} ]
      },
      {
	"ctor":"agent_",
	"args": [ {"a":"bob_income_2016"},  {"a":"bob"} ]
      },
      {
	"ctor":"agent_",
	"args": [ {"a":"bob_income_2017"},  {"a":"bob"} ]
      },
      {
	"ctor":"agent_",
	"args": [ {"a":"bob_income_2018"},  {"a":"bob"} ]
      },
      {
	"ctor":"agent_",
	"args": [ {"a":"bob_income_2019"},  {"a":"bob"} ]
      },
      {"ctor":"amount_", "args": [ {"a":"bob_income_2015"}, 304598 ]},
      {"ctor":"amount_", "args": [ {"a":"bob_income_2016"}, 304598 ]},
      {"ctor":"amount_", "args": [ {"a":"bob_income_2017"}, 304598 ]},
      {"ctor":"amount_", "args": [ {"a":"bob_income_2018"}, 304598 ]},
      {"ctor":"amount_", "args": [ {"a":"bob_income_2019"}, 304598 ]},
      {
	"ctor":"start_",
	"args": [ {"a":"bob_income_2015"}, "2015-12-31" ]
      },
      {
	"ctor":"start_",
	"args": [ {"a":"bob_income_2016"}, "2016-12-31" ]
      },
      {
	"ctor":"start_",
	"args": [ {"a":"bob_income_2017"}, "2017-12-31" ]
      },
      {
	"ctor":"start_",
	"args": [ {"a":"bob_income_2018"}, "2018-12-31" ]
      },
      {
	"ctor":"start_",
	"args": [ {"a":"bob_income_2019"}, "2019-12-31" ]
      }
    ],
    "stipulations": []
  },
  "unary": [
    {
      "source_clause":1,
      "predicate":"marriage_",
      "event": {"a":"alice_and_bob"}
    },
    {
      "source_clause":5,
      "predicate":"death_",
      "event": {"a":"alice_dies"}
    },
    {
      "source_clause":9,
      "predicate":"residence_",
      "event": {"a":"bob_residence"}
    },
    {
      "source_clause":14,
      "predicate":"residence_",
      "event": {"a":"charlie_residence"}
    },
    {
      "source_clause":20,
      "predicate":"payment_",
      "event": {"a":"bob_maintains_household_2015"}
    },
    {
      "source_clause":20,
      "predicate":"payment_",
      "event": {"a":"bob_maintains_household_2016"}
    },
    {
      "source_clause":20,
      "predicate":"payment_",
      "event": {"a":"bob_maintains_household_2017"}
    },
    {
      "source_clause":20,
      "predicate":"payment_",
      "event": {"a":"bob_maintains_household_2018"}
    },
    {
      "source_clause":20,
      "predicate":"payment_",
      "event": {"a":"bob_maintains_household_2019"}
    },
    {
      "source_clause":27,
      "predicate":"income_",
      "event": {"a":"bob_income_2015"}
    },
    {
      "source_clause":27,
      "predicate":"income_",
      "event": {"a":"bob_income_2016"}
    },
    {
      "source_clause":27,
      "predicate":"income_",
      "event": {"a":"bob_income_2017"}
    },
    {
      "source_clause":27,
      "predicate":"income_",
      "event": {"a":"bob_income_2018"}
    },
    {
      "source_clause":27,
      "predicate":"income_",
      "event": {"a":"bob_income_2019"}
    }
  ],
  "event_domain": [
    {"a":"alice_and_bob"},
    {"a":"alice_dies"},
    {"a":"bob_residence"},
    {"a":"charlie_residence"},
    {"a":"bob_maintains_household_2015"},
    {"a":"bob_maintains_household_2016"},
    {"a":"bob_maintains_household_2017"},
    {"a":"bob_maintains_household_2018"},
    {"a":"bob_maintains_household_2019"},
    {"a":"bob_income_2015"},
    {"a":"bob_income_2016"},
    {"a":"bob_income_2017"},
    {"a":"bob_income_2018"},
    {"a":"bob_income_2019"}
  ],
  "fact_source_clauses": [
    1,
    2,
    3,
    4,
    5,
    6,
    7,
    8,
    9,
    10,
    11,
    12,
    13,
    14,
    15,
    16,
    17,
    18,
    20,
    20,
    20,
    20,
    20,
    21,
    21,
    21,
    21,
    21,
    22,
    22,
    22,
    22,
    22,
    23,
    23,
    23,
    23,
    23,
    24,
    24,
    24,
    24,
    24,
    25,
    25,
    25,
    25,
    25,
    27,
    27,
    27,
    27,
    27,
    28,
    28,
    28,
    28,
    28,
    29,
    29,
    29,
    29,
    29,
    30,
    30,
    30,
    30,
    30
  ],
  "stats": {
    "unary_proofs":14,
    "distinct_event_domain":14,
    "service_proofs":0,
    "distinct_service_domain":0,
    "fact_count":68,
    "stipulation_count":0,
    "wildcard_count":0,
    "grounding_cpu_seconds":0.0043824999999999975,
    "grounding_wall_seconds":0.004383087158203125,
    "candidate": {"scope":"not_applicable"}
  },
  "tax": {
    "status":"first_solution",
    "value":96641,
    "cpu_seconds":0.009600208000000013,
    "wall_seconds":0.009600639343261719
  }
}
