{
  "household": {
    "facts": [
      {"ctor":"income_", "args": [ {"a":"alice_income_2010"} ]},
      {
	"ctor":"agent_",
	"args": [ {"a":"alice_income_2010"},  {"a":"alice"} ]
      },
      {"ctor":"amount_", "args": [ {"a":"alice_income_2010"}, 210204 ]},
      {
	"ctor":"start_",
	"args": [ {"a":"alice_income_2010"}, "2010-12-31" ]
      },
      {"ctor":"service_", "args": [ {"a":"alice_employer"} ]},
      {
	"ctor":"patient_",
	"args": [ {"a":"alice_employer"},  {"a":"alice"} ]
      },
      {
	"ctor":"agent_",
	"args": [ {"a":"alice_employer"},  {"a":"bob"} ]
      },
      {
	"ctor":"start_",
	"args": [ {"a":"alice_employer"}, "2010-01-01" ]
      },
      {"ctor":"end_", "args": [ {"a":"alice_employer"}, "2010-12-31" ]},
      {"ctor":"payment_", "args": [ {"a":"alice_pays_bob"} ]},
      {
	"ctor":"agent_",
	"args": [ {"a":"alice_pays_bob"},  {"a":"alice"} ]
      },
      {
	"ctor":"patient_",
	"args": [ {"a":"alice_pays_bob"},  {"a":"bob"} ]
      },
      {
	"ctor":"start_",
	"args": [ {"a":"alice_pays_bob"}, "2010-01-01" ]
      },
      {"ctor":"end_", "args": [ {"a":"alice_pays_bob"}, "2010-12-31" ]},
      {
	"ctor":"purpose_",
	"args": [ {"val": {"a":"alice_pays_bob"}},  {"a":"alice_employer"} ]
      },
      {"ctor":"amount_", "args": [ {"a":"alice_pays_bob"}, 45252 ]},
      {"ctor":"payment_", "args": [ {"a":"alice_pays_retirement"} ]},
      {
	"ctor":"agent_",
	"args": [ {"a":"alice_pays_retirement"},  {"a":"alice"} ]
      },
      {
	"ctor":"patient_",
	"args": [ {"a":"alice_pays_retirement"},  {"a":"retirement_fund"} ]
      },
      {
	"ctor":"purpose_",
	"args": [
	  {"val": {"a":"alice_pays_retirement"}},
	  {"s":"make provisions for employees in case of retirement"}
	]
      },
      {"ctor":"plan_", "args": [ {"a":"retirement_fund"} ]},
      {
	"ctor":"beneficiary_",
	"args": [ {"a":"alice_pays_retirement"},  {"a":"bob"} ]
      },
      {
	"ctor":"start_",
	"args": [ {"a":"alice_pays_retirement"}, "2010-01-01" ]
      },
      {
	"ctor":"end_",
	"args": [ {"a":"alice_pays_retirement"}, "2010-12-31" ]
      },
      {
	"ctor":"amount_",
	"args": [ {"a":"alice_pays_retirement"}, 9832 ]
      },
      {"ctor":"payment_", "args": [ {"a":"alice_pays_insurance"} ]},
      {
	"ctor":"agent_",
	"args": [ {"a":"alice_pays_insurance"},  {"a":"alice"} ]
      },
      {
	"ctor":"patient_",
	"args": [ {"a":"alice_pays_insurance"},  {"a":"health_insurance_fund"} ]
      },
      {"ctor":"plan_", "args": [ {"a":"health_insurance_fund"} ]},
      {
	"ctor":"purpose_",
	"args": [
	  {"val": {"a":"alice_pays_insurance"}},
	  {"s":"make provisions in case of sickness"}
	]
      },
      {
	"ctor":"beneficiary_",
	"args": [ {"a":"alice_pays_insurance"},  {"a":"charlie"} ]
      },
      {
	"ctor":"start_",
	"args": [ {"a":"alice_pays_insurance"}, "2010-01-01" ]
      },
      {
	"ctor":"end_",
	"args": [ {"a":"alice_pays_insurance"}, "2010-12-31" ]
      },
      {"ctor":"amount_", "args": [ {"a":"alice_pays_insurance"}, 5322 ]},
      {"ctor":"father_", "args": [ {"a":"alice_and_charlie"} ]},
      {
	"ctor":"agent_",
	"args": [ {"a":"alice_and_charlie"},  {"a":"charlie"} ]
      },
      {
	"ctor":"patient_",
	"args": [ {"a":"alice_and_charlie"},  {"a":"alice"} ]
      },
      {"ctor":"retirement_", "args": [ {"a":"charlie_retires"} ]},
      {
	"ctor":"agent_",
	"args": [ {"a":"charlie_retires"},  {"a":"charlie"} ]
      },
      {
	"ctor":"start_",
	"args": [ {"a":"charlie_retires"}, "2009-01-01" ]
      }
    ],
    "stipulations": []
  },
  "unary": [
    {
      "source_clause":1,
      "predicate":"income_",
      "event": {"a":"alice_income_2010"}
    },
    {
      "source_clause":5,
      "predicate":"service_",
      "event": {"a":"alice_employer"}
    },
    {
      "source_clause":10,
      "predicate":"payment_",
      "event": {"a":"alice_pays_bob"}
    },
    {
      "source_clause":17,
      "predicate":"payment_",
      "event": {"a":"alice_pays_retirement"}
    },
    {
      "source_clause":21,
      "predicate":"plan_",
      "event": {"a":"retirement_fund"}
    },
    {
      "source_clause":26,
      "predicate":"payment_",
      "event": {"a":"alice_pays_insurance"}
    },
    {
      "source_clause":29,
      "predicate":"plan_",
      "event": {"a":"health_insurance_fund"}
    },
    {
      "source_clause":35,
      "predicate":"father_",
      "event": {"a":"alice_and_charlie"}
    },
    {
      "source_clause":38,
      "predicate":"retirement_",
      "event": {"a":"charlie_retires"}
    }
  ],
  "event_domain": [
    {"a":"alice_income_2010"},
    {"a":"alice_employer"},
    {"a":"alice_pays_bob"},
    {"a":"alice_pays_retirement"},
    {"a":"retirement_fund"},
    {"a":"alice_pays_insurance"},
    {"a":"health_insurance_fund"},
    {"a":"alice_and_charlie"},
    {"a":"charlie_retires"}
  ],
  "fact_source_clauses": [
    1,
    2,
    3,
    4,
    5,
    6,
    7,
    8,
    9,
    10,
    11,
    12,
    13,
    14,
    15,
    16,
    17,
    18,
    19,
    20,
    21,
    22,
    23,
    24,
    25,
    26,
    27,
    28,
    29,
    30,
    31,
    32,
    33,
    34,
    35,
    36,
    37,
    38,
    39,
    40
  ],
  "stats": {
    "unary_proofs":9,
    "distinct_event_domain":9,
    "service_proofs":1,
    "distinct_service_domain":1,
    "fact_count":40,
    "stipulation_count":0,
    "wildcard_count":0,
    "grounding_cpu_seconds":0.00025537499999998825,
    "grounding_wall_seconds":0.0002551078796386719,
    "candidate": {"scope":"not_applicable"}
  },
  "tax": {
    "status":"first_solution",
    "value":63345,
    "cpu_seconds":0.0016759579999999913,
    "wall_seconds":0.0016760826110839844
  }
}
