{
  "household": {
    "facts": [
      {"ctor":"marriage_", "args": [ {"a":"alice_marriage"} ]},
      {
	"ctor":"agent_",
	"args": [ {"a":"alice_marriage"},  {"a":"alice"} ]
      },
      {
	"ctor":"agent_",
	"args": [ {"a":"alice_marriage"},  {"a":"bob"} ]
      },
      {
	"ctor":"start_",
	"args": [ {"a":"alice_marriage"}, "2010-08-06" ]
      },
      {"ctor":"son_", "args": [ {"a":"charlie_is_son"} ]},
      {
	"ctor":"agent_",
	"args": [ {"a":"charlie_is_son"},  {"a":"charlie"} ]
      },
      {
	"ctor":"patient_",
	"args": [ {"a":"charlie_is_son"},  {"a":"alice"} ]
      },
      {
	"ctor":"patient_",
	"args": [ {"a":"charlie_is_son"},  {"a":"bob"} ]
      },
      {
	"ctor":"start_",
	"args": [ {"a":"charlie_is_son"}, "2012-02-02" ]
      },
      {
	"ctor":"legal_separation_",
	"args": [ {"a":"alice_and_bob_divorce"} ]
      },
      {
	"ctor":"patient_",
	"args": [ {"a":"alice_and_bob_divorce"},  {"a":"alice_marriage"} ]
      },
      {
	"ctor":"agent_",
	"args": [ {"a":"alice_and_bob_divorce"},  {"s":"decree of divorce"} ]
      },
      {
	"ctor":"start_",
	"args": [ {"a":"alice_and_bob_divorce"}, "2015-03-02" ]
      },
      {"ctor":"residence_", "args": [ {"a":"alice_residence"} ]},
      {
	"ctor":"agent_",
	"args": [ {"a":"alice_residence"},  {"a":"alice"} ]
      },
      {
	"ctor":"patient_",
	"args": [ {"a":"alice_residence"},  {"a":"alice_house"} ]
      },
      {
	"ctor":"start_",
	"args": [ {"a":"alice_residence"}, "2017-01-01" ]
      },
      {"ctor":"end_", "args": [ {"a":"alice_residence"}, "2017-12-31" ]},
      {"ctor":"residence_", "args": [ {"a":"charlie_residence"} ]},
      {
	"ctor":"agent_",
	"args": [ {"a":"charlie_residence"},  {"a":"charlie"} ]
      },
      {
	"ctor":"patient_",
	"args": [ {"a":"charlie_residence"},  {"a":"alice_house"} ]
      },
      {
	"ctor":"start_",
	"args": [ {"a":"charlie_residence"}, "2017-01-01" ]
      },
      {
	"ctor":"end_",
	"args": [ {"a":"charlie_residence"}, "2017-12-31" ]
      },
      {"ctor":"payment_", "args": [ {"a":"alice_maintains_house"} ]},
      {
	"ctor":"agent_",
	"args": [ {"a":"alice_maintains_house"},  {"a":"alice"} ]
      },
      {"ctor":"amount_", "args": [ {"a":"alice_maintains_house"}, 1 ]},
      {
	"ctor":"start_",
	"args": [ {"a":"alice_maintains_house"}, "2017-01-01" ]
      },
      {
	"ctor":"purpose_",
	"args": [ {"val": {"a":"alice_maintains_house"}},  {"a":"alice_house"} ]
      },
      {"ctor":"income_", "args": [ {"a":"alice_income_2017"} ]},
      {
	"ctor":"agent_",
	"args": [ {"a":"alice_income_2017"},  {"a":"alice"} ]
      },
      {
	"ctor":"start_",
	"args": [ {"a":"alice_income_2017"}, "2017-12-31" ]
      },
      {"ctor":"amount_", "args": [ {"a":"alice_income_2017"}, 9560 ]}
    ],
    "stipulations": []
  },
  "unary": [
    {
      "source_clause":1,
      "predicate":"marriage_",
      "event": {"a":"alice_marriage"}
    },
    {
      "source_clause":5,
      "predicate":"son_",
      "event": {"a":"charlie_is_son"}
    },
    {
      "source_clause":10,
      "predicate":"legal_separation_",
      "event": {"a":"alice_and_bob_divorce"}
    },
    {
      "source_clause":14,
      "predicate":"residence_",
      "event": {"a":"alice_residence"}
    },
    {
      "source_clause":19,
      "predicate":"residence_",
      "event": {"a":"charlie_residence"}
    },
    {
      "source_clause":24,
      "predicate":"payment_",
      "event": {"a":"alice_maintains_house"}
    },
    {
      "source_clause":29,
      "predicate":"income_",
      "event": {"a":"alice_income_2017"}
    }
  ],
  "event_domain": [
    {"a":"alice_marriage"},
    {"a":"charlie_is_son"},
    {"a":"alice_and_bob_divorce"},
    {"a":"alice_residence"},
    {"a":"charlie_residence"},
    {"a":"alice_maintains_house"},
    {"a":"alice_income_2017"}
  ],
  "fact_source_clauses": [
    1,
    2,
    3,
    4,
    5,
    6,
    7,
    8,
    9,
    10,
    11,
    12,
    13,
    14,
    15,
    16,
    17,
    18,
    19,
    20,
    21,
    22,
    23,
    24,
    25,
    26,
    27,
    28,
    29,
    30,
    31,
    32
  ],
  "stats": {
    "unary_proofs":7,
    "distinct_event_domain":7,
    "service_proofs":0,
    "distinct_service_domain":0,
    "fact_count":32,
    "stipulation_count":0,
    "wildcard_count":0,
    "grounding_cpu_seconds":0.0002504160000000033,
    "grounding_wall_seconds":0.0002498626708984375,
    "candidate": {"scope":"not_applicable"}
  },
  "tax": {
    "status":"first_solution",
    "value":174,
    "cpu_seconds":0.00611758300000001,
    "wall_seconds":0.006117820739746094
  }
}
