{
  "household": {
    "facts": [
      {"ctor":"son_", "args": [ {"a":"bob_is_son"} ]},
      {"ctor":"agent_", "args": [ {"a":"bob_is_son"},  {"a":"bob"} ]},
      {
	"ctor":"patient_",
	"args": [ {"a":"bob_is_son"},  {"a":"alice"} ]
      },
      {"ctor":"residence_", "args": [ {"a":"alice_residence"} ]},
      {
	"ctor":"agent_",
	"args": [ {"a":"alice_residence"},  {"a":"alice"} ]
      },
      {
	"ctor":"patient_",
	"args": [ {"a":"alice_residence"},  {"a":"alice_house"} ]
      },
      {
	"ctor":"start_",
	"args": [ {"a":"alice_residence"}, "2015-01-01" ]
      },
      {"ctor":"end_", "args": [ {"a":"alice_residence"}, "2015-12-31" ]},
      {"ctor":"residence_", "args": [ {"a":"bob_residence"} ]},
      {"ctor":"agent_", "args": [ {"a":"bob_residence"},  {"a":"bob"} ]},
      {
	"ctor":"patient_",
	"args": [ {"a":"bob_residence"},  {"a":"alice_house"} ]
      },
      {"ctor":"start_", "args": [ {"a":"bob_residence"}, "2015-01-01" ]},
      {"ctor":"end_", "args": [ {"a":"bob_residence"}, "2015-12-31" ]},
      {"ctor":"payment_", "args": [ {"a":"alice_maintains_house"} ]},
      {
	"ctor":"agent_",
	"args": [ {"a":"alice_maintains_house"},  {"a":"alice"} ]
      },
      {"ctor":"amount_", "args": [ {"a":"alice_maintains_house"}, 1 ]},
      {
	"ctor":"start_",
	"args": [ {"a":"alice_maintains_house"}, "2015-01-01" ]
      },
      {
	"ctor":"purpose_",
	"args": [ {"val": {"a":"alice_maintains_house"}},  {"a":"alice_house"} ]
      },
      {"ctor":"service_", "args": [ {"a":"alice_employed"} ]},
      {
	"ctor":"patient_",
	"args": [ {"a":"alice_employed"},  {"s":"bertha's mussels"} ]
      },
      {
	"ctor":"agent_",
	"args": [ {"a":"alice_employed"},  {"a":"alice"} ]
      },
      {
	"ctor":"start_",
	"args": [ {"a":"alice_employed"}, "2015-01-01" ]
      },
      {"ctor":"end_", "args": [ {"a":"alice_employed"}, "2015-12-31" ]},
      {
	"ctor":"location_",
	"args": [ {"a":"alice_employed"},  {"a":"baltimore"} ]
      },
      {
	"ctor":"location_",
	"args": [ {"a":"alice_employed"},  {"a":"maryland"} ]
      },
      {
	"ctor":"location_",
	"args": [ {"a":"alice_employed"},  {"a":"usa"} ]
      },
      {"ctor":"payment_", "args": [ {"a":"alice_is_paid"} ]},
      {
	"ctor":"agent_",
	"args": [ {"a":"alice_is_paid"},  {"s":"bertha's mussels"} ]
      },
      {
	"ctor":"patient_",
	"args": [ {"a":"alice_is_paid"},  {"a":"alice"} ]
      },
      {"ctor":"start_", "args": [ {"a":"alice_is_paid"}, "2015-12-31" ]},
      {
	"ctor":"purpose_",
	"args": [ {"val": {"a":"alice_is_paid"}},  {"a":"alice_employed"} ]
      },
      {"ctor":"amount_", "args": [ {"a":"alice_is_paid"}, 73200 ]}
    ],
    "stipulations": []
  },
  "unary": [
    {
      "source_clause":1,
      "predicate":"son_",
      "event": {"a":"bob_is_son"}
    },
    {
      "source_clause":4,
      "predicate":"residence_",
      "event": {"a":"alice_residence"}
    },
    {
      "source_clause":9,
      "predicate":"residence_",
      "event": {"a":"bob_residence"}
    },
    {
      "source_clause":14,
      "predicate":"payment_",
      "event": {"a":"alice_maintains_house"}
    },
    {
      "source_clause":19,
      "predicate":"service_",
      "event": {"a":"alice_employed"}
    },
    {
      "source_clause":27,
      "predicate":"payment_",
      "event": {"a":"alice_is_paid"}
    }
  ],
  "event_domain": [
    {"a":"bob_is_son"},
    {"a":"alice_residence"},
    {"a":"bob_residence"},
    {"a":"alice_maintains_house"},
    {"a":"alice_employed"},
    {"a":"alice_is_paid"}
  ],
  "fact_source_clauses": [
    1,
    2,
    3,
    4,
    5,
    6,
    7,
    8,
    9,
    10,
    11,
    12,
    13,
    14,
    15,
    16,
    17,
    18,
    19,
    20,
    21,
    22,
    23,
    24,
    25,
    26,
    27,
    28,
    29,
    30,
    31,
    32
  ],
  "stats": {
    "unary_proofs":6,
    "distinct_event_domain":6,
    "service_proofs":1,
    "distinct_service_domain":1,
    "fact_count":32,
    "stipulation_count":0,
    "wildcard_count":0,
    "grounding_cpu_seconds":0.00026933400000000995,
    "grounding_wall_seconds":0.0002684593200683594,
    "candidate": {"scope":"not_applicable"}
  },
  "tax": {
    "status":"first_solution",
    "value":14296,
    "cpu_seconds":0.009146457999999996,
    "wall_seconds":0.009146928787231445
  }
}
