{
  "household": {
    "facts": [
      {"ctor":"payment_", "args": [ {"a":"alice_is_paid"} ]},
      {
	"ctor":"patient_",
	"args": [ {"a":"alice_is_paid"},  {"a":"alice"} ]
      },
      {"ctor":"start_", "args": [ {"a":"alice_is_paid"}, "2017-12-31" ]},
      {"ctor":"amount_", "args": [ {"a":"alice_is_paid"}, 75845 ]},
      {"ctor":"son_", "args": [ {"a":"bob_is_son"} ]},
      {"ctor":"agent_", "args": [ {"a":"bob_is_son"},  {"a":"bob"} ]},
      {
	"ctor":"patient_",
	"args": [ {"a":"bob_is_son"},  {"a":"alice"} ]
      },
      {"ctor":"residence_", "args": [ {"a":"alice_residence"} ]},
      {
	"ctor":"agent_",
	"args": [ {"a":"alice_residence"},  {"a":"alice"} ]
      },
      {
	"ctor":"patient_",
	"args": [ {"a":"alice_residence"},  {"a":"home"} ]
      },
      {
	"ctor":"start_",
	"args": [ {"a":"alice_residence"}, "2015-09-01" ]
      },
      {"ctor":"end_", "args": [ {"a":"alice_residence"}, "2019-11-03" ]},
      {"ctor":"residence_", "args": [ {"a":"bob_residence"} ]},
      {"ctor":"agent_", "args": [ {"a":"bob_residence"},  {"a":"bob"} ]},
      {
	"ctor":"patient_",
	"args": [ {"a":"bob_residence"},  {"a":"home"} ]
      },
      {"ctor":"start_", "args": [ {"a":"bob_residence"}, "2015-09-01" ]},
      {"ctor":"end_", "args": [ {"a":"bob_residence"}, "2019-11-03" ]},
      {"ctor":"payment_", "args": [ {"a":"alice_maintains_2015"} ]},
      {
	"ctor":"agent_",
	"args": [ {"a":"alice_maintains_2015"},  {"a":"alice"} ]
      },
      {"ctor":"amount_", "args": [ {"a":"alice_maintains_2015"}, 1 ]},
      {
	"ctor":"start_",
	"args": [ {"a":"alice_maintains_2015"}, "2015-09-01" ]
      },
      {
	"ctor":"purpose_",
	"args": [ {"val": {"a":"alice_maintains_2015"}},  {"a":"home"} ]
      },
      {"ctor":"payment_", "args": [ {"a":"alice_maintains_2016"} ]},
      {
	"ctor":"agent_",
	"args": [ {"a":"alice_maintains_2016"},  {"a":"alice"} ]
      },
      {"ctor":"amount_", "args": [ {"a":"alice_maintains_2016"}, 1 ]},
      {
	"ctor":"start_",
	"args": [ {"a":"alice_maintains_2016"}, "2016-01-01" ]
      },
      {
	"ctor":"purpose_",
	"args": [ {"val": {"a":"alice_maintains_2016"}},  {"a":"home"} ]
      },
      {"ctor":"payment_", "args": [ {"a":"alice_maintains_2017"} ]},
      {
	"ctor":"agent_",
	"args": [ {"a":"alice_maintains_2017"},  {"a":"alice"} ]
      },
      {"ctor":"amount_", "args": [ {"a":"alice_maintains_2017"}, 1 ]},
      {
	"ctor":"start_",
	"args": [ {"a":"alice_maintains_2017"}, "2017-01-01" ]
      },
      {
	"ctor":"purpose_",
	"args": [ {"val": {"a":"alice_maintains_2017"}},  {"a":"home"} ]
      },
      {"ctor":"payment_", "args": [ {"a":"alice_maintains_2018"} ]},
      {
	"ctor":"agent_",
	"args": [ {"a":"alice_maintains_2018"},  {"a":"alice"} ]
      },
      {"ctor":"amount_", "args": [ {"a":"alice_maintains_2018"}, 1 ]},
      {
	"ctor":"start_",
	"args": [ {"a":"alice_maintains_2018"}, "2018-01-01" ]
      },
      {
	"ctor":"purpose_",
	"args": [ {"val": {"a":"alice_maintains_2018"}},  {"a":"home"} ]
      },
      {"ctor":"payment_", "args": [ {"a":"alice_maintains_2019"} ]},
      {
	"ctor":"agent_",
	"args": [ {"a":"alice_maintains_2019"},  {"a":"alice"} ]
      },
      {"ctor":"amount_", "args": [ {"a":"alice_maintains_2019"}, 1 ]},
      {
	"ctor":"start_",
	"args": [ {"a":"alice_maintains_2019"}, "2019-01-01" ]
      },
      {
	"ctor":"purpose_",
	"args": [ {"val": {"a":"alice_maintains_2019"}},  {"a":"home"} ]
      }
    ],
    "stipulations": []
  },
  "unary": [
    {
      "source_clause":1,
      "predicate":"payment_",
      "event": {"a":"alice_is_paid"}
    },
    {
      "source_clause":5,
      "predicate":"son_",
      "event": {"a":"bob_is_son"}
    },
    {
      "source_clause":8,
      "predicate":"residence_",
      "event": {"a":"alice_residence"}
    },
    {
      "source_clause":13,
      "predicate":"residence_",
      "event": {"a":"bob_residence"}
    },
    {
      "source_clause":18,
      "predicate":"payment_",
      "event": {"a":"alice_maintains_2015"}
    },
    {
      "source_clause":23,
      "predicate":"payment_",
      "event": {"a":"alice_maintains_2016"}
    },
    {
      "source_clause":28,
      "predicate":"payment_",
      "event": {"a":"alice_maintains_2017"}
    },
    {
      "source_clause":33,
      "predicate":"payment_",
      "event": {"a":"alice_maintains_2018"}
    },
    {
      "source_clause":38,
      "predicate":"payment_",
      "event": {"a":"alice_maintains_2019"}
    }
  ],
  "event_domain": [
    {"a":"alice_is_paid"},
    {"a":"bob_is_son"},
    {"a":"alice_residence"},
    {"a":"bob_residence"},
    {"a":"alice_maintains_2015"},
    {"a":"alice_maintains_2016"},
    {"a":"alice_maintains_2017"},
    {"a":"alice_maintains_2018"},
    {"a":"alice_maintains_2019"}
  ],
  "fact_source_clauses": [
    1,
    2,
    3,
    4,
    5,
    6,
    7,
    8,
    9,
    10,
    11,
    12,
    13,
    14,
    15,
    16,
    17,
    18,
    19,
    20,
    21,
    22,
    23,
    24,
    25,
    26,
    27,
    28,
    29,
    30,
    31,
    32,
    33,
    34,
    35,
    36,
    37,
    38,
    39,
    40,
    41,
    42
  ],
  "stats": {
    "unary_proofs":9,
    "distinct_event_domain":9,
    "service_proofs":0,
    "distinct_service_domain":0,
    "fact_count":42,
    "stipulation_count":0,
    "wildcard_count":0,
    "grounding_cpu_seconds":0.00026424999999999366,
    "grounding_wall_seconds":0.0002636909484863281,
    "candidate": {"scope":"not_applicable"}
  },
  "tax": {
    "status":"first_solution",
    "value":15037,
    "cpu_seconds":0.008431624999999998,
    "wall_seconds":0.008434534072875977
  }
}
