[
    {
        "Id": "sha256:8e53d3a0003635786ccdeafc0048b3344b621815fe4881fd4512914a95606ec7",
        "RepoTags": [
            "kmla-swipl:runtime-infra-check"
        ],
        "RepoDigests": [
            "kmla-swipl@sha256:8e53d3a0003635786ccdeafc0048b3344b621815fe4881fd4512914a95606ec7"
        ],
        "Comment": "buildkit.dockerfile.v0",
        "Created": "2026-09-21T19:55:55.092118714Z",
        "Config": {
            "Env": [
                "PATH=/usr/local/sbin:/usr/local/bin:/usr/sbin:/usr/bin:/sbin:/bin",
                "TZ=America/New_York",
                "LANG=C.UTF-8",
                "LC_ALL=C.UTF-8"
            ],
            "Cmd": [
                "swipl"
            ],
            "WorkingDir": "/corpus",
            "Labels": {
                "org.kmla.runtime.dockerfile-sha256": "fc26076b088477b1e3c56af553ecbc6f916a69b297114cbd1a76ec734493d448"
            },
            "ArgsEscaped": true
        },
        "Architecture": "amd64",
        "Os": "linux",
        "Size": 74983603,
        "RootFS": {
            "Type": "layers",
            "Layers": [
                "sha256:47dde6f41d1fcca77df950cac35c7103996a9333244a7406248c9b6898215469",
                "sha256:d0d4fe6363f542d45efe537563715e3342d9441ca28b790f7790ae86fb1e9c67",
                "sha256:5f70bf18a086007016e948b04aed3b82103a36bea41755b6cddfaf10ace3c6ef",
                "sha256:c26add9dd57c15963d547c2cb4f8b32ca73df0082df3f7f94892468f330c70a4"
            ]
        },
        "Metadata": {
            "LastTagTime": "2026-09-21T19:55:55.136809464Z"
        },
        "Descriptor": {
            "mediaType": "application/vnd.oci.image.index.v1+json",
            "digest": "sha256:8e53d3a0003635786ccdeafc0048b3344b621815fe4881fd4512914a95606ec7",
            "size": 856
        }
    }
]
