{
  "household": {
    "facts": [
      {"ctor":"service_", "args": [ {"a":"alice_employer"} ]},
      {
	"ctor":"patient_",
	"args": [ {"a":"alice_employer"},  {"a":"alice"} ]
      },
      {
	"ctor":"agent_",
	"args": [ {"a":"alice_employer"},  {"a":"bob"} ]
      },
      {
	"ctor":"start_",
	"args": [ {"a":"alice_employer"}, "2017-02-01" ]
      },
      {"ctor":"end_", "args": [ {"a":"alice_employer"}, "2017-09-02" ]},
      {
	"ctor":"location_",
	"args": [ {"a":"alice_employer"},  {"s":"stanley, wisconsin, usa"} ]
      },
      {
	"ctor":"country_",
	"args": [ {"s":"stanley, wisconsin, usa"},  {"s":"usa"} ]
      },
      {
	"ctor":"purpose_",
	"args": [ {"val": {"a":"alice_employer"}},  {"s":"agricultural labor"} ]
      },
      {"ctor":"payment_", "args": [ {"a":"alice_pays"} ]},
      {"ctor":"agent_", "args": [ {"a":"alice_pays"},  {"a":"alice"} ]},
      {"ctor":"patient_", "args": [ {"a":"alice_pays"},  {"a":"bob"} ]},
      {"ctor":"start_", "args": [ {"a":"alice_pays"}, "2017-09-02" ]},
      {
	"ctor":"purpose_",
	"args": [ {"val": {"a":"alice_pays"}},  {"a":"alice_employer"} ]
      },
      {"ctor":"amount_", "args": [ {"a":"alice_pays"}, 3200 ]},
      {"ctor":"citizenship_", "args": [ {"a":"alice_is_american"} ]},
      {
	"ctor":"agent_",
	"args": [ {"a":"alice_is_american"},  {"a":"alice"} ]
      },
      {
	"ctor":"patient_",
	"args": [ {"a":"alice_is_american"},  {"s":"usa"} ]
      },
      {"ctor":"citizenship_", "args": [ {"a":"bob_is_mexican"} ]},
      {
	"ctor":"agent_",
	"args": [ {"a":"bob_is_mexican"},  {"a":"bob"} ]
      },
      {
	"ctor":"patient_",
	"args": [ {"a":"bob_is_mexican"},  {"a":"mexico"} ]
      },
      {"ctor":"migration_", "args": [ {"a":"bob_migrates_to_usa"} ]},
      {
	"ctor":"destination_",
	"args": [ {"a":"bob_migrates_to_usa"},  {"s":"usa"} ]
      },
      {
	"ctor":"agent_",
	"args": [ {"a":"bob_migrates_to_usa"},  {"a":"bob"} ]
      },
      {
	"ctor":"purpose_",
	"args": [
	  {"val": {"a":"bob_migrates_to_usa"}},
	  {"s":"agricultural labor"}
	]
      }
    ],
    "stipulations": []
  },
  "unary": [
    {
      "source_clause":1,
      "predicate":"service_",
      "event": {"a":"alice_employer"}
    },
    {
      "source_clause":9,
      "predicate":"payment_",
      "event": {"a":"alice_pays"}
    },
    {
      "source_clause":15,
      "predicate":"citizenship_",
      "event": {"a":"alice_is_american"}
    },
    {
      "source_clause":18,
      "predicate":"citizenship_",
      "event": {"a":"bob_is_mexican"}
    },
    {
      "source_clause":21,
      "predicate":"migration_",
      "event": {"a":"bob_migrates_to_usa"}
    }
  ],
  "fact_source_clauses": [
    1,
    2,
    3,
    4,
    5,
    6,
    7,
    8,
    9,
    10,
    11,
    12,
    13,
    14,
    15,
    16,
    17,
    18,
    19,
    20,
    21,
    22,
    23,
    24
  ],
  "stats": {
    "unary_proofs":5,
    "service_proofs":1,
    "distinct_service_domain":1,
    "fact_count":24,
    "stipulation_count":0,
    "wildcard_count":0,
    "grounding_cpu_seconds":0.000287208000000011,
    "grounding_wall_seconds":0.0002865791320800781,
    "candidate": {"scope":"not_applicable"}
  },
  "tax": {"status":"not_requested"}
}
