tax_case_33.pl: H4.3(a)=pass H4.3(b)=pass
s151_a_neg.pl: H4.3(a)=pass H4.3(b)=unimplemented:approved-H6-projection-not-implemented
s151_a_pos.pl: H4.3(a)=pass H4.3(b)=unimplemented:approved-H6-projection-not-implemented
s151_b_neg.pl: H4.3(a)=pass H4.3(b)=unimplemented:approved-H6-projection-not-implemented
s151_b_pos.pl: H4.3(a)=pass H4.3(b)=unimplemented:approved-H6-projection-not-implemented
s151_c_neg.pl: H4.3(a)=pass H4.3(b)=unimplemented:approved-H6-projection-not-implemented
s151_c_pos.pl: H4.3(a)=pass H4.3(b)=unimplemented:approved-H6-projection-not-implemented
s151_d_1_neg.pl: H4.3(a)=pass H4.3(b)=unimplemented:approved-H6-projection-not-implemented
s151_d_1_pos.pl: H4.3(a)=pass H4.3(b)=unimplemented:approved-H6-projection-not-implemented
s151_d_2_neg.pl: H4.3(a)=pass H4.3(b)=unimplemented:approved-H6-projection-not-implemented
s151_d_2_pos.pl: H4.3(a)=pass H4.3(b)=unimplemented:approved-H6-projection-not-implemented
s151_d_3_A_neg.pl: H4.3(a)=pass H4.3(b)=unimplemented:approved-H6-projection-not-implemented
s151_d_3_A_pos.pl: H4.3(a)=pass H4.3(b)=unimplemented:approved-H6-projection-not-implemented
s151_d_3_B_neg.pl: H4.3(a)=pass H4.3(b)=unimplemented:approved-H6-projection-not-implemented
s151_d_3_B_pos.pl: H4.3(a)=pass H4.3(b)=unimplemented:approved-H6-projection-not-implemented
s151_d_5_neg.pl: H4.3(a)=pass H4.3(b)=unimplemented:approved-H6-projection-not-implemented
s151_d_5_pos.pl: H4.3(a)=pass H4.3(b)=unimplemented:approved-H6-projection-not-implemented
s152_a_neg.pl: H4.3(a)=pass H4.3(b)=unimplemented:approved-H6-projection-not-implemented
s152_a_pos.pl: H4.3(a)=pass H4.3(b)=unimplemented:approved-H6-projection-not-implemented
s152_b_1_neg.pl: H4.3(a)=pass H4.3(b)=unimplemented:approved-H6-projection-not-implemented
s152_b_1_pos.pl: H4.3(a)=pass H4.3(b)=unimplemented:approved-H6-projection-not-implemented
s152_b_2_neg.pl: H4.3(a)=pass H4.3(b)=unimplemented:approved-H6-projection-not-implemented
s152_b_2_pos.pl: H4.3(a)=pass H4.3(b)=unimplemented:approved-H6-projection-not-implemented
s152_c_1_B_neg.pl: H4.3(a)=pass H4.3(b)=unimplemented:approved-H6-projection-not-implemented
s152_c_1_B_pos.pl: H4.3(a)=pass H4.3(b)=unimplemented:approved-H6-projection-not-implemented
s152_c_1_E_neg.pl: H4.3(a)=pass H4.3(b)=unimplemented:approved-H6-projection-not-implemented
s152_c_1_E_pos.pl: H4.3(a)=pass H4.3(b)=unimplemented:approved-H6-projection-not-implemented
s152_c_1_neg.pl: H4.3(a)=pass H4.3(b)=unimplemented:approved-H6-projection-not-implemented
s152_c_1_pos.pl: H4.3(a)=pass H4.3(b)=unimplemented:approved-H6-projection-not-implemented
s152_c_2_A_neg.pl: H4.3(a)=pass H4.3(b)=unimplemented:approved-H6-projection-not-implemented
s152_c_2_A_pos.pl: H4.3(a)=pass H4.3(b)=unimplemented:approved-H6-projection-not-implemented
s152_c_2_B_neg.pl: H4.3(a)=pass H4.3(b)=unimplemented:approved-H6-projection-not-implemented
s152_c_2_B_pos.pl: H4.3(a)=pass H4.3(b)=unimplemented:approved-H6-projection-not-implemented
s152_c_2_neg.pl: H4.3(a)=pass H4.3(b)=unimplemented:approved-H6-projection-not-implemented
s152_c_2_pos.pl: H4.3(a)=pass H4.3(b)=unimplemented:approved-H6-projection-not-implemented
s152_c_3_neg.pl: H4.3(a)=pass H4.3(b)=unimplemented:approved-H6-projection-not-implemented
s152_c_3_pos.pl: H4.3(a)=pass H4.3(b)=unimplemented:approved-H6-projection-not-implemented
s152_d_1_B_neg.pl: H4.3(a)=pass H4.3(b)=unimplemented:approved-H6-projection-not-implemented
s152_d_1_B_pos.pl: H4.3(a)=pass H4.3(b)=unimplemented:approved-H6-projection-not-implemented
s152_d_1_D_neg.pl: H4.3(a)=pass H4.3(b)=unimplemented:approved-H6-projection-not-implemented
s152_d_1_D_pos.pl: H4.3(a)=pass H4.3(b)=unimplemented:approved-H6-projection-not-implemented
s152_d_2_A_neg.pl: H4.3(a)=pass H4.3(b)=unimplemented:approved-H6-projection-not-implemented
s152_d_2_A_pos.pl: H4.3(a)=pass H4.3(b)=unimplemented:approved-H6-projection-not-implemented
s152_d_2_B_neg.pl: H4.3(a)=pass H4.3(b)=unimplemented:approved-H6-projection-not-implemented
s152_d_2_B_pos.pl: H4.3(a)=pass H4.3(b)=unimplemented:approved-H6-projection-not-implemented
s152_d_2_C_neg.pl: H4.3(a)=pass H4.3(b)=unimplemented:approved-H6-projection-not-implemented
s152_d_2_C_pos.pl: H4.3(a)=pass H4.3(b)=unimplemented:approved-H6-projection-not-implemented
s152_d_2_D_neg.pl: H4.3(a)=pass H4.3(b)=unimplemented:approved-H6-projection-not-implemented
s152_d_2_D_pos.pl: H4.3(a)=pass H4.3(b)=unimplemented:approved-H6-projection-not-implemented
s152_d_2_E_neg.pl: H4.3(a)=pass H4.3(b)=unimplemented:approved-H6-projection-not-implemented
s152_d_2_E_pos.pl: H4.3(a)=pass H4.3(b)=unimplemented:approved-H6-projection-not-implemented
s152_d_2_F_neg.pl: H4.3(a)=pass H4.3(b)=unimplemented:approved-H6-projection-not-implemented
s152_d_2_F_pos.pl: H4.3(a)=pass H4.3(b)=unimplemented:approved-H6-projection-not-implemented
s152_d_2_G_neg.pl: H4.3(a)=pass H4.3(b)=unimplemented:approved-H6-projection-not-implemented
s152_d_2_G_pos.pl: H4.3(a)=pass H4.3(b)=unimplemented:approved-H6-projection-not-implemented
s152_d_2_H_neg.pl: H4.3(a)=pass H4.3(b)=unimplemented:approved-H6-projection-not-implemented
s152_d_2_H_pos.pl: H4.3(a)=pass H4.3(b)=unimplemented:approved-H6-projection-not-implemented
s1_a_1_i_neg.pl: H4.3(a)=pass H4.3(b)=unimplemented:approved-H6-projection-not-implemented
s1_a_1_i_pos.pl: H4.3(a)=pass H4.3(b)=unimplemented:approved-H6-projection-not-implemented
s1_a_1_ii_neg.pl: H4.3(a)=pass H4.3(b)=unimplemented:approved-H6-projection-not-implemented
s1_a_1_ii_pos.pl: H4.3(a)=pass H4.3(b)=unimplemented:approved-H6-projection-not-implemented
s1_a_1_iii_neg.pl: H4.3(a)=pass H4.3(b)=unimplemented:approved-H6-projection-not-implemented
s1_a_1_iii_pos.pl: H4.3(a)=pass H4.3(b)=unimplemented:approved-H6-projection-not-implemented
s1_a_1_iv_neg.pl: H4.3(a)=pass H4.3(b)=unimplemented:approved-H6-projection-not-implemented
s1_a_1_iv_pos.pl: H4.3(a)=pass H4.3(b)=unimplemented:approved-H6-projection-not-implemented
s1_a_1_neg.pl: H4.3(a)=pass H4.3(b)=unimplemented:approved-H6-projection-not-implemented
s1_a_1_pos.pl: H4.3(a)=pass H4.3(b)=unimplemented:approved-H6-projection-not-implemented
s1_a_1_v_neg.pl: H4.3(a)=pass H4.3(b)=unimplemented:approved-H6-projection-not-implemented
s1_a_1_v_pos.pl: H4.3(a)=pass H4.3(b)=unimplemented:approved-H6-projection-not-implemented
s1_a_2_i_neg.pl: H4.3(a)=pass H4.3(b)=unimplemented:approved-H6-projection-not-implemented
s1_a_2_i_pos.pl: H4.3(a)=pass H4.3(b)=unimplemented:approved-H6-projection-not-implemented
s1_a_2_ii_neg.pl: H4.3(a)=pass H4.3(b)=unimplemented:approved-H6-projection-not-implemented
s1_a_2_ii_pos.pl: H4.3(a)=pass H4.3(b)=unimplemented:approved-H6-projection-not-implemented
s1_a_2_iii_neg.pl: H4.3(a)=pass H4.3(b)=unimplemented:approved-H6-projection-not-implemented
s1_a_2_iii_pos.pl: H4.3(a)=pass H4.3(b)=unimplemented:approved-H6-projection-not-implemented
s1_a_2_iv_neg.pl: H4.3(a)=pass H4.3(b)=unimplemented:approved-H6-projection-not-implemented
s1_a_2_iv_pos.pl: H4.3(a)=pass H4.3(b)=unimplemented:approved-H6-projection-not-implemented
s1_a_2_neg.pl: H4.3(a)=pass H4.3(b)=unimplemented:approved-H6-projection-not-implemented
s1_a_2_pos.pl: H4.3(a)=pass H4.3(b)=unimplemented:approved-H6-projection-not-implemented
s1_a_2_v_neg.pl: H4.3(a)=pass H4.3(b)=unimplemented:approved-H6-projection-not-implemented
s1_a_2_v_pos.pl: H4.3(a)=pass H4.3(b)=unimplemented:approved-H6-projection-not-implemented
s1_b_i_neg.pl: H4.3(a)=pass H4.3(b)=unimplemented:approved-H6-projection-not-implemented
s1_b_i_pos.pl: H4.3(a)=pass H4.3(b)=unimplemented:approved-H6-projection-not-implemented
s1_b_ii_neg.pl: H4.3(a)=pass H4.3(b)=unimplemented:approved-H6-projection-not-implemented
s1_b_ii_pos.pl: H4.3(a)=pass H4.3(b)=unimplemented:approved-H6-projection-not-implemented
s1_b_iii_neg.pl: H4.3(a)=pass H4.3(b)=unimplemented:approved-H6-projection-not-implemented
s1_b_iii_pos.pl: H4.3(a)=pass H4.3(b)=unimplemented:approved-H6-projection-not-implemented
s1_b_iv_neg.pl: H4.3(a)=pass H4.3(b)=unimplemented:approved-H6-projection-not-implemented
s1_b_iv_pos.pl: H4.3(a)=pass H4.3(b)=unimplemented:approved-H6-projection-not-implemented
s1_b_neg.pl: H4.3(a)=pass H4.3(b)=unimplemented:approved-H6-projection-not-implemented
s1_b_pos.pl: H4.3(a)=pass H4.3(b)=unimplemented:approved-H6-projection-not-implemented
s1_b_v_neg.pl: H4.3(a)=pass H4.3(b)=unimplemented:approved-H6-projection-not-implemented
s1_b_v_pos.pl: H4.3(a)=pass H4.3(b)=unimplemented:approved-H6-projection-not-implemented
s1_c_i_neg.pl: H4.3(a)=pass H4.3(b)=unimplemented:approved-H6-projection-not-implemented
s1_c_i_pos.pl: H4.3(a)=pass H4.3(b)=unimplemented:approved-H6-projection-not-implemented
s1_c_ii_neg.pl: H4.3(a)=pass H4.3(b)=unimplemented:approved-H6-projection-not-implemented
s1_c_ii_pos.pl: H4.3(a)=pass H4.3(b)=unimplemented:approved-H6-projection-not-implemented
s1_c_iii_neg.pl: H4.3(a)=pass H4.3(b)=unimplemented:approved-H6-projection-not-implemented
s1_c_iii_pos.pl: H4.3(a)=pass H4.3(b)=unimplemented:approved-H6-projection-not-implemented
s1_c_iv_neg.pl: H4.3(a)=pass H4.3(b)=unimplemented:approved-H6-projection-not-implemented
s1_c_iv_pos.pl: H4.3(a)=pass H4.3(b)=unimplemented:approved-H6-projection-not-implemented
s1_c_neg.pl: H4.3(a)=pass H4.3(b)=unimplemented:approved-H6-projection-not-implemented
s1_c_pos.pl: H4.3(a)=pass H4.3(b)=unimplemented:approved-H6-projection-not-implemented
s1_c_v_neg.pl: H4.3(a)=pass H4.3(b)=unimplemented:approved-H6-projection-not-implemented
s1_c_v_pos.pl: H4.3(a)=pass H4.3(b)=unimplemented:approved-H6-projection-not-implemented
s1_d_i_neg.pl: H4.3(a)=pass H4.3(b)=unimplemented:approved-H6-projection-not-implemented
s1_d_i_pos.pl: H4.3(a)=pass H4.3(b)=unimplemented:approved-H6-projection-not-implemented
s1_d_ii_neg.pl: H4.3(a)=pass H4.3(b)=unimplemented:approved-H6-projection-not-implemented
s1_d_ii_pos.pl: H4.3(a)=pass H4.3(b)=unimplemented:approved-H6-projection-not-implemented
s1_d_iii_neg.pl: H4.3(a)=pass H4.3(b)=unimplemented:approved-H6-projection-not-implemented
s1_d_iii_pos.pl: H4.3(a)=pass H4.3(b)=unimplemented:approved-H6-projection-not-implemented
s1_d_iv_neg.pl: H4.3(a)=pass H4.3(b)=unimplemented:approved-H6-projection-not-implemented
s1_d_iv_pos.pl: H4.3(a)=pass H4.3(b)=unimplemented:approved-H6-projection-not-implemented
s1_d_neg.pl: H4.3(a)=pass H4.3(b)=unimplemented:approved-H6-projection-not-implemented
s1_d_pos.pl: H4.3(a)=pass H4.3(b)=unimplemented:approved-H6-projection-not-implemented
s1_d_v_neg.pl: H4.3(a)=pass H4.3(b)=unimplemented:approved-H6-projection-not-implemented
s1_d_v_pos.pl: H4.3(a)=pass H4.3(b)=unimplemented:approved-H6-projection-not-implemented
s2_a_1_A_neg.pl: H4.3(a)=pass H4.3(b)=unimplemented:approved-H6-projection-not-implemented
s2_a_1_A_pos.pl: H4.3(a)=pass H4.3(b)=unimplemented:approved-H6-projection-not-implemented
s2_a_1_B_neg.pl: H4.3(a)=pass H4.3(b)=unimplemented:approved-H6-projection-not-implemented
FINDING: {"case": "s2_a_1_B_pos.pl", "stage": "original-grounding", "kind": "execution/dispatch/decode failure", "error": "s2_a_1_B_pos.pl: process failure {'argv': ['docker', 'run', '--rm', '--name', 'kmla-runtime-06fb97dd63bb42d3817a3d0c56b58e62', '--platform', 'linux/amd64', '--network', 'none', '--read-only', '--tmpfs', '/tmp', '--cap-drop', 'ALL', '--security-opt', 'no-new-privileges', '--user', '501:20', '--workdir', '/corpus', '--mount', 'type=bind,src=/Users/devrashie/Documents/csProjects/kmla/human,dst=/human,readonly', '--mount', 'type=bind,src=/Users/devrashie/Documents/csProjects/kmla/human/sara/sara,dst=/corpus,readonly', '--mount', 'type=bind,src=/Users/devrashie/Documents/csProjects/kmla/harness,dst=/harness,readonly', '--mount', 'type=bind,src=/Users/devrashie/Documents/csProjects/kmla/docs/phase1/h4-post-country-evidence-2026-09-23/audit-1/requests,dst=/requests,readonly', '--entrypoint', 'swipl', 'sha256:8e53d3a0003635786ccdeafc0048b3344b621815fe4881fd4512914a95606ec7', '-q', '-f', 'none', '-s', '/harness/grounding.pl', '-g', 'main', '-t', 'halt', '--', '/requests/ground-0241.pl', '/requests/registry.pl', 'regular', 'none'], 'timeout_seconds': 60.0, 'exit': 2, 'timed_out': False, 'stdout': '245.stdout', 'stderr': '245.stderr', 'elapsed_seconds': 0.388587}; retained raw diagnostics"}
{
  "scope": "candidate measurement only; no production records, Valid, parity or checkpoint claim",
  "original_case_count": 376,
  "attempted_original_count": 121,
  "record_count": "not-yet-produced",
  "distinct_household_count": "not-yet-produced",
  "h4_3_a_pass": 120,
  "h4_3_b_pass": 1,
  "h4_3_a_counts": {
    "pass": 120,
    "error:original-grounding": 1,
    "blocked:halt-after-finding": 255
  },
  "h4_3_b_counts": {
    "unimplemented:approved-H6-projection-not-implemented": 119,
    "blocked:grounding-not-complete": 1,
    "blocked:halt-after-finding": 255,
    "pass": 1
  },
  "direct_country_counts": {
    "not-applicable:no-supplied-country": 120,
    "blocked:original-grounding": 1,
    "blocked:halt-after-finding": 255
  },
  "diagnostic_household_instances": 120,
  "diagnostic_distinct_ordered_households": 70,
  "all_originals_visited": false,
  "audit_pass": false,
  "elapsed_wall_seconds": 103.53481175005436,
  "finding": {
    "case": "s2_a_1_B_pos.pl",
    "stage": "original-grounding",
    "kind": "execution/dispatch/decode failure",
    "error": "s2_a_1_B_pos.pl: process failure {'argv': ['docker', 'run', '--rm', '--name', 'kmla-runtime-06fb97dd63bb42d3817a3d0c56b58e62', '--platform', 'linux/amd64', '--network', 'none', '--read-only', '--tmpfs', '/tmp', '--cap-drop', 'ALL', '--security-opt', 'no-new-privileges', '--user', '501:20', '--workdir', '/corpus', '--mount', 'type=bind,src=/Users/devrashie/Documents/csProjects/kmla/human,dst=/human,readonly', '--mount', 'type=bind,src=/Users/devrashie/Documents/csProjects/kmla/human/sara/sara,dst=/corpus,readonly', '--mount', 'type=bind,src=/Users/devrashie/Documents/csProjects/kmla/harness,dst=/harness,readonly', '--mount', 'type=bind,src=/Users/devrashie/Documents/csProjects/kmla/docs/phase1/h4-post-country-evidence-2026-09-23/audit-1/requests,dst=/requests,readonly', '--entrypoint', 'swipl', 'sha256:8e53d3a0003635786ccdeafc0048b3344b621815fe4881fd4512914a95606ec7', '-q', '-f', 'none', '-s', '/harness/grounding.pl', '-g', 'main', '-t', 'halt', '--', '/requests/ground-0241.pl', '/requests/registry.pl', 'regular', 'none'], 'timeout_seconds': 60.0, 'exit': 2, 'timed_out': False, 'stdout': '245.stdout', 'stderr': '245.stderr', 'elapsed_seconds': 0.388587}; retained raw diagnostics"
  }
}
