{
  "household": {
    "facts": [
      {"ctor":"service_", "args": [ {"a":"z"} ]},
      {"ctor":"service_", "args": [ {"a":"z"} ]},
      {"ctor":"income_", "args": [ {"a":"z"} ]},
      {"ctor":"service_", "args": [ {"a":"a"} ]},
      {"ctor":"service_", "args": [ {"a":"a"} ]},
      {"ctor":"agent_", "args": [ {"a":"z"},  {"a":"p"} ]},
      {"ctor":"agent_", "args": [ {"a":"z"},  {"a":"p"} ]},
      {"ctor":"patient_", "args": [ {"a":"z"},  {"a":"q"} ]},
      {"ctor":"patient_", "args": [ {"a":"z"},  {"a":"p"} ]},
      {"ctor":"patient_", "args": [ {"a":"z"},  {"a":"q"} ]},
      {"ctor":"patient_", "args": [ {"a":"a"},  {"a":"q"} ]},
      {"ctor":"patient_", "args": [ {"a":"a"},  {"a":"p"} ]},
      {"ctor":"patient_", "args": [ {"a":"a"},  {"a":"q"} ]},
      {"ctor":"amount_", "args": [ {"a":"a"}, 7 ]},
      {"ctor":"amount_", "args": [ {"a":"a"}, 7 ]}
    ],
    "stipulations": []
  },
  "unary": [
    {"source_clause":1, "predicate":"service_", "event": {"a":"z"}},
    {"source_clause":2, "predicate":"service_", "event": {"a":"z"}},
    {"source_clause":3, "predicate":"income_", "event": {"a":"z"}},
    {"source_clause":4, "predicate":"service_", "event": {"a":"a"}},
    {"source_clause":5, "predicate":"service_", "event": {"a":"a"}}
  ],
  "event_domain": [ {"a":"z"},  {"a":"a"} ],
  "fact_source_clauses": [1, 2, 3, 4, 5, 6, 7, 8, 9, 10, 11, 12, 13, 14, 15 ],
  "stats": {
    "unary_proofs":5,
    "distinct_event_domain":2,
    "service_proofs":4,
    "distinct_service_domain":2,
    "fact_count":15,
    "stipulation_count":0,
    "wildcard_count":0,
    "grounding_cpu_seconds":0.0002184580000000047,
    "grounding_wall_seconds":0.00021767616271972656,
    "candidate": {"scope":"not_applicable"}
  },
  "tax": {"status":"not_requested"}
}
