tax_case_33.pl: H4.3(a)=pass H4.3(b)=pass
s151_a_neg.pl: H4.3(a)=pass H4.3(b)=unimplemented:approved-H6-projection-not-implemented
s151_a_pos.pl: H4.3(a)=pass H4.3(b)=unimplemented:approved-H6-projection-not-implemented
s151_b_neg.pl: H4.3(a)=pass H4.3(b)=unimplemented:approved-H6-projection-not-implemented
s151_b_pos.pl: H4.3(a)=pass H4.3(b)=unimplemented:approved-H6-projection-not-implemented
s151_c_neg.pl: H4.3(a)=pass H4.3(b)=unimplemented:approved-H6-projection-not-implemented
s151_c_pos.pl: H4.3(a)=pass H4.3(b)=unimplemented:approved-H6-projection-not-implemented
s151_d_1_neg.pl: H4.3(a)=pass H4.3(b)=unimplemented:approved-H6-projection-not-implemented
s151_d_1_pos.pl: H4.3(a)=pass H4.3(b)=unimplemented:approved-H6-projection-not-implemented
s151_d_2_neg.pl: H4.3(a)=pass H4.3(b)=unimplemented:approved-H6-projection-not-implemented
s151_d_2_pos.pl: H4.3(a)=pass H4.3(b)=unimplemented:approved-H6-projection-not-implemented
s151_d_3_A_neg.pl: H4.3(a)=pass H4.3(b)=unimplemented:approved-H6-projection-not-implemented
s151_d_3_A_pos.pl: H4.3(a)=pass H4.3(b)=unimplemented:approved-H6-projection-not-implemented
s151_d_3_B_neg.pl: H4.3(a)=pass H4.3(b)=unimplemented:approved-H6-projection-not-implemented
s151_d_3_B_pos.pl: H4.3(a)=pass H4.3(b)=unimplemented:approved-H6-projection-not-implemented
s151_d_5_neg.pl: H4.3(a)=pass H4.3(b)=unimplemented:approved-H6-projection-not-implemented
s151_d_5_pos.pl: H4.3(a)=pass H4.3(b)=unimplemented:approved-H6-projection-not-implemented
s152_a_neg.pl: H4.3(a)=pass H4.3(b)=unimplemented:approved-H6-projection-not-implemented
s152_a_pos.pl: H4.3(a)=pass H4.3(b)=unimplemented:approved-H6-projection-not-implemented
s152_b_1_neg.pl: H4.3(a)=pass H4.3(b)=unimplemented:approved-H6-projection-not-implemented
s152_b_1_pos.pl: H4.3(a)=pass H4.3(b)=unimplemented:approved-H6-projection-not-implemented
s152_b_2_neg.pl: H4.3(a)=pass H4.3(b)=unimplemented:approved-H6-projection-not-implemented
s152_b_2_pos.pl: H4.3(a)=pass H4.3(b)=unimplemented:approved-H6-projection-not-implemented
s152_c_1_B_neg.pl: H4.3(a)=pass H4.3(b)=unimplemented:approved-H6-projection-not-implemented
s152_c_1_B_pos.pl: H4.3(a)=pass H4.3(b)=unimplemented:approved-H6-projection-not-implemented
s152_c_1_E_neg.pl: H4.3(a)=pass H4.3(b)=unimplemented:approved-H6-projection-not-implemented
s152_c_1_E_pos.pl: H4.3(a)=pass H4.3(b)=unimplemented:approved-H6-projection-not-implemented
s152_c_1_neg.pl: H4.3(a)=pass H4.3(b)=unimplemented:approved-H6-projection-not-implemented
s152_c_1_pos.pl: H4.3(a)=pass H4.3(b)=unimplemented:approved-H6-projection-not-implemented
s152_c_2_A_neg.pl: H4.3(a)=pass H4.3(b)=unimplemented:approved-H6-projection-not-implemented
s152_c_2_A_pos.pl: H4.3(a)=pass H4.3(b)=unimplemented:approved-H6-projection-not-implemented
s152_c_2_B_neg.pl: H4.3(a)=pass H4.3(b)=unimplemented:approved-H6-projection-not-implemented
s152_c_2_B_pos.pl: H4.3(a)=pass H4.3(b)=unimplemented:approved-H6-projection-not-implemented
s152_c_2_neg.pl: H4.3(a)=pass H4.3(b)=unimplemented:approved-H6-projection-not-implemented
s152_c_2_pos.pl: H4.3(a)=pass H4.3(b)=unimplemented:approved-H6-projection-not-implemented
s152_c_3_neg.pl: H4.3(a)=pass H4.3(b)=unimplemented:approved-H6-projection-not-implemented
s152_c_3_pos.pl: H4.3(a)=pass H4.3(b)=unimplemented:approved-H6-projection-not-implemented
s152_d_1_B_neg.pl: H4.3(a)=pass H4.3(b)=unimplemented:approved-H6-projection-not-implemented
s152_d_1_B_pos.pl: H4.3(a)=pass H4.3(b)=unimplemented:approved-H6-projection-not-implemented
s152_d_1_D_neg.pl: H4.3(a)=pass H4.3(b)=unimplemented:approved-H6-projection-not-implemented
s152_d_1_D_pos.pl: H4.3(a)=pass H4.3(b)=unimplemented:approved-H6-projection-not-implemented
s152_d_2_A_neg.pl: H4.3(a)=pass H4.3(b)=unimplemented:approved-H6-projection-not-implemented
s152_d_2_A_pos.pl: H4.3(a)=pass H4.3(b)=unimplemented:approved-H6-projection-not-implemented
s152_d_2_B_neg.pl: H4.3(a)=pass H4.3(b)=unimplemented:approved-H6-projection-not-implemented
s152_d_2_B_pos.pl: H4.3(a)=pass H4.3(b)=unimplemented:approved-H6-projection-not-implemented
s152_d_2_C_neg.pl: H4.3(a)=pass H4.3(b)=unimplemented:approved-H6-projection-not-implemented
s152_d_2_C_pos.pl: H4.3(a)=pass H4.3(b)=unimplemented:approved-H6-projection-not-implemented
s152_d_2_D_neg.pl: H4.3(a)=pass H4.3(b)=unimplemented:approved-H6-projection-not-implemented
s152_d_2_D_pos.pl: H4.3(a)=pass H4.3(b)=unimplemented:approved-H6-projection-not-implemented
s152_d_2_E_neg.pl: H4.3(a)=pass H4.3(b)=unimplemented:approved-H6-projection-not-implemented
s152_d_2_E_pos.pl: H4.3(a)=pass H4.3(b)=unimplemented:approved-H6-projection-not-implemented
s152_d_2_F_neg.pl: H4.3(a)=pass H4.3(b)=unimplemented:approved-H6-projection-not-implemented
s152_d_2_F_pos.pl: H4.3(a)=pass H4.3(b)=unimplemented:approved-H6-projection-not-implemented
s152_d_2_G_neg.pl: H4.3(a)=pass H4.3(b)=unimplemented:approved-H6-projection-not-implemented
s152_d_2_G_pos.pl: H4.3(a)=pass H4.3(b)=unimplemented:approved-H6-projection-not-implemented
s152_d_2_H_neg.pl: H4.3(a)=pass H4.3(b)=unimplemented:approved-H6-projection-not-implemented
s152_d_2_H_pos.pl: H4.3(a)=pass H4.3(b)=unimplemented:approved-H6-projection-not-implemented
s1_a_1_i_neg.pl: H4.3(a)=pass H4.3(b)=unimplemented:approved-H6-projection-not-implemented
s1_a_1_i_pos.pl: H4.3(a)=pass H4.3(b)=unimplemented:approved-H6-projection-not-implemented
s1_a_1_ii_neg.pl: H4.3(a)=pass H4.3(b)=unimplemented:approved-H6-projection-not-implemented
s1_a_1_ii_pos.pl: H4.3(a)=pass H4.3(b)=unimplemented:approved-H6-projection-not-implemented
s1_a_1_iii_neg.pl: H4.3(a)=pass H4.3(b)=unimplemented:approved-H6-projection-not-implemented
s1_a_1_iii_pos.pl: H4.3(a)=pass H4.3(b)=unimplemented:approved-H6-projection-not-implemented
s1_a_1_iv_neg.pl: H4.3(a)=pass H4.3(b)=unimplemented:approved-H6-projection-not-implemented
s1_a_1_iv_pos.pl: H4.3(a)=pass H4.3(b)=unimplemented:approved-H6-projection-not-implemented
s1_a_1_neg.pl: H4.3(a)=pass H4.3(b)=unimplemented:approved-H6-projection-not-implemented
s1_a_1_pos.pl: H4.3(a)=pass H4.3(b)=unimplemented:approved-H6-projection-not-implemented
s1_a_1_v_neg.pl: H4.3(a)=pass H4.3(b)=unimplemented:approved-H6-projection-not-implemented
s1_a_1_v_pos.pl: H4.3(a)=pass H4.3(b)=unimplemented:approved-H6-projection-not-implemented
s1_a_2_i_neg.pl: H4.3(a)=pass H4.3(b)=unimplemented:approved-H6-projection-not-implemented
s1_a_2_i_pos.pl: H4.3(a)=pass H4.3(b)=unimplemented:approved-H6-projection-not-implemented
s1_a_2_ii_neg.pl: H4.3(a)=pass H4.3(b)=unimplemented:approved-H6-projection-not-implemented
s1_a_2_ii_pos.pl: H4.3(a)=pass H4.3(b)=unimplemented:approved-H6-projection-not-implemented
s1_a_2_iii_neg.pl: H4.3(a)=pass H4.3(b)=unimplemented:approved-H6-projection-not-implemented
s1_a_2_iii_pos.pl: H4.3(a)=pass H4.3(b)=unimplemented:approved-H6-projection-not-implemented
s1_a_2_iv_neg.pl: H4.3(a)=pass H4.3(b)=unimplemented:approved-H6-projection-not-implemented
s1_a_2_iv_pos.pl: H4.3(a)=pass H4.3(b)=unimplemented:approved-H6-projection-not-implemented
s1_a_2_neg.pl: H4.3(a)=pass H4.3(b)=unimplemented:approved-H6-projection-not-implemented
s1_a_2_pos.pl: H4.3(a)=pass H4.3(b)=unimplemented:approved-H6-projection-not-implemented
s1_a_2_v_neg.pl: H4.3(a)=pass H4.3(b)=unimplemented:approved-H6-projection-not-implemented
s1_a_2_v_pos.pl: H4.3(a)=pass H4.3(b)=unimplemented:approved-H6-projection-not-implemented
s1_b_i_neg.pl: H4.3(a)=pass H4.3(b)=unimplemented:approved-H6-projection-not-implemented
s1_b_i_pos.pl: H4.3(a)=pass H4.3(b)=unimplemented:approved-H6-projection-not-implemented
s1_b_ii_neg.pl: H4.3(a)=pass H4.3(b)=unimplemented:approved-H6-projection-not-implemented
s1_b_ii_pos.pl: H4.3(a)=pass H4.3(b)=unimplemented:approved-H6-projection-not-implemented
s1_b_iii_neg.pl: H4.3(a)=pass H4.3(b)=unimplemented:approved-H6-projection-not-implemented
s1_b_iii_pos.pl: H4.3(a)=pass H4.3(b)=unimplemented:approved-H6-projection-not-implemented
s1_b_iv_neg.pl: H4.3(a)=pass H4.3(b)=unimplemented:approved-H6-projection-not-implemented
s1_b_iv_pos.pl: H4.3(a)=pass H4.3(b)=unimplemented:approved-H6-projection-not-implemented
s1_b_neg.pl: H4.3(a)=pass H4.3(b)=unimplemented:approved-H6-projection-not-implemented
s1_b_pos.pl: H4.3(a)=pass H4.3(b)=unimplemented:approved-H6-projection-not-implemented
s1_b_v_neg.pl: H4.3(a)=pass H4.3(b)=unimplemented:approved-H6-projection-not-implemented
s1_b_v_pos.pl: H4.3(a)=pass H4.3(b)=unimplemented:approved-H6-projection-not-implemented
s1_c_i_neg.pl: H4.3(a)=pass H4.3(b)=unimplemented:approved-H6-projection-not-implemented
s1_c_i_pos.pl: H4.3(a)=pass H4.3(b)=unimplemented:approved-H6-projection-not-implemented
s1_c_ii_neg.pl: H4.3(a)=pass H4.3(b)=unimplemented:approved-H6-projection-not-implemented
s1_c_ii_pos.pl: H4.3(a)=pass H4.3(b)=unimplemented:approved-H6-projection-not-implemented
s1_c_iii_neg.pl: H4.3(a)=pass H4.3(b)=unimplemented:approved-H6-projection-not-implemented
s1_c_iii_pos.pl: H4.3(a)=pass H4.3(b)=unimplemented:approved-H6-projection-not-implemented
s1_c_iv_neg.pl: H4.3(a)=pass H4.3(b)=unimplemented:approved-H6-projection-not-implemented
s1_c_iv_pos.pl: H4.3(a)=pass H4.3(b)=unimplemented:approved-H6-projection-not-implemented
s1_c_neg.pl: H4.3(a)=pass H4.3(b)=unimplemented:approved-H6-projection-not-implemented
s1_c_pos.pl: H4.3(a)=pass H4.3(b)=unimplemented:approved-H6-projection-not-implemented
s1_c_v_neg.pl: H4.3(a)=pass H4.3(b)=unimplemented:approved-H6-projection-not-implemented
s1_c_v_pos.pl: H4.3(a)=pass H4.3(b)=unimplemented:approved-H6-projection-not-implemented
s1_d_i_neg.pl: H4.3(a)=pass H4.3(b)=unimplemented:approved-H6-projection-not-implemented
s1_d_i_pos.pl: H4.3(a)=pass H4.3(b)=unimplemented:approved-H6-projection-not-implemented
s1_d_ii_neg.pl: H4.3(a)=pass H4.3(b)=unimplemented:approved-H6-projection-not-implemented
s1_d_ii_pos.pl: H4.3(a)=pass H4.3(b)=unimplemented:approved-H6-projection-not-implemented
s1_d_iii_neg.pl: H4.3(a)=pass H4.3(b)=unimplemented:approved-H6-projection-not-implemented
s1_d_iii_pos.pl: H4.3(a)=pass H4.3(b)=unimplemented:approved-H6-projection-not-implemented
s1_d_iv_neg.pl: H4.3(a)=pass H4.3(b)=unimplemented:approved-H6-projection-not-implemented
s1_d_iv_pos.pl: H4.3(a)=pass H4.3(b)=unimplemented:approved-H6-projection-not-implemented
s1_d_neg.pl: H4.3(a)=pass H4.3(b)=unimplemented:approved-H6-projection-not-implemented
s1_d_pos.pl: H4.3(a)=pass H4.3(b)=unimplemented:approved-H6-projection-not-implemented
s1_d_v_neg.pl: H4.3(a)=pass H4.3(b)=unimplemented:approved-H6-projection-not-implemented
s1_d_v_pos.pl: H4.3(a)=pass H4.3(b)=unimplemented:approved-H6-projection-not-implemented
s2_a_1_A_neg.pl: H4.3(a)=pass H4.3(b)=unimplemented:approved-H6-projection-not-implemented
s2_a_1_A_pos.pl: H4.3(a)=pass H4.3(b)=unimplemented:approved-H6-projection-not-implemented
s2_a_1_B_neg.pl: H4.3(a)=pass H4.3(b)=pass
s2_a_1_B_pos.pl: H4.3(a)=pass H4.3(b)=pass
s2_a_2_A_neg.pl: H4.3(a)=pass H4.3(b)=unimplemented:approved-H6-projection-not-implemented
s2_a_2_A_pos.pl: H4.3(a)=pass H4.3(b)=unimplemented:approved-H6-projection-not-implemented
s2_a_2_B_neg.pl: H4.3(a)=pass H4.3(b)=unimplemented:approved-H6-projection-not-implemented
s2_a_2_B_pos.pl: H4.3(a)=pass H4.3(b)=unimplemented:approved-H6-projection-not-implemented
s2_b_1_A_i_II_neg.pl: H4.3(a)=pass H4.3(b)=unimplemented:approved-H6-projection-not-implemented
s2_b_1_A_i_II_pos.pl: H4.3(a)=pass H4.3(b)=unimplemented:approved-H6-projection-not-implemented
s2_b_1_A_i_I_neg.pl: H4.3(a)=pass H4.3(b)=unimplemented:approved-H6-projection-not-implemented
s2_b_1_A_i_I_pos.pl: H4.3(a)=pass H4.3(b)=unimplemented:approved-H6-projection-not-implemented
s2_b_1_A_i_neg.pl: H4.3(a)=pass H4.3(b)=unimplemented:approved-H6-projection-not-implemented
s2_b_1_A_i_pos.pl: H4.3(a)=pass H4.3(b)=unimplemented:approved-H6-projection-not-implemented
s2_b_1_A_ii_neg.pl: H4.3(a)=pass H4.3(b)=unimplemented:approved-H6-projection-not-implemented
s2_b_1_A_ii_pos.pl: H4.3(a)=pass H4.3(b)=unimplemented:approved-H6-projection-not-implemented
s2_b_1_A_neg.pl: H4.3(a)=pass H4.3(b)=unimplemented:approved-H6-projection-not-implemented
s2_b_1_A_pos.pl: H4.3(a)=pass H4.3(b)=unimplemented:approved-H6-projection-not-implemented
s2_b_1_B_neg.pl: H4.3(a)=pass H4.3(b)=unimplemented:approved-H6-projection-not-implemented
s2_b_1_B_pos.pl: H4.3(a)=pass H4.3(b)=unimplemented:approved-H6-projection-not-implemented
s2_b_1_neg.pl: H4.3(a)=pass H4.3(b)=unimplemented:approved-H6-projection-not-implemented
s2_b_1_pos.pl: H4.3(a)=pass H4.3(b)=unimplemented:approved-H6-projection-not-implemented
s2_b_2_A_neg.pl: H4.3(a)=pass H4.3(b)=unimplemented:approved-H6-projection-not-implemented
s2_b_2_A_pos.pl: H4.3(a)=pass H4.3(b)=unimplemented:approved-H6-projection-not-implemented
s2_b_2_B_neg.pl: H4.3(a)=pass H4.3(b)=unimplemented:approved-H6-projection-not-implemented
s2_b_2_B_pos.pl: H4.3(a)=pass H4.3(b)=unimplemented:approved-H6-projection-not-implemented
s2_b_2_C_neg.pl: H4.3(a)=pass H4.3(b)=unimplemented:approved-H6-projection-not-implemented
s2_b_2_C_pos.pl: H4.3(a)=pass H4.3(b)=unimplemented:approved-H6-projection-not-implemented
s2_b_3_A_neg.pl: H4.3(a)=pass H4.3(b)=unimplemented:approved-H6-projection-not-implemented
s2_b_3_A_pos.pl: H4.3(a)=pass H4.3(b)=unimplemented:approved-H6-projection-not-implemented
s2_b_3_B_neg.pl: H4.3(a)=pass H4.3(b)=unimplemented:approved-H6-projection-not-implemented
s2_b_3_B_pos.pl: H4.3(a)=pass H4.3(b)=unimplemented:approved-H6-projection-not-implemented
s3301_neg.pl: H4.3(a)=pass H4.3(b)=unimplemented:approved-H6-projection-not-implemented
s3301_pos.pl: H4.3(a)=pass H4.3(b)=unimplemented:approved-H6-projection-not-implemented
s3306_a_1_A_neg.pl: H4.3(a)=pass H4.3(b)=unimplemented:approved-H6-projection-not-implemented
s3306_a_1_A_pos.pl: H4.3(a)=pass H4.3(b)=unimplemented:approved-H6-projection-not-implemented
s3306_a_1_B_neg.pl: H4.3(a)=pass H4.3(b)=unimplemented:approved-H6-projection-not-implemented
s3306_a_1_B_pos.pl: H4.3(a)=pass H4.3(b)=unimplemented:approved-H6-projection-not-implemented
s3306_a_1_neg.pl: H4.3(a)=pass H4.3(b)=unimplemented:approved-H6-projection-not-implemented
s3306_a_1_pos.pl: H4.3(a)=pass H4.3(b)=unimplemented:approved-H6-projection-not-implemented
s3306_a_2_A_neg.pl: H4.3(a)=pass H4.3(b)=unimplemented:approved-H6-projection-not-implemented
s3306_a_2_A_pos.pl: H4.3(a)=pass H4.3(b)=unimplemented:approved-H6-projection-not-implemented
s3306_a_2_B_neg.pl: H4.3(a)=pass H4.3(b)=unimplemented:approved-H6-projection-not-implemented
s3306_a_2_B_pos.pl: H4.3(a)=pass H4.3(b)=unimplemented:approved-H6-projection-not-implemented
s3306_a_3_neg.pl: H4.3(a)=pass H4.3(b)=unimplemented:approved-H6-projection-not-implemented
s3306_a_3_pos.pl: H4.3(a)=pass H4.3(b)=unimplemented:approved-H6-projection-not-implemented
s3306_b_10_A_neg.pl: H4.3(a)=pass H4.3(b)=unimplemented:approved-H6-projection-not-implemented
s3306_b_10_A_pos.pl: H4.3(a)=pass H4.3(b)=unimplemented:approved-H6-projection-not-implemented
s3306_b_10_B_neg.pl: H4.3(a)=pass H4.3(b)=unimplemented:approved-H6-projection-not-implemented
s3306_b_10_B_pos.pl: H4.3(a)=pass H4.3(b)=unimplemented:approved-H6-projection-not-implemented
s3306_b_11_neg.pl: H4.3(a)=pass H4.3(b)=unimplemented:approved-H6-projection-not-implemented
s3306_b_11_pos.pl: H4.3(a)=pass H4.3(b)=unimplemented:approved-H6-projection-not-implemented
s3306_b_15_neg.pl: H4.3(a)=pass H4.3(b)=unimplemented:approved-H6-projection-not-implemented
s3306_b_15_pos.pl: H4.3(a)=pass H4.3(b)=unimplemented:approved-H6-projection-not-implemented
s3306_b_2_A_neg.pl: H4.3(a)=pass H4.3(b)=unimplemented:approved-H6-projection-not-implemented
s3306_b_2_A_pos.pl: H4.3(a)=pass H4.3(b)=unimplemented:approved-H6-projection-not-implemented
s3306_b_2_C_neg.pl: H4.3(a)=pass H4.3(b)=unimplemented:approved-H6-projection-not-implemented
s3306_b_2_C_pos.pl: H4.3(a)=pass H4.3(b)=unimplemented:approved-H6-projection-not-implemented
s3306_b_7_neg.pl: H4.3(a)=pass H4.3(b)=unimplemented:approved-H6-projection-not-implemented
s3306_b_7_pos.pl: H4.3(a)=pass H4.3(b)=unimplemented:approved-H6-projection-not-implemented
s3306_b_neg.pl: H4.3(a)=pass H4.3(b)=unimplemented:approved-H6-projection-not-implemented
s3306_b_pos.pl: H4.3(a)=pass H4.3(b)=unimplemented:approved-H6-projection-not-implemented
s3306_c_10_A_i_neg.pl: H4.3(a)=pass H4.3(b)=unimplemented:approved-H6-projection-not-implemented
s3306_c_10_A_i_pos.pl: H4.3(a)=pass H4.3(b)=unimplemented:approved-H6-projection-not-implemented
s3306_c_10_A_ii_neg.pl: H4.3(a)=pass H4.3(b)=unimplemented:approved-H6-projection-not-implemented
s3306_c_10_A_ii_pos.pl: H4.3(a)=pass H4.3(b)=unimplemented:approved-H6-projection-not-implemented
s3306_c_10_B_neg.pl: H4.3(a)=pass H4.3(b)=unimplemented:approved-H6-projection-not-implemented
s3306_c_10_B_pos.pl: H4.3(a)=pass H4.3(b)=unimplemented:approved-H6-projection-not-implemented
s3306_c_11_neg.pl: H4.3(a)=pass H4.3(b)=unimplemented:approved-H6-projection-not-implemented
s3306_c_11_pos.pl: H4.3(a)=pass H4.3(b)=unimplemented:approved-H6-projection-not-implemented
s3306_c_13_neg.pl: H4.3(a)=pass H4.3(b)=unimplemented:approved-H6-projection-not-implemented
s3306_c_13_pos.pl: H4.3(a)=pass H4.3(b)=unimplemented:approved-H6-projection-not-implemented
s3306_c_16_neg.pl: H4.3(a)=pass H4.3(b)=unimplemented:approved-H6-projection-not-implemented
s3306_c_16_pos.pl: H4.3(a)=pass H4.3(b)=unimplemented:approved-H6-projection-not-implemented
s3306_c_1_A_i_neg.pl: H4.3(a)=pass H4.3(b)=pass
s3306_c_1_A_i_pos.pl: H4.3(a)=pass H4.3(b)=pass
s3306_c_1_B_neg.pl: H4.3(a)=pass H4.3(b)=pass
s3306_c_1_B_pos.pl: H4.3(a)=pass H4.3(b)=pass
s3306_c_1_neg.pl: H4.3(a)=pass H4.3(b)=pass
s3306_c_1_pos.pl: H4.3(a)=pass H4.3(b)=pass
s3306_c_21_neg.pl: H4.3(a)=pass H4.3(b)=unimplemented:approved-H6-projection-not-implemented
s3306_c_21_pos.pl: H4.3(a)=pass H4.3(b)=unimplemented:approved-H6-projection-not-implemented
s3306_c_2_neg.pl: H4.3(a)=pass H4.3(b)=unimplemented:approved-H6-projection-not-implemented
s3306_c_2_pos.pl: H4.3(a)=pass H4.3(b)=unimplemented:approved-H6-projection-not-implemented
s3306_c_5_neg.pl: H4.3(a)=pass H4.3(b)=unimplemented:approved-H6-projection-not-implemented
s3306_c_5_pos.pl: H4.3(a)=pass H4.3(b)=unimplemented:approved-H6-projection-not-implemented
s3306_c_6_neg.pl: H4.3(a)=pass H4.3(b)=unimplemented:approved-H6-projection-not-implemented
s3306_c_6_pos.pl: H4.3(a)=pass H4.3(b)=unimplemented:approved-H6-projection-not-implemented
s3306_c_7_neg.pl: H4.3(a)=pass H4.3(b)=unimplemented:approved-H6-projection-not-implemented
s3306_c_7_pos.pl: H4.3(a)=pass H4.3(b)=unimplemented:approved-H6-projection-not-implemented
s3306_c_A_neg.pl: H4.3(a)=pass H4.3(b)=pass
s3306_c_A_pos.pl: H4.3(a)=pass H4.3(b)=pass
s3306_c_B_neg.pl: H4.3(a)=pass H4.3(b)=pass
s3306_c_B_pos.pl: H4.3(a)=pass H4.3(b)=pass
s63_a_neg.pl: H4.3(a)=pass H4.3(b)=unimplemented:approved-H6-projection-not-implemented
s63_a_pos.pl: H4.3(a)=pass H4.3(b)=unimplemented:approved-H6-projection-not-implemented
s63_b_neg.pl: H4.3(a)=pass H4.3(b)=unimplemented:approved-H6-projection-not-implemented
s63_b_pos.pl: H4.3(a)=pass H4.3(b)=unimplemented:approved-H6-projection-not-implemented
s63_c_1_neg.pl: H4.3(a)=pass H4.3(b)=unimplemented:approved-H6-projection-not-implemented
s63_c_1_pos.pl: H4.3(a)=pass H4.3(b)=unimplemented:approved-H6-projection-not-implemented
s63_c_2_A_i_neg.pl: H4.3(a)=pass H4.3(b)=unimplemented:approved-H6-projection-not-implemented
s63_c_2_A_i_pos.pl: H4.3(a)=pass H4.3(b)=unimplemented:approved-H6-projection-not-implemented
s63_c_2_A_ii_neg.pl: H4.3(a)=pass H4.3(b)=unimplemented:approved-H6-projection-not-implemented
s63_c_2_A_ii_pos.pl: H4.3(a)=pass H4.3(b)=unimplemented:approved-H6-projection-not-implemented
s63_c_2_B_neg.pl: H4.3(a)=pass H4.3(b)=unimplemented:approved-H6-projection-not-implemented
s63_c_2_B_pos.pl: H4.3(a)=pass H4.3(b)=unimplemented:approved-H6-projection-not-implemented
s63_c_2_C_neg.pl: H4.3(a)=pass H4.3(b)=unimplemented:approved-H6-projection-not-implemented
s63_c_2_C_pos.pl: H4.3(a)=pass H4.3(b)=unimplemented:approved-H6-projection-not-implemented
s63_c_3_neg.pl: H4.3(a)=pass H4.3(b)=unimplemented:approved-H6-projection-not-implemented
s63_c_3_pos.pl: H4.3(a)=pass H4.3(b)=unimplemented:approved-H6-projection-not-implemented
s63_c_5_neg.pl: H4.3(a)=pass H4.3(b)=unimplemented:approved-H6-projection-not-implemented
s63_c_5_pos.pl: H4.3(a)=pass H4.3(b)=unimplemented:approved-H6-projection-not-implemented
s63_c_6_A_neg.pl: H4.3(a)=pass H4.3(b)=unimplemented:approved-H6-projection-not-implemented
s63_c_6_A_pos.pl: H4.3(a)=pass H4.3(b)=unimplemented:approved-H6-projection-not-implemented
s63_c_6_B_neg.pl: H4.3(a)=pass H4.3(b)=unimplemented:approved-H6-projection-not-implemented
s63_c_6_B_pos.pl: H4.3(a)=pass H4.3(b)=unimplemented:approved-H6-projection-not-implemented
s63_c_6_D_neg.pl: H4.3(a)=pass H4.3(b)=unimplemented:approved-H6-projection-not-implemented
s63_c_6_D_pos.pl: H4.3(a)=pass H4.3(b)=unimplemented:approved-H6-projection-not-implemented
s63_c_7_i_neg.pl: H4.3(a)=pass H4.3(b)=unimplemented:approved-H6-projection-not-implemented
s63_c_7_i_pos.pl: H4.3(a)=pass H4.3(b)=unimplemented:approved-H6-projection-not-implemented
s63_c_7_ii_neg.pl: H4.3(a)=pass H4.3(b)=unimplemented:approved-H6-projection-not-implemented
s63_c_7_ii_pos.pl: H4.3(a)=pass H4.3(b)=unimplemented:approved-H6-projection-not-implemented
s63_d_2_neg.pl: H4.3(a)=pass H4.3(b)=pass
s63_d_2_pos.pl: H4.3(a)=pass H4.3(b)=pass
s63_d_neg.pl: H4.3(a)=pass H4.3(b)=unimplemented:approved-H6-projection-not-implemented
s63_d_pos.pl: H4.3(a)=pass H4.3(b)=unimplemented:approved-H6-projection-not-implemented
s63_f_1_A_neg.pl: H4.3(a)=pass H4.3(b)=unimplemented:approved-H6-projection-not-implemented
s63_f_1_A_pos.pl: H4.3(a)=pass H4.3(b)=unimplemented:approved-H6-projection-not-implemented
s63_f_1_B_neg.pl: H4.3(a)=pass H4.3(b)=unimplemented:approved-H6-projection-not-implemented
s63_f_1_B_pos.pl: H4.3(a)=pass H4.3(b)=unimplemented:approved-H6-projection-not-implemented
s63_f_2_A_neg.pl: H4.3(a)=pass H4.3(b)=unimplemented:approved-H6-projection-not-implemented
s63_f_2_A_pos.pl: H4.3(a)=pass H4.3(b)=unimplemented:approved-H6-projection-not-implemented
s63_f_2_B_neg.pl: H4.3(a)=pass H4.3(b)=unimplemented:approved-H6-projection-not-implemented
s63_f_2_B_pos.pl: H4.3(a)=pass H4.3(b)=unimplemented:approved-H6-projection-not-implemented
s63_f_3_neg.pl: H4.3(a)=pass H4.3(b)=unimplemented:approved-H6-projection-not-implemented
s63_f_3_pos.pl: H4.3(a)=pass H4.3(b)=unimplemented:approved-H6-projection-not-implemented
s68_a_1_neg.pl: H4.3(a)=pass H4.3(b)=unimplemented:approved-H6-projection-not-implemented
s68_a_1_pos.pl: H4.3(a)=pass H4.3(b)=unimplemented:approved-H6-projection-not-implemented
s68_a_2_neg.pl: H4.3(a)=pass H4.3(b)=unimplemented:approved-H6-projection-not-implemented
s68_a_2_pos.pl: H4.3(a)=pass H4.3(b)=unimplemented:approved-H6-projection-not-implemented
s68_b_1_A_neg.pl: H4.3(a)=pass H4.3(b)=unimplemented:approved-H6-projection-not-implemented
s68_b_1_A_pos.pl: H4.3(a)=pass H4.3(b)=unimplemented:approved-H6-projection-not-implemented
s68_b_1_B_neg.pl: H4.3(a)=pass H4.3(b)=unimplemented:approved-H6-projection-not-implemented
s68_b_1_B_pos.pl: H4.3(a)=pass H4.3(b)=unimplemented:approved-H6-projection-not-implemented
s68_b_1_C_neg.pl: H4.3(a)=pass H4.3(b)=unimplemented:approved-H6-projection-not-implemented
s68_b_1_C_pos.pl: H4.3(a)=pass H4.3(b)=unimplemented:approved-H6-projection-not-implemented
s68_b_1_D_neg.pl: H4.3(a)=pass H4.3(b)=unimplemented:approved-H6-projection-not-implemented
s68_b_1_D_pos.pl: H4.3(a)=pass H4.3(b)=unimplemented:approved-H6-projection-not-implemented
s68_f_neg.pl: H4.3(a)=pass H4.3(b)=unimplemented:approved-H6-projection-not-implemented
s68_f_pos.pl: H4.3(a)=pass H4.3(b)=unimplemented:approved-H6-projection-not-implemented
s7703_a_1_neg.pl: H4.3(a)=pass H4.3(b)=unimplemented:approved-H6-projection-not-implemented
s7703_a_1_pos.pl: H4.3(a)=pass H4.3(b)=unimplemented:approved-H6-projection-not-implemented
s7703_a_2_neg.pl: H4.3(a)=pass H4.3(b)=unimplemented:approved-H6-projection-not-implemented
s7703_a_2_pos.pl: H4.3(a)=pass H4.3(b)=unimplemented:approved-H6-projection-not-implemented
s7703_b_1_neg.pl: H4.3(a)=pass H4.3(b)=unimplemented:approved-H6-projection-not-implemented
s7703_b_1_pos.pl: H4.3(a)=pass H4.3(b)=unimplemented:approved-H6-projection-not-implemented
s7703_b_2_neg.pl: H4.3(a)=pass H4.3(b)=unimplemented:approved-H6-projection-not-implemented
s7703_b_2_pos.pl: H4.3(a)=pass H4.3(b)=unimplemented:approved-H6-projection-not-implemented
s7703_b_3_neg.pl: H4.3(a)=pass H4.3(b)=unimplemented:approved-H6-projection-not-implemented
s7703_b_3_pos.pl: H4.3(a)=pass H4.3(b)=unimplemented:approved-H6-projection-not-implemented
tax_case_1.pl: H4.3(a)=pass H4.3(b)=pass
tax_case_10.pl: H4.3(a)=pass H4.3(b)=pass
tax_case_100.pl: H4.3(a)=pass H4.3(b)=pass
tax_case_11.pl: H4.3(a)=pass H4.3(b)=pass
tax_case_12.pl: H4.3(a)=pass H4.3(b)=pass
tax_case_13.pl: H4.3(a)=pass H4.3(b)=pass
tax_case_14.pl: H4.3(a)=pass H4.3(b)=pass
tax_case_15.pl: H4.3(a)=pass H4.3(b)=pass
tax_case_16.pl: H4.3(a)=pass H4.3(b)=pass
tax_case_17.pl: H4.3(a)=pass H4.3(b)=pass
tax_case_18.pl: H4.3(a)=pass H4.3(b)=pass
tax_case_19.pl: H4.3(a)=pass H4.3(b)=pass
tax_case_2.pl: H4.3(a)=pass H4.3(b)=pass
tax_case_20.pl: H4.3(a)=pass H4.3(b)=pass
tax_case_21.pl: H4.3(a)=pass H4.3(b)=pass
tax_case_22.pl: H4.3(a)=pass H4.3(b)=pass
tax_case_23.pl: H4.3(a)=pass H4.3(b)=pass
tax_case_24.pl: H4.3(a)=pass H4.3(b)=pass
tax_case_25.pl: H4.3(a)=pass H4.3(b)=pass
tax_case_26.pl: H4.3(a)=pass H4.3(b)=pass
tax_case_27.pl: H4.3(a)=pass H4.3(b)=pass
tax_case_28.pl: H4.3(a)=pass H4.3(b)=pass
tax_case_29.pl: H4.3(a)=pass H4.3(b)=pass
tax_case_3.pl: H4.3(a)=pass H4.3(b)=pass
tax_case_30.pl: H4.3(a)=pass H4.3(b)=pass
tax_case_31.pl: H4.3(a)=pass H4.3(b)=pass
tax_case_32.pl: H4.3(a)=pass H4.3(b)=pass
tax_case_34.pl: H4.3(a)=pass H4.3(b)=pass
tax_case_35.pl: H4.3(a)=pass H4.3(b)=pass
tax_case_36.pl: H4.3(a)=pass H4.3(b)=pass
tax_case_37.pl: H4.3(a)=pass H4.3(b)=pass
tax_case_38.pl: H4.3(a)=pass H4.3(b)=pass
tax_case_39.pl: H4.3(a)=pass H4.3(b)=pass
tax_case_4.pl: H4.3(a)=pass H4.3(b)=pass
tax_case_40.pl: H4.3(a)=pass H4.3(b)=pass
tax_case_41.pl: H4.3(a)=pass H4.3(b)=pass
tax_case_42.pl: H4.3(a)=pass H4.3(b)=pass
tax_case_43.pl: H4.3(a)=pass H4.3(b)=pass
tax_case_44.pl: H4.3(a)=pass H4.3(b)=pass
tax_case_45.pl: H4.3(a)=pass H4.3(b)=pass
tax_case_46.pl: H4.3(a)=pass H4.3(b)=pass
tax_case_47.pl: H4.3(a)=pass H4.3(b)=pass
tax_case_48.pl: H4.3(a)=pass H4.3(b)=pass
tax_case_49.pl: H4.3(a)=pass H4.3(b)=pass
tax_case_5.pl: H4.3(a)=pass H4.3(b)=pass
tax_case_50.pl: H4.3(a)=pass H4.3(b)=pass
tax_case_51.pl: H4.3(a)=pass H4.3(b)=pass
tax_case_52.pl: H4.3(a)=pass H4.3(b)=pass
tax_case_53.pl: H4.3(a)=pass H4.3(b)=pass
tax_case_54.pl: H4.3(a)=pass H4.3(b)=pass
tax_case_55.pl: H4.3(a)=pass H4.3(b)=pass
tax_case_56.pl: H4.3(a)=pass H4.3(b)=pass
tax_case_57.pl: H4.3(a)=pass H4.3(b)=pass
tax_case_58.pl: H4.3(a)=pass H4.3(b)=pass
tax_case_59.pl: H4.3(a)=pass H4.3(b)=pass
tax_case_6.pl: H4.3(a)=pass H4.3(b)=pass
tax_case_60.pl: H4.3(a)=pass H4.3(b)=pass
tax_case_61.pl: H4.3(a)=pass H4.3(b)=pass
tax_case_62.pl: H4.3(a)=pass H4.3(b)=pass
tax_case_63.pl: H4.3(a)=pass H4.3(b)=pass
tax_case_64.pl: H4.3(a)=pass H4.3(b)=pass
tax_case_65.pl: H4.3(a)=pass H4.3(b)=pass
tax_case_66.pl: H4.3(a)=pass H4.3(b)=pass
tax_case_67.pl: H4.3(a)=pass H4.3(b)=pass
tax_case_68.pl: H4.3(a)=pass H4.3(b)=pass
tax_case_69.pl: H4.3(a)=pass H4.3(b)=pass
tax_case_7.pl: H4.3(a)=pass H4.3(b)=pass
tax_case_70.pl: H4.3(a)=pass H4.3(b)=pass
tax_case_71.pl: H4.3(a)=pass H4.3(b)=pass
tax_case_72.pl: H4.3(a)=pass H4.3(b)=pass
tax_case_73.pl: H4.3(a)=pass H4.3(b)=pass
tax_case_74.pl: H4.3(a)=pass H4.3(b)=pass
tax_case_75.pl: H4.3(a)=pass H4.3(b)=pass
tax_case_76.pl: H4.3(a)=pass H4.3(b)=pass
tax_case_77.pl: H4.3(a)=pass H4.3(b)=pass
tax_case_78.pl: H4.3(a)=pass H4.3(b)=pass
tax_case_79.pl: H4.3(a)=pass H4.3(b)=pass
tax_case_8.pl: H4.3(a)=pass H4.3(b)=pass
tax_case_80.pl: H4.3(a)=pass H4.3(b)=pass
tax_case_81.pl: H4.3(a)=pass H4.3(b)=pass
tax_case_82.pl: H4.3(a)=pass H4.3(b)=pass
tax_case_83.pl: H4.3(a)=pass H4.3(b)=pass
tax_case_84.pl: H4.3(a)=pass H4.3(b)=pass
tax_case_85.pl: H4.3(a)=pass H4.3(b)=pass
tax_case_86.pl: H4.3(a)=pass H4.3(b)=pass
tax_case_87.pl: H4.3(a)=pass H4.3(b)=pass
tax_case_88.pl: H4.3(a)=pass H4.3(b)=pass
tax_case_89.pl: H4.3(a)=pass H4.3(b)=pass
tax_case_9.pl: H4.3(a)=pass H4.3(b)=pass
tax_case_90.pl: H4.3(a)=pass H4.3(b)=pass
tax_case_91.pl: H4.3(a)=pass H4.3(b)=pass
tax_case_92.pl: H4.3(a)=pass H4.3(b)=pass
tax_case_93.pl: H4.3(a)=pass H4.3(b)=pass
tax_case_94.pl: H4.3(a)=pass H4.3(b)=pass
tax_case_95.pl: H4.3(a)=pass H4.3(b)=pass
tax_case_96.pl: H4.3(a)=pass H4.3(b)=pass
tax_case_97.pl: H4.3(a)=pass H4.3(b)=pass
tax_case_98.pl: H4.3(a)=pass H4.3(b)=pass
tax_case_99.pl: H4.3(a)=pass H4.3(b)=pass
{
  "scope": "candidate measurement only; no production records, Valid, parity or checkpoint claim",
  "original_case_count": 376,
  "attempted_original_count": 376,
  "record_count": "not-yet-produced",
  "distinct_household_count": "not-yet-produced",
  "h4_3_a_pass": 376,
  "h4_3_b_pass": 114,
  "h4_3_a_counts": {
    "pass": 376
  },
  "h4_3_b_counts": {
    "unimplemented:approved-H6-projection-not-implemented": 262,
    "pass": 114
  },
  "direct_country_counts": {
    "not-applicable:no-supplied-country": 362,
    "pass": 14
  },
  "diagnostic_household_instances": 376,
  "diagnostic_distinct_ordered_households": 297,
  "all_originals_visited": true,
  "audit_pass": false,
  "elapsed_wall_seconds": 442.5010021671187,
  "finding": null
}
