{
  "original_case": "s3306_c_A_pos.pl",
  "source_sha256": "4f788e912133535b3433f32fa53d489a9d5933f5f674b485b141ce92d784012b",
  "supplied_country_fact": {
    "ctor": "country_",
    "args": [
      {
        "s": "baltimore, maryland, usa"
      },
      {
        "s": "usa"
      }
    ]
  },
  "country_retained": true,
  "h4_3_a": "pass",
  "observation_authority": "H6.5 s3306_c_A/3 bff; inputs [alice_employer], outputs [Employer,Employee]",
  "h4_3_b": "pass",
  "scope": "retained country-omission regression against the current grounder; no corpus-wide preservation, Valid or parity claim",
  "helper_sha256": "2e7c25dcbf62a0494d228aa10fcaaedbccbdb6e9e43a56fbb8976e77faf52c22",
  "script_sha256": "db9d4f2dc153137944a2ea858b2373be548039cf1f7fd8ea6e98c5f2671de852"
}
original canonical: [[{"a":"alice"},{"a":"bob"}]]
regrounded canonical: [[{"a":"alice"},{"a":"bob"}]]
