{
  "household": {
    "facts": [
      {"ctor":"son_", "args": [ {"a":"bob_is_son"} ]},
      {"ctor":"agent_", "args": [ {"a":"bob_is_son"},  {"a":"bob"} ]},
      {
	"ctor":"patient_",
	"args": [ {"a":"bob_is_son"},  {"a":"alice"} ]
      },
      {"ctor":"residence_", "args": [ {"a":"alice_and_bob"} ]},
      {
	"ctor":"agent_",
	"args": [ {"a":"alice_and_bob"},  {"a":"alice"} ]
      },
      {"ctor":"agent_", "args": [ {"a":"alice_and_bob"},  {"a":"bob"} ]},
      {
	"ctor":"patient_",
	"args": [ {"a":"alice_and_bob"},  {"a":"home"} ]
      },
      {"ctor":"start_", "args": [ {"a":"alice_and_bob"}, "2015-09-01" ]},
      {"ctor":"end_", "args": [ {"a":"alice_and_bob"}, "2019-11-03" ]}
    ],
    "stipulations": []
  },
  "unary": [
    {
      "source_clause":1,
      "predicate":"son_",
      "event": {"a":"bob_is_son"}
    },
    {
      "source_clause":4,
      "predicate":"residence_",
      "event": {"a":"alice_and_bob"}
    }
  ],
  "fact_source_clauses": [1, 2, 3, 4, 5, 6, 7, 8, 9 ],
  "stats": {
    "unary_proofs":2,
    "service_proofs":0,
    "distinct_service_domain":0,
    "fact_count":9,
    "stipulation_count":0,
    "wildcard_count":0,
    "grounding_cpu_seconds":0.00020858399999999777,
    "grounding_wall_seconds":0.00020813941955566406,
    "candidate": {"scope":"not_applicable"}
  },
  "tax": {"status":"not_requested"}
}
