{
  "household": {
    "facts": [
      {"ctor":"marriage_", "args": [ {"a":"alice_and_bob"} ]},
      {
	"ctor":"agent_",
	"args": [ {"a":"alice_and_bob"},  {"a":"alice"} ]
      },
      {"ctor":"agent_", "args": [ {"a":"alice_and_bob"},  {"a":"bob"} ]},
      {"ctor":"start_", "args": [ {"a":"alice_and_bob"}, "1992-02-03" ]},
      {"ctor":"death_", "args": [ {"a":"alice_dies"} ]},
      {"ctor":"agent_", "args": [ {"a":"alice_dies"},  {"a":"alice"} ]},
      {"ctor":"start_", "args": [ {"a":"alice_dies"}, "2021-07-09" ]},
      {"ctor":"son_", "args": [ {"a":"charlie_is_son"} ]},
      {
	"ctor":"agent_",
	"args": [ {"a":"charlie_is_son"},  {"a":"charlie"} ]
      },
      {
	"ctor":"patient_",
	"args": [ {"a":"charlie_is_son"},  {"a":"alice"} ]
      },
      {
	"ctor":"start_",
	"args": [ {"a":"charlie_is_son"}, "2000-10-09" ]
      },
      {
	"ctor":"residence_",
	"args": [ {"a":"charlie_and_bob_residence"} ]
      },
      {
	"ctor":"agent_",
	"args": [ {"a":"charlie_and_bob_residence"},  {"a":"charlie"} ]
      },
      {
	"ctor":"agent_",
	"args": [ {"a":"charlie_and_bob_residence"},  {"a":"bob"} ]
      },
      {
	"ctor":"patient_",
	"args": [ {"a":"charlie_and_bob_residence"},  {"a":"bob_s_house"} ]
      },
      {
	"ctor":"start_",
	"args": [ {"a":"charlie_and_bob_residence"}, "2011-01-01" ]
      },
      {
	"ctor":"end_",
	"args": [ {"a":"charlie_and_bob_residence"}, "2024-12-31" ]
      },
      {
	"ctor":"payment_",
	"args": [ {"a":"bob_maintains_household_2011"} ]
      },
      {
	"ctor":"payment_",
	"args": [ {"a":"bob_maintains_household_2012"} ]
      },
      {
	"ctor":"payment_",
	"args": [ {"a":"bob_maintains_household_2013"} ]
      },
      {
	"ctor":"payment_",
	"args": [ {"a":"bob_maintains_household_2014"} ]
      },
      {
	"ctor":"payment_",
	"args": [ {"a":"bob_maintains_household_2015"} ]
      },
      {
	"ctor":"payment_",
	"args": [ {"a":"bob_maintains_household_2016"} ]
      },
      {
	"ctor":"payment_",
	"args": [ {"a":"bob_maintains_household_2017"} ]
      },
      {
	"ctor":"payment_",
	"args": [ {"a":"bob_maintains_household_2018"} ]
      },
      {
	"ctor":"payment_",
	"args": [ {"a":"bob_maintains_household_2019"} ]
      },
      {
	"ctor":"payment_",
	"args": [ {"a":"bob_maintains_household_2020"} ]
      },
      {
	"ctor":"payment_",
	"args": [ {"a":"bob_maintains_household_2021"} ]
      },
      {
	"ctor":"payment_",
	"args": [ {"a":"bob_maintains_household_2022"} ]
      },
      {
	"ctor":"payment_",
	"args": [ {"a":"bob_maintains_household_2023"} ]
      },
      {
	"ctor":"payment_",
	"args": [ {"a":"bob_maintains_household_2024"} ]
      },
      {
	"ctor":"agent_",
	"args": [ {"a":"bob_maintains_household_2011"},  {"a":"bob"} ]
      },
      {
	"ctor":"agent_",
	"args": [ {"a":"bob_maintains_household_2012"},  {"a":"bob"} ]
      },
      {
	"ctor":"agent_",
	"args": [ {"a":"bob_maintains_household_2013"},  {"a":"bob"} ]
      },
      {
	"ctor":"agent_",
	"args": [ {"a":"bob_maintains_household_2014"},  {"a":"bob"} ]
      },
      {
	"ctor":"agent_",
	"args": [ {"a":"bob_maintains_household_2015"},  {"a":"bob"} ]
      },
      {
	"ctor":"agent_",
	"args": [ {"a":"bob_maintains_household_2016"},  {"a":"bob"} ]
      },
      {
	"ctor":"agent_",
	"args": [ {"a":"bob_maintains_household_2017"},  {"a":"bob"} ]
      },
      {
	"ctor":"agent_",
	"args": [ {"a":"bob_maintains_household_2018"},  {"a":"bob"} ]
      },
      {
	"ctor":"agent_",
	"args": [ {"a":"bob_maintains_household_2019"},  {"a":"bob"} ]
      },
      {
	"ctor":"agent_",
	"args": [ {"a":"bob_maintains_household_2020"},  {"a":"bob"} ]
      },
      {
	"ctor":"agent_",
	"args": [ {"a":"bob_maintains_household_2021"},  {"a":"bob"} ]
      },
      {
	"ctor":"agent_",
	"args": [ {"a":"bob_maintains_household_2022"},  {"a":"bob"} ]
      },
      {
	"ctor":"agent_",
	"args": [ {"a":"bob_maintains_household_2023"},  {"a":"bob"} ]
      },
      {
	"ctor":"agent_",
	"args": [ {"a":"bob_maintains_household_2024"},  {"a":"bob"} ]
      },
      {
	"ctor":"amount_",
	"args": [ {"a":"bob_maintains_household_2011"}, 1 ]
      },
      {
	"ctor":"amount_",
	"args": [ {"a":"bob_maintains_household_2012"}, 1 ]
      },
      {
	"ctor":"amount_",
	"args": [ {"a":"bob_maintains_household_2013"}, 1 ]
      },
      {
	"ctor":"amount_",
	"args": [ {"a":"bob_maintains_household_2014"}, 1 ]
      },
      {
	"ctor":"amount_",
	"args": [ {"a":"bob_maintains_household_2015"}, 1 ]
      },
      {
	"ctor":"amount_",
	"args": [ {"a":"bob_maintains_household_2016"}, 1 ]
      },
      {
	"ctor":"amount_",
	"args": [ {"a":"bob_maintains_household_2017"}, 1 ]
      },
      {
	"ctor":"amount_",
	"args": [ {"a":"bob_maintains_household_2018"}, 1 ]
      },
      {
	"ctor":"amount_",
	"args": [ {"a":"bob_maintains_household_2019"}, 1 ]
      },
      {
	"ctor":"amount_",
	"args": [ {"a":"bob_maintains_household_2020"}, 1 ]
      },
      {
	"ctor":"amount_",
	"args": [ {"a":"bob_maintains_household_2021"}, 1 ]
      },
      {
	"ctor":"amount_",
	"args": [ {"a":"bob_maintains_household_2022"}, 1 ]
      },
      {
	"ctor":"amount_",
	"args": [ {"a":"bob_maintains_household_2023"}, 1 ]
      },
      {
	"ctor":"amount_",
	"args": [ {"a":"bob_maintains_household_2024"}, 1 ]
      },
      {
	"ctor":"purpose_",
	"args": [
	  {"val": {"a":"bob_maintains_household_2011"}},
	  {"a":"bob_s_house"}
	]
      },
      {
	"ctor":"purpose_",
	"args": [
	  {"val": {"a":"bob_maintains_household_2012"}},
	  {"a":"bob_s_house"}
	]
      },
      {
	"ctor":"purpose_",
	"args": [
	  {"val": {"a":"bob_maintains_household_2013"}},
	  {"a":"bob_s_house"}
	]
      },
      {
	"ctor":"purpose_",
	"args": [
	  {"val": {"a":"bob_maintains_household_2014"}},
	  {"a":"bob_s_house"}
	]
      },
      {
	"ctor":"purpose_",
	"args": [
	  {"val": {"a":"bob_maintains_household_2015"}},
	  {"a":"bob_s_house"}
	]
      },
      {
	"ctor":"purpose_",
	"args": [
	  {"val": {"a":"bob_maintains_household_2016"}},
	  {"a":"bob_s_house"}
	]
      },
      {
	"ctor":"purpose_",
	"args": [
	  {"val": {"a":"bob_maintains_household_2017"}},
	  {"a":"bob_s_house"}
	]
      },
      {
	"ctor":"purpose_",
	"args": [
	  {"val": {"a":"bob_maintains_household_2018"}},
	  {"a":"bob_s_house"}
	]
      },
      {
	"ctor":"purpose_",
	"args": [
	  {"val": {"a":"bob_maintains_household_2019"}},
	  {"a":"bob_s_house"}
	]
      },
      {
	"ctor":"purpose_",
	"args": [
	  {"val": {"a":"bob_maintains_household_2020"}},
	  {"a":"bob_s_house"}
	]
      },
      {
	"ctor":"purpose_",
	"args": [
	  {"val": {"a":"bob_maintains_household_2021"}},
	  {"a":"bob_s_house"}
	]
      },
      {
	"ctor":"purpose_",
	"args": [
	  {"val": {"a":"bob_maintains_household_2022"}},
	  {"a":"bob_s_house"}
	]
      },
      {
	"ctor":"purpose_",
	"args": [
	  {"val": {"a":"bob_maintains_household_2023"}},
	  {"a":"bob_s_house"}
	]
      },
      {
	"ctor":"purpose_",
	"args": [
	  {"val": {"a":"bob_maintains_household_2024"}},
	  {"a":"bob_s_house"}
	]
      },
      {
	"ctor":"start_",
	"args": [ {"a":"bob_maintains_household_2011"}, "2011-01-01" ]
      },
      {
	"ctor":"start_",
	"args": [ {"a":"bob_maintains_household_2012"}, "2012-01-01" ]
      },
      {
	"ctor":"start_",
	"args": [ {"a":"bob_maintains_household_2013"}, "2013-01-01" ]
      },
      {
	"ctor":"start_",
	"args": [ {"a":"bob_maintains_household_2014"}, "2014-01-01" ]
      },
      {
	"ctor":"start_",
	"args": [ {"a":"bob_maintains_household_2015"}, "2015-01-01" ]
      },
      {
	"ctor":"start_",
	"args": [ {"a":"bob_maintains_household_2016"}, "2016-01-01" ]
      },
      {
	"ctor":"start_",
	"args": [ {"a":"bob_maintains_household_2017"}, "2017-01-01" ]
      },
      {
	"ctor":"start_",
	"args": [ {"a":"bob_maintains_household_2018"}, "2018-01-01" ]
      },
      {
	"ctor":"start_",
	"args": [ {"a":"bob_maintains_household_2019"}, "2019-01-01" ]
      },
      {
	"ctor":"start_",
	"args": [ {"a":"bob_maintains_household_2020"}, "2020-01-01" ]
      },
      {
	"ctor":"start_",
	"args": [ {"a":"bob_maintains_household_2021"}, "2021-01-01" ]
      },
      {
	"ctor":"start_",
	"args": [ {"a":"bob_maintains_household_2022"}, "2022-01-01" ]
      },
      {
	"ctor":"start_",
	"args": [ {"a":"bob_maintains_household_2023"}, "2023-01-01" ]
      },
      {
	"ctor":"start_",
	"args": [ {"a":"bob_maintains_household_2024"}, "2024-01-01" ]
      },
      {
	"ctor":"end_",
	"args": [ {"a":"bob_maintains_household_2011"}, "2011-12-31" ]
      },
      {
	"ctor":"end_",
	"args": [ {"a":"bob_maintains_household_2012"}, "2012-12-31" ]
      },
      {
	"ctor":"end_",
	"args": [ {"a":"bob_maintains_household_2013"}, "2013-12-31" ]
      },
      {
	"ctor":"end_",
	"args": [ {"a":"bob_maintains_household_2014"}, "2014-12-31" ]
      },
      {
	"ctor":"end_",
	"args": [ {"a":"bob_maintains_household_2015"}, "2015-12-31" ]
      },
      {
	"ctor":"end_",
	"args": [ {"a":"bob_maintains_household_2016"}, "2016-12-31" ]
      },
      {
	"ctor":"end_",
	"args": [ {"a":"bob_maintains_household_2017"}, "2017-12-31" ]
      },
      {
	"ctor":"end_",
	"args": [ {"a":"bob_maintains_household_2018"}, "2018-12-31" ]
      },
      {
	"ctor":"end_",
	"args": [ {"a":"bob_maintains_household_2019"}, "2019-12-31" ]
      },
      {
	"ctor":"end_",
	"args": [ {"a":"bob_maintains_household_2020"}, "2020-12-31" ]
      },
      {
	"ctor":"end_",
	"args": [ {"a":"bob_maintains_household_2021"}, "2021-12-31" ]
      },
      {
	"ctor":"end_",
	"args": [ {"a":"bob_maintains_household_2022"}, "2022-12-31" ]
      },
      {
	"ctor":"end_",
	"args": [ {"a":"bob_maintains_household_2023"}, "2023-12-31" ]
      },
      {
	"ctor":"end_",
	"args": [ {"a":"bob_maintains_household_2024"}, "2024-12-31" ]
      },
      {"ctor":"marriage_", "args": [ {"a":"charlie_marriage"} ]},
      {
	"ctor":"agent_",
	"args": [ {"a":"charlie_marriage"},  {"a":"charlie"} ]
      },
      {
	"ctor":"agent_",
	"args": [ {"a":"charlie_marriage"},  {"a":"spouse"} ]
      },
      {
	"ctor":"start_",
	"args": [ {"a":"charlie_marriage"}, "2019-12-01" ]
      },
      {
	"ctor":"joint_return_",
	"args": [ {"a":"charlie_and_spouse_joint_return"} ]
      },
      {
	"ctor":"agent_",
	"args": [ {"a":"charlie_and_spouse_joint_return"},  {"a":"charlie"} ]
      },
      {
	"ctor":"agent_",
	"args": [ {"a":"charlie_and_spouse_joint_return"},  {"a":"spouse"} ]
      },
      {
	"ctor":"start_",
	"args": [ {"a":"charlie_and_spouse_joint_return"}, "2020-01-01" ]
      },
      {
	"ctor":"end_",
	"args": [ {"a":"charlie_and_spouse_joint_return"}, "2020-12-31" ]
      },
      {"ctor":"income_", "args": [ {"a":"charlie_makes_money"} ]},
      {
	"ctor":"agent_",
	"args": [ {"a":"charlie_makes_money"},  {"a":"charlie"} ]
      },
      {
	"ctor":"amount_",
	"args": [ {"a":"charlie_makes_money"}, 312489 ]
      },
      {
	"ctor":"start_",
	"args": [ {"a":"charlie_makes_money"}, "2020-12-31" ]
      }
    ],
    "stipulations": []
  },
  "unary": [
    {
      "source_clause":1,
      "predicate":"marriage_",
      "event": {"a":"alice_and_bob"}
    },
    {
      "source_clause":5,
      "predicate":"death_",
      "event": {"a":"alice_dies"}
    },
    {
      "source_clause":8,
      "predicate":"son_",
      "event": {"a":"charlie_is_son"}
    },
    {
      "source_clause":12,
      "predicate":"residence_",
      "event": {"a":"charlie_and_bob_residence"}
    },
    {
      "source_clause":18,
      "predicate":"payment_",
      "event": {"a":"bob_maintains_household_2011"}
    },
    {
      "source_clause":19,
      "predicate":"payment_",
      "event": {"a":"bob_maintains_household_2012"}
    },
    {
      "source_clause":20,
      "predicate":"payment_",
      "event": {"a":"bob_maintains_household_2013"}
    },
    {
      "source_clause":21,
      "predicate":"payment_",
      "event": {"a":"bob_maintains_household_2014"}
    },
    {
      "source_clause":22,
      "predicate":"payment_",
      "event": {"a":"bob_maintains_household_2015"}
    },
    {
      "source_clause":23,
      "predicate":"payment_",
      "event": {"a":"bob_maintains_household_2016"}
    },
    {
      "source_clause":24,
      "predicate":"payment_",
      "event": {"a":"bob_maintains_household_2017"}
    },
    {
      "source_clause":25,
      "predicate":"payment_",
      "event": {"a":"bob_maintains_household_2018"}
    },
    {
      "source_clause":26,
      "predicate":"payment_",
      "event": {"a":"bob_maintains_household_2019"}
    },
    {
      "source_clause":27,
      "predicate":"payment_",
      "event": {"a":"bob_maintains_household_2020"}
    },
    {
      "source_clause":28,
      "predicate":"payment_",
      "event": {"a":"bob_maintains_household_2021"}
    },
    {
      "source_clause":29,
      "predicate":"payment_",
      "event": {"a":"bob_maintains_household_2022"}
    },
    {
      "source_clause":30,
      "predicate":"payment_",
      "event": {"a":"bob_maintains_household_2023"}
    },
    {
      "source_clause":31,
      "predicate":"payment_",
      "event": {"a":"bob_maintains_household_2024"}
    },
    {
      "source_clause":102,
      "predicate":"marriage_",
      "event": {"a":"charlie_marriage"}
    },
    {
      "source_clause":106,
      "predicate":"joint_return_",
      "event": {"a":"charlie_and_spouse_joint_return"}
    },
    {
      "source_clause":111,
      "predicate":"income_",
      "event": {"a":"charlie_makes_money"}
    }
  ],
  "fact_source_clauses": [
    1,
    2,
    3,
    4,
    5,
    6,
    7,
    8,
    9,
    10,
    11,
    12,
    13,
    14,
    15,
    16,
    17,
    18,
    19,
    20,
    21,
    22,
    23,
    24,
    25,
    26,
    27,
    28,
    29,
    30,
    31,
    32,
    33,
    34,
    35,
    36,
    37,
    38,
    39,
    40,
    41,
    42,
    43,
    44,
    45,
    46,
    47,
    48,
    49,
    50,
    51,
    52,
    53,
    54,
    55,
    56,
    57,
    58,
    59,
    60,
    61,
    62,
    63,
    64,
    65,
    66,
    67,
    68,
    69,
    70,
    71,
    72,
    73,
    74,
    75,
    76,
    77,
    78,
    79,
    80,
    81,
    82,
    83,
    84,
    85,
    86,
    87,
    88,
    89,
    90,
    91,
    92,
    93,
    94,
    95,
    96,
    97,
    98,
    99,
    100,
    101,
    102,
    103,
    104,
    105,
    106,
    107,
    108,
    109,
    110,
    111,
    112,
    113,
    114
  ],
  "stats": {
    "unary_proofs":21,
    "service_proofs":0,
    "distinct_service_domain":0,
    "fact_count":114,
    "stipulation_count":0,
    "wildcard_count":0,
    "grounding_cpu_seconds":0.0005557080000000159,
    "grounding_wall_seconds":0.0005555152893066406,
    "candidate": {"scope":"not_applicable"}
  },
  "tax": {"status":"not_requested"}
}
