{
  "household": {
    "facts": [
      {"ctor":"marriage_", "args": [ {"a":"alice_and_bob"} ]},
      {
	"ctor":"agent_",
	"args": [ {"a":"alice_and_bob"},  {"a":"alice"} ]
      },
      {"ctor":"agent_", "args": [ {"a":"alice_and_bob"},  {"a":"bob"} ]},
      {"ctor":"start_", "args": [ {"a":"alice_and_bob"}, "1992-02-03" ]},
      {"ctor":"death_", "args": [ {"a":"alice_dies"} ]},
      {"ctor":"agent_", "args": [ {"a":"alice_dies"},  {"a":"alice"} ]},
      {"ctor":"start_", "args": [ {"a":"alice_dies"}, "2014-07-09" ]},
      {"ctor":"end_", "args": [ {"a":"alice_dies"}, "2014-07-09" ]},
      {"ctor":"son_", "args": [ {"a":"charlie_is_son"} ]},
      {
	"ctor":"agent_",
	"args": [ {"a":"charlie_is_son"},  {"a":"charlie"} ]
      },
      {
	"ctor":"patient_",
	"args": [ {"a":"charlie_is_son"},  {"a":"alice"} ]
      },
      {
	"ctor":"patient_",
	"args": [ {"a":"charlie_is_son"},  {"a":"bob"} ]
      },
      {
	"ctor":"start_",
	"args": [ {"a":"charlie_is_son"}, "2000-10-09" ]
      },
      {
	"ctor":"residence_",
	"args": [ {"a":"charlie_and_bob_residence"} ]
      },
      {
	"ctor":"agent_",
	"args": [ {"a":"charlie_and_bob_residence"},  {"a":"charlie"} ]
      },
      {
	"ctor":"agent_",
	"args": [ {"a":"charlie_and_bob_residence"},  {"a":"bob"} ]
      },
      {
	"ctor":"patient_",
	"args": [ {"a":"charlie_and_bob_residence"},  {"a":"bob_s_house"} ]
      },
      {
	"ctor":"start_",
	"args": [ {"a":"charlie_and_bob_residence"}, "2004-01-01" ]
      },
      {
	"ctor":"end_",
	"args": [ {"a":"charlie_and_bob_residence"}, "2019-12-31" ]
      },
      {
	"ctor":"payment_",
	"args": [ {"a":"bob_maintains_household_2004"} ]
      },
      {
	"ctor":"payment_",
	"args": [ {"a":"bob_maintains_household_2005"} ]
      },
      {
	"ctor":"payment_",
	"args": [ {"a":"bob_maintains_household_2006"} ]
      },
      {
	"ctor":"payment_",
	"args": [ {"a":"bob_maintains_household_2007"} ]
      },
      {
	"ctor":"payment_",
	"args": [ {"a":"bob_maintains_household_2008"} ]
      },
      {
	"ctor":"payment_",
	"args": [ {"a":"bob_maintains_household_2009"} ]
      },
      {
	"ctor":"payment_",
	"args": [ {"a":"bob_maintains_household_2010"} ]
      },
      {
	"ctor":"payment_",
	"args": [ {"a":"bob_maintains_household_2011"} ]
      },
      {
	"ctor":"payment_",
	"args": [ {"a":"bob_maintains_household_2012"} ]
      },
      {
	"ctor":"payment_",
	"args": [ {"a":"bob_maintains_household_2013"} ]
      },
      {
	"ctor":"payment_",
	"args": [ {"a":"bob_maintains_household_2014"} ]
      },
      {
	"ctor":"payment_",
	"args": [ {"a":"bob_maintains_household_2015"} ]
      },
      {
	"ctor":"payment_",
	"args": [ {"a":"bob_maintains_household_2016"} ]
      },
      {
	"ctor":"payment_",
	"args": [ {"a":"bob_maintains_household_2017"} ]
      },
      {
	"ctor":"payment_",
	"args": [ {"a":"bob_maintains_household_2018"} ]
      },
      {
	"ctor":"payment_",
	"args": [ {"a":"bob_maintains_household_2019"} ]
      },
      {
	"ctor":"agent_",
	"args": [ {"a":"bob_maintains_household_2004"},  {"a":"bob"} ]
      },
      {
	"ctor":"agent_",
	"args": [ {"a":"bob_maintains_household_2005"},  {"a":"bob"} ]
      },
      {
	"ctor":"agent_",
	"args": [ {"a":"bob_maintains_household_2006"},  {"a":"bob"} ]
      },
      {
	"ctor":"agent_",
	"args": [ {"a":"bob_maintains_household_2007"},  {"a":"bob"} ]
      },
      {
	"ctor":"agent_",
	"args": [ {"a":"bob_maintains_household_2008"},  {"a":"bob"} ]
      },
      {
	"ctor":"agent_",
	"args": [ {"a":"bob_maintains_household_2009"},  {"a":"bob"} ]
      },
      {
	"ctor":"agent_",
	"args": [ {"a":"bob_maintains_household_2010"},  {"a":"bob"} ]
      },
      {
	"ctor":"agent_",
	"args": [ {"a":"bob_maintains_household_2011"},  {"a":"bob"} ]
      },
      {
	"ctor":"agent_",
	"args": [ {"a":"bob_maintains_household_2012"},  {"a":"bob"} ]
      },
      {
	"ctor":"agent_",
	"args": [ {"a":"bob_maintains_household_2013"},  {"a":"bob"} ]
      },
      {
	"ctor":"agent_",
	"args": [ {"a":"bob_maintains_household_2014"},  {"a":"bob"} ]
      },
      {
	"ctor":"agent_",
	"args": [ {"a":"bob_maintains_household_2015"},  {"a":"bob"} ]
      },
      {
	"ctor":"agent_",
	"args": [ {"a":"bob_maintains_household_2016"},  {"a":"bob"} ]
      },
      {
	"ctor":"agent_",
	"args": [ {"a":"bob_maintains_household_2017"},  {"a":"bob"} ]
      },
      {
	"ctor":"agent_",
	"args": [ {"a":"bob_maintains_household_2018"},  {"a":"bob"} ]
      },
      {
	"ctor":"agent_",
	"args": [ {"a":"bob_maintains_household_2019"},  {"a":"bob"} ]
      },
      {
	"ctor":"amount_",
	"args": [ {"a":"bob_maintains_household_2004"}, 1 ]
      },
      {
	"ctor":"amount_",
	"args": [ {"a":"bob_maintains_household_2005"}, 1 ]
      },
      {
	"ctor":"amount_",
	"args": [ {"a":"bob_maintains_household_2006"}, 1 ]
      },
      {
	"ctor":"amount_",
	"args": [ {"a":"bob_maintains_household_2007"}, 1 ]
      },
      {
	"ctor":"amount_",
	"args": [ {"a":"bob_maintains_household_2008"}, 1 ]
      },
      {
	"ctor":"amount_",
	"args": [ {"a":"bob_maintains_household_2009"}, 1 ]
      },
      {
	"ctor":"amount_",
	"args": [ {"a":"bob_maintains_household_2010"}, 1 ]
      },
      {
	"ctor":"amount_",
	"args": [ {"a":"bob_maintains_household_2011"}, 1 ]
      },
      {
	"ctor":"amount_",
	"args": [ {"a":"bob_maintains_household_2012"}, 1 ]
      },
      {
	"ctor":"amount_",
	"args": [ {"a":"bob_maintains_household_2013"}, 1 ]
      },
      {
	"ctor":"amount_",
	"args": [ {"a":"bob_maintains_household_2014"}, 1 ]
      },
      {
	"ctor":"amount_",
	"args": [ {"a":"bob_maintains_household_2015"}, 1 ]
      },
      {
	"ctor":"amount_",
	"args": [ {"a":"bob_maintains_household_2016"}, 1 ]
      },
      {
	"ctor":"amount_",
	"args": [ {"a":"bob_maintains_household_2017"}, 1 ]
      },
      {
	"ctor":"amount_",
	"args": [ {"a":"bob_maintains_household_2018"}, 1 ]
      },
      {
	"ctor":"amount_",
	"args": [ {"a":"bob_maintains_household_2019"}, 1 ]
      },
      {
	"ctor":"purpose_",
	"args": [
	  {"val": {"a":"bob_maintains_household_2004"}},
	  {"a":"bob_s_house"}
	]
      },
      {
	"ctor":"purpose_",
	"args": [
	  {"val": {"a":"bob_maintains_household_2005"}},
	  {"a":"bob_s_house"}
	]
      },
      {
	"ctor":"purpose_",
	"args": [
	  {"val": {"a":"bob_maintains_household_2006"}},
	  {"a":"bob_s_house"}
	]
      },
      {
	"ctor":"purpose_",
	"args": [
	  {"val": {"a":"bob_maintains_household_2007"}},
	  {"a":"bob_s_house"}
	]
      },
      {
	"ctor":"purpose_",
	"args": [
	  {"val": {"a":"bob_maintains_household_2008"}},
	  {"a":"bob_s_house"}
	]
      },
      {
	"ctor":"purpose_",
	"args": [
	  {"val": {"a":"bob_maintains_household_2009"}},
	  {"a":"bob_s_house"}
	]
      },
      {
	"ctor":"purpose_",
	"args": [
	  {"val": {"a":"bob_maintains_household_2010"}},
	  {"a":"bob_s_house"}
	]
      },
      {
	"ctor":"purpose_",
	"args": [
	  {"val": {"a":"bob_maintains_household_2011"}},
	  {"a":"bob_s_house"}
	]
      },
      {
	"ctor":"purpose_",
	"args": [
	  {"val": {"a":"bob_maintains_household_2012"}},
	  {"a":"bob_s_house"}
	]
      },
      {
	"ctor":"purpose_",
	"args": [
	  {"val": {"a":"bob_maintains_household_2013"}},
	  {"a":"bob_s_house"}
	]
      },
      {
	"ctor":"purpose_",
	"args": [
	  {"val": {"a":"bob_maintains_household_2014"}},
	  {"a":"bob_s_house"}
	]
      },
      {
	"ctor":"purpose_",
	"args": [
	  {"val": {"a":"bob_maintains_household_2015"}},
	  {"a":"bob_s_house"}
	]
      },
      {
	"ctor":"purpose_",
	"args": [
	  {"val": {"a":"bob_maintains_household_2016"}},
	  {"a":"bob_s_house"}
	]
      },
      {
	"ctor":"purpose_",
	"args": [
	  {"val": {"a":"bob_maintains_household_2017"}},
	  {"a":"bob_s_house"}
	]
      },
      {
	"ctor":"purpose_",
	"args": [
	  {"val": {"a":"bob_maintains_household_2018"}},
	  {"a":"bob_s_house"}
	]
      },
      {
	"ctor":"purpose_",
	"args": [
	  {"val": {"a":"bob_maintains_household_2019"}},
	  {"a":"bob_s_house"}
	]
      },
      {
	"ctor":"start_",
	"args": [ {"a":"bob_maintains_household_2004"}, "2004-01-01" ]
      },
      {
	"ctor":"start_",
	"args": [ {"a":"bob_maintains_household_2005"}, "2005-01-01" ]
      },
      {
	"ctor":"start_",
	"args": [ {"a":"bob_maintains_household_2006"}, "2006-01-01" ]
      },
      {
	"ctor":"start_",
	"args": [ {"a":"bob_maintains_household_2007"}, "2007-01-01" ]
      },
      {
	"ctor":"start_",
	"args": [ {"a":"bob_maintains_household_2008"}, "2008-01-01" ]
      },
      {
	"ctor":"start_",
	"args": [ {"a":"bob_maintains_household_2009"}, "2009-01-01" ]
      },
      {
	"ctor":"start_",
	"args": [ {"a":"bob_maintains_household_2010"}, "2010-01-01" ]
      },
      {
	"ctor":"start_",
	"args": [ {"a":"bob_maintains_household_2011"}, "2011-01-01" ]
      },
      {
	"ctor":"start_",
	"args": [ {"a":"bob_maintains_household_2012"}, "2012-01-01" ]
      },
      {
	"ctor":"start_",
	"args": [ {"a":"bob_maintains_household_2013"}, "2013-01-01" ]
      },
      {
	"ctor":"start_",
	"args": [ {"a":"bob_maintains_household_2014"}, "2014-01-01" ]
      },
      {
	"ctor":"start_",
	"args": [ {"a":"bob_maintains_household_2015"}, "2015-01-01" ]
      },
      {
	"ctor":"start_",
	"args": [ {"a":"bob_maintains_household_2016"}, "2016-01-01" ]
      },
      {
	"ctor":"start_",
	"args": [ {"a":"bob_maintains_household_2017"}, "2017-01-01" ]
      },
      {
	"ctor":"start_",
	"args": [ {"a":"bob_maintains_household_2018"}, "2018-01-01" ]
      },
      {
	"ctor":"start_",
	"args": [ {"a":"bob_maintains_household_2019"}, "2019-01-01" ]
      },
      {
	"ctor":"end_",
	"args": [ {"a":"bob_maintains_household_2004"}, "2004-12-31" ]
      },
      {
	"ctor":"end_",
	"args": [ {"a":"bob_maintains_household_2005"}, "2005-12-31" ]
      },
      {
	"ctor":"end_",
	"args": [ {"a":"bob_maintains_household_2006"}, "2006-12-31" ]
      },
      {
	"ctor":"end_",
	"args": [ {"a":"bob_maintains_household_2007"}, "2007-12-31" ]
      },
      {
	"ctor":"end_",
	"args": [ {"a":"bob_maintains_household_2008"}, "2008-12-31" ]
      },
      {
	"ctor":"end_",
	"args": [ {"a":"bob_maintains_household_2009"}, "2009-12-31" ]
      },
      {
	"ctor":"end_",
	"args": [ {"a":"bob_maintains_household_2010"}, "2010-12-31" ]
      },
      {
	"ctor":"end_",
	"args": [ {"a":"bob_maintains_household_2011"}, "2011-12-31" ]
      },
      {
	"ctor":"end_",
	"args": [ {"a":"bob_maintains_household_2012"}, "2012-12-31" ]
      },
      {
	"ctor":"end_",
	"args": [ {"a":"bob_maintains_household_2013"}, "2013-12-31" ]
      },
      {
	"ctor":"end_",
	"args": [ {"a":"bob_maintains_household_2014"}, "2014-12-31" ]
      },
      {
	"ctor":"end_",
	"args": [ {"a":"bob_maintains_household_2015"}, "2015-12-31" ]
      },
      {
	"ctor":"end_",
	"args": [ {"a":"bob_maintains_household_2016"}, "2016-12-31" ]
      },
      {
	"ctor":"end_",
	"args": [ {"a":"bob_maintains_household_2017"}, "2017-12-31" ]
      },
      {
	"ctor":"end_",
	"args": [ {"a":"bob_maintains_household_2018"}, "2018-12-31" ]
      },
      {
	"ctor":"end_",
	"args": [ {"a":"bob_maintains_household_2019"}, "2019-12-31" ]
      },
      {"ctor":"marriage_", "args": [ {"a":"charlie_and_dan"} ]},
      {
	"ctor":"agent_",
	"args": [ {"a":"charlie_and_dan"},  {"a":"dan"} ]
      },
      {
	"ctor":"agent_",
	"args": [ {"a":"charlie_and_dan"},  {"a":"charlie"} ]
      },
      {
	"ctor":"start_",
	"args": [ {"a":"charlie_and_dan"}, "2018-02-14" ]
      }
    ],
    "stipulations": [
      {
	"pred":"s152_b_2_4",
	"args": [
	  {"val": {"a":"charlie"}},
	  {"wild":0},
	  {"val": {"a":"bob"}},
	  {"val":2018}
	]
      }
    ]
  },
  "unary": [
    {
      "source_clause":1,
      "predicate":"marriage_",
      "event": {"a":"alice_and_bob"}
    },
    {
      "source_clause":5,
      "predicate":"death_",
      "event": {"a":"alice_dies"}
    },
    {
      "source_clause":9,
      "predicate":"son_",
      "event": {"a":"charlie_is_son"}
    },
    {
      "source_clause":14,
      "predicate":"residence_",
      "event": {"a":"charlie_and_bob_residence"}
    },
    {
      "source_clause":20,
      "predicate":"payment_",
      "event": {"a":"bob_maintains_household_2004"}
    },
    {
      "source_clause":21,
      "predicate":"payment_",
      "event": {"a":"bob_maintains_household_2005"}
    },
    {
      "source_clause":22,
      "predicate":"payment_",
      "event": {"a":"bob_maintains_household_2006"}
    },
    {
      "source_clause":23,
      "predicate":"payment_",
      "event": {"a":"bob_maintains_household_2007"}
    },
    {
      "source_clause":24,
      "predicate":"payment_",
      "event": {"a":"bob_maintains_household_2008"}
    },
    {
      "source_clause":25,
      "predicate":"payment_",
      "event": {"a":"bob_maintains_household_2009"}
    },
    {
      "source_clause":26,
      "predicate":"payment_",
      "event": {"a":"bob_maintains_household_2010"}
    },
    {
      "source_clause":27,
      "predicate":"payment_",
      "event": {"a":"bob_maintains_household_2011"}
    },
    {
      "source_clause":28,
      "predicate":"payment_",
      "event": {"a":"bob_maintains_household_2012"}
    },
    {
      "source_clause":29,
      "predicate":"payment_",
      "event": {"a":"bob_maintains_household_2013"}
    },
    {
      "source_clause":30,
      "predicate":"payment_",
      "event": {"a":"bob_maintains_household_2014"}
    },
    {
      "source_clause":31,
      "predicate":"payment_",
      "event": {"a":"bob_maintains_household_2015"}
    },
    {
      "source_clause":32,
      "predicate":"payment_",
      "event": {"a":"bob_maintains_household_2016"}
    },
    {
      "source_clause":33,
      "predicate":"payment_",
      "event": {"a":"bob_maintains_household_2017"}
    },
    {
      "source_clause":34,
      "predicate":"payment_",
      "event": {"a":"bob_maintains_household_2018"}
    },
    {
      "source_clause":35,
      "predicate":"payment_",
      "event": {"a":"bob_maintains_household_2019"}
    },
    {
      "source_clause":116,
      "predicate":"marriage_",
      "event": {"a":"charlie_and_dan"}
    }
  ],
  "fact_source_clauses": [
    1,
    2,
    3,
    4,
    5,
    6,
    7,
    8,
    9,
    10,
    11,
    12,
    13,
    14,
    15,
    16,
    17,
    18,
    19,
    20,
    21,
    22,
    23,
    24,
    25,
    26,
    27,
    28,
    29,
    30,
    31,
    32,
    33,
    34,
    35,
    36,
    37,
    38,
    39,
    40,
    41,
    42,
    43,
    44,
    45,
    46,
    47,
    48,
    49,
    50,
    51,
    52,
    53,
    54,
    55,
    56,
    57,
    58,
    59,
    60,
    61,
    62,
    63,
    64,
    65,
    66,
    67,
    68,
    69,
    70,
    71,
    72,
    73,
    74,
    75,
    76,
    77,
    78,
    79,
    80,
    81,
    82,
    83,
    84,
    85,
    86,
    87,
    88,
    89,
    90,
    91,
    92,
    93,
    94,
    95,
    96,
    97,
    98,
    99,
    100,
    101,
    102,
    103,
    104,
    105,
    106,
    107,
    108,
    109,
    110,
    111,
    112,
    113,
    114,
    115,
    116,
    117,
    118,
    119
  ],
  "stats": {
    "unary_proofs":21,
    "service_proofs":0,
    "distinct_service_domain":0,
    "fact_count":119,
    "stipulation_count":1,
    "wildcard_count":1,
    "grounding_cpu_seconds":0.0006809590000000088,
    "grounding_wall_seconds":0.0006799697875976562,
    "candidate": {"scope":"not_applicable"}
  },
  "tax": {"status":"not_requested"}
}
