{
  "household": {
    "facts": [
      {"ctor":"marriage_", "args": [ {"a":"alice_and_bob"} ]},
      {
	"ctor":"agent_",
	"args": [ {"a":"alice_and_bob"},  {"a":"alice"} ]
      },
      {"ctor":"agent_", "args": [ {"a":"alice_and_bob"},  {"a":"bob"} ]},
      {"ctor":"start_", "args": [ {"a":"alice_and_bob"}, "1992-02-03" ]},
      {"ctor":"nonresident_alien_", "args": [ {"a":"alice_is_a_nra"} ]},
      {
	"ctor":"agent_",
	"args": [ {"a":"alice_is_a_nra"},  {"a":"alice"} ]
      },
      {"ctor":"end_", "args": [ {"a":"alice_is_a_nra"}, "2014-07-09" ]}
    ],
    "stipulations": []
  },
  "unary": [
    {
      "source_clause":1,
      "predicate":"marriage_",
      "event": {"a":"alice_and_bob"}
    },
    {
      "source_clause":5,
      "predicate":"nonresident_alien_",
      "event": {"a":"alice_is_a_nra"}
    }
  ],
  "fact_source_clauses": [1, 2, 3, 4, 5, 6, 7 ],
  "stats": {
    "unary_proofs":2,
    "service_proofs":0,
    "distinct_service_domain":0,
    "fact_count":7,
    "stipulation_count":0,
    "wildcard_count":0,
    "grounding_cpu_seconds":0.00019800000000000373,
    "grounding_wall_seconds":0.0001976490020751953,
    "candidate": {"scope":"not_applicable"}
  },
  "tax": {"status":"not_requested"}
}
