[
  {"pred":"agent_", "args": [ {"a":"event"},  {"a":"event"} ]},
  {
    "pred":"agricultural_service",
    "args": [ {"a":"event"},  {"a":"event"},  {"a":"event"} ]
  },
  {
    "pred":"alice_employer",
    "args": [ {"a":"event"},  {"a":"event"},  {"a":"event"} ]
  },
  {
    "pred":"alice_household_maintenance",
    "args": [ {"a":"event"},  {"a":"event"},  {"a":"event"},  {"a":"event"} ]
  },
  {"pred":"american_employer_", "args": [ {"a":"event"} ]},
  {"pred":"amount_", "args": [ {"a":"event"}, -17 ]},
  {"pred":"attending_classes_", "args": [ {"a":"event"} ]},
  {"pred":"beneficiary_", "args": [ {"a":"event"},  {"a":"event"} ]},
  {"pred":"birth_", "args": [ {"a":"event"} ]},
  {"pred":"blindness_", "args": [ {"a":"event"} ]},
  {"pred":"brother_", "args": [ {"a":"event"} ]},
  {"pred":"business_", "args": [ {"a":"event"} ]},
  {"pred":"business_trust_", "args": [ {"a":"event"} ]},
  {"pred":"citizenship_", "args": [ {"a":"event"} ]},
  {"pred":"country_", "args": [ {"a":"event"},  {"a":"event"} ]},
  {"pred":"daughter_", "args": [ {"a":"event"} ]},
  {"pred":"death_", "args": [ {"a":"event"} ]},
  {"pred":"deduction_", "args": [ {"a":"event"} ]},
  {"pred":"destination_", "args": [ {"a":"event"},  {"a":"event"} ]},
  {"pred":"disability_", "args": [ {"a":"event"} ]},
  {"pred":"educational_institution_", "args": [ {"a":"event"} ]},
  {"pred":"end_", "args": [ {"a":"event"},  {"s":"1969-12-31"} ]},
  {"pred":"enrollment_", "args": [ {"a":"event"} ]},
  {"pred":"father_", "args": [ {"a":"event"} ]},
  {"pred":"hospital_", "args": [ {"a":"event"} ]},
  {"pred":"incarceration_", "args": [ {"a":"event"} ]},
  {"pred":"income_", "args": [ {"a":"event"} ]},
  {"pred":"international_organization_", "args": [ {"a":"event"} ]},
  {"pred":"itemize_deductions_", "args": [ {"a":"event"} ]},
  {"pred":"joint_return_", "args": [ {"a":"event"} ]},
  {"pred":"legal_separation_", "args": [ {"a":"event"} ]},
  {"pred":"location_", "args": [ {"a":"event"},  {"a":"event"} ]},
  {"pred":"marriage_", "args": [ {"a":"event"} ]},
  {"pred":"means_", "args": [ {"a":"event"},  {"a":"event"} ]},
  {"pred":"medical_institution_", "args": [ {"a":"event"} ]},
  {"pred":"medical_patient_", "args": [ {"a":"event"} ]},
  {"pred":"migration_", "args": [ {"a":"event"} ]},
  {"pred":"mother_", "args": [ {"a":"event"} ]},
  {"pred":"nonresident_alien_", "args": [ {"a":"event"} ]},
  {"pred":"nurses_training_school_", "args": [ {"a":"event"} ]},
  {"pred":"patient", "args": [ {"a":"event"},  {"a":"event"} ]},
  {"pred":"patient_", "args": [ {"a":"event"},  {"a":"event"} ]},
  {"pred":"payment_", "args": [ {"a":"event"} ]},
  {"pred":"penal_institution_", "args": [ {"a":"event"} ]},
  {"pred":"plan_", "args": [ {"a":"event"} ]},
  {
    "pred":"purpose_",
    "args": [ {"variable":"_KMLA_W7"},  {"a":"event"} ]
  },
  {"pred":"reason_", "args": [ {"a":"event"},  {"a":"event"} ]},
  {"pred":"residence_", "args": [ {"a":"event"} ]},
  {"pred":"retirement_", "args": [ {"a":"event"} ]},
  {"pred":"service_", "args": [ {"a":"event"} ]},
  {"pred":"sibling_", "args": [ {"a":"event"} ]},
  {"pred":"sister_", "args": [ {"a":"event"} ]},
  {"pred":"son_", "args": [ {"a":"event"} ]},
  {"pred":"start_", "args": [ {"a":"event"},  {"s":"1969-12-31"} ]},
  {"pred":"termination_", "args": [ {"a":"event"} ]},
  {"pred":"type_", "args": [ {"a":"event"},  {"a":"event"} ]},
  {
    "pred":"unemployment_compensation_agreement_",
    "args": [ {"a":"event"} ]
  },
  {"pred":"s63", "args": [0, 1, 2 ]},
  {"pred":"s7703", "args": [0, 1, 2, 3 ]},
  {"pred":"s3306_b", "args": [0, 1, 2, 3, 4, 5, 6, 7 ]},
  {"pred":"s2_b", "args": [0, 1, 2 ]},
  {"pred":"s2_a", "args": [0, 1, 2 ]},
  {"pred":"s151_c_applies", "args": [0, 1, 2 ]},
  {"pred":"s152_c_1", "args": [0, 1, 2 ]},
  {"pred":"s3306_c", "args": [0, 1, 2, 3, 4 ]},
  {"pred":"s151", "args": [0, 1, 2, 3, 4 ]},
  {"pred":"s151_d", "args": [0, 1, 2, 3 ]},
  {"pred":"s151_b_applies", "args": [0, 1, 2 ]},
  {"pred":"s151_c", "args": [0, 1, 2, 3 ]},
  {"pred":"s151_b_applies", "args": [0, 1 ]},
  {"pred":"total_wages_employer", "args": [0, 1, 2, 3, 4, 5 ]},
  {"pred":"s68_b", "args": [0, 1, 2 ]},
  {"pred":"s152_c_2", "args": [0, 1, 2, 3 ]},
  {"pred":"s152_c", "args": [0, 1, 2 ]},
  {"pred":"s152_b_2", "args": [0, 1, 2, 3 ]},
  {"pred":"s3306_a", "args": [0, 1 ]},
  {"pred":"s63_c_1", "args": [0, 1, 2 ]},
  {"pred":"s63_c_2", "args": [0, 1, 2 ]},
  {"pred":"s63_c_3", "args": [0, 1, 2 ]},
  {"pred":"s63_f_1_A", "args": [0, 1 ]},
  {"pred":"s63_f_1_B", "args": [0, 1, 2 ]},
  {"pred":"s63_d", "args": [0, 1, 2, 3 ]},
  {"pred":"s152_c_3", "args": [0, 1, 2 ]},
  {"pred":"s2_a", "args": [0, 1, 2, 3, 4 ]},
  {"pred":"s152_d_2_H", "args": [0, 1, 2, 3, 4, 5 ]},
  {"pred":"s63_c", "args": [0, 1, 2 ]},
  {"pred":"s63_c_3", "args": [0, 1, 2, 3 ]},
  {"pred":"s151_b", "args": [0, 1, 2 ]}
]
