423 217 0:77 / / ro,relatime - overlay overlay rw,lowerdir=/var/lib/desktop-containerd/daemon/io.containerd.snapshotter.v1.overlayfs/snapshots/5200/fs:/var/lib/desktop-containerd/daemon/io.containerd.snapshotter.v1.overlayfs/snapshots/5139/fs:/var/lib/desktop-containerd/daemon/io.containerd.snapshotter.v1.overlayfs/snapshots/5093/fs:/var/lib/desktop-containerd/daemon/io.containerd.snapshotter.v1.overlayfs/snapshots/5092/fs:/var/lib/desktop-containerd/daemon/io.containerd.snapshotter.v1.overlayfs/snapshots/794/fs,upperdir=/var/lib/desktop-containerd/daemon/io.containerd.snapshotter.v1.overlayfs/snapshots/5201/fs,workdir=/var/lib/desktop-containerd/daemon/io.containerd.snapshotter.v1.overlayfs/snapshots/5201/work
425 423 0:95 / /proc rw,nosuid,nodev,noexec,relatime - proc proc rw
426 423 0:103 / /dev rw,nosuid - tmpfs tmpfs rw,size=65536k,mode=755
427 426 0:104 / /dev/pts rw,nosuid,noexec,relatime - devpts devpts rw,gid=5,mode=620,ptmxmode=666
428 423 0:105 / /sys ro,nosuid,nodev,noexec,relatime - sysfs sysfs ro
429 428 0:39 / /sys/fs/cgroup ro,nosuid,nodev,noexec,relatime - cgroup2 cgroup rw
436 426 0:92 / /dev/mqueue rw,nosuid,nodev,noexec,relatime - mqueue mqueue rw
440 426 0:106 / /dev/shm rw,nosuid,nodev,noexec,relatime - tmpfs shm rw,size=65536k
441 423 0:107 / /tmp rw,nosuid,nodev,noexec,relatime - tmpfs tmpfs rw
442 423 0:45 /devrashie/Documents/csProjects/kmla/human/sara/sara /corpus ro,nosuid,nodev,relatime - fakeowner /run/host_mark/Users rw,fakeowner
443 423 0:45 /devrashie/Documents/csProjects/kmla/docs/contracts/phase1-decision-audit /audit ro,nosuid,nodev,relatime - fakeowner /run/host_mark/Users rw,fakeowner
444 423 0:45 /devrashie/Documents/csProjects/kmla/docs/consult/evidence /evidence ro,nosuid,nodev,relatime - fakeowner /run/host_mark/Users rw,fakeowner
445 423 0:45 /devrashie/Documents/csProjects/kmla/human /human ro,nosuid,nodev,relatime - fakeowner /run/host_mark/Users rw,fakeowner
446 423 254:1 /docker/containers/21f837bd4e7c4e0ee702ae5324690cb2babdb5cc0aacfb472c8b2ee75a0e1afd/resolv.conf /etc/resolv.conf ro,relatime - ext4 /dev/vda1 rw,discard
447 423 254:1 /docker/containers/21f837bd4e7c4e0ee702ae5324690cb2babdb5cc0aacfb472c8b2ee75a0e1afd/hostname /etc/hostname ro,relatime - ext4 /dev/vda1 rw,discard
448 423 254:1 /docker/containers/21f837bd4e7c4e0ee702ae5324690cb2babdb5cc0aacfb472c8b2ee75a0e1afd/hosts /etc/hosts ro,relatime - ext4 /dev/vda1 rw,discard
219 425 0:95 /bus /proc/bus ro,nosuid,nodev,noexec,relatime - proc proc rw
221 425 0:95 /fs /proc/fs ro,nosuid,nodev,noexec,relatime - proc proc rw
223 425 0:95 /irq /proc/irq ro,nosuid,nodev,noexec,relatime - proc proc rw
225 425 0:95 /sys /proc/sys ro,nosuid,nodev,noexec,relatime - proc proc rw
226 425 0:95 /sysrq-trigger /proc/sysrq-trigger ro,nosuid,nodev,noexec,relatime - proc proc rw
227 425 0:103 /null /proc/interrupts rw,nosuid - tmpfs tmpfs rw,size=65536k,mode=755
228 425 0:103 /null /proc/kcore rw,nosuid - tmpfs tmpfs rw,size=65536k,mode=755
229 425 0:103 /null /proc/keys rw,nosuid - tmpfs tmpfs rw,size=65536k,mode=755
230 425 0:109 / /proc/scsi ro,relatime - tmpfs tmpfs ro
232 425 0:103 /null /proc/timer_list rw,nosuid - tmpfs tmpfs rw,size=65536k,mode=755
233 428 0:110 / /sys/firmware ro,relatime - tmpfs tmpfs ro
