adduser	3.115	all	installed
apt	1.4.11	amd64	installed
base-files	9.9+deb9u13	amd64	installed
base-passwd	3.5.43	amd64	installed
bash	4.4-5	amd64	installed
bsdutils	1:2.29.2-1+deb9u1	amd64	installed
coreutils	8.26-3	amd64	installed
dash	0.5.8-2.4	amd64	installed
debconf	1.5.61	all	installed
debian-archive-keyring	2017.5+deb9u2	all	installed
debianutils	4.8.1.1	amd64	installed
diffutils	1:3.5-3	amd64	installed
dpkg	1.18.26	amd64	installed
e2fslibs:amd64	1.43.4-2+deb9u2	amd64	installed
e2fsprogs	1.43.4-2+deb9u2	amd64	installed
findutils	4.6.0+git+20161106-2	amd64	installed
gcc-6-base:amd64	6.3.0-18+deb9u1	amd64	installed
gpgv	2.1.18-8~deb9u4	amd64	installed
grep	2.27-2	amd64	installed
gzip	1.6-5+deb9u1	amd64	installed
hostname	3.18+b1	amd64	installed
init-system-helpers	1.48	all	installed
iproute2	4.9.0-1+deb9u1	amd64	installed
iputils-ping	3:20161105-1	amd64	installed
libacl1:amd64	2.2.52-3+b1	amd64	installed
libapt-pkg5.0:amd64	1.4.11	amd64	installed
libarchive13:amd64	3.2.2-2+deb9u3	amd64	installed
libattr1:amd64	1:2.4.47-2+b2	amd64	installed
libaudit-common	1:2.6.7-2	all	installed
libaudit1:amd64	1:2.6.7-2	amd64	installed
libblkid1:amd64	2.29.2-1+deb9u1	amd64	installed
libbz2-1.0:amd64	1.0.6-8.1	amd64	installed
libc-bin	2.24-11+deb9u4	amd64	installed
libc-dev-bin	2.24-11+deb9u4	amd64	installed
libc6:amd64	2.24-11+deb9u4	amd64	installed
libc6-dev:amd64	2.24-11+deb9u4	amd64	installed
libcap-ng0:amd64	0.7.7-3+b1	amd64	installed
libcap2:amd64	1:2.25-1	amd64	installed
libcomerr2:amd64	1.43.4-2+deb9u2	amd64	installed
libdb5.3:amd64	5.3.28-12+deb9u1	amd64	installed
libdebconfclient0:amd64	0.227	amd64	installed
libelf1:amd64	0.168-1+deb9u1	amd64	installed
libfdisk1:amd64	2.29.2-1+deb9u1	amd64	installed
libgcc1:amd64	1:6.3.0-18+deb9u1	amd64	installed
libgcrypt20:amd64	1.7.6-2+deb9u4	amd64	installed
libgmp-dev:amd64	2:6.1.2+dfsg-1+deb9u1	amd64	installed
libgmp10:amd64	2:6.1.2+dfsg-1+deb9u1	amd64	installed
libgmpxx4ldbl:amd64	2:6.1.2+dfsg-1+deb9u1	amd64	installed
libgpg-error0:amd64	1.26-2	amd64	installed
libicu57:amd64	57.1-6+deb9u5	amd64	installed
libidn11:amd64	1.33-1+deb9u1	amd64	installed
libjs-jquery	3.1.1-2+deb9u2	all	installed
liblz4-1:amd64	0.0~r131-2+deb9u1	amd64	installed
liblzma5:amd64	5.2.2-1.2+deb9u1	amd64	installed
liblzo2-2:amd64	2.08-1.2+b2	amd64	installed
libmnl0:amd64	1.0.4-2	amd64	installed
libmount1:amd64	2.29.2-1+deb9u1	amd64	installed
libncursesw5:amd64	6.0+20161126-1+deb9u2	amd64	installed
libncursesw5-dev:amd64	6.0+20161126-1+deb9u2	amd64	installed
libnettle6:amd64	3.3-1+deb9u1	amd64	installed
libossp-uuid16:amd64	1.6.2-1.5+b4	amd64	installed
libpam-modules:amd64	1.1.8-3.6	amd64	installed
libpam-modules-bin	1.1.8-3.6	amd64	installed
libpam-runtime	1.1.8-3.6	all	installed
libpam0g:amd64	1.1.8-3.6	amd64	installed
libpcre3:amd64	2:8.39-3	amd64	installed
libreadline-dev:amd64	7.0-3	amd64	installed
libreadline7:amd64	7.0-3	amd64	installed
libselinux1:amd64	2.6-3+b3	amd64	installed
libsemanage-common	2.6-2	all	installed
libsemanage1:amd64	2.6-2	amd64	installed
libsepol1:amd64	2.6-2	amd64	installed
libsmartcols1:amd64	2.29.2-1+deb9u1	amd64	installed
libss2:amd64	1.43.4-2+deb9u2	amd64	installed
libssl1.0.2:amd64	1.0.2u-1~deb9u7	amd64	installed
libstdc++6:amd64	6.3.0-18+deb9u1	amd64	installed
libsystemd0:amd64	232-25+deb9u13	amd64	installed
libtinfo-dev:amd64	6.0+20161126-1+deb9u2	amd64	installed
libtinfo5:amd64	6.0+20161126-1+deb9u2	amd64	installed
libudev1:amd64	232-25+deb9u13	amd64	installed
libustr-1.0-1:amd64	1.0.4-6	amd64	installed
libuuid1:amd64	2.29.2-1+deb9u1	amd64	installed
libxml2:amd64	2.9.4+dfsg1-2.2+deb9u7	amd64	installed
linux-libc-dev:amd64	4.9.320-2	amd64	installed
login	1:4.4-4.1+deb9u1	amd64	installed
lsb-base	9.20161125	all	installed
mawk	1.3.3-17+b3	amd64	installed
mount	2.29.2-1+deb9u1	amd64	installed
multiarch-support	2.24-11+deb9u4	amd64	installed
ncurses-base	6.0+20161126-1+deb9u2	all	installed
ncurses-bin	6.0+20161126-1+deb9u2	amd64	installed
passwd	1:4.4-4.1+deb9u1	amd64	installed
perl-base	5.24.1-3+deb9u7	amd64	installed
readline-common	7.0-3	all	installed
sed	4.4-1	amd64	installed
sensible-utils	0.0.9+deb9u1	all	installed
swi-prolog-nox	7.2.3+dfsg-6	amd64	installed
sysvinit-utils	2.88dsf-59.9	amd64	installed
tar	1.29b-1.1+deb9u1	amd64	installed
tzdata	2021a-0+deb9u4	all	installed
util-linux	2.29.2-1+deb9u1	amd64	installed
zlib1g:amd64	1:1.2.8.dfsg-5+deb9u1	amd64	installed
